Archive member included to satisfy reference by file (symbol)

../libapp.a(atoi.c.obj)       (--whole-archive)
../libapp.a(strtol.c.obj)     (--whole-archive)
../libapp.a(strtoul.c.obj)    (--whole-archive)
../libapp.a(strncasecmp.c.obj)
                              (--whole-archive)
../libapp.a(strstr.c.obj)     (--whole-archive)
../libapp.a(string.c.obj)     (--whole-archive)
../libapp.a(prf.c.obj)        (--whole-archive)
../libapp.a(stdout_console.c.obj)
                              (--whole-archive)
../libapp.a(sprintf.c.obj)    (--whole-archive)
../libapp.a(fprintf.c.obj)    (--whole-archive)
../libapp.a(main.c.obj)       (--whole-archive)
libzephyr.a(isr_tables.c.obj)
                              (--whole-archive)
libzephyr.a(soc.c.obj)        (--whole-archive)
libzephyr.a(exc_exit.S.obj)   (--whole-archive)
libzephyr.a(irq_init.c.obj)   (--whole-archive)
libzephyr.a(swap.S.obj)       (--whole-archive)
libzephyr.a(fault.c.obj)      (--whole-archive)
libzephyr.a(irq_manage.c.obj)
                              (--whole-archive)
libzephyr.a(thread.c.obj)     (--whole-archive)
libzephyr.a(cpu_idle.S.obj)   (--whole-archive)
libzephyr.a(fault_s.S.obj)    (--whole-archive)
libzephyr.a(fatal.c.obj)      (--whole-archive)
libzephyr.a(sys_fatal_error_handler.c.obj)
                              (--whole-archive)
libzephyr.a(thread_abort.c.obj)
                              (--whole-archive)
libzephyr.a(isr_wrapper.S.obj)
                              (--whole-archive)
libzephyr.a(irq_relay.S.obj)  (--whole-archive)
libzephyr.a(vector_table.S.obj)
                              (--whole-archive)
libzephyr.a(reset.S.obj)      (--whole-archive)
libzephyr.a(nmi_on_reset.S.obj)
                              (--whole-archive)
libzephyr.a(prep_c.c.obj)     (--whole-archive)
libzephyr.a(scb.c.obj)        (--whole-archive)
libzephyr.a(nmi.c.obj)        (--whole-archive)
libzephyr.a(exc_manage.c.obj)
                              (--whole-archive)
libzephyr.a(crc16_sw.c.obj)   (--whole-archive)
libzephyr.a(crc8_sw.c.obj)    (--whole-archive)
libzephyr.a(printk.c.obj)     (--whole-archive)
libzephyr.a(configs.c.obj)    (--whole-archive)
libzephyr.a(uart_console.c.obj)
                              (--whole-archive)
libzephyr.a(mb_display.c.obj)
                              (--whole-archive)
libzephyr.a(mb_font.c.obj)    (--whole-archive)
libzephyr.a(nrf5_power_clock.c.obj)
                              (--whole-archive)
libzephyr.a(gpio_nrf5.c.obj)  (--whole-archive)
libzephyr.a(pwm_nrf5_sw.c.obj)
                              (--whole-archive)
libzephyr.a(uart_nrf5.c.obj)  (--whole-archive)
libzephyr.a(sys_clock_init.c.obj)
                              (--whole-archive)
libzephyr.a(nrf_rtc_timer.c.obj)
                              (--whole-archive)
subsys/bluetooth/common/libsubsys__bluetooth__common.a(dummy.c.obj)
                              (--whole-archive)
subsys/bluetooth/host/libsubsys__bluetooth__host.a(uuid.c.obj)
                              (--whole-archive)
subsys/bluetooth/host/libsubsys__bluetooth__host.a(hci_core.c.obj)
                              (--whole-archive)
subsys/bluetooth/controller/libsubsys__bluetooth__controller.a(mem.c.obj)
                              (--whole-archive)
subsys/bluetooth/controller/libsubsys__bluetooth__controller.a(memq.c.obj)
                              (--whole-archive)
subsys/bluetooth/controller/libsubsys__bluetooth__controller.a(mayfly.c.obj)
                              (--whole-archive)
subsys/bluetooth/controller/libsubsys__bluetooth__controller.a(util.c.obj)
                              (--whole-archive)
subsys/bluetooth/controller/libsubsys__bluetooth__controller.a(ticker.c.obj)
                              (--whole-archive)
subsys/bluetooth/controller/libsubsys__bluetooth__controller.a(ll_addr.c.obj)
                              (--whole-archive)
subsys/bluetooth/controller/libsubsys__bluetooth__controller.a(ll_tx_pwr.c.obj)
                              (--whole-archive)
subsys/bluetooth/controller/libsubsys__bluetooth__controller.a(crypto.c.obj)
                              (--whole-archive)
subsys/bluetooth/controller/libsubsys__bluetooth__controller.a(hci_driver.c.obj)
                              (--whole-archive)
subsys/bluetooth/controller/libsubsys__bluetooth__controller.a(hci.c.obj)
                              (--whole-archive)
subsys/bluetooth/controller/libsubsys__bluetooth__controller.a(ctrl.c.obj)
                              (--whole-archive)
subsys/bluetooth/controller/libsubsys__bluetooth__controller.a(ll.c.obj)
                              (--whole-archive)
subsys/bluetooth/controller/libsubsys__bluetooth__controller.a(ll_adv.c.obj)
                              (--whole-archive)
subsys/bluetooth/controller/libsubsys__bluetooth__controller.a(ll_filter.c.obj)
                              (--whole-archive)
subsys/bluetooth/controller/libsubsys__bluetooth__controller.a(cntr.c.obj)
[...]
Memory Configuration

Name             Origin             Length             Attributes
FLASH            0x0000000000000000 0x0000000000040000 xr
SRAM             0x0000000020000000 0x0000000000004000 xw
IDT_LIST         0x0000000020004000 0x0000000000000800 xw
*default*        0x0000000000000000 0xffffffffffffffff

Linker script and memory map

LOAD CMakeFiles/kernel_elf.dir/misc/empty_file.c.obj
LOAD CMakeFiles/kernel_elf.dir/isr_tables.c.obj
START GROUP
LOAD ../libapp.a
LOAD libzephyr.a
LOAD subsys/bluetooth/common/libsubsys__bluetooth__common.a
LOAD subsys/bluetooth/host/libsubsys__bluetooth__host.a
LOAD subsys/bluetooth/controller/libsubsys__bluetooth__controller.a
LOAD subsys/net/libsubsys__net.a
LOAD kernel/libkernel.a
LOAD CMakeFiles/offsets.dir/arch/arm/core/offsets/offsets.c.obj
END GROUP
LOAD /opt/zephyr-sdk/sysroots/armv5-zephyr-eabi/usr/lib/arm-zephyr-eabi/6.2.0/armv6-m/libgcc.a
                0x0000000000000000                _image_rom_start = 0x0

text            0x0000000000000000     0xaa6c
                0x0000000000000000                . = 0x0
                0x0000000000000000                _vector_start = .
 *(.exc_vector_table)
 *(.exc_vector_table.*)
 .exc_vector_table._vector_table_section
                0x0000000000000000       0x40 libzephyr.a(vector_table.S.obj)
                0x0000000000000000                _vector_table
 *(.gnu.linkonce.irq_vector_table)
 .gnu.linkonce.irq_vector_table
                0x0000000000000040       0x68 CMakeFiles/kernel_elf.dir/isr_tables.c.obj
                0x0000000000000040                _irq_vector_table
 *(.openocd_dbg)
 *(.openocd_dbg.*)
 *(.kinetis_flash_config)
 *(.kinetis_flash_config.*)
 *(.gnu.linkonce.sw_isr_table)
 .gnu.linkonce.sw_isr_table
                0x00000000000000a8       0xd0 CMakeFiles/kernel_elf.dir/isr_tables.c.obj
                0x00000000000000a8                _sw_isr_table
                0x0000000000000178                _vector_end = .
                0x0000000000000178                _image_text_start = .
 *(.text)
 .text          0x0000000000000178       0x14 /opt/zephyr-sdk/sysroots/armv5-zephyr-eabi/usr/lib/arm-zephyr-eabi/6.2.0/armv6-m/libgcc.a(_thumb1_case_sqi.o)
                0x0000000000000178                __gnu_thumb1_case_sqi
 .text          0x000000000000018c       0x14 /opt/zephyr-sdk/sysroots/armv5-zephyr-eabi/usr/lib/arm-zephyr-eabi/6.2.0/armv6-m/libgcc.a(_thumb1_case_uqi.o)
                0x000000000000018c                __gnu_thumb1_case_uqi
 .text          0x00000000000001a0       0x14 /opt/zephyr-sdk/sysroots/armv5-zephyr-eabi/usr/lib/arm-zephyr-eabi/6.2.0/armv6-m/libgcc.a(_thumb1_case_shi.o)
                0x00000000000001a0                __gnu_thumb1_case_shi
 .text          0x00000000000001b4       0x14 /opt/zephyr-sdk/sysroots/armv5-zephyr-eabi/usr/lib/arm-zephyr-eabi/6.2.0/armv6-m/libgcc.a(_thumb1_case_uhi.o)
                0x00000000000001b4                __gnu_thumb1_case_uhi
 .text          0x00000000000001c8       0x9c /opt/zephyr-sdk/sysroots/armv5-zephyr-eabi/usr/lib/arm-zephyr-eabi/6.2.0/armv6-m/libgcc.a(_udivsi3.o)
                0x00000000000001c8                __udivsi3
                0x00000000000001c8                __aeabi_uidiv
                0x0000000000000250                __aeabi_uidivmod
 .text          0x0000000000000264       0xc0 /opt/zephyr-sdk/sysroots/armv5-zephyr-eabi/usr/lib/arm-zephyr-eabi/6.2.0/armv6-m/libgcc.a(_divsi3.o)
                0x0000000000000264                __aeabi_idiv
                0x0000000000000264                __divsi3
                0x0000000000000310                __aeabi_idivmod
 .text          0x0000000000000324        0x4 /opt/zephyr-sdk/sysroots/armv5-zephyr-eabi/usr/lib/arm-zephyr-eabi/6.2.0/armv6-m/libgcc.a(_dvmd_tls.o)
                0x0000000000000324                __aeabi_ldiv0
                0x0000000000000324                __aeabi_idiv0
 .text          0x0000000000000328       0x40 /opt/zephyr-sdk/sysroots/armv5-zephyr-eabi/usr/lib/arm-zephyr-eabi/6.2.0/armv6-m/libgcc.a(_aeabi_uldivmod.o)
                0x0000000000000328                __aeabi_uldivmod
 .text          0x0000000000000368       0x54 /opt/zephyr-sdk/sysroots/armv5-zephyr-eabi/usr/lib/arm-zephyr-eabi/6.2.0/armv6-m/libgcc.a(_muldi3.o)
                0x0000000000000368                __aeabi_lmul
                0x0000000000000368                __muldi3
 .text          0x00000000000003bc       0x14 /opt/zephyr-sdk/sysroots/armv5-zephyr-eabi/usr/lib/arm-zephyr-eabi/6.2.0/armv6-m/libgcc.a(_ffssi2.o)
                0x00000000000003bc                __ffssi2
 .text          0x00000000000003d0       0x34 /opt/zephyr-sdk/sysroots/armv5-zephyr-eabi/usr/lib/arm-zephyr-eabi/6.2.0/armv6-m/libgcc.a(_popcountsi2.o)
                0x00000000000003d0                __popcountsi2
 .text          0x0000000000000404      0x180 /opt/zephyr-sdk/sysroots/armv5-zephyr-eabi/usr/lib/arm-zephyr-eabi/6.2.0/armv6-m/libgcc.a(_udivmoddi4.o)
                0x0000000000000404                __udivmoddi4
 .text          0x0000000000000584       0x18 /opt/zephyr-sdk/sysroots/armv5-zephyr-eabi/usr/lib/arm-zephyr-eabi/6.2.0/armv6-m/libgcc.a(_clzdi2.o)
                0x0000000000000584                __clzdi2
 .text          0x000000000000059c       0x40 /opt/zephyr-sdk/sysroots/armv5-zephyr-eabi/usr/lib/arm-zephyr-eabi/6.2.0/armv6-m/libgcc.a(_ctzsi2.o)
                0x000000000000059c                __ctzsi2
 .text          0x00000000000005dc       0x3c /opt/zephyr-sdk/sysroots/armv5-zephyr-eabi/usr/lib/arm-zephyr-eabi/6.2.0/armv6-m/libgcc.a(_clzsi2.o)
                0x00000000000005dc                __clzsi2
 *(.text.*)
 .text.strcpy   0x0000000000000618       0x12 ../libapp.a(string.c.obj)
                0x0000000000000618                strcpy
 .text.strcmp   0x000000000000062a       0x18 ../libapp.a(string.c.obj)
                0x000000000000062a                strcmp
 .text.memcmp   0x0000000000000642       0x26 ../libapp.a(string.c.obj)
                0x0000000000000642                memcmp
 .text.memcpy   0x0000000000000668       0x54 ../libapp.a(string.c.obj)
                0x0000000000000668                memcpy
 .text.memset   0x00000000000006bc       0x4a ../libapp.a(string.c.obj)
                0x00000000000006bc                memset
 *fill*         0x0000000000000706        0x2 
 .text.s1_display
                0x0000000000000708       0x10 ../libapp.a(main.c.obj)
                0x0000000000000708                s1_display
 .text.s2_accelerometer
                0x0000000000000718       0x10 ../libapp.a(main.c.obj)
                0x0000000000000718                s2_accelerometer
 .text.s3_compass
                0x0000000000000728       0x10 ../libapp.a(main.c.obj)
                0x0000000000000728                s3_compass
 .text.s4_temperature
                0x0000000000000738       0x10 ../libapp.a(main.c.obj)
                0x0000000000000738                s4_temperature
 .text.s5_bluetooth
                0x0000000000000748       0x10 ../libapp.a(main.c.obj)
                0x0000000000000748                s5_bluetooth
 .text.button_pressed
                0x0000000000000758       0x4c ../libapp.a(main.c.obj)
 .text.main     0x00000000000007a4       0x74 ../libapp.a(main.c.obj)
                0x00000000000007a4                main
 .text.nordicsemi_nrf51_init
                0x0000000000000818       0x9c libzephyr.a(soc.c.obj)
 .text._HandlerModeExit
                0x00000000000008b4       0x30 libzephyr.a(exc_exit.S.obj)
                0x00000000000008b4                _ExcExit
                0x00000000000008b4                _IntExit
 .text._IntLibInit
                0x00000000000008e4       0x30 libzephyr.a(irq_init.c.obj)
                0x00000000000008e4                _IntLibInit
 .text.__pendsv
                0x0000000000000914       0x5c libzephyr.a(swap.S.obj)
                0x0000000000000914                __pendsv
 .text.__svc    0x0000000000000970       0x28 libzephyr.a(swap.S.obj)
                0x0000000000000970                __svc
 .text.__swap   0x0000000000000998       0x28 libzephyr.a(swap.S.obj)
                0x0000000000000998                __swap
 .text._Fault   0x00000000000009c0       0x54 libzephyr.a(fault.c.obj)
                0x00000000000009c0                _Fault
 .text._FaultInit
                0x0000000000000a14        0x2 libzephyr.a(fault.c.obj)
                0x0000000000000a14                _FaultInit
 *fill*         0x0000000000000a16        0x2 
 .text._arch_irq_enable
                0x0000000000000a18       0x18 libzephyr.a(irq_manage.c.obj)
                0x0000000000000a18                _arch_irq_enable
 .text._arch_irq_disable
                0x0000000000000a30       0x20 libzephyr.a(irq_manage.c.obj)
                0x0000000000000a30                _arch_irq_disable
 .text._arch_irq_is_enabled
                0x0000000000000a50       0x1c libzephyr.a(irq_manage.c.obj)
                0x0000000000000a50                _arch_irq_is_enabled
 .text._irq_priority_set
                0x0000000000000a6c       0x64 libzephyr.a(irq_manage.c.obj)
                0x0000000000000a6c                _irq_priority_set
 .text._irq_spurious
                0x0000000000000ad0        0x8 libzephyr.a(irq_manage.c.obj)
                0x0000000000000ad0                _irq_spurious
 .text._arch_isr_direct_pm
                0x0000000000000ad8       0x24 libzephyr.a(irq_manage.c.obj)
                0x0000000000000ad8                _arch_isr_direct_pm
 .text._new_thread
                0x0000000000000afc       0x4c libzephyr.a(thread.c.obj)
                0x0000000000000afc                _new_thread
 .text._CpuIdleInit
                0x0000000000000b48        0xc libzephyr.a(cpu_idle.S.obj)
                0x0000000000000b48                _CpuIdleInit
 .text.k_cpu_idle
                0x0000000000000b54        0x8 libzephyr.a(cpu_idle.S.obj)
                0x0000000000000b54                k_cpu_idle
 .text.__fault  0x0000000000000b5c       0x1c libzephyr.a(fault_s.S.obj)
                0x0000000000000b5c                __reserved
                0x0000000000000b5c                __hard_fault
 .text._NanoFatalErrorHandler
                0x0000000000000b78       0x54 libzephyr.a(fatal.c.obj)
                0x0000000000000b78                _NanoFatalErrorHandler
 .text._do_kernel_oops
                0x0000000000000bcc        0xc libzephyr.a(fatal.c.obj)
                0x0000000000000bcc                _do_kernel_oops
 .text._SysFatalErrorHandler
                0x0000000000000bd8       0x54 libzephyr.a(sys_fatal_error_handler.c.obj)
                0x0000000000000bd8                _SysFatalErrorHandler
 .text._impl_k_thread_abort
                0x0000000000000c2c       0x44 libzephyr.a(thread_abort.c.obj)
                0x0000000000000c2c                _impl_k_thread_abort
 .text._isr_wrapper
                0x0000000000000c70       0x38 libzephyr.a(isr_wrapper.S.obj)
                0x0000000000000c70                _isr_wrapper
 .text._reset_section
                0x0000000000000ca8       0x1c libzephyr.a(reset.S.obj)
                0x0000000000000ca8                __reset
                0x0000000000000ca8                __start
 .text._SysNmiOnReset
                0x0000000000000cc4        0x4 libzephyr.a(nmi_on_reset.S.obj)
                0x0000000000000cc4                _SysNmiOnReset
 .text.relocate_vector_table
                0x0000000000000cc8        0x2 libzephyr.a(prep_c.c.obj)
                0x0000000000000cc8                relocate_vector_table
 .text._PrepC   0x0000000000000cca       0x12 libzephyr.a(prep_c.c.obj)
                0x0000000000000cca                _PrepC
 .text.__nmi    0x0000000000000cdc        0xc libzephyr.a(nmi.c.obj)
                0x0000000000000cdc                __nmi
 .text._nop_char_out
                0x0000000000000ce8        0x4 libzephyr.a(printk.c.obj)
 .text.char_out
                0x0000000000000cec       0x14 libzephyr.a(printk.c.obj)
 .text._printk_dec_ulong
                0x0000000000000d00       0xb0 libzephyr.a(printk.c.obj)
 .text.str_out  0x0000000000000db0       0x2c libzephyr.a(printk.c.obj)
 .text.__printk_hook_install
                0x0000000000000ddc        0xc libzephyr.a(printk.c.obj)
                0x0000000000000ddc                __printk_hook_install
 .text._vprintk
                0x0000000000000de8      0x258 libzephyr.a(printk.c.obj)
                0x0000000000000de8                _vprintk
 .text.vprintk  0x0000000000001040       0x1c libzephyr.a(printk.c.obj)
                0x0000000000001040                vprintk
 .text.printk   0x000000000000105c       0x16 libzephyr.a(printk.c.obj)
                0x000000000000105c                printk
 *fill*         0x0000000000001072        0x2 
 .text.snprintk
                0x0000000000001074       0x38 libzephyr.a(printk.c.obj)
                0x0000000000001074                snprintk
 .text._ConfigAbsSyms
                0x00000000000010ac        0x2 libzephyr.a(configs.c.obj)
                0x00000000000010ac                _ConfigAbsSyms
 *fill*         0x00000000000010ae        0x2 
 .text.console_out
                0x00000000000010b0       0x28 libzephyr.a(uart_console.c.obj)
 .text.uart_console_hook_install
                0x00000000000010d8       0x10 libzephyr.a(uart_console.c.obj)
                0x00000000000010d8                uart_console_hook_install
 .text.uart_console_init
                0x00000000000010e8       0x1c libzephyr.a(uart_console.c.obj)
 .text.reset_display
                0x0000000000001104       0x24 libzephyr.a(mb_display.c.obj)
 .text.start_image
                0x0000000000001128       0x98 libzephyr.a(mb_display.c.obj)
 .text.gpio_pin_configure.constprop.4
                0x00000000000011c0       0x10 libzephyr.a(mb_display.c.obj)
 .text.mb_display_init
                0x00000000000011d0       0x78 libzephyr.a(mb_display.c.obj)
 .text.current_img
                0x0000000000001248       0x44 libzephyr.a(mb_display.c.obj)
 .text.clear_display
                0x000000000000128c       0x18 libzephyr.a(mb_display.c.obj)
 .text.show_row
                0x00000000000012a4      0x1cc libzephyr.a(mb_display.c.obj)
 .text._m16src_stop
                0x0000000000001470       0x68 libzephyr.a(nrf5_power_clock.c.obj)
 .text._clock_control_init
                0x00000000000014d8       0x16 libzephyr.a(nrf5_power_clock.c.obj)
 *fill*         0x00000000000014ee        0x2 
 .text._m16src_start
                0x00000000000014f0       0xbc libzephyr.a(nrf5_power_clock.c.obj)
 .text._k32src_start
                0x00000000000015ac       0xd4 libzephyr.a(nrf5_power_clock.c.obj)
 .text._power_clock_isr
                0x0000000000001680       0xa0 libzephyr.a(nrf5_power_clock.c.obj)
 .text.gpiote_find_channel
                0x0000000000001720       0x36 libzephyr.a(gpio_nrf5.c.obj)
 .text.gpio_nrf5_read
                0x0000000000001756       0x20 libzephyr.a(gpio_nrf5.c.obj)
 *fill*         0x0000000000001776        0x2 
 .text.gpio_nrf5_write
                0x0000000000001778       0x30 libzephyr.a(gpio_nrf5.c.obj)
 .text.gpio_nrf5_manage_callback
                0x00000000000017a8       0x4a libzephyr.a(gpio_nrf5.c.obj)
 .text.gpio_nrf5_enable_callback
                0x00000000000017f2       0x42 libzephyr.a(gpio_nrf5.c.obj)
 .text.gpio_nrf5_disable_callback
                0x0000000000001834       0x3a libzephyr.a(gpio_nrf5.c.obj)
 .text.gpio_nrf5_P0_init
                0x000000000000186e       0x16 libzephyr.a(gpio_nrf5.c.obj)
 .text.gpio_nrf5_port_isr
                0x0000000000001884       0x6a libzephyr.a(gpio_nrf5.c.obj)
 *fill*         0x00000000000018ee        0x2 
 .text.gpio_nrf5_config
                0x00000000000018f0      0x128 libzephyr.a(gpio_nrf5.c.obj)
 .text.pwm_nrf5_sw_pin_set
                0x0000000000001a18      0x1e4 libzephyr.a(pwm_nrf5_sw.c.obj)
 .text.pwm_nrf5_sw_get_cycles_per_sec
                0x0000000000001bfc        0xe libzephyr.a(pwm_nrf5_sw.c.obj)
 .text.pwm_nrf5_sw_init
                0x0000000000001c0a        0x4 libzephyr.a(pwm_nrf5_sw.c.obj)
 .text.uart_nrf5_poll_in
                0x0000000000001c0e       0x24 libzephyr.a(uart_nrf5.c.obj)
 *fill*         0x0000000000001c32        0x2 
 .text.uart_nrf5_poll_out
                0x0000000000001c34       0x20 libzephyr.a(uart_nrf5.c.obj)
 .text.uart_nrf5_err_check
                0x0000000000001c54       0x20 libzephyr.a(uart_nrf5.c.obj)
 .text.uart_nrf5_init
                0x0000000000001c74       0x80 libzephyr.a(uart_nrf5.c.obj)
 .text.rtc_compare_set
                0x0000000000001cf4       0x34 libzephyr.a(nrf_rtc_timer.c.obj)
 .text.rtc_announce_set_next
                0x0000000000001d28       0x5c libzephyr.a(nrf_rtc_timer.c.obj)
 .text.rtc1_nrf5_isr
                0x0000000000001d84       0x14 libzephyr.a(nrf_rtc_timer.c.obj)
 .text._timer_idle_enter
                0x0000000000001d98       0x2c libzephyr.a(nrf_rtc_timer.c.obj)
                0x0000000000001d98                _timer_idle_enter
 .text._timer_idle_exit
                0x0000000000001dc4       0x2c libzephyr.a(nrf_rtc_timer.c.obj)
                0x0000000000001dc4                _timer_idle_exit
 .text._sys_clock_driver_init
                0x0000000000001df0       0x84 libzephyr.a(nrf_rtc_timer.c.obj)
                0x0000000000001df0                _sys_clock_driver_init
 .text.hci_cmd_done.isra.9
                0x0000000000001e74       0x50 subsys/bluetooth/host/libsubsys__bluetooth__host.a(hci_core.c.obj)
 .text.atomic_test_bit.constprop.24
                0x0000000000001ec4       0x24 subsys/bluetooth/host/libsubsys__bluetooth__host.a(hci_core.c.obj)
 .text.bt_hci_cmd_create
                0x0000000000001ee8       0x60 subsys/bluetooth/host/libsubsys__bluetooth__host.a(hci_core.c.obj)
                0x0000000000001ee8                bt_hci_cmd_create
 .text.bt_hci_cmd_send_sync
                0x0000000000001f48       0x84 subsys/bluetooth/host/libsubsys__bluetooth__host.a(hci_core.c.obj)
                0x0000000000001f48                bt_hci_cmd_send_sync
 .text.set_random_address
                0x0000000000001fcc       0x5c subsys/bluetooth/host/libsubsys__bluetooth__host.a(hci_core.c.obj)
 .text.set_le_scan_enable
                0x0000000000002028       0x68 subsys/bluetooth/host/libsubsys__bluetooth__host.a(hci_core.c.obj)
 .text.bt_le_scan_update
                0x0000000000002090       0x22 subsys/bluetooth/host/libsubsys__bluetooth__host.a(hci_core.c.obj)
                0x0000000000002090                bt_le_scan_update
 .text.bt_addr_le_create_static
                0x00000000000020b2       0x20 subsys/bluetooth/host/libsubsys__bluetooth__host.a(hci_core.c.obj)
                0x00000000000020b2                bt_addr_le_create_static
 *fill*         0x00000000000020d2        0x2 
 .text.hci_init
                0x00000000000020d4      0x3a4 subsys/bluetooth/host/libsubsys__bluetooth__host.a(hci_core.c.obj)
 .text.init_work
                0x0000000000002478       0x30 subsys/bluetooth/host/libsubsys__bluetooth__host.a(hci_core.c.obj)
 .text.bt_recv  0x00000000000024a8      0x15c subsys/bluetooth/host/libsubsys__bluetooth__host.a(hci_core.c.obj)
                0x00000000000024a8                bt_recv
 .text.bt_recv_prio
                0x0000000000002604       0x88 subsys/bluetooth/host/libsubsys__bluetooth__host.a(hci_core.c.obj)
                0x0000000000002604                bt_recv_prio
 .text.bt_hci_driver_register
                0x000000000000268c       0x2c subsys/bluetooth/host/libsubsys__bluetooth__host.a(hci_core.c.obj)
                0x000000000000268c                bt_hci_driver_register
 .text.bt_buf_get_rx
                0x00000000000026b8       0x20 subsys/bluetooth/host/libsubsys__bluetooth__host.a(hci_core.c.obj)
                0x00000000000026b8                bt_buf_get_rx
 .text.bt_buf_get_cmd_complete
                0x00000000000026d8       0x40 subsys/bluetooth/host/libsubsys__bluetooth__host.a(hci_core.c.obj)
                0x00000000000026d8                bt_buf_get_cmd_complete
 .text.mem_init
                0x0000000000002718       0x4c subsys/bluetooth/controller/libsubsys__bluetooth__controller.a(mem.c.obj)
                0x0000000000002718                mem_init
 .text.mem_acquire
                0x0000000000002764       0x32 subsys/bluetooth/controller/libsubsys__bluetooth__controller.a(mem.c.obj)
                0x0000000000002764                mem_acquire
 .text.mem_release
                0x0000000000002796       0x2c subsys/bluetooth/controller/libsubsys__bluetooth__controller.a(mem.c.obj)
                0x0000000000002796                mem_release
 .text.mem_get  0x00000000000027c2        0x6 subsys/bluetooth/controller/libsubsys__bluetooth__controller.a(mem.c.obj)
                0x00000000000027c2                mem_get
 .text.mem_index_get
                0x00000000000027c8       0x10 subsys/bluetooth/controller/libsubsys__bluetooth__controller.a(mem.c.obj)
                0x00000000000027c8                mem_index_get
 .text.mem_rcopy
                0x00000000000027d8       0x20 subsys/bluetooth/controller/libsubsys__bluetooth__controller.a(mem.c.obj)
                0x00000000000027d8                mem_rcopy
 .text.memq_init
                0x00000000000027f8        0x6 subsys/bluetooth/controller/libsubsys__bluetooth__controller.a(memq.c.obj)
                0x00000000000027f8                memq_init
 .text.memq_enqueue
                0x00000000000027fe        0xc subsys/bluetooth/controller/libsubsys__bluetooth__controller.a(memq.c.obj)
                0x00000000000027fe                memq_enqueue
 .text.memq_peek
                0x000000000000280a       0x12 subsys/bluetooth/controller/libsubsys__bluetooth__controller.a(memq.c.obj)
                0x000000000000280a                memq_peek
 .text.memq_dequeue
                0x000000000000281c       0x20 subsys/bluetooth/controller/libsubsys__bluetooth__controller.a(memq.c.obj)
                0x000000000000281c                memq_dequeue
 .text.mayfly_init
                0x000000000000283c       0x4c subsys/bluetooth/controller/libsubsys__bluetooth__controller.a(mayfly.c.obj)
                0x000000000000283c                mayfly_init
 .text.mayfly_enable
                0x0000000000002888       0x48 subsys/bluetooth/controller/libsubsys__bluetooth__controller.a(mayfly.c.obj)
                0x0000000000002888                mayfly_enable
 .text.mayfly_enqueue
                0x00000000000028d0       0xa4 subsys/bluetooth/controller/libsubsys__bluetooth__controller.a(mayfly.c.obj)
                0x00000000000028d0                mayfly_enqueue
 .text.mayfly_run
                0x0000000000002974      0x120 subsys/bluetooth/controller/libsubsys__bluetooth__controller.a(mayfly.c.obj)
                0x0000000000002974                mayfly_run
 .text.util_ones_count_get
                0x0000000000002a94       0x22 subsys/bluetooth/controller/libsubsys__bluetooth__controller.a(util.c.obj)
                0x0000000000002a94                util_ones_count_get
 .text.ticker_dequeue
                0x0000000000002ab6       0x50 subsys/bluetooth/controller/libsubsys__bluetooth__controller.a(ticker.c.obj)
 .text.ticks_to_expire_prep
                0x0000000000002b06       0x3a subsys/bluetooth/controller/libsubsys__bluetooth__controller.a(ticker.c.obj)
 .text.ticker_job_op_cb
                0x0000000000002b40       0x18 subsys/bluetooth/controller/libsubsys__bluetooth__controller.a(ticker.c.obj)
 .text.ticker_worker
                0x0000000000002b58       0xa6 subsys/bluetooth/controller/libsubsys__bluetooth__controller.a(ticker.c.obj)
                0x0000000000002b58                ticker_worker
 *fill*         0x0000000000002bfe        0x2 
 .text.ticker_job
                0x0000000000002c00      0x728 subsys/bluetooth/controller/libsubsys__bluetooth__controller.a(ticker.c.obj)
                0x0000000000002c00                ticker_job
 .text.ticker_init
                0x0000000000003328       0x70 subsys/bluetooth/controller/libsubsys__bluetooth__controller.a(ticker.c.obj)
                0x0000000000003328                ticker_init
 .text.ticker_trigger
                0x0000000000003398       0x20 subsys/bluetooth/controller/libsubsys__bluetooth__controller.a(ticker.c.obj)
                0x0000000000003398                ticker_trigger
 .text.ticker_start
                0x00000000000033b8       0x84 subsys/bluetooth/controller/libsubsys__bluetooth__controller.a(ticker.c.obj)
                0x00000000000033b8                ticker_start
 .text.ticker_update
                0x000000000000343c       0xa0 subsys/bluetooth/controller/libsubsys__bluetooth__controller.a(ticker.c.obj)
                0x000000000000343c                ticker_update
 .text.ticker_stop
                0x00000000000034dc       0x5c subsys/bluetooth/controller/libsubsys__bluetooth__controller.a(ticker.c.obj)
                0x00000000000034dc                ticker_stop
 .text.ticker_next_slot_get
                0x0000000000003538       0x6c subsys/bluetooth/controller/libsubsys__bluetooth__controller.a(ticker.c.obj)
                0x0000000000003538                ticker_next_slot_get
 .text.ticker_job_idle_get
                0x00000000000035a4       0x60 subsys/bluetooth/controller/libsubsys__bluetooth__controller.a(ticker.c.obj)
                0x00000000000035a4                ticker_job_idle_get
 .text.ticker_job_sched
                0x0000000000003604       0x20 subsys/bluetooth/controller/libsubsys__bluetooth__controller.a(ticker.c.obj)
                0x0000000000003604                ticker_job_sched
 .text.ticker_ticks_now_get
                0x0000000000003624        0x8 subsys/bluetooth/controller/libsubsys__bluetooth__controller.a(ticker.c.obj)
                0x0000000000003624                ticker_ticks_now_get
 .text.ticker_ticks_diff_get
                0x000000000000362c        0x8 subsys/bluetooth/controller/libsubsys__bluetooth__controller.a(ticker.c.obj)
                0x000000000000362c                ticker_ticks_diff_get
 .text.ll_addr_get
                0x0000000000003634       0x30 subsys/bluetooth/controller/libsubsys__bluetooth__controller.a(ll_addr.c.obj)
                0x0000000000003634                ll_addr_get
 .text.ll_addr_set
                0x0000000000003664       0x38 subsys/bluetooth/controller/libsubsys__bluetooth__controller.a(ll_addr.c.obj)
                0x0000000000003664                ll_addr_set
 .text.ll_tx_pwr_get
                0x000000000000369c        0x8 subsys/bluetooth/controller/libsubsys__bluetooth__controller.a(ll_tx_pwr.c.obj)
                0x000000000000369c                ll_tx_pwr_get
 .text.bt_rand  0x00000000000036a4       0x3c subsys/bluetooth/controller/libsubsys__bluetooth__controller.a(crypto.c.obj)
                0x00000000000036a4                bt_rand
 .text._hci_driver_init
                0x00000000000036e0       0x10 subsys/bluetooth/controller/libsubsys__bluetooth__controller.a(hci_driver.c.obj)
 .text.hci_driver_send
                0x00000000000036f0       0x2c subsys/bluetooth/controller/libsubsys__bluetooth__controller.a(hci_driver.c.obj)
 .text.recv_thread
                0x000000000000371c       0x74 subsys/bluetooth/controller/libsubsys__bluetooth__controller.a(hci_driver.c.obj)
 .text.prio_recv_thread
                0x0000000000003790       0x3c subsys/bluetooth/controller/libsubsys__bluetooth__controller.a(hci_driver.c.obj)
 .text.hci_driver_open
                0x00000000000037cc       0x70 subsys/bluetooth/controller/libsubsys__bluetooth__controller.a(hci_driver.c.obj)
 .text.sys_put_le32
                0x000000000000383c       0x10 subsys/bluetooth/controller/libsubsys__bluetooth__controller.a(hci.c.obj)
 .text.evt_create
                0x000000000000384c       0x14 subsys/bluetooth/controller/libsubsys__bluetooth__controller.a(hci.c.obj)
 .text.cmd_complete
                0x0000000000003860       0x44 subsys/bluetooth/controller/libsubsys__bluetooth__controller.a(hci.c.obj)
 .text.meta_evt
                0x00000000000038a4       0x28 subsys/bluetooth/controller/libsubsys__bluetooth__controller.a(hci.c.obj)
 .text.le_remote_feat_complete
                0x00000000000038cc       0x50 subsys/bluetooth/controller/libsubsys__bluetooth__controller.a(hci.c.obj)
 .text.bt_addr_le_to_str.constprop.42
                0x000000000000391c       0x78 subsys/bluetooth/controller/libsubsys__bluetooth__controller.a(hci.c.obj)
 .text.le_adv_ext_report.isra.37.part.38
                0x0000000000003994       0x32 subsys/bluetooth/controller/libsubsys__bluetooth__controller.a(hci.c.obj)
 .text.sys_get_le64
                0x00000000000039c6       0x2c subsys/bluetooth/controller/libsubsys__bluetooth__controller.a(hci.c.obj)
 *fill*         0x00000000000039f2        0x2 
 .text.hci_cmd_handle
                0x00000000000039f4      0x59c subsys/bluetooth/controller/libsubsys__bluetooth__controller.a(hci.c.obj)
                0x00000000000039f4                hci_cmd_handle
 .text.hci_evt_encode
                0x0000000000003f90      0x1a8 subsys/bluetooth/controller/libsubsys__bluetooth__controller.a(hci.c.obj)
                0x0000000000003f90                hci_evt_encode
 .text.hci_get_class
                0x0000000000004138       0x40 subsys/bluetooth/controller/libsubsys__bluetooth__controller.a(hci.c.obj)
                0x0000000000004138                hci_get_class
 .text.hci_init
                0x0000000000004178       0x24 subsys/bluetooth/controller/libsubsys__bluetooth__controller.a(hci.c.obj)
                0x0000000000004178                hci_init
 .text.cpu_sleep
                0x000000000000419c        0x8 subsys/bluetooth/controller/libsubsys__bluetooth__controller.a(ctrl.c.obj)
 .text.pdu_len_cmp
                0x00000000000041a4       0x28 subsys/bluetooth/controller/libsubsys__bluetooth__controller.a(ctrl.c.obj)
 .text.ticker_if_done
                0x00000000000041cc        0x4 subsys/bluetooth/controller/libsubsys__bluetooth__controller.a(ctrl.c.obj)
 .text.prepare_reduced
                0x00000000000041d0       0x10 subsys/bluetooth/controller/libsubsys__bluetooth__controller.a(ctrl.c.obj)
 .text.prepare_normal
                0x00000000000041e0        0xe subsys/bluetooth/controller/libsubsys__bluetooth__controller.a(ctrl.c.obj)
 .text.chan_sel_remap
                0x00000000000041ee       0x34 subsys/bluetooth/controller/libsubsys__bluetooth__controller.a(ctrl.c.obj)
 *fill*         0x0000000000004222        0x2 
 .text.packet_rx_reserve_get
                0x0000000000004224       0x40 subsys/bluetooth/controller/libsubsys__bluetooth__controller.a(ctrl.c.obj)
 .text.conn_update_req
                0x0000000000004264       0x6a subsys/bluetooth/controller/libsubsys__bluetooth__controller.a(ctrl.c.obj)
 *fill*         0x00000000000042ce        0x2 
 .text.tx_cmplt_get
                0x00000000000042d0       0x98 subsys/bluetooth/controller/libsubsys__bluetooth__controller.a(ctrl.c.obj)
 .text.connection_get
                0x0000000000004368       0x30 subsys/bluetooth/controller/libsubsys__bluetooth__controller.a(ctrl.c.obj)
 .text.role_disable
                0x0000000000004398      0x200 subsys/bluetooth/controller/libsubsys__bluetooth__controller.a(ctrl.c.obj)
 .text.sched_after_mstr_free_slot_get
                0x0000000000004598      0x11c subsys/bluetooth/controller/libsubsys__bluetooth__controller.a(ctrl.c.obj)
 .text.isr_adv_ci_adva_check
                0x00000000000046b4       0x42 subsys/bluetooth/controller/libsubsys__bluetooth__controller.a(ctrl.c.obj)
 *fill*         0x00000000000046f6        0x2 
 .text.rx_fc_lock
                0x00000000000046f8       0x38 subsys/bluetooth/controller/libsubsys__bluetooth__controller.a(ctrl.c.obj)
 .text.ticker_job_disable
                0x0000000000004730       0x1c subsys/bluetooth/controller/libsubsys__bluetooth__controller.a(ctrl.c.obj)
 .text.hdr_conn_get
                0x000000000000474c       0x3c subsys/bluetooth/controller/libsubsys__bluetooth__controller.a(ctrl.c.obj)
 .text.mayfly_xtal_retain.part.15
                0x0000000000004788       0x30 subsys/bluetooth/controller/libsubsys__bluetooth__controller.a(ctrl.c.obj)
 .text.rx_packet_set
                0x00000000000047b8       0x40 subsys/bluetooth/controller/libsubsys__bluetooth__controller.a(ctrl.c.obj)
 .text.tx_packet_set
                0x00000000000047f8       0x3e subsys/bluetooth/controller/libsubsys__bluetooth__controller.a(ctrl.c.obj)
 *fill*         0x0000000000004836        0x2 
 .text.isr_scan_tgta_check.isra.30
                0x0000000000004838       0x5c subsys/bluetooth/controller/libsubsys__bluetooth__controller.a(ctrl.c.obj)
 .text.radio_event_adv_prepare.part.43
                0x0000000000004894        0x6 subsys/bluetooth/controller/libsubsys__bluetooth__controller.a(ctrl.c.obj)
 *fill*         0x000000000000489a        0x2 
 .text.prepare_normal_set
                0x000000000000489c       0x48 subsys/bluetooth/controller/libsubsys__bluetooth__controller.a(ctrl.c.obj)
 .text.terminate_ind_rx_enqueue
                0x00000000000048e4       0x44 subsys/bluetooth/controller/libsubsys__bluetooth__controller.a(ctrl.c.obj)
 .text.packet_rx_enqueue
                0x0000000000004928       0x60 subsys/bluetooth/controller/libsubsys__bluetooth__controller.a(ctrl.c.obj)
 .text.mayfly_adv_stop
                0x0000000000004988       0x2e subsys/bluetooth/controller/libsubsys__bluetooth__controller.a(ctrl.c.obj)
 *fill*         0x00000000000049b6        0x2 
 .text.ticker_stop_adv_stop
                0x00000000000049b8      0x118 subsys/bluetooth/controller/libsubsys__bluetooth__controller.a(ctrl.c.obj)
 .text.sched_after_mstr_free_offset_get
                0x0000000000004ad0       0x6c subsys/bluetooth/controller/libsubsys__bluetooth__controller.a(ctrl.c.obj)
 .text.mayfly_sched_win_offset_use
                0x0000000000004b3c       0x30 subsys/bluetooth/controller/libsubsys__bluetooth__controller.a(ctrl.c.obj)
 .text.chan_set
                0x0000000000004b6c       0x38 subsys/bluetooth/controller/libsubsys__bluetooth__controller.a(ctrl.c.obj)
 .text.adv_setup
                0x0000000000004ba4       0xbc subsys/bluetooth/controller/libsubsys__bluetooth__controller.a(ctrl.c.obj)
 .text.pdu_node_tx_release
                0x0000000000004c60       0x48 subsys/bluetooth/controller/libsubsys__bluetooth__controller.a(ctrl.c.obj)
 .text.packet_tx_enqueue
                0x0000000000004ca8       0xa0 subsys/bluetooth/controller/libsubsys__bluetooth__controller.a(ctrl.c.obj)
 .text.connection_release
                0x0000000000004d48      0x10c subsys/bluetooth/controller/libsubsys__bluetooth__controller.a(ctrl.c.obj)
 .text.mayfly_radio_stop
                0x0000000000004e54       0x34 subsys/bluetooth/controller/libsubsys__bluetooth__controller.a(ctrl.c.obj)
 .text.mayfly_radio_active
                0x0000000000004e88       0x34 subsys/bluetooth/controller/libsubsys__bluetooth__controller.a(ctrl.c.obj)
 .text.mayfly_radio_inactive
                0x0000000000004ebc        0xa subsys/bluetooth/controller/libsubsys__bluetooth__controller.a(ctrl.c.obj)
 *fill*         0x0000000000004ec6        0x2 
 .text.event_xtal
                0x0000000000004ec8       0x1c subsys/bluetooth/controller/libsubsys__bluetooth__controller.a(ctrl.c.obj)
 .text.event_active
                0x0000000000004ee4       0x1c subsys/bluetooth/controller/libsubsys__bluetooth__controller.a(ctrl.c.obj)
 .text.ticker_update_slave_assert
                0x0000000000004f00       0x1c subsys/bluetooth/controller/libsubsys__bluetooth__controller.a(ctrl.c.obj)
 .text.ticker_update_adv_assert
                0x0000000000004f1c       0x18 subsys/bluetooth/controller/libsubsys__bluetooth__controller.a(ctrl.c.obj)
 .text.ticker_stop_scan_assert
                0x0000000000004f34       0x28 subsys/bluetooth/controller/libsubsys__bluetooth__controller.a(ctrl.c.obj)
 .text.ticker_stop_adv_assert
                0x0000000000004f5c       0x28 subsys/bluetooth/controller/libsubsys__bluetooth__controller.a(ctrl.c.obj)
 .text.ticker_success_assert
                0x0000000000004f84        0xc subsys/bluetooth/controller/libsubsys__bluetooth__controller.a(ctrl.c.obj)
 .text.isr_rx_scan_report.isra.37
                0x0000000000004f90       0x60 subsys/bluetooth/controller/libsubsys__bluetooth__controller.a(ctrl.c.obj)
 .text.adv_scan_configure.constprop.47
                0x0000000000004ff0       0x4c subsys/bluetooth/controller/libsubsys__bluetooth__controller.a(ctrl.c.obj)
 .text.event_stop.constprop.48
                0x000000000000503c       0x20 subsys/bluetooth/controller/libsubsys__bluetooth__controller.a(ctrl.c.obj)
 .text.event_common_prepare
                0x000000000000505c      0x188 subsys/bluetooth/controller/libsubsys__bluetooth__controller.a(ctrl.c.obj)
 .text.radio_event_adv_prepare
                0x00000000000051e4       0x38 subsys/bluetooth/controller/libsubsys__bluetooth__controller.a(ctrl.c.obj)
                0x00000000000051e4                radio_event_adv_prepare
 .text.event_adv_stop
                0x000000000000521c       0x2c subsys/bluetooth/controller/libsubsys__bluetooth__controller.a(ctrl.c.obj)
                0x000000000000521c                event_adv_stop
 .text.packet_rx_allocate.constprop.49
                0x0000000000005248       0x8c subsys/bluetooth/controller/libsubsys__bluetooth__controller.a(ctrl.c.obj)
 .text.common_init
                0x00000000000052d4       0xd4 subsys/bluetooth/controller/libsubsys__bluetooth__controller.a(ctrl.c.obj)
 .text.mayfly_xtal_start
                0x00000000000053a8       0x14 subsys/bluetooth/controller/libsubsys__bluetooth__controller.a(ctrl.c.obj)
 .text.mayfly_xtal_stop
                0x00000000000053bc       0x14 subsys/bluetooth/controller/libsubsys__bluetooth__controller.a(ctrl.c.obj)
 .text.chan_sel_2
                0x00000000000053d0       0x80 subsys/bluetooth/controller/libsubsys__bluetooth__controller.a(ctrl.c.obj)
 .text.preempt_calc
                0x0000000000005450       0x44 subsys/bluetooth/controller/libsubsys__bluetooth__controller.a(ctrl.c.obj)
 .text.event_adv
                0x0000000000005494       0xa8 subsys/bluetooth/controller/libsubsys__bluetooth__controller.a(ctrl.c.obj)
 .text.ctrl_tx_enqueue
                0x000000000000553c       0x62 subsys/bluetooth/controller/libsubsys__bluetooth__controller.a(ctrl.c.obj)
 .text.ctrl_tx_sec_enqueue
                0x000000000000559e       0x32 subsys/bluetooth/controller/libsubsys__bluetooth__controller.a(ctrl.c.obj)
 .text.feature_rsp_send
                0x00000000000055d0       0x88 subsys/bluetooth/controller/libsubsys__bluetooth__controller.a(ctrl.c.obj)
 .text.event_connection_prepare
                0x0000000000005658      0x6c8 subsys/bluetooth/controller/libsubsys__bluetooth__controller.a(ctrl.c.obj)
 .text.event_master_prepare
                0x0000000000005d20        0x8 subsys/bluetooth/controller/libsubsys__bluetooth__controller.a(ctrl.c.obj)
 .text.event_slave_prepare
                0x0000000000005d28        0x8 subsys/bluetooth/controller/libsubsys__bluetooth__controller.a(ctrl.c.obj)
 .text.connection_configure
                0x0000000000005d30       0x3c subsys/bluetooth/controller/libsubsys__bluetooth__controller.a(ctrl.c.obj)
 .text.event_slave
                0x0000000000005d6c      0x16c subsys/bluetooth/controller/libsubsys__bluetooth__controller.a(ctrl.c.obj)
 .text.prepare_pdu_data_tx
                0x0000000000005ed8       0xd8 subsys/bluetooth/controller/libsubsys__bluetooth__controller.a(ctrl.c.obj)
 .text.isr      0x0000000000005fb0     0x16a0 subsys/bluetooth/controller/libsubsys__bluetooth__controller.a(ctrl.c.obj)
 .text.mayfly_xtal_stop_calc
                0x0000000000007650      0x1f8 subsys/bluetooth/controller/libsubsys__bluetooth__controller.a(ctrl.c.obj)
 .text.event_master
                0x0000000000007848      0x134 subsys/bluetooth/controller/libsubsys__bluetooth__controller.a(ctrl.c.obj)
 .text.radio_init
                0x000000000000797c       0xf8 subsys/bluetooth/controller/libsubsys__bluetooth__controller.a(ctrl.c.obj)
                0x000000000000797c                radio_init
 .text.ll_reset
                0x0000000000007a74       0xac subsys/bluetooth/controller/libsubsys__bluetooth__controller.a(ctrl.c.obj)
                0x0000000000007a74                ll_reset
 .text.radio_adv_data_get
                0x0000000000007b20        0xc subsys/bluetooth/controller/libsubsys__bluetooth__controller.a(ctrl.c.obj)
                0x0000000000007b20                radio_adv_data_get
 .text.radio_scan_data_get
                0x0000000000007b2c        0xc subsys/bluetooth/controller/libsubsys__bluetooth__controller.a(ctrl.c.obj)
                0x0000000000007b2c                radio_scan_data_get
 .text.ll_adv_is_enabled
                0x0000000000007b38       0x10 subsys/bluetooth/controller/libsubsys__bluetooth__controller.a(ctrl.c.obj)
                0x0000000000007b38                ll_adv_is_enabled
 .text.radio_adv_filter_pol_get
                0x0000000000007b48       0x18 subsys/bluetooth/controller/libsubsys__bluetooth__controller.a(ctrl.c.obj)
                0x0000000000007b48                radio_adv_filter_pol_get
 .text.ll_scan_is_enabled
                0x0000000000007b60       0x2c subsys/bluetooth/controller/libsubsys__bluetooth__controller.a(ctrl.c.obj)
                0x0000000000007b60                ll_scan_is_enabled
 .text.radio_scan_filter_pol_get
                0x0000000000007b8c       0x1c subsys/bluetooth/controller/libsubsys__bluetooth__controller.a(ctrl.c.obj)
                0x0000000000007b8c                radio_scan_filter_pol_get
 .text.ll_tx_pwr_lvl_get
                0x0000000000007ba8       0x16 subsys/bluetooth/controller/libsubsys__bluetooth__controller.a(ctrl.c.obj)
                0x0000000000007ba8                ll_tx_pwr_lvl_get
 *fill*         0x0000000000007bbe        0x2 
 .text.ll_rx_get
                0x0000000000007bc0       0x74 subsys/bluetooth/controller/libsubsys__bluetooth__controller.a(ctrl.c.obj)
                0x0000000000007bc0                ll_rx_get
 .text.ll_rx_mem_release
                0x0000000000007c34       0x60 subsys/bluetooth/controller/libsubsys__bluetooth__controller.a(ctrl.c.obj)
                0x0000000000007c34                ll_rx_mem_release
 .text.do_radio_rx_fc_set
                0x0000000000007c94       0x68 subsys/bluetooth/controller/libsubsys__bluetooth__controller.a(ctrl.c.obj)
                0x0000000000007c94                do_radio_rx_fc_set
 .text.radio_rx_fc_set
                0x0000000000007cfc       0x64 subsys/bluetooth/controller/libsubsys__bluetooth__controller.a(ctrl.c.obj)
                0x0000000000007cfc                radio_rx_fc_set
 .text.ll_adv_scan_state_cb
                0x0000000000007d60        0x2 subsys/bluetooth/controller/libsubsys__bluetooth__controller.a(ctrl.c.obj)
                0x0000000000007d60                ll_adv_scan_state_cb
 *fill*         0x0000000000007d62        0x2 
 .text.radio_adv_enable
                0x0000000000007d64      0x2f4 subsys/bluetooth/controller/libsubsys__bluetooth__controller.a(ctrl.c.obj)
                0x0000000000007d64                radio_adv_enable
 .text.radio_adv_disable
                0x0000000000008058       0x60 subsys/bluetooth/controller/libsubsys__bluetooth__controller.a(ctrl.c.obj)
                0x0000000000008058                radio_adv_disable
 .text.ll_rx_dequeue
                0x00000000000080b8       0xe4 subsys/bluetooth/controller/libsubsys__bluetooth__controller.a(ctrl.c.obj)
                0x00000000000080b8                ll_rx_dequeue
 .text.rtc0_nrf5_isr
                0x000000000000819c       0x30 subsys/bluetooth/controller/libsubsys__bluetooth__controller.a(ll.c.obj)
 .text.swi4_nrf5_isr
                0x00000000000081cc        0xa subsys/bluetooth/controller/libsubsys__bluetooth__controller.a(ll.c.obj)
 .text.rng_nrf5_isr
                0x00000000000081d6        0x8 subsys/bluetooth/controller/libsubsys__bluetooth__controller.a(ll.c.obj)
 .text.radio_nrf5_isr
                0x00000000000081de       0x10 subsys/bluetooth/controller/libsubsys__bluetooth__controller.a(ll.c.obj)
                0x00000000000081de                radio_nrf5_isr
 .text.radio_active_callback
                0x00000000000081ee        0x2 subsys/bluetooth/controller/libsubsys__bluetooth__controller.a(ll.c.obj)
                0x00000000000081ee                radio_active_callback
 .text.radio_event_callback
                0x00000000000081f0       0x10 subsys/bluetooth/controller/libsubsys__bluetooth__controller.a(ll.c.obj)
                0x00000000000081f0                radio_event_callback
 .text.ll_init  0x0000000000008200      0x124 subsys/bluetooth/controller/libsubsys__bluetooth__controller.a(ll.c.obj)
                0x0000000000008200                ll_init
 .text.ll_adv_params_set
                0x0000000000008324      0x1f4 subsys/bluetooth/controller/libsubsys__bluetooth__controller.a(ll_adv.c.obj)
                0x0000000000008324                ll_adv_params_set
 .text.ll_adv_data_set
                0x0000000000008518       0xb0 subsys/bluetooth/controller/libsubsys__bluetooth__controller.a(ll_adv.c.obj)
                0x0000000000008518                ll_adv_data_set
 .text.ll_scan_data_set
                0x00000000000085c8       0x76 subsys/bluetooth/controller/libsubsys__bluetooth__controller.a(ll_adv.c.obj)
                0x00000000000085c8                ll_scan_data_set
 *fill*         0x000000000000863e        0x2 
 .text.ll_adv_enable
                0x0000000000008640       0xac subsys/bluetooth/controller/libsubsys__bluetooth__controller.a(ll_adv.c.obj)
                0x0000000000008640                ll_adv_enable
 .text.ctrl_filter_get
                0x00000000000086ec       0x14 subsys/bluetooth/controller/libsubsys__bluetooth__controller.a(ll_filter.c.obj)
                0x00000000000086ec                ctrl_filter_get
 .text.ll_wl_size_get
                0x0000000000008700        0x4 subsys/bluetooth/controller/libsubsys__bluetooth__controller.a(ll_filter.c.obj)
                0x0000000000008700                ll_wl_size_get
 .text.ll_wl_clear
                0x0000000000008704       0x2c subsys/bluetooth/controller/libsubsys__bluetooth__controller.a(ll_filter.c.obj)
                0x0000000000008704                ll_wl_clear
 .text.ll_wl_add
                0x0000000000008730       0x6c subsys/bluetooth/controller/libsubsys__bluetooth__controller.a(ll_filter.c.obj)
                0x0000000000008730                ll_wl_add
 .text.ll_wl_remove
                0x000000000000879c       0x88 subsys/bluetooth/controller/libsubsys__bluetooth__controller.a(ll_filter.c.obj)
                0x000000000000879c                ll_wl_remove
 .text.ll_filter_reset
                0x0000000000008824       0x18 subsys/bluetooth/controller/libsubsys__bluetooth__controller.a(ll_filter.c.obj)
                0x0000000000008824                ll_filter_reset
 .text.cntr_init
                0x000000000000883c       0x20 subsys/bluetooth/controller/libsubsys__bluetooth__controller.a(cntr.c.obj)
                0x000000000000883c                cntr_init
 .text.cntr_start
                0x000000000000885c       0x20 subsys/bluetooth/controller/libsubsys__bluetooth__controller.a(cntr.c.obj)
                0x000000000000885c                cntr_start
 .text.cntr_stop
                0x000000000000887c       0x2c subsys/bluetooth/controller/libsubsys__bluetooth__controller.a(cntr.c.obj)
                0x000000000000887c                cntr_stop
 .text.cntr_cnt_get
                0x00000000000088a8       0x10 subsys/bluetooth/controller/libsubsys__bluetooth__controller.a(cntr.c.obj)
                0x00000000000088a8                cntr_cnt_get
 .text.cntr_cmp_set
                0x00000000000088b8       0x10 subsys/bluetooth/controller/libsubsys__bluetooth__controller.a(cntr.c.obj)
                0x00000000000088b8                cntr_cmp_set
 .text.isr      0x00000000000088c8       0x4c subsys/bluetooth/controller/libsubsys__bluetooth__controller.a(rand.c.obj)
 .text.get      0x0000000000008914       0xd8 subsys/bluetooth/controller/libsubsys__bluetooth__controller.a(rand.c.obj)
 .text.init     0x00000000000089ec       0x58 subsys/bluetooth/controller/libsubsys__bluetooth__controller.a(rand.c.obj)
 .text.rand_init
                0x0000000000008a44       0x14 subsys/bluetooth/controller/libsubsys__bluetooth__controller.a(rand.c.obj)
                0x0000000000008a44                rand_init
 .text.rand_isr_init
                0x0000000000008a58       0x14 subsys/bluetooth/controller/libsubsys__bluetooth__controller.a(rand.c.obj)
                0x0000000000008a58                rand_isr_init
 .text.rand_get
                0x0000000000008a6c       0x14 subsys/bluetooth/controller/libsubsys__bluetooth__controller.a(rand.c.obj)
                0x0000000000008a6c                rand_get
 .text.rand_isr_get
                0x0000000000008a80       0x14 subsys/bluetooth/controller/libsubsys__bluetooth__controller.a(rand.c.obj)
                0x0000000000008a80                rand_isr_get
 .text.isr_rand
                0x0000000000008a94       0x4c subsys/bluetooth/controller/libsubsys__bluetooth__controller.a(rand.c.obj)
                0x0000000000008a94                isr_rand
 .text.do_ecb   0x0000000000008ae0       0x48 subsys/bluetooth/controller/libsubsys__bluetooth__controller.a(ecb.c.obj)
 .text.ecb_encrypt
                0x0000000000008b28       0x44 subsys/bluetooth/controller/libsubsys__bluetooth__controller.a(ecb.c.obj)
                0x0000000000008b28                ecb_encrypt
 .text.hal_radio_enable_on_tick_ppi_config_and_enable
                0x0000000000008b6c       0x38 subsys/bluetooth/controller/libsubsys__bluetooth__controller.a(radio.c.obj)
 .text.isr_radio
                0x0000000000008ba4       0x14 subsys/bluetooth/controller/libsubsys__bluetooth__controller.a(radio.c.obj)
                0x0000000000008ba4                isr_radio
 .text.radio_isr_set
                0x0000000000008bb8       0x30 subsys/bluetooth/controller/libsubsys__bluetooth__controller.a(radio.c.obj)
                0x0000000000008bb8                radio_isr_set
 .text.radio_setup
                0x0000000000008be8        0x2 subsys/bluetooth/controller/libsubsys__bluetooth__controller.a(radio.c.obj)
                0x0000000000008be8                radio_setup
 *fill*         0x0000000000008bea        0x2 
 .text.radio_reset
                0x0000000000008bec       0x20 subsys/bluetooth/controller/libsubsys__bluetooth__controller.a(radio.c.obj)
                0x0000000000008bec                radio_reset
 .text.radio_phy_set
                0x0000000000008c0c       0x18 subsys/bluetooth/controller/libsubsys__bluetooth__controller.a(radio.c.obj)
                0x0000000000008c0c                radio_phy_set
 .text.radio_tx_power_set
                0x0000000000008c24       0x10 subsys/bluetooth/controller/libsubsys__bluetooth__controller.a(radio.c.obj)
                0x0000000000008c24                radio_tx_power_set
 .text.radio_freq_chan_set
                0x0000000000008c34       0x10 subsys/bluetooth/controller/libsubsys__bluetooth__controller.a(radio.c.obj)
                0x0000000000008c34                radio_freq_chan_set
 .text.radio_whiten_iv_set
                0x0000000000008c44       0x28 subsys/bluetooth/controller/libsubsys__bluetooth__controller.a(radio.c.obj)
                0x0000000000008c44                radio_whiten_iv_set
 .text.radio_aa_set
                0x0000000000008c6c       0x3c subsys/bluetooth/controller/libsubsys__bluetooth__controller.a(radio.c.obj)
                0x0000000000008c6c                radio_aa_set
 .text.radio_pkt_configure
                0x0000000000008ca8       0x4c subsys/bluetooth/controller/libsubsys__bluetooth__controller.a(radio.c.obj)
                0x0000000000008ca8                radio_pkt_configure
 .text.radio_pkt_rx_set
                0x0000000000008cf4       0x10 subsys/bluetooth/controller/libsubsys__bluetooth__controller.a(radio.c.obj)
                0x0000000000008cf4                radio_pkt_rx_set
 .text.radio_pkt_tx_set
                0x0000000000008d04       0x10 subsys/bluetooth/controller/libsubsys__bluetooth__controller.a(radio.c.obj)
                0x0000000000008d04                radio_pkt_tx_set
 .text.radio_tx_ready_delay_get
                0x0000000000008d14        0x4 subsys/bluetooth/controller/libsubsys__bluetooth__controller.a(radio.c.obj)
                0x0000000000008d14                radio_tx_ready_delay_get
 .text.radio_tx_chain_delay_get
                0x0000000000008d18        0x4 subsys/bluetooth/controller/libsubsys__bluetooth__controller.a(radio.c.obj)
                0x0000000000008d18                radio_tx_chain_delay_get
 .text.radio_rx_ready_delay_get
                0x0000000000008d1c        0x4 subsys/bluetooth/controller/libsubsys__bluetooth__controller.a(radio.c.obj)
                0x0000000000008d1c                radio_rx_ready_delay_get
 .text.radio_rx_chain_delay_get
                0x0000000000008d20        0x4 subsys/bluetooth/controller/libsubsys__bluetooth__controller.a(radio.c.obj)
                0x0000000000008d20                radio_rx_chain_delay_get
 .text.radio_rx_enable
                0x0000000000008d24        0xc subsys/bluetooth/controller/libsubsys__bluetooth__controller.a(radio.c.obj)
                0x0000000000008d24                radio_rx_enable
 .text.radio_tx_enable
                0x0000000000008d30        0xc subsys/bluetooth/controller/libsubsys__bluetooth__controller.a(radio.c.obj)
                0x0000000000008d30                radio_tx_enable
 .text.radio_disable
                0x0000000000008d3c       0x14 subsys/bluetooth/controller/libsubsys__bluetooth__controller.a(radio.c.obj)
                0x0000000000008d3c                radio_disable
 .text.radio_status_reset
                0x0000000000008d50       0x10 subsys/bluetooth/controller/libsubsys__bluetooth__controller.a(radio.c.obj)
                0x0000000000008d50                radio_status_reset
 .text.radio_is_ready
                0x0000000000008d60       0x10 subsys/bluetooth/controller/libsubsys__bluetooth__controller.a(radio.c.obj)
                0x0000000000008d60                radio_is_ready
 .text.radio_is_done
                0x0000000000008d70       0x10 subsys/bluetooth/controller/libsubsys__bluetooth__controller.a(radio.c.obj)
                0x0000000000008d70                radio_is_done
 .text.radio_is_idle
                0x0000000000008d80       0x14 subsys/bluetooth/controller/libsubsys__bluetooth__controller.a(radio.c.obj)
                0x0000000000008d80                radio_is_idle
 .text.radio_crc_configure
                0x0000000000008d94       0x24 subsys/bluetooth/controller/libsubsys__bluetooth__controller.a(radio.c.obj)
                0x0000000000008d94                radio_crc_configure
 .text.radio_crc_is_valid
                0x0000000000008db8       0x14 subsys/bluetooth/controller/libsubsys__bluetooth__controller.a(radio.c.obj)
                0x0000000000008db8                radio_crc_is_valid
 .text.radio_pkt_empty_get
                0x0000000000008dcc        0x8 subsys/bluetooth/controller/libsubsys__bluetooth__controller.a(radio.c.obj)
                0x0000000000008dcc                radio_pkt_empty_get
 .text.radio_pkt_scratch_get
                0x0000000000008dd4        0x8 subsys/bluetooth/controller/libsubsys__bluetooth__controller.a(radio.c.obj)
                0x0000000000008dd4                radio_pkt_scratch_get
 .text.radio_switch_complete_and_rx
                0x0000000000008ddc       0x10 subsys/bluetooth/controller/libsubsys__bluetooth__controller.a(radio.c.obj)
                0x0000000000008ddc                radio_switch_complete_and_rx
 .text.radio_switch_complete_and_tx
                0x0000000000008dec       0x10 subsys/bluetooth/controller/libsubsys__bluetooth__controller.a(radio.c.obj)
                0x0000000000008dec                radio_switch_complete_and_tx
 .text.radio_switch_complete_and_disable
                0x0000000000008dfc       0x10 subsys/bluetooth/controller/libsubsys__bluetooth__controller.a(radio.c.obj)
                0x0000000000008dfc                radio_switch_complete_and_disable
 .text.radio_rssi_measure
                0x0000000000008e0c       0x18 subsys/bluetooth/controller/libsubsys__bluetooth__controller.a(radio.c.obj)
                0x0000000000008e0c                radio_rssi_measure
 .text.radio_rssi_get
                0x0000000000008e24       0x10 subsys/bluetooth/controller/libsubsys__bluetooth__controller.a(radio.c.obj)
                0x0000000000008e24                radio_rssi_get
 .text.radio_rssi_status_reset
                0x0000000000008e34        0xc subsys/bluetooth/controller/libsubsys__bluetooth__controller.a(radio.c.obj)
                0x0000000000008e34                radio_rssi_status_reset
 .text.radio_rssi_is_ready
                0x0000000000008e40       0x10 subsys/bluetooth/controller/libsubsys__bluetooth__controller.a(radio.c.obj)
                0x0000000000008e40                radio_rssi_is_ready
 .text.radio_filter_configure
                0x0000000000008e50       0x50 subsys/bluetooth/controller/libsubsys__bluetooth__controller.a(radio.c.obj)
                0x0000000000008e50                radio_filter_configure
 .text.radio_filter_disable
                0x0000000000008ea0       0x14 subsys/bluetooth/controller/libsubsys__bluetooth__controller.a(radio.c.obj)
                0x0000000000008ea0                radio_filter_disable
 .text.radio_filter_status_reset
                0x0000000000008eb4        0xc subsys/bluetooth/controller/libsubsys__bluetooth__controller.a(radio.c.obj)
                0x0000000000008eb4                radio_filter_status_reset
 .text.radio_filter_has_match
                0x0000000000008ec0       0x10 subsys/bluetooth/controller/libsubsys__bluetooth__controller.a(radio.c.obj)
                0x0000000000008ec0                radio_filter_has_match
 .text.radio_filter_match_get
                0x0000000000008ed0       0x10 subsys/bluetooth/controller/libsubsys__bluetooth__controller.a(radio.c.obj)
                0x0000000000008ed0                radio_filter_match_get
 .text.radio_tmr_status_reset
                0x0000000000008ee0       0x20 subsys/bluetooth/controller/libsubsys__bluetooth__controller.a(radio.c.obj)
                0x0000000000008ee0                radio_tmr_status_reset
 .text.radio_tmr_tifs_set
                0x0000000000008f00       0x10 subsys/bluetooth/controller/libsubsys__bluetooth__controller.a(radio.c.obj)
                0x0000000000008f00                radio_tmr_tifs_set
 .text.radio_tmr_start
                0x0000000000008f10       0x94 subsys/bluetooth/controller/libsubsys__bluetooth__controller.a(radio.c.obj)
                0x0000000000008f10                radio_tmr_start
 .text.radio_tmr_stop
                0x0000000000008fa4       0x10 subsys/bluetooth/controller/libsubsys__bluetooth__controller.a(radio.c.obj)
                0x0000000000008fa4                radio_tmr_stop
 .text.radio_tmr_hcto_configure
                0x0000000000008fb4       0x54 subsys/bluetooth/controller/libsubsys__bluetooth__controller.a(radio.c.obj)
                0x0000000000008fb4                radio_tmr_hcto_configure
 .text.radio_tmr_aa_capture
                0x0000000000009008       0x44 subsys/bluetooth/controller/libsubsys__bluetooth__controller.a(radio.c.obj)
                0x0000000000009008                radio_tmr_aa_capture
 .text.radio_tmr_aa_get
                0x000000000000904c       0x10 subsys/bluetooth/controller/libsubsys__bluetooth__controller.a(radio.c.obj)
                0x000000000000904c                radio_tmr_aa_get
 .text.radio_tmr_aa_save
                0x000000000000905c        0xc subsys/bluetooth/controller/libsubsys__bluetooth__controller.a(radio.c.obj)
                0x000000000000905c                radio_tmr_aa_save
 .text.radio_tmr_aa_restore
                0x0000000000009068        0xc subsys/bluetooth/controller/libsubsys__bluetooth__controller.a(radio.c.obj)
                0x0000000000009068                radio_tmr_aa_restore
 .text.radio_tmr_ready_get
                0x0000000000009074       0x10 subsys/bluetooth/controller/libsubsys__bluetooth__controller.a(radio.c.obj)
                0x0000000000009074                radio_tmr_ready_get
 .text.radio_tmr_end_capture
                0x0000000000009084       0x2c subsys/bluetooth/controller/libsubsys__bluetooth__controller.a(radio.c.obj)
                0x0000000000009084                radio_tmr_end_capture
 .text.radio_tmr_end_get
                0x00000000000090b0       0x10 subsys/bluetooth/controller/libsubsys__bluetooth__controller.a(radio.c.obj)
                0x00000000000090b0                radio_tmr_end_get
 .text.radio_tmr_tifs_base_get
                0x00000000000090c0       0x10 subsys/bluetooth/controller/libsubsys__bluetooth__controller.a(radio.c.obj)
                0x00000000000090c0                radio_tmr_tifs_base_get
 .text.radio_ccm_rx_pkt_set
                0x00000000000090d0       0x7c subsys/bluetooth/controller/libsubsys__bluetooth__controller.a(radio.c.obj)
                0x00000000000090d0                radio_ccm_rx_pkt_set
 .text.radio_ccm_tx_pkt_set
                0x000000000000914c       0x58 subsys/bluetooth/controller/libsubsys__bluetooth__controller.a(radio.c.obj)
                0x000000000000914c                radio_ccm_tx_pkt_set
 .text.radio_ccm_is_done
                0x00000000000091a4       0x44 subsys/bluetooth/controller/libsubsys__bluetooth__controller.a(radio.c.obj)
                0x00000000000091a4                radio_ccm_is_done
 .text.radio_ccm_mic_is_valid
                0x00000000000091e8       0x14 subsys/bluetooth/controller/libsubsys__bluetooth__controller.a(radio.c.obj)
                0x00000000000091e8                radio_ccm_mic_is_valid
 .text.radio_ar_match_get
                0x00000000000091fc       0x10 subsys/bluetooth/controller/libsubsys__bluetooth__controller.a(radio.c.obj)
                0x00000000000091fc                radio_ar_match_get
 .text.radio_ar_status_reset
                0x000000000000920c       0x18 subsys/bluetooth/controller/libsubsys__bluetooth__controller.a(radio.c.obj)
                0x000000000000920c                radio_ar_status_reset
 .text.radio_ar_has_match
                0x0000000000009224       0x28 subsys/bluetooth/controller/libsubsys__bluetooth__controller.a(radio.c.obj)
                0x0000000000009224                radio_ar_has_match
 .text.mayfly_enable_cb
                0x000000000000924c       0x1e subsys/bluetooth/controller/libsubsys__bluetooth__controller.a(mayfly.c.obj)
                0x000000000000924c                mayfly_enable_cb
 .text.mayfly_is_enabled
                0x000000000000926a       0x1c subsys/bluetooth/controller/libsubsys__bluetooth__controller.a(mayfly.c.obj)
                0x000000000000926a                mayfly_is_enabled
 .text.mayfly_prio_is_equal
                0x0000000000009286       0x1c subsys/bluetooth/controller/libsubsys__bluetooth__controller.a(mayfly.c.obj)
                0x0000000000009286                mayfly_prio_is_equal
 *fill*         0x00000000000092a2        0x2 
 .text.mayfly_pend
                0x00000000000092a4       0x24 subsys/bluetooth/controller/libsubsys__bluetooth__controller.a(mayfly.c.obj)
                0x00000000000092a4                mayfly_pend
 .text.hal_ticker_instance0_caller_id_get
                0x00000000000092c8       0x18 subsys/bluetooth/controller/libsubsys__bluetooth__controller.a(ticker.c.obj)
                0x00000000000092c8                hal_ticker_instance0_caller_id_get
 .text.hal_ticker_instance0_sched
                0x00000000000092e0       0x74 subsys/bluetooth/controller/libsubsys__bluetooth__controller.a(ticker.c.obj)
                0x00000000000092e0                hal_ticker_instance0_sched
 .text.hal_ticker_instance0_trigger_set
                0x0000000000009354        0xc subsys/bluetooth/controller/libsubsys__bluetooth__controller.a(ticker.c.obj)
                0x0000000000009354                hal_ticker_instance0_trigger_set
 .text.fixed_data_unref
                0x0000000000009360        0x2 subsys/net/libsubsys__net.a(buf.c.obj)
 *fill*         0x0000000000009362        0x2 
 .text.net_buf_pool_get
                0x0000000000009364        0xc subsys/net/libsubsys__net.a(buf.c.obj)
                0x0000000000009364                net_buf_pool_get
 .text.net_buf_id
                0x0000000000009370       0x1c subsys/net/libsubsys__net.a(buf.c.obj)
                0x0000000000009370                net_buf_id
 .text.fixed_data_alloc
                0x000000000000938c       0x2c subsys/net/libsubsys__net.a(buf.c.obj)
 .text.net_buf_alloc_len
                0x00000000000093b8       0xd0 subsys/net/libsubsys__net.a(buf.c.obj)
                0x00000000000093b8                net_buf_alloc_len
 .text.net_buf_alloc_fixed
                0x0000000000009488       0x10 subsys/net/libsubsys__net.a(buf.c.obj)
                0x0000000000009488                net_buf_alloc_fixed
 .text.net_buf_simple_reserve
                0x0000000000009498        0x8 subsys/net/libsubsys__net.a(buf.c.obj)
                0x0000000000009498                net_buf_simple_reserve
 .text.net_buf_put
                0x00000000000094a0       0x1c subsys/net/libsubsys__net.a(buf.c.obj)
                0x00000000000094a0                net_buf_put
 .text.net_buf_unref
                0x00000000000094bc       0x64 subsys/net/libsubsys__net.a(buf.c.obj)
                0x00000000000094bc                net_buf_unref
 .text.net_buf_ref
                0x0000000000009520        0x8 subsys/net/libsubsys__net.a(buf.c.obj)
                0x0000000000009520                net_buf_ref
 .text.net_buf_simple_add
                0x0000000000009528        0xe subsys/net/libsubsys__net.a(buf.c.obj)
                0x0000000000009528                net_buf_simple_add
 .text.net_buf_simple_add_mem
                0x0000000000009536       0x14 subsys/net/libsubsys__net.a(buf.c.obj)
                0x0000000000009536                net_buf_simple_add_mem
 .text.net_buf_simple_pull
                0x000000000000954a       0x10 subsys/net/libsubsys__net.a(buf.c.obj)
                0x000000000000954a                net_buf_simple_pull
 .text.net_buf_simple_pull_u8
                0x000000000000955a       0x10 subsys/net/libsubsys__net.a(buf.c.obj)
                0x000000000000955a                net_buf_simple_pull_u8
 .text.net_buf_simple_headroom
                0x000000000000956a        0x8 subsys/net/libsubsys__net.a(buf.c.obj)
                0x000000000000956a                net_buf_simple_headroom
 *fill*         0x0000000000009572        0x2 
 .text._sys_device_do_config_level
                0x0000000000009574       0x24 kernel/libkernel.a(device.c.obj)
                0x0000000000009574                _sys_device_do_config_level
 .text.device_get_binding
                0x0000000000009598       0x50 kernel/libkernel.a(device.c.obj)
                0x0000000000009598                device_get_binding
 .text._sys_power_save_idle_exit
                0x00000000000095e8       0x18 kernel/libkernel.a(idle.c.obj)
                0x00000000000095e8                _sys_power_save_idle_exit
 .text.idle     0x0000000000009600       0x48 kernel/libkernel.a(idle.c.obj)
                0x0000000000009600                idle
 .text._bss_zero
                0x0000000000009648       0x18 kernel/libkernel.a(init.c.obj)
                0x0000000000009648                _bss_zero
 .text._data_copy
                0x0000000000009660       0x1c kernel/libkernel.a(init.c.obj)
                0x0000000000009660                _data_copy
 .text._main    0x000000000000967c       0x38 kernel/libkernel.a(init.c.obj)
 .text._Cstart  0x00000000000096b4      0x104 kernel/libkernel.a(init.c.obj)
                0x00000000000096b4                _Cstart
 .text.get_bit_ptr
                0x00000000000097b8       0x2a kernel/libkernel.a(mempool.c.obj)
 .text.set_free_bit
                0x00000000000097e2       0x16 kernel/libkernel.a(mempool.c.obj)
 .text.init_static_pools
                0x00000000000097f8       0xa4 kernel/libkernel.a(mempool.c.obj)
                0x00000000000097f8                init_static_pools
 .text.adjust_owner_prio.isra.7
                0x000000000000989c       0x2c kernel/libkernel.a(mutex.c.obj)
 .text._impl_k_mutex_lock
                0x00000000000098c8       0xc4 kernel/libkernel.a(mutex.c.obj)
                0x00000000000098c8                _impl_k_mutex_lock
 .text._impl_k_mutex_unlock
                0x000000000000998c       0xe0 kernel/libkernel.a(mutex.c.obj)
                0x000000000000998c                _impl_k_mutex_unlock
 .text.k_queue_init
                0x0000000000009a6c       0x10 kernel/libkernel.a(queue.c.obj)
                0x0000000000009a6c                k_queue_init
 .text.k_queue_insert
                0x0000000000009a7c       0x56 kernel/libkernel.a(queue.c.obj)
                0x0000000000009a7c                k_queue_insert
 .text.k_queue_append
                0x0000000000009ad2        0xc kernel/libkernel.a(queue.c.obj)
                0x0000000000009ad2                k_queue_append
 .text.k_queue_prepend
                0x0000000000009ade        0xc kernel/libkernel.a(queue.c.obj)
                0x0000000000009ade                k_queue_prepend
 .text.k_queue_append_list
                0x0000000000009aea       0x36 kernel/libkernel.a(queue.c.obj)
                0x0000000000009aea                k_queue_append_list
 .text.k_queue_get
                0x0000000000009b20       0x8e kernel/libkernel.a(queue.c.obj)
                0x0000000000009b20                k_queue_get
 *fill*         0x0000000000009bae        0x2 
 .text._add_thread_to_ready_q
                0x0000000000009bb0       0x50 kernel/libkernel.a(sched.c.obj)
                0x0000000000009bb0                _add_thread_to_ready_q
 .text._ready_thread
                0x0000000000009c00       0x1e kernel/libkernel.a(sched.c.obj)
 *fill*         0x0000000000009c1e        0x2 
 .text._add_timeout
                0x0000000000009c20       0xa0 kernel/libkernel.a(sched.c.obj)
 .text._remove_thread_from_ready_q
                0x0000000000009cc0       0x5c kernel/libkernel.a(sched.c.obj)
                0x0000000000009cc0                _remove_thread_from_ready_q
 .text._pend_thread
                0x0000000000009d1c       0x60 kernel/libkernel.a(sched.c.obj)
                0x0000000000009d1c                _pend_thread
 .text._pend_current_thread
                0x0000000000009d7c       0x20 kernel/libkernel.a(sched.c.obj)
                0x0000000000009d7c                _pend_current_thread
 .text.__must_switch_threads
                0x0000000000009d9c       0x24 kernel/libkernel.a(sched.c.obj)
                0x0000000000009d9c                __must_switch_threads
 .text._reschedule_threads
                0x0000000000009dc0       0x34 kernel/libkernel.a(sched.c.obj)
                0x0000000000009dc0                _reschedule_threads
 .text.k_sched_unlock
                0x0000000000009df4       0x1c kernel/libkernel.a(sched.c.obj)
                0x0000000000009df4                k_sched_unlock
 .text._move_thread_to_end_of_prio_q
                0x0000000000009e10       0x4c kernel/libkernel.a(sched.c.obj)
                0x0000000000009e10                _move_thread_to_end_of_prio_q
 .text._impl_k_yield
                0x0000000000009e5c       0x38 kernel/libkernel.a(sched.c.obj)
                0x0000000000009e5c                _impl_k_yield
 .text._impl_k_current_get
                0x0000000000009e94        0xc kernel/libkernel.a(sched.c.obj)
                0x0000000000009e94                _impl_k_current_get
 .text._is_thread_time_slicing
                0x0000000000009ea0       0x50 kernel/libkernel.a(sched.c.obj)
                0x0000000000009ea0                _is_thread_time_slicing
 .text._update_time_slice_before_swap
                0x0000000000009ef0        0xc kernel/libkernel.a(sched.c.obj)
                0x0000000000009ef0                _update_time_slice_before_swap
 .text._unpend_first_thread
                0x0000000000009efc       0x4c kernel/libkernel.a(sem.c.obj)
 .text._impl_k_sem_init
                0x0000000000009f48       0x12 kernel/libkernel.a(sem.c.obj)
                0x0000000000009f48                _impl_k_sem_init
 *fill*         0x0000000000009f5a        0x2 
 .text._impl_k_sem_give
                0x0000000000009f5c       0xb4 kernel/libkernel.a(sem.c.obj)
                0x0000000000009f5c                _impl_k_sem_give
 .text._impl_k_sem_take
                0x000000000000a010       0x3c kernel/libkernel.a(sem.c.obj)
                0x000000000000a010                _impl_k_sem_take
 .text._impl_k_uptime_get_32
                0x000000000000a04c       0x10 kernel/libkernel.a(sys_clock.c.obj)
                0x000000000000a04c                _impl_k_uptime_get_32
 .text._tick_get
                0x000000000000a05c       0x18 kernel/libkernel.a(sys_clock.c.obj)
                0x000000000000a05c                sys_tick_get
                0x000000000000a05c                _tick_get
 .text._impl_k_uptime_get
                0x000000000000a074       0x10 kernel/libkernel.a(sys_clock.c.obj)
                0x000000000000a074                _impl_k_uptime_get
 .text._nano_sys_clock_tick_announce
                0x000000000000a084      0x1a4 kernel/libkernel.a(sys_clock.c.obj)
                0x000000000000a084                _nano_sys_clock_tick_announce
 .text.k_sys_work_q_init
                0x000000000000a228       0x20 kernel/libkernel.a(system_work_q.c.obj)
 .text._is_thread_ready
                0x000000000000a248       0x16 kernel/libkernel.a(thread.c.obj)
 *fill*         0x000000000000a25e        0x2 
 .text._abort_timeout
                0x000000000000a260       0x34 kernel/libkernel.a(thread.c.obj)
 .text.schedule_new_thread.part.13
                0x000000000000a294       0x74 kernel/libkernel.a(thread.c.obj)
 .text.k_is_in_isr
                0x000000000000a308       0x14 kernel/libkernel.a(thread.c.obj)
                0x000000000000a308                k_is_in_isr
 .text._is_thread_essential
                0x000000000000a31c       0x10 kernel/libkernel.a(thread.c.obj)
                0x000000000000a31c                _is_thread_essential
 .text._thread_entry
                0x000000000000a32c       0x14 kernel/libkernel.a(thread.c.obj)
                0x000000000000a32c                _thread_entry
 .text._impl_k_thread_start
                0x000000000000a340       0x50 kernel/libkernel.a(thread.c.obj)
                0x000000000000a340                _impl_k_thread_start
 .text._setup_new_thread
                0x000000000000a390       0x20 kernel/libkernel.a(thread.c.obj)
                0x000000000000a390                _setup_new_thread
 .text._impl_k_thread_create
                0x000000000000a3b0       0x40 kernel/libkernel.a(thread.c.obj)
                0x000000000000a3b0                _impl_k_thread_create
 .text._k_thread_single_abort
                0x000000000000a3f0       0x4e kernel/libkernel.a(thread.c.obj)
                0x000000000000a3f0                _k_thread_single_abort
 *fill*         0x000000000000a43e        0x2 
 .text._init_static_threads
                0x000000000000a440       0x80 kernel/libkernel.a(thread.c.obj)
                0x000000000000a440                _init_static_threads
 .text._init_thread_base
                0x000000000000a4c0       0x18 kernel/libkernel.a(thread.c.obj)
                0x000000000000a4c0                _init_thread_base
 .text.work_q_main
                0x000000000000a4d8       0x2e kernel/libkernel.a(work_q.c.obj)
 *fill*         0x000000000000a506        0x2 
 .text.k_work_q_start
                0x000000000000a508       0x34 kernel/libkernel.a(work_q.c.obj)
                0x000000000000a508                k_work_q_start
 .text._ready_thread
                0x000000000000a53c       0x1e kernel/libkernel.a(timer.c.obj)
 .text._unpend_thread
                0x000000000000a55a       0x14 kernel/libkernel.a(timer.c.obj)
 *fill*         0x000000000000a56e        0x2 
 .text._abort_timeout
                0x000000000000a570       0x34 kernel/libkernel.a(timer.c.obj)
 .text._add_timeout.constprop.9
                0x000000000000a5a4       0x74 kernel/libkernel.a(timer.c.obj)
 .text._timer_expiration_handler
                0x000000000000a618       0x5a kernel/libkernel.a(timer.c.obj)
                0x000000000000a618                _timer_expiration_handler
 .text._impl_k_timer_start
                0x000000000000a672       0x3c kernel/libkernel.a(timer.c.obj)
                0x000000000000a672                _impl_k_timer_start
 *fill*         0x000000000000a6ae        0x2 
 .text._impl_k_timer_stop
                0x000000000000a6b0       0x88 kernel/libkernel.a(timer.c.obj)
                0x000000000000a6b0                _impl_k_timer_stop
 .text.atomic_get
                0x000000000000a738        0x4 kernel/libkernel.a(atomic_c.c.obj)
                0x000000000000a738                atomic_get
 .text.atomic_set
                0x000000000000a73c       0x14 kernel/libkernel.a(atomic_c.c.obj)
                0x000000000000a73c                atomic_set
 .text.atomic_or
                0x000000000000a750       0x16 kernel/libkernel.a(atomic_c.c.obj)
                0x000000000000a750                atomic_or
 .text.atomic_and
                0x000000000000a766       0x16 kernel/libkernel.a(atomic_c.c.obj)
                0x000000000000a766                atomic_and
 .text.sys_dlist_remove
                0x000000000000a77c        0xc kernel/libkernel.a(poll.c.obj)
 .text.clear_event_registrations
                0x000000000000a788       0x40 kernel/libkernel.a(poll.c.obj)
 .text._signal_poll_event
                0x000000000000a7c8       0xc4 kernel/libkernel.a(poll.c.obj)
 .text.add_event
                0x000000000000a88c       0x5c kernel/libkernel.a(poll.c.obj)
 .text.k_poll_event_init
                0x000000000000a8e8       0x2e kernel/libkernel.a(poll.c.obj)
                0x000000000000a8e8                k_poll_event_init
 *fill*         0x000000000000a916        0x2 
 .text.k_poll   0x000000000000a918      0x12c kernel/libkernel.a(poll.c.obj)
                0x000000000000a918                k_poll
 .text._handle_obj_poll_events
                0x000000000000aa44       0x26 kernel/libkernel.a(poll.c.obj)
                0x000000000000aa44                _handle_obj_poll_events
 .text._OffsetAbsSyms
                0x000000000000aa6a        0x2 CMakeFiles/offsets.dir/arch/arm/core/offsets/offsets.c.obj
                0x000000000000aa6a                _OffsetAbsSyms
 *(.gnu.linkonce.t.*)
                0x000000000000aa6c                _image_text_end = .

.glue_7         0x000000000000aa6c        0x0
 .glue_7        0x000000000000aa6c        0x0 linker stubs

.glue_7t        0x000000000000aa6c        0x0
 .glue_7t       0x000000000000aa6c        0x0 linker stubs

.vfp11_veneer   0x000000000000aa6c        0x0
 .vfp11_veneer  0x000000000000aa6c        0x0 linker stubs

.v4_bx          0x000000000000aa6c        0x0
 .v4_bx         0x000000000000aa6c        0x0 linker stubs

.iplt           0x000000000000aa6c        0x0
 .iplt          0x000000000000aa6c        0x0 CMakeFiles/kernel_elf.dir/isr_tables.c.obj

.igot.plt       0x000000000000aa6c        0x0
 .igot.plt      0x000000000000aa6c        0x0 CMakeFiles/kernel_elf.dir/isr_tables.c.obj

.ARM.exidx      0x000000000000aa6c        0x8
                0x000000000000aa6c                __exidx_start = .
 *(.ARM.exidx* gnu.linkonce.armexidx.*)
 .ARM.exidx     0x000000000000aa6c        0x8 /opt/zephyr-sdk/sysroots/armv5-zephyr-eabi/usr/lib/arm-zephyr-eabi/6.2.0/armv6-m/libgcc.a(_udivmoddi4.o)
                0x000000000000aa74                __exidx_end = .
                0x000000000000aa74                _image_rodata_start = .

devconfig       0x000000000000aa74       0x90
                0x000000000000aa74                __devconfig_start = .
 *(.devconfig.*)
 .devconfig.init
                0x000000000000aa74        0xc libzephyr.a(soc.c.obj)
 .devconfig.init
                0x000000000000aa80        0xc libzephyr.a(uart_console.c.obj)
 .devconfig.init
                0x000000000000aa8c        0xc libzephyr.a(mb_display.c.obj)
 .devconfig.init
                0x000000000000aa98       0x18 libzephyr.a(nrf5_power_clock.c.obj)
 .devconfig.init
                0x000000000000aab0        0xc libzephyr.a(gpio_nrf5.c.obj)
 .devconfig.init
                0x000000000000aabc        0xc libzephyr.a(pwm_nrf5_sw.c.obj)
 .devconfig.init
                0x000000000000aac8        0xc libzephyr.a(uart_nrf5.c.obj)
 .devconfig.init
                0x000000000000aad4        0xc libzephyr.a(sys_clock_init.c.obj)
 .devconfig.init
                0x000000000000aae0        0xc subsys/bluetooth/controller/libsubsys__bluetooth__controller.a(hci_driver.c.obj)
 .devconfig.init
                0x000000000000aaec        0xc kernel/libkernel.a(mempool.c.obj)
 .devconfig.init
                0x000000000000aaf8        0xc kernel/libkernel.a(system_work_q.c.obj)
 *(SORT(.devconfig*))
                0x000000000000ab04                __devconfig_end = .

net_l2          0x000000000000ab04        0x0
                0x000000000000ab04                __net_l2_start = .
 *(.net_l2.init)
 *(SORT(.net_l2.init*))
                0x000000000000ab04                __net_l2_end = .

rodata          0x000000000000ab04      0x60c
 *(.rodata)
 .rodata        0x000000000000ab04        0x7 subsys/bluetooth/host/libsubsys__bluetooth__host.a(hci_core.c.obj)
 .rodata        0x000000000000ab0b       0x1a subsys/bluetooth/controller/libsubsys__bluetooth__controller.a(ctrl.c.obj)
 *(.rodata.*)
 .rodata.button_pressed.str1.1
                0x000000000000ab25       0x16 ../libapp.a(main.c.obj)
 .rodata.main.str1.1
                0x000000000000ab3b        0xd ../libapp.a(main.c.obj)
 .rodata.s1_display.str1.1
                0x000000000000ab48        0x4 ../libapp.a(main.c.obj)
 .rodata.s2_accelerometer.str1.1
                0x000000000000ab4c        0x4 ../libapp.a(main.c.obj)
 .rodata.s3_compass.str1.1
                0x000000000000ab50        0x4 ../libapp.a(main.c.obj)
 .rodata.s4_temperature.str1.1
                0x000000000000ab54        0x4 ../libapp.a(main.c.obj)
 .rodata.s5_bluetooth.str1.1
                0x000000000000ab58        0x4 ../libapp.a(main.c.obj)
 .rodata.str1.1
                0x000000000000ab5c        0x4 libzephyr.a(soc.c.obj)
                                          0x1 (size before relaxing)
 .rodata._Fault.str1.1
                0x000000000000ab5c       0xa4 libzephyr.a(fault.c.obj)
 .rodata._NanoFatalErrorHandler.str1.1
                0x000000000000ac00       0xba libzephyr.a(fatal.c.obj)
 .rodata._SysFatalErrorHandler.str1.1
                0x000000000000acba       0x5a libzephyr.a(sys_fatal_error_handler.c.obj)
 .rodata.str1.1
                0x000000000000ad14        0x1 libzephyr.a(uart_console.c.obj)
 .rodata.uart_console_init.str1.1
                0x000000000000ad14        0x7 libzephyr.a(uart_console.c.obj)
 .rodata.map    0x000000000000ad1b       0x1b libzephyr.a(mb_display.c.obj)
 .rodata.mb_display_init.str1.1
                0x000000000000ad36        0x7 libzephyr.a(mb_display.c.obj)
 .rodata.str1.1
                0x000000000000ad36        0x1 libzephyr.a(mb_display.c.obj)
 .rodata.mb_font
                0x000000000000ad36      0x1db libzephyr.a(mb_font.c.obj)
                0x000000000000ad36                mb_font
 *fill*         0x000000000000af11        0x3 
 .rodata._k32src_clock_control_api
                0x000000000000af14        0xc libzephyr.a(nrf5_power_clock.c.obj)
 .rodata._m16src_clock_control_api
                0x000000000000af20        0xc libzephyr.a(nrf5_power_clock.c.obj)
 .rodata.str1.1
                0x000000000000af2c       0x16 libzephyr.a(nrf5_power_clock.c.obj)
 *fill*         0x000000000000af42        0x2 
 .rodata.drive_strength.7472
                0x000000000000af44       0x40 libzephyr.a(gpio_nrf5.c.obj)
 .rodata.gpio_nrf5_P0_cfg
                0x000000000000af84        0xc libzephyr.a(gpio_nrf5.c.obj)
 .rodata.gpio_nrf5_drv_api_funcs
                0x000000000000af90       0x1c libzephyr.a(gpio_nrf5.c.obj)
 .rodata.str1.1
                0x000000000000afac        0x7 libzephyr.a(gpio_nrf5.c.obj)
 .rodata.pwm_nrf5_sw_0_config
                0x000000000000afac        0x8 libzephyr.a(pwm_nrf5_sw.c.obj)
 .rodata.pwm_nrf5_sw_drv_api_funcs
                0x000000000000afb4        0x8 libzephyr.a(pwm_nrf5_sw.c.obj)
 .rodata.str1.1
                0x000000000000afbc        0x6 libzephyr.a(pwm_nrf5_sw.c.obj)
 .rodata.str1.1
                0x000000000000afbc        0x7 libzephyr.a(uart_nrf5.c.obj)
 .rodata.uart_nrf5_dev_cfg_0
                0x000000000000afbc        0x8 libzephyr.a(uart_nrf5.c.obj)
 .rodata.uart_nrf5_driver_api
                0x000000000000afc4        0xc libzephyr.a(uart_nrf5.c.obj)
 .rodata.uart_nrf5_init.str1.1
                0x000000000000afd0        0x7 libzephyr.a(uart_nrf5.c.obj)
 .rodata.str1.1
                0x000000000000afd0        0xa libzephyr.a(sys_clock_init.c.obj)
 .rodata._sys_clock_driver_init.str1.1
                0x000000000000afda        0xb libzephyr.a(nrf_rtc_timer.c.obj)
 *fill*         0x000000000000afda        0x2 
 .rodata.net_buf_fixed_alloc_hci_cmd_pool
                0x000000000000afdc        0x8 subsys/bluetooth/host/libsubsys__bluetooth__host.a(hci_core.c.obj)
 .rodata.net_buf_fixed_alloc_hci_rx_pool
                0x000000000000afe4        0x8 subsys/bluetooth/host/libsubsys__bluetooth__host.a(hci_core.c.obj)
 .rodata.net_buf_fixed_hci_cmd_pool
                0x000000000000afec        0x8 subsys/bluetooth/host/libsubsys__bluetooth__host.a(hci_core.c.obj)
 .rodata.net_buf_fixed_hci_rx_pool
                0x000000000000aff4        0x8 subsys/bluetooth/host/libsubsys__bluetooth__host.a(hci_core.c.obj)
 .rodata.drv    0x000000000000affc       0x10 subsys/bluetooth/controller/libsubsys__bluetooth__controller.a(hci_driver.c.obj)
 .rodata.str1.1
                0x000000000000b00c        0xb subsys/bluetooth/controller/libsubsys__bluetooth__controller.a(hci_driver.c.obj)
                                          0xc (size before relaxing)
 .rodata.bt_addr_le_to_str.constprop.42.str1.1
                0x000000000000b017       0x4c subsys/bluetooth/controller/libsubsys__bluetooth__controller.a(hci.c.obj)
 .rodata.hci_cmd_handle.str1.1
                0x000000000000b063       0x27 subsys/bluetooth/controller/libsubsys__bluetooth__controller.a(hci.c.obj)
 .rodata.gc_lookup_ppm
                0x000000000000b08a       0x10 subsys/bluetooth/controller/libsubsys__bluetooth__controller.a(ctrl.c.obj)
 .rodata.ll_init.str1.1
                0x000000000000b09a       0x16 subsys/bluetooth/controller/libsubsys__bluetooth__controller.a(ll.c.obj)
 .rodata.caller_id_lut
                0x000000000000b09a        0x4 subsys/bluetooth/controller/libsubsys__bluetooth__controller.a(ticker.c.obj)
 *fill*         0x000000000000b09e        0x2 
 .rodata.net_buf_fixed_cb
                0x000000000000b0a0        0xc subsys/net/libsubsys__net.a(buf.c.obj)
                0x000000000000b0a0                net_buf_fixed_cb
 .rodata.config_levels
                0x000000000000b0ac       0x14 kernel/libkernel.a(device.c.obj)
 .rodata._k_neg_eagain
                0x000000000000b0c0        0x4 kernel/libkernel.a(errno.c.obj)
                0x000000000000b0c0                _k_neg_eagain
 .rodata._idle_thread
                0x000000000000b0c4        0x4 kernel/libkernel.a(init.c.obj)
                0x000000000000b0c4                _idle_thread
 .rodata._main.str1.1
                0x000000000000b0c8       0x48 kernel/libkernel.a(init.c.obj)
 .rodata.str1.1
                0x000000000000b110        0x1 kernel/libkernel.a(mempool.c.obj)
 .rodata.str1.1
                0x000000000000b110        0x1 kernel/libkernel.a(system_work_q.c.obj)
 *(.gnu.linkonce.r.*)
                0x000000000000b114                . = ALIGN (0x4)
                0x000000000000b114                _image_rodata_end = .
                0x000000000000b114                _image_rom_end = .

.rel.dyn        0x000000000000b110        0x0
 .rel.iplt      0x000000000000b110        0x0 CMakeFiles/kernel_elf.dir/isr_tables.c.obj

bss             0x0000000020000000      0xe20
                0x0000000020000000                . = ALIGN (0x4)
                0x0000000020000000                __bss_start = .
                0x0000000020000000                _image_ram_start = .
                0x0000000020000000                __kernel_ram_start = .
 *(.bss)
 *(.bss.*)
 .bss.button_cb.7411
                0x0000000020000000        0xc ../libapp.a(main.c.obj)
 .bss.current_event
                0x000000002000000c        0x1 ../libapp.a(main.c.obj)
 .bss.current_state
                0x000000002000000d        0x1 ../libapp.a(main.c.obj)
 *fill*         0x000000002000000e        0x2 
 .bss.gpio      0x0000000020000010        0x4 ../libapp.a(main.c.obj)
 .bss.uart_console_dev
                0x0000000020000014        0x4 libzephyr.a(uart_console.c.obj)
 .bss.k32src_initialized
                0x0000000020000018        0x1 libzephyr.a(nrf5_power_clock.c.obj)
 .bss.m16src_grd
                0x0000000020000019        0x1 libzephyr.a(nrf5_power_clock.c.obj)
 .bss.m16src_ref
                0x000000002000001a        0x1 libzephyr.a(nrf5_power_clock.c.obj)
 *fill*         0x000000002000001b        0x1 
 .bss.gpio_data_P0
                0x000000002000001c       0x10 libzephyr.a(gpio_nrf5.c.obj)
 .bss.pwm_nrf5_sw_0_data
                0x000000002000002c       0x1c libzephyr.a(pwm_nrf5_sw.c.obj)
 .bss.expected_sys_ticks
                0x0000000020000048        0x4 libzephyr.a(nrf_rtc_timer.c.obj)
 .bss.rtc_past  0x000000002000004c        0x4 libzephyr.a(nrf_rtc_timer.c.obj)
 .bss.cmd_data  0x0000000020000050       0x10 subsys/bluetooth/host/libsubsys__bluetooth__host.a(hci_core.c.obj)
 .bss.dh_key_cb
                0x0000000020000060        0x4 subsys/bluetooth/host/libsubsys__bluetooth__host.a(hci_core.c.obj)
 .bss.pub_key   0x0000000020000064       0x40 subsys/bluetooth/host/libsubsys__bluetooth__host.a(hci_core.c.obj)
 .bss.pub_key_cb
                0x00000000200000a4        0x4 subsys/bluetooth/host/libsubsys__bluetooth__host.a(hci_core.c.obj)
 .bss.ready_cb  0x00000000200000a8        0x4 subsys/bluetooth/host/libsubsys__bluetooth__host.a(hci_core.c.obj)
 .bss.scan_dev_found_cb
                0x00000000200000ac        0x4 subsys/bluetooth/host/libsubsys__bluetooth__host.a(hci_core.c.obj)
 .bss.mfl       0x00000000200000b0       0x80 subsys/bluetooth/controller/libsubsys__bluetooth__controller.a(mayfly.c.obj)
 .bss.mft       0x0000000020000130       0xc0 subsys/bluetooth/controller/libsubsys__bluetooth__controller.a(mayfly.c.obj)
 .bss._instance
                0x00000000200001f0       0x58 subsys/bluetooth/controller/libsubsys__bluetooth__controller.a(ticker.c.obj)
 .bss.pub_addr  0x0000000020000248        0x6 subsys/bluetooth/controller/libsubsys__bluetooth__controller.a(ll_addr.c.obj)
 .bss.rnd_addr  0x000000002000024e        0x6 subsys/bluetooth/controller/libsubsys__bluetooth__controller.a(ll_addr.c.obj)
 .bss._opcode   0x0000000020000254        0x2 subsys/bluetooth/controller/libsubsys__bluetooth__controller.a(hci.c.obj)
 *fill*         0x0000000020000256        0x2 
 .bss._radio    0x0000000020000258      0x180 subsys/bluetooth/controller/libsubsys__bluetooth__controller.a(ctrl.c.obj)
 .bss.link_inact.10212
                0x00000000200003d8        0x8 subsys/bluetooth/controller/libsubsys__bluetooth__controller.a(ctrl.c.obj)
 .bss.link_inact.10527
                0x00000000200003e0        0x8 subsys/bluetooth/controller/libsubsys__bluetooth__controller.a(ctrl.c.obj)
 .bss.link_radio.10226
                0x00000000200003e8        0x8 subsys/bluetooth/controller/libsubsys__bluetooth__controller.a(ctrl.c.obj)
 .bss.link_radio.10535
                0x00000000200003f0        0x8 subsys/bluetooth/controller/libsubsys__bluetooth__controller.a(ctrl.c.obj)
 .bss.link_xtal.10219
                0x00000000200003f8        0x8 subsys/bluetooth/controller/libsubsys__bluetooth__controller.a(ctrl.c.obj)
 .bss.link_xtal.10531
                0x0000000020000400        0x8 subsys/bluetooth/controller/libsubsys__bluetooth__controller.a(ctrl.c.obj)
 .bss.s_active.9903
                0x0000000020000408        0x1 subsys/bluetooth/controller/libsubsys__bluetooth__controller.a(ctrl.c.obj)
 *fill*         0x0000000020000409        0x3 
 .bss.s_link.10066
                0x000000002000040c        0x8 subsys/bluetooth/controller/libsubsys__bluetooth__controller.a(ctrl.c.obj)
 .bss.s_link.10086
                0x0000000020000414        0x8 subsys/bluetooth/controller/libsubsys__bluetooth__controller.a(ctrl.c.obj)
 .bss.s_link.10232
                0x000000002000041c        0x8 subsys/bluetooth/controller/libsubsys__bluetooth__controller.a(ctrl.c.obj)
 .bss.s_link.10280
                0x0000000020000424        0x8 subsys/bluetooth/controller/libsubsys__bluetooth__controller.a(ctrl.c.obj)
 .bss.s_link.9910
                0x000000002000042c        0x8 subsys/bluetooth/controller/libsubsys__bluetooth__controller.a(ctrl.c.obj)
 .bss.s_link.9922
                0x0000000020000434        0x8 subsys/bluetooth/controller/libsubsys__bluetooth__controller.a(ctrl.c.obj)
 .bss.s_link.9934
                0x000000002000043c        0x8 subsys/bluetooth/controller/libsubsys__bluetooth__controller.a(ctrl.c.obj)
 .bss.s_link.9945
                0x0000000020000444        0x8 subsys/bluetooth/controller/libsubsys__bluetooth__controller.a(ctrl.c.obj)
 .bss.s_link.9948
                0x000000002000044c       0x10 subsys/bluetooth/controller/libsubsys__bluetooth__controller.a(ctrl.c.obj)
 .bss.s_xtal_retained.9944
                0x000000002000045c        0x1 subsys/bluetooth/controller/libsubsys__bluetooth__controller.a(ctrl.c.obj)
 *fill*         0x000000002000045d        0x3 