Archive member included to satisfy reference by file (symbol)

../libapp.a(atoi.c.obj)       (--whole-archive)
../libapp.a(strtol.c.obj)     (--whole-archive)
../libapp.a(strtoul.c.obj)    (--whole-archive)
../libapp.a(strncasecmp.c.obj)
                              (--whole-archive)
../libapp.a(strstr.c.obj)     (--whole-archive)
../libapp.a(string.c.obj)     (--whole-archive)
../libapp.a(prf.c.obj)        (--whole-archive)
../libapp.a(stdout_console.c.obj)
                              (--whole-archive)
../libapp.a(sprintf.c.obj)    (--whole-archive)
../libapp.a(fprintf.c.obj)    (--whole-archive)
../libapp.a(main.c.obj)       (--whole-archive)
libzephyr.a(isr_tables.c.obj)
                              (--whole-archive)
libzephyr.a(soc.c.obj)        (--whole-archive)
libzephyr.a(exc_exit.S.obj)   (--whole-archive)
libzephyr.a(irq_init.c.obj)   (--whole-archive)
libzephyr.a(swap.S.obj)       (--whole-archive)
libzephyr.a(fault.c.obj)      (--whole-archive)
libzephyr.a(irq_manage.c.obj)
                              (--whole-archive)
libzephyr.a(thread.c.obj)     (--whole-archive)
libzephyr.a(cpu_idle.S.obj)   (--whole-archive)
libzephyr.a(fault_s.S.obj)    (--whole-archive)
libzephyr.a(fatal.c.obj)      (--whole-archive)
libzephyr.a(sys_fatal_error_handler.c.obj)
                              (--whole-archive)
libzephyr.a(thread_abort.c.obj)
                              (--whole-archive)
libzephyr.a(isr_wrapper.S.obj)
                              (--whole-archive)
libzephyr.a(irq_relay.S.obj)  (--whole-archive)
libzephyr.a(vector_table.S.obj)
                              (--whole-archive)
libzephyr.a(reset.S.obj)      (--whole-archive)
libzephyr.a(nmi_on_reset.S.obj)
                              (--whole-archive)
libzephyr.a(prep_c.c.obj)     (--whole-archive)
libzephyr.a(scb.c.obj)        (--whole-archive)
libzephyr.a(nmi.c.obj)        (--whole-archive)
libzephyr.a(exc_manage.c.obj)
                              (--whole-archive)
libzephyr.a(crc16_sw.c.obj)   (--whole-archive)
libzephyr.a(crc8_sw.c.obj)    (--whole-archive)
libzephyr.a(printk.c.obj)     (--whole-archive)
libzephyr.a(configs.c.obj)    (--whole-archive)
libzephyr.a(sys_log.c.obj)    (--whole-archive)
libzephyr.a(uart_console.c.obj)
                              (--whole-archive)
libzephyr.a(mb_display.c.obj)
                              (--whole-archive)
libzephyr.a(mb_font.c.obj)    (--whole-archive)
libzephyr.a(nrf5_power_clock.c.obj)
                              (--whole-archive)
libzephyr.a(gpio_nrf5.c.obj)  (--whole-archive)
libzephyr.a(i2c_bitbang.c.obj)
                              (--whole-archive)
libzephyr.a(i2c_gpio.c.obj)   (--whole-archive)
libzephyr.a(i2c_nrf5.c.obj)   (--whole-archive)
libzephyr.a(pwm_nrf5_sw.c.obj)
                              (--whole-archive)
libzephyr.a(temp_nrf5.c.obj)  (--whole-archive)
libzephyr.a(uart_nrf5.c.obj)  (--whole-archive)
libzephyr.a(sys_clock_init.c.obj)
                              (--whole-archive)
libzephyr.a(nrf_rtc_timer.c.obj)
                              (--whole-archive)
subsys/bluetooth/common/libsubsys__bluetooth__common.a(dummy.c.obj)
                              (--whole-archive)
subsys/bluetooth/host/libsubsys__bluetooth__host.a(uuid.c.obj)
                              (--whole-archive)
subsys/bluetooth/host/libsubsys__bluetooth__host.a(hci_core.c.obj)
                              (--whole-archive)
subsys/bluetooth/controller/libsubsys__bluetooth__controller.a(mem.c.obj)
                              (--whole-archive)
subsys/bluetooth/controller/libsubsys__bluetooth__controller.a(memq.c.obj)
                              (--whole-archive)
subsys/bluetooth/controller/libsubsys__bluetooth__controller.a(mayfly.c.obj)
                              (--whole-archive)
subsys/bluetooth/controller/libsubsys__bluetooth__controller.a(util.c.obj)
                              (--whole-archive)
subsys/bluetooth/controller/libsubsys__bluetooth__controller.a(ticker.c.obj)
                              (--whole-archive)
subsys/bluetooth/controller/libsubsys__bluetooth__controller.a(ll_addr.c.obj)
                              (--whole-archive)
subsys/bluetooth/controller/libsubsys__bluetooth__controller.a(ll_tx_pwr.c.obj)
                              (--whole-archive)
subsys/bluetooth/controller/libsubsys__bluetooth__controller.a(crypto.c.obj)
                              (--whole-archive)
subsys/bluetooth/controller/libsubsys__bluetooth__controller.a(hci_driver.c.obj)
                              (--whole-archive)
subsys/bluetooth/controller/libsubsys__bluetooth__controller.a(hci.c.obj)
                              (--whole-archive)
subsys/bluetooth/controller/libsubsys__bluetooth__controller.a(ctrl.c.obj)
                              (--whole-archive)
subsys/bluetooth/controller/libsubsys__bluetooth__controller.a(ll.c.obj)
                              (--whole-archive)
subsys/bluetooth/controller/libsubsys__bluetooth__controller.a(ll_adv.c.obj)
[...]
Memory Configuration

Name             Origin             Length             Attributes
FLASH            0x0000000000000000 0x0000000000040000 xr
SRAM             0x0000000020000000 0x0000000000004000 xw
IDT_LIST         0x0000000020004000 0x0000000000000800 xw
*default*        0x0000000000000000 0xffffffffffffffff

Linker script and memory map

LOAD CMakeFiles/kernel_elf.dir/misc/empty_file.c.obj
LOAD CMakeFiles/kernel_elf.dir/isr_tables.c.obj
START GROUP
LOAD ../libapp.a
LOAD libzephyr.a
LOAD subsys/bluetooth/common/libsubsys__bluetooth__common.a
LOAD subsys/bluetooth/host/libsubsys__bluetooth__host.a
LOAD subsys/bluetooth/controller/libsubsys__bluetooth__controller.a
LOAD subsys/net/libsubsys__net.a
LOAD kernel/libkernel.a
LOAD CMakeFiles/offsets.dir/arch/arm/core/offsets/offsets.c.obj
END GROUP
LOAD /opt/zephyr-sdk/sysroots/armv5-zephyr-eabi/usr/lib/arm-zephyr-eabi/6.2.0/armv6-m/libgcc.a
                0x0000000000000000                _image_rom_start = 0x0

text            0x0000000000000000     0xd324
                0x0000000000000000                . = 0x0
                0x0000000000000000                _vector_start = .
 *(.exc_vector_table)
 *(.exc_vector_table.*)
 .exc_vector_table._vector_table_section
                0x0000000000000000       0x40 libzephyr.a(vector_table.S.obj)
                0x0000000000000000                _vector_table
 *(.gnu.linkonce.irq_vector_table)
 .gnu.linkonce.irq_vector_table
                0x0000000000000040       0x68 CMakeFiles/kernel_elf.dir/isr_tables.c.obj
                0x0000000000000040                _irq_vector_table
 *(.openocd_dbg)
 *(.openocd_dbg.*)
 *(.kinetis_flash_config)
 *(.kinetis_flash_config.*)
 *(.gnu.linkonce.sw_isr_table)
 .gnu.linkonce.sw_isr_table
                0x00000000000000a8       0xd0 CMakeFiles/kernel_elf.dir/isr_tables.c.obj
                0x00000000000000a8                _sw_isr_table
                0x0000000000000178                _vector_end = .
                0x0000000000000178                _image_text_start = .
 *(.text)
 .text          0x0000000000000178       0x14 /opt/zephyr-sdk/sysroots/armv5-zephyr-eabi/usr/lib/arm-zephyr-eabi/6.2.0/armv6-m/libgcc.a(_thumb1_case_sqi.o)
                0x0000000000000178                __gnu_thumb1_case_sqi
 .text          0x000000000000018c       0x14 /opt/zephyr-sdk/sysroots/armv5-zephyr-eabi/usr/lib/arm-zephyr-eabi/6.2.0/armv6-m/libgcc.a(_thumb1_case_uqi.o)
                0x000000000000018c                __gnu_thumb1_case_uqi
 .text          0x00000000000001a0       0x14 /opt/zephyr-sdk/sysroots/armv5-zephyr-eabi/usr/lib/arm-zephyr-eabi/6.2.0/armv6-m/libgcc.a(_thumb1_case_shi.o)
                0x00000000000001a0                __gnu_thumb1_case_shi
 .text          0x00000000000001b4       0x14 /opt/zephyr-sdk/sysroots/armv5-zephyr-eabi/usr/lib/arm-zephyr-eabi/6.2.0/armv6-m/libgcc.a(_thumb1_case_uhi.o)
                0x00000000000001b4                __gnu_thumb1_case_uhi
 .text          0x00000000000001c8       0x9c /opt/zephyr-sdk/sysroots/armv5-zephyr-eabi/usr/lib/arm-zephyr-eabi/6.2.0/armv6-m/libgcc.a(_udivsi3.o)
                0x00000000000001c8                __udivsi3
                0x00000000000001c8                __aeabi_uidiv
                0x0000000000000250                __aeabi_uidivmod
 .text          0x0000000000000264       0xc0 /opt/zephyr-sdk/sysroots/armv5-zephyr-eabi/usr/lib/arm-zephyr-eabi/6.2.0/armv6-m/libgcc.a(_divsi3.o)
                0x0000000000000264                __aeabi_idiv
                0x0000000000000264                __divsi3
                0x0000000000000310                __aeabi_idivmod
 .text          0x0000000000000324        0x4 /opt/zephyr-sdk/sysroots/armv5-zephyr-eabi/usr/lib/arm-zephyr-eabi/6.2.0/armv6-m/libgcc.a(_dvmd_tls.o)
                0x0000000000000324                __aeabi_ldiv0
                0x0000000000000324                __aeabi_idiv0
 .text          0x0000000000000328       0x18 /opt/zephyr-sdk/sysroots/armv5-zephyr-eabi/usr/lib/arm-zephyr-eabi/6.2.0/armv6-m/libgcc.a(_lshrdi3.o)
                0x0000000000000328                __aeabi_llsr
                0x0000000000000328                __lshrdi3
 .text          0x0000000000000340       0x18 /opt/zephyr-sdk/sysroots/armv5-zephyr-eabi/usr/lib/arm-zephyr-eabi/6.2.0/armv6-m/libgcc.a(_ashldi3.o)
                0x0000000000000340                __ashldi3
                0x0000000000000340                __aeabi_llsl
 .text          0x0000000000000358       0x40 /opt/zephyr-sdk/sysroots/armv5-zephyr-eabi/usr/lib/arm-zephyr-eabi/6.2.0/armv6-m/libgcc.a(_aeabi_uldivmod.o)
                0x0000000000000358                __aeabi_uldivmod
 .text          0x0000000000000398       0x54 /opt/zephyr-sdk/sysroots/armv5-zephyr-eabi/usr/lib/arm-zephyr-eabi/6.2.0/armv6-m/libgcc.a(_muldi3.o)
                0x0000000000000398                __aeabi_lmul
                0x0000000000000398                __muldi3
 .text          0x00000000000003ec       0x14 /opt/zephyr-sdk/sysroots/armv5-zephyr-eabi/usr/lib/arm-zephyr-eabi/6.2.0/armv6-m/libgcc.a(_ffssi2.o)
                0x00000000000003ec                __ffssi2
 .text          0x0000000000000400       0x34 /opt/zephyr-sdk/sysroots/armv5-zephyr-eabi/usr/lib/arm-zephyr-eabi/6.2.0/armv6-m/libgcc.a(_popcountsi2.o)
                0x0000000000000400                __popcountsi2
 .text          0x0000000000000434       0x3c /opt/zephyr-sdk/sysroots/armv5-zephyr-eabi/usr/lib/arm-zephyr-eabi/6.2.0/armv6-m/libgcc.a(_fixunsdfsi.o)
                0x0000000000000434                __fixunsdfsi
                0x0000000000000434                __aeabi_d2uiz
 .text          0x0000000000000470      0x180 /opt/zephyr-sdk/sysroots/armv5-zephyr-eabi/usr/lib/arm-zephyr-eabi/6.2.0/armv6-m/libgcc.a(_udivmoddi4.o)
                0x0000000000000470                __udivmoddi4
 .text          0x00000000000005f0      0x620 /opt/zephyr-sdk/sysroots/armv5-zephyr-eabi/usr/lib/arm-zephyr-eabi/6.2.0/armv6-m/libgcc.a(adddf3.o)
                0x00000000000005f0                __aeabi_dadd
 .text          0x0000000000000c10      0x668 /opt/zephyr-sdk/sysroots/armv5-zephyr-eabi/usr/lib/arm-zephyr-eabi/6.2.0/armv6-m/libgcc.a(divdf3.o)
                0x0000000000000c10                __aeabi_ddiv
 .text          0x0000000000001278      0x62c /opt/zephyr-sdk/sysroots/armv5-zephyr-eabi/usr/lib/arm-zephyr-eabi/6.2.0/armv6-m/libgcc.a(subdf3.o)
                0x0000000000001278                __aeabi_dsub
 .text          0x00000000000018a4       0x68 /opt/zephyr-sdk/sysroots/armv5-zephyr-eabi/usr/lib/arm-zephyr-eabi/6.2.0/armv6-m/libgcc.a(fixdfsi.o)
                0x00000000000018a4                __aeabi_d2iz
 .text          0x000000000000190c       0x84 /opt/zephyr-sdk/sysroots/armv5-zephyr-eabi/usr/lib/arm-zephyr-eabi/6.2.0/armv6-m/libgcc.a(floatsidf.o)
                0x000000000000190c                __aeabi_i2d
 .text          0x0000000000001990       0x7c /opt/zephyr-sdk/sysroots/armv5-zephyr-eabi/usr/lib/arm-zephyr-eabi/6.2.0/armv6-m/libgcc.a(_arm_cmpdf2.o)
                0x0000000000001990                __aeabi_cdrcmple
                0x00000000000019a0                __aeabi_cdcmple
                0x00000000000019a0                __aeabi_cdcmpeq
                0x00000000000019b0                __aeabi_dcmpeq
                0x00000000000019bc                __aeabi_dcmplt
                0x00000000000019d0                __aeabi_dcmple
                0x00000000000019e4                __aeabi_dcmpgt
                0x00000000000019f8                __aeabi_dcmpge
 .text          0x0000000000001a0c       0x3c /opt/zephyr-sdk/sysroots/armv5-zephyr-eabi/usr/lib/arm-zephyr-eabi/6.2.0/armv6-m/libgcc.a(_clzsi2.o)
                0x0000000000001a0c                __clzsi2
 .text          0x0000000000001a48       0x18 /opt/zephyr-sdk/sysroots/armv5-zephyr-eabi/usr/lib/arm-zephyr-eabi/6.2.0/armv6-m/libgcc.a(_clzdi2.o)
                0x0000000000001a48                __clzdi2
 .text          0x0000000000001a60       0x40 /opt/zephyr-sdk/sysroots/armv5-zephyr-eabi/usr/lib/arm-zephyr-eabi/6.2.0/armv6-m/libgcc.a(_ctzsi2.o)
                0x0000000000001a60                __ctzsi2
 .text          0x0000000000001aa0       0x74 /opt/zephyr-sdk/sysroots/armv5-zephyr-eabi/usr/lib/arm-zephyr-eabi/6.2.0/armv6-m/libgcc.a(eqdf2.o)
                0x0000000000001aa0                __eqdf2
                0x0000000000001aa0                __nedf2
 .text          0x0000000000001b14       0xc8 /opt/zephyr-sdk/sysroots/armv5-zephyr-eabi/usr/lib/arm-zephyr-eabi/6.2.0/armv6-m/libgcc.a(gedf2.o)
                0x0000000000001b14                __gtdf2
                0x0000000000001b14                __gedf2
 .text          0x0000000000001bdc       0xc4 /opt/zephyr-sdk/sysroots/armv5-zephyr-eabi/usr/lib/arm-zephyr-eabi/6.2.0/armv6-m/libgcc.a(ledf2.o)
                0x0000000000001bdc                __ltdf2
                0x0000000000001bdc                __ledf2
 *(.text.*)
 .text.strcpy   0x0000000000001ca0       0x12 ../libapp.a(string.c.obj)
                0x0000000000001ca0                strcpy
 .text.strchr   0x0000000000001cb2       0x1a ../libapp.a(string.c.obj)
                0x0000000000001cb2                strchr
 .text.strcmp   0x0000000000001ccc       0x18 ../libapp.a(string.c.obj)
                0x0000000000001ccc                strcmp
 .text.memcmp   0x0000000000001ce4       0x26 ../libapp.a(string.c.obj)
                0x0000000000001ce4                memcmp
 .text.memmove  0x0000000000001d0a       0x22 ../libapp.a(string.c.obj)
                0x0000000000001d0a                memmove
 .text.memcpy   0x0000000000001d2c       0x54 ../libapp.a(string.c.obj)
                0x0000000000001d2c                memcpy
 .text.memset   0x0000000000001d80       0x4a ../libapp.a(string.c.obj)
                0x0000000000001d80                memset
 .text._to_x    0x0000000000001dca       0x64 ../libapp.a(prf.c.obj)
 .text._rlrshift
                0x0000000000001e2e       0x20 ../libapp.a(prf.c.obj)
 *fill*         0x0000000000001e4e        0x2 
 .text._ldiv5   0x0000000000001e50       0x78 ../libapp.a(prf.c.obj)
 .text._get_digit
                0x0000000000001ec8       0x2c ../libapp.a(prf.c.obj)
 .text._prf     0x0000000000001ef4      0x6ec ../libapp.a(prf.c.obj)
                0x0000000000001ef4                _prf
 .text._stdout_hook_default
                0x00000000000025e0        0x6 ../libapp.a(stdout_console.c.obj)
 *fill*         0x00000000000025e6        0x2 
 .text.__stdout_hook_install
                0x00000000000025e8        0xc ../libapp.a(stdout_console.c.obj)
                0x00000000000025e8                __stdout_hook_install
 .text.fputc    0x00000000000025f4       0x18 ../libapp.a(stdout_console.c.obj)
                0x00000000000025f4                fputc
 .text.printf   0x000000000000260c       0x20 ../libapp.a(fprintf.c.obj)
                0x000000000000260c                printf
 .text.s1_display
                0x000000000000262c       0x1c ../libapp.a(main.c.obj)
                0x000000000000262c                s1_display
 .text.s2_accelerometer
                0x0000000000002648       0x18 ../libapp.a(main.c.obj)
                0x0000000000002648                s2_accelerometer
 .text.s3_compass
                0x0000000000002660       0x18 ../libapp.a(main.c.obj)
                0x0000000000002660                s3_compass
 .text.s5_bluetooth
                0x0000000000002678       0x18 ../libapp.a(main.c.obj)
                0x0000000000002678                s5_bluetooth
 .text.button_pressed
                0x0000000000002690       0x4c ../libapp.a(main.c.obj)
 .text.s4_temperature
                0x00000000000026dc       0x44 ../libapp.a(main.c.obj)
                0x00000000000026dc                s4_temperature
 .text.main     0x0000000000002720      0x128 ../libapp.a(main.c.obj)
                0x0000000000002720                main
 .text.nordicsemi_nrf51_init
                0x0000000000002848       0x9c libzephyr.a(soc.c.obj)
 .text._HandlerModeExit
                0x00000000000028e4       0x30 libzephyr.a(exc_exit.S.obj)
                0x00000000000028e4                _ExcExit
                0x00000000000028e4                _IntExit
 .text._IntLibInit
                0x0000000000002914       0x30 libzephyr.a(irq_init.c.obj)
                0x0000000000002914                _IntLibInit
 .text.__pendsv
                0x0000000000002944       0x5c libzephyr.a(swap.S.obj)
                0x0000000000002944                __pendsv
 .text.__svc    0x00000000000029a0       0x28 libzephyr.a(swap.S.obj)
                0x00000000000029a0                __svc
 .text.__swap   0x00000000000029c8       0x28 libzephyr.a(swap.S.obj)
                0x00000000000029c8                __swap
 .text._Fault   0x00000000000029f0       0x54 libzephyr.a(fault.c.obj)
                0x00000000000029f0                _Fault
 .text._FaultInit
                0x0000000000002a44        0x2 libzephyr.a(fault.c.obj)
                0x0000000000002a44                _FaultInit
 *fill*         0x0000000000002a46        0x2 
 .text._arch_irq_enable
                0x0000000000002a48       0x18 libzephyr.a(irq_manage.c.obj)
                0x0000000000002a48                _arch_irq_enable
 .text._arch_irq_disable
                0x0000000000002a60       0x20 libzephyr.a(irq_manage.c.obj)
                0x0000000000002a60                _arch_irq_disable
 .text._arch_irq_is_enabled
                0x0000000000002a80       0x1c libzephyr.a(irq_manage.c.obj)
                0x0000000000002a80                _arch_irq_is_enabled
 .text._irq_priority_set
                0x0000000000002a9c       0x64 libzephyr.a(irq_manage.c.obj)
                0x0000000000002a9c                _irq_priority_set
 .text._irq_spurious
                0x0000000000002b00        0x8 libzephyr.a(irq_manage.c.obj)
                0x0000000000002b00                _irq_spurious
 .text._arch_isr_direct_pm
                0x0000000000002b08       0x24 libzephyr.a(irq_manage.c.obj)
                0x0000000000002b08                _arch_isr_direct_pm
 .text._new_thread
                0x0000000000002b2c       0x4c libzephyr.a(thread.c.obj)
                0x0000000000002b2c                _new_thread
 .text._CpuIdleInit
                0x0000000000002b78        0xc libzephyr.a(cpu_idle.S.obj)
                0x0000000000002b78                _CpuIdleInit
 .text.k_cpu_idle
                0x0000000000002b84        0x8 libzephyr.a(cpu_idle.S.obj)
                0x0000000000002b84                k_cpu_idle
 .text.__fault  0x0000000000002b8c       0x1c libzephyr.a(fault_s.S.obj)
                0x0000000000002b8c                __reserved
                0x0000000000002b8c                __hard_fault
 .text._NanoFatalErrorHandler
                0x0000000000002ba8       0x54 libzephyr.a(fatal.c.obj)
                0x0000000000002ba8                _NanoFatalErrorHandler
 .text._do_kernel_oops
                0x0000000000002bfc        0xc libzephyr.a(fatal.c.obj)
                0x0000000000002bfc                _do_kernel_oops
 .text._SysFatalErrorHandler
                0x0000000000002c08       0x54 libzephyr.a(sys_fatal_error_handler.c.obj)
                0x0000000000002c08                _SysFatalErrorHandler
 .text._impl_k_thread_abort
                0x0000000000002c5c       0x44 libzephyr.a(thread_abort.c.obj)
                0x0000000000002c5c                _impl_k_thread_abort
 .text._isr_wrapper
                0x0000000000002ca0       0x38 libzephyr.a(isr_wrapper.S.obj)
                0x0000000000002ca0                _isr_wrapper
 .text._reset_section
                0x0000000000002cd8       0x1c libzephyr.a(reset.S.obj)
                0x0000000000002cd8                __reset
                0x0000000000002cd8                __start
 .text._SysNmiOnReset
                0x0000000000002cf4        0x4 libzephyr.a(nmi_on_reset.S.obj)
                0x0000000000002cf4                _SysNmiOnReset
 .text.relocate_vector_table
                0x0000000000002cf8        0x2 libzephyr.a(prep_c.c.obj)
                0x0000000000002cf8                relocate_vector_table
 .text._PrepC   0x0000000000002cfa       0x12 libzephyr.a(prep_c.c.obj)
                0x0000000000002cfa                _PrepC
 .text.__nmi    0x0000000000002d0c        0xc libzephyr.a(nmi.c.obj)
                0x0000000000002d0c                __nmi
 .text._nop_char_out
                0x0000000000002d18        0x4 libzephyr.a(printk.c.obj)
 .text.char_out
                0x0000000000002d1c       0x14 libzephyr.a(printk.c.obj)
 .text._printk_dec_ulong
                0x0000000000002d30       0xb0 libzephyr.a(printk.c.obj)
 .text.str_out  0x0000000000002de0       0x2c libzephyr.a(printk.c.obj)
 .text.__printk_hook_install
                0x0000000000002e0c        0xc libzephyr.a(printk.c.obj)
                0x0000000000002e0c                __printk_hook_install
 .text._vprintk
                0x0000000000002e18      0x258 libzephyr.a(printk.c.obj)
                0x0000000000002e18                _vprintk
 .text.vprintk  0x0000000000003070       0x1c libzephyr.a(printk.c.obj)
                0x0000000000003070                vprintk
 .text.printk   0x000000000000308c       0x16 libzephyr.a(printk.c.obj)
                0x000000000000308c                printk
 *fill*         0x00000000000030a2        0x2 
 .text.snprintk
                0x00000000000030a4       0x38 libzephyr.a(printk.c.obj)
                0x00000000000030a4                snprintk
 .text.vsnprintk
                0x00000000000030dc       0x28 libzephyr.a(printk.c.obj)
                0x00000000000030dc                vsnprintk
 .text._ConfigAbsSyms
                0x0000000000003104        0x2 libzephyr.a(configs.c.obj)
                0x0000000000003104                _ConfigAbsSyms
 *fill*         0x0000000000003106        0x2 
 .text.console_out
                0x0000000000003108       0x28 libzephyr.a(uart_console.c.obj)
 .text.uart_console_hook_install
                0x0000000000003130       0x18 libzephyr.a(uart_console.c.obj)
                0x0000000000003130                uart_console_hook_install
 .text.uart_console_init
                0x0000000000003148       0x1c libzephyr.a(uart_console.c.obj)
 .text.reset_display
                0x0000000000003164       0x24 libzephyr.a(mb_display.c.obj)
 .text.start_image
                0x0000000000003188       0x98 libzephyr.a(mb_display.c.obj)
 .text.gpio_pin_configure.constprop.4
                0x0000000000003220       0x10 libzephyr.a(mb_display.c.obj)
 .text.mb_display_init
                0x0000000000003230       0x78 libzephyr.a(mb_display.c.obj)
 .text.current_img
                0x00000000000032a8       0x44 libzephyr.a(mb_display.c.obj)
 .text.start_single
                0x00000000000032ec       0x30 libzephyr.a(mb_display.c.obj)
 .text.clear_display
                0x000000000000331c       0x18 libzephyr.a(mb_display.c.obj)
 .text.show_row
                0x0000000000003334      0x1cc libzephyr.a(mb_display.c.obj)
 .text.mb_display_print
                0x0000000000003500       0xa0 libzephyr.a(mb_display.c.obj)
                0x0000000000003500                mb_display_print
 .text.mb_display_get
                0x00000000000035a0        0x8 libzephyr.a(mb_display.c.obj)
                0x00000000000035a0                mb_display_get
 .text._m16src_stop
                0x00000000000035a8       0x68 libzephyr.a(nrf5_power_clock.c.obj)
 .text._clock_control_init
                0x0000000000003610       0x16 libzephyr.a(nrf5_power_clock.c.obj)
 *fill*         0x0000000000003626        0x2 
 .text._m16src_start
                0x0000000000003628       0xbc libzephyr.a(nrf5_power_clock.c.obj)
 .text._k32src_start
                0x00000000000036e4       0xd4 libzephyr.a(nrf5_power_clock.c.obj)
 .text._power_clock_isr
                0x00000000000037b8       0xa0 libzephyr.a(nrf5_power_clock.c.obj)
 .text.gpiote_find_channel
                0x0000000000003858       0x36 libzephyr.a(gpio_nrf5.c.obj)
 .text.gpio_nrf5_read
                0x000000000000388e       0x20 libzephyr.a(gpio_nrf5.c.obj)
 *fill*         0x00000000000038ae        0x2 
 .text.gpio_nrf5_write
                0x00000000000038b0       0x30 libzephyr.a(gpio_nrf5.c.obj)
 .text.gpio_nrf5_manage_callback
                0x00000000000038e0       0x4a libzephyr.a(gpio_nrf5.c.obj)
 .text.gpio_nrf5_enable_callback
                0x000000000000392a       0x42 libzephyr.a(gpio_nrf5.c.obj)
 .text.gpio_nrf5_disable_callback
                0x000000000000396c       0x3a libzephyr.a(gpio_nrf5.c.obj)
 .text.gpio_nrf5_P0_init
                0x00000000000039a6       0x16 libzephyr.a(gpio_nrf5.c.obj)
 .text.gpio_nrf5_port_isr
                0x00000000000039bc       0x6a libzephyr.a(gpio_nrf5.c.obj)
 *fill*         0x0000000000003a26        0x2 
 .text.gpio_nrf5_config
                0x0000000000003a28      0x128 libzephyr.a(gpio_nrf5.c.obj)
 .text.i2c_set_scl
                0x0000000000003b50        0xc libzephyr.a(i2c_bitbang.c.obj)
 .text.i2c_set_sda
                0x0000000000003b5c        0xc libzephyr.a(i2c_bitbang.c.obj)
 .text.i2c_get_sda
                0x0000000000003b68        0xc libzephyr.a(i2c_bitbang.c.obj)
 .text.i2c_delay
                0x0000000000003b74       0x16 libzephyr.a(i2c_bitbang.c.obj)
 .text.i2c_start
                0x0000000000003b8a       0x3c libzephyr.a(i2c_bitbang.c.obj)
 .text.i2c_read_bit
                0x0000000000003bc6       0x3a libzephyr.a(i2c_bitbang.c.obj)
 .text.i2c_write_bit
                0x0000000000003c00       0x2e libzephyr.a(i2c_bitbang.c.obj)
 .text.i2c_stop
                0x0000000000003c2e       0x3e libzephyr.a(i2c_bitbang.c.obj)
 .text.i2c_bitbang_configure
                0x0000000000003c6c       0x2c libzephyr.a(i2c_bitbang.c.obj)
                0x0000000000003c6c                i2c_bitbang_configure
 .text.i2c_bitbang_transfer
                0x0000000000003c98      0x12c libzephyr.a(i2c_bitbang.c.obj)
                0x0000000000003c98                i2c_bitbang_transfer
 .text.i2c_bitbang_init
                0x0000000000003dc4       0x10 libzephyr.a(i2c_bitbang.c.obj)
                0x0000000000003dc4                i2c_bitbang_init
 .text.i2c_gpio_init
                0x0000000000003dd4       0x40 libzephyr.a(i2c_gpio.c.obj)
 .text.i2c_gpio_transfer
                0x0000000000003e14        0xa libzephyr.a(i2c_gpio.c.obj)
 .text.i2c_gpio_configure
                0x0000000000003e1e        0xa libzephyr.a(i2c_gpio.c.obj)
 .text.i2c_gpio_get_sda
                0x0000000000003e28       0x1a libzephyr.a(i2c_gpio.c.obj)
 .text.i2c_gpio_set_sda
                0x0000000000003e42       0x14 libzephyr.a(i2c_gpio.c.obj)
 .text.i2c_gpio_set_scl
                0x0000000000003e56       0x14 libzephyr.a(i2c_gpio.c.obj)
 .text.i2c_nrf5_config_func_0
                0x0000000000003e6a       0x14 libzephyr.a(i2c_nrf5.c.obj)
 .text.i2c_nrf5_isr
                0x0000000000003e7e       0x6e libzephyr.a(i2c_nrf5.c.obj)
 .text.i2c_nrf5_configure
                0x0000000000003eec       0x54 libzephyr.a(i2c_nrf5.c.obj)
 .text.i2c_nrf5_transfer
                0x0000000000003f40      0x198 libzephyr.a(i2c_nrf5.c.obj)
 .text.i2c_nrf5_init
                0x00000000000040d8       0xa0 libzephyr.a(i2c_nrf5.c.obj)
 .text.pwm_nrf5_sw_pin_set
                0x0000000000004178      0x1e4 libzephyr.a(pwm_nrf5_sw.c.obj)
 .text.pwm_nrf5_sw_get_cycles_per_sec
                0x000000000000435c        0xe libzephyr.a(pwm_nrf5_sw.c.obj)
 .text.pwm_nrf5_sw_init
                0x000000000000436a        0x4 libzephyr.a(pwm_nrf5_sw.c.obj)
 *fill*         0x000000000000436e        0x2 
 .text.temp_nrf5_channel_get
                0x0000000000004370       0x38 libzephyr.a(temp_nrf5.c.obj)
 .text.temp_nrf5_init
                0x00000000000043a8       0x40 libzephyr.a(temp_nrf5.c.obj)
 .text.temp_nrf5_isr
                0x00000000000043e8       0x14 libzephyr.a(temp_nrf5.c.obj)
 .text.temp_nrf5_sample_fetch
                0x00000000000043fc       0x48 libzephyr.a(temp_nrf5.c.obj)
 .text.uart_nrf5_poll_in
                0x0000000000004444       0x24 libzephyr.a(uart_nrf5.c.obj)
 .text.uart_nrf5_poll_out
                0x0000000000004468       0x20 libzephyr.a(uart_nrf5.c.obj)
 .text.uart_nrf5_err_check
                0x0000000000004488       0x20 libzephyr.a(uart_nrf5.c.obj)
 .text.uart_nrf5_init
                0x00000000000044a8       0x80 libzephyr.a(uart_nrf5.c.obj)
 .text.rtc_compare_set
                0x0000000000004528       0x34 libzephyr.a(nrf_rtc_timer.c.obj)
 .text.rtc_announce_set_next
                0x000000000000455c       0x5c libzephyr.a(nrf_rtc_timer.c.obj)
 .text.rtc1_nrf5_isr
                0x00000000000045b8       0x14 libzephyr.a(nrf_rtc_timer.c.obj)
 .text._timer_idle_enter
                0x00000000000045cc       0x2c libzephyr.a(nrf_rtc_timer.c.obj)
                0x00000000000045cc                _timer_idle_enter
 .text._timer_idle_exit
                0x00000000000045f8       0x2c libzephyr.a(nrf_rtc_timer.c.obj)
                0x00000000000045f8                _timer_idle_exit
 .text._sys_clock_driver_init
                0x0000000000004624       0x84 libzephyr.a(nrf_rtc_timer.c.obj)
                0x0000000000004624                _sys_clock_driver_init
 .text._timer_cycle_get_32
                0x00000000000046a8       0x3c libzephyr.a(nrf_rtc_timer.c.obj)
                0x00000000000046a8                _timer_cycle_get_32
 .text.hci_cmd_done.isra.9
                0x00000000000046e4       0x50 subsys/bluetooth/host/libsubsys__bluetooth__host.a(hci_core.c.obj)
 .text.atomic_test_bit.constprop.24
                0x0000000000004734       0x24 subsys/bluetooth/host/libsubsys__bluetooth__host.a(hci_core.c.obj)
 .text.bt_hci_cmd_create
                0x0000000000004758       0x60 subsys/bluetooth/host/libsubsys__bluetooth__host.a(hci_core.c.obj)
                0x0000000000004758                bt_hci_cmd_create
 .text.bt_hci_cmd_send_sync
                0x00000000000047b8       0x84 subsys/bluetooth/host/libsubsys__bluetooth__host.a(hci_core.c.obj)
                0x00000000000047b8                bt_hci_cmd_send_sync
 .text.set_random_address
                0x000000000000483c       0x5c subsys/bluetooth/host/libsubsys__bluetooth__host.a(hci_core.c.obj)
 .text.set_le_scan_enable
                0x0000000000004898       0x68 subsys/bluetooth/host/libsubsys__bluetooth__host.a(hci_core.c.obj)
 .text.bt_le_scan_update
                0x0000000000004900       0x22 subsys/bluetooth/host/libsubsys__bluetooth__host.a(hci_core.c.obj)
                0x0000000000004900                bt_le_scan_update
 .text.bt_addr_le_create_static
                0x0000000000004922       0x20 subsys/bluetooth/host/libsubsys__bluetooth__host.a(hci_core.c.obj)
                0x0000000000004922                bt_addr_le_create_static
 *fill*         0x0000000000004942        0x2 
 .text.hci_init
                0x0000000000004944      0x3a4 subsys/bluetooth/host/libsubsys__bluetooth__host.a(hci_core.c.obj)
 .text.init_work
                0x0000000000004ce8       0x30 subsys/bluetooth/host/libsubsys__bluetooth__host.a(hci_core.c.obj)
 .text.bt_recv  0x0000000000004d18      0x15c subsys/bluetooth/host/libsubsys__bluetooth__host.a(hci_core.c.obj)
                0x0000000000004d18                bt_recv
 .text.bt_recv_prio
                0x0000000000004e74       0x88 subsys/bluetooth/host/libsubsys__bluetooth__host.a(hci_core.c.obj)
                0x0000000000004e74                bt_recv_prio
 .text.bt_hci_driver_register
                0x0000000000004efc       0x2c subsys/bluetooth/host/libsubsys__bluetooth__host.a(hci_core.c.obj)
                0x0000000000004efc                bt_hci_driver_register
 .text.bt_buf_get_rx
                0x0000000000004f28       0x20 subsys/bluetooth/host/libsubsys__bluetooth__host.a(hci_core.c.obj)
                0x0000000000004f28                bt_buf_get_rx
 .text.bt_buf_get_cmd_complete
                0x0000000000004f48       0x40 subsys/bluetooth/host/libsubsys__bluetooth__host.a(hci_core.c.obj)
                0x0000000000004f48                bt_buf_get_cmd_complete
 .text.mem_init
                0x0000000000004f88       0x4c subsys/bluetooth/controller/libsubsys__bluetooth__controller.a(mem.c.obj)
                0x0000000000004f88                mem_init
 .text.mem_acquire
                0x0000000000004fd4       0x32 subsys/bluetooth/controller/libsubsys__bluetooth__controller.a(mem.c.obj)
                0x0000000000004fd4                mem_acquire
 .text.mem_release
                0x0000000000005006       0x2c subsys/bluetooth/controller/libsubsys__bluetooth__controller.a(mem.c.obj)
                0x0000000000005006                mem_release
 .text.mem_get  0x0000000000005032        0x6 subsys/bluetooth/controller/libsubsys__bluetooth__controller.a(mem.c.obj)
                0x0000000000005032                mem_get
 .text.mem_index_get
                0x0000000000005038       0x10 subsys/bluetooth/controller/libsubsys__bluetooth__controller.a(mem.c.obj)
                0x0000000000005038                mem_index_get
 .text.mem_rcopy
                0x0000000000005048       0x20 subsys/bluetooth/controller/libsubsys__bluetooth__controller.a(mem.c.obj)
                0x0000000000005048                mem_rcopy
 .text.memq_init
                0x0000000000005068        0x6 subsys/bluetooth/controller/libsubsys__bluetooth__controller.a(memq.c.obj)
                0x0000000000005068                memq_init
 .text.memq_enqueue
                0x000000000000506e        0xc subsys/bluetooth/controller/libsubsys__bluetooth__controller.a(memq.c.obj)
                0x000000000000506e                memq_enqueue
 .text.memq_peek
                0x000000000000507a       0x12 subsys/bluetooth/controller/libsubsys__bluetooth__controller.a(memq.c.obj)
                0x000000000000507a                memq_peek
 .text.memq_dequeue
                0x000000000000508c       0x20 subsys/bluetooth/controller/libsubsys__bluetooth__controller.a(memq.c.obj)
                0x000000000000508c                memq_dequeue
 .text.mayfly_init
                0x00000000000050ac       0x4c subsys/bluetooth/controller/libsubsys__bluetooth__controller.a(mayfly.c.obj)
                0x00000000000050ac                mayfly_init
 .text.mayfly_enable
                0x00000000000050f8       0x48 subsys/bluetooth/controller/libsubsys__bluetooth__controller.a(mayfly.c.obj)
                0x00000000000050f8                mayfly_enable
 .text.mayfly_enqueue
                0x0000000000005140       0xa4 subsys/bluetooth/controller/libsubsys__bluetooth__controller.a(mayfly.c.obj)
                0x0000000000005140                mayfly_enqueue
 .text.mayfly_run
                0x00000000000051e4      0x120 subsys/bluetooth/controller/libsubsys__bluetooth__controller.a(mayfly.c.obj)
                0x00000000000051e4                mayfly_run
 .text.util_ones_count_get
                0x0000000000005304       0x22 subsys/bluetooth/controller/libsubsys__bluetooth__controller.a(util.c.obj)
                0x0000000000005304                util_ones_count_get
 .text.ticker_dequeue
                0x0000000000005326       0x50 subsys/bluetooth/controller/libsubsys__bluetooth__controller.a(ticker.c.obj)
 .text.ticks_to_expire_prep
                0x0000000000005376       0x3a subsys/bluetooth/controller/libsubsys__bluetooth__controller.a(ticker.c.obj)
 .text.ticker_job_op_cb
                0x00000000000053b0       0x18 subsys/bluetooth/controller/libsubsys__bluetooth__controller.a(ticker.c.obj)
 .text.ticker_worker
                0x00000000000053c8       0xa6 subsys/bluetooth/controller/libsubsys__bluetooth__controller.a(ticker.c.obj)
                0x00000000000053c8                ticker_worker
 *fill*         0x000000000000546e        0x2 
 .text.ticker_job
                0x0000000000005470      0x728 subsys/bluetooth/controller/libsubsys__bluetooth__controller.a(ticker.c.obj)
                0x0000000000005470                ticker_job
 .text.ticker_init
                0x0000000000005b98       0x70 subsys/bluetooth/controller/libsubsys__bluetooth__controller.a(ticker.c.obj)
                0x0000000000005b98                ticker_init
 .text.ticker_trigger
                0x0000000000005c08       0x20 subsys/bluetooth/controller/libsubsys__bluetooth__controller.a(ticker.c.obj)
                0x0000000000005c08                ticker_trigger
 .text.ticker_start
                0x0000000000005c28       0x84 subsys/bluetooth/controller/libsubsys__bluetooth__controller.a(ticker.c.obj)
                0x0000000000005c28                ticker_start
 .text.ticker_update
                0x0000000000005cac       0xa0 subsys/bluetooth/controller/libsubsys__bluetooth__controller.a(ticker.c.obj)
                0x0000000000005cac                ticker_update
 .text.ticker_stop
                0x0000000000005d4c       0x5c subsys/bluetooth/controller/libsubsys__bluetooth__controller.a(ticker.c.obj)
                0x0000000000005d4c                ticker_stop
 .text.ticker_next_slot_get
                0x0000000000005da8       0x6c subsys/bluetooth/controller/libsubsys__bluetooth__controller.a(ticker.c.obj)
                0x0000000000005da8                ticker_next_slot_get
 .text.ticker_job_idle_get
                0x0000000000005e14       0x60 subsys/bluetooth/controller/libsubsys__bluetooth__controller.a(ticker.c.obj)
                0x0000000000005e14                ticker_job_idle_get
 .text.ticker_job_sched
                0x0000000000005e74       0x20 subsys/bluetooth/controller/libsubsys__bluetooth__controller.a(ticker.c.obj)
                0x0000000000005e74                ticker_job_sched
 .text.ticker_ticks_now_get
                0x0000000000005e94        0x8 subsys/bluetooth/controller/libsubsys__bluetooth__controller.a(ticker.c.obj)
                0x0000000000005e94                ticker_ticks_now_get
 .text.ticker_ticks_diff_get
                0x0000000000005e9c        0x8 subsys/bluetooth/controller/libsubsys__bluetooth__controller.a(ticker.c.obj)
                0x0000000000005e9c                ticker_ticks_diff_get
 .text.ll_addr_get
                0x0000000000005ea4       0x30 subsys/bluetooth/controller/libsubsys__bluetooth__controller.a(ll_addr.c.obj)
                0x0000000000005ea4                ll_addr_get
 .text.ll_addr_set
                0x0000000000005ed4       0x38 subsys/bluetooth/controller/libsubsys__bluetooth__controller.a(ll_addr.c.obj)
                0x0000000000005ed4                ll_addr_set
 .text.ll_tx_pwr_get
                0x0000000000005f0c        0x8 subsys/bluetooth/controller/libsubsys__bluetooth__controller.a(ll_tx_pwr.c.obj)
                0x0000000000005f0c                ll_tx_pwr_get
 .text.bt_rand  0x0000000000005f14       0x3c subsys/bluetooth/controller/libsubsys__bluetooth__controller.a(crypto.c.obj)
                0x0000000000005f14                bt_rand
 .text._hci_driver_init
                0x0000000000005f50       0x10 subsys/bluetooth/controller/libsubsys__bluetooth__controller.a(hci_driver.c.obj)
 .text.hci_driver_send
                0x0000000000005f60       0x2c subsys/bluetooth/controller/libsubsys__bluetooth__controller.a(hci_driver.c.obj)
 .text.recv_thread
                0x0000000000005f8c       0x74 subsys/bluetooth/controller/libsubsys__bluetooth__controller.a(hci_driver.c.obj)
 .text.prio_recv_thread
                0x0000000000006000       0x3c subsys/bluetooth/controller/libsubsys__bluetooth__controller.a(hci_driver.c.obj)
 .text.hci_driver_open
                0x000000000000603c       0x70 subsys/bluetooth/controller/libsubsys__bluetooth__controller.a(hci_driver.c.obj)
 .text.sys_put_le32
                0x00000000000060ac       0x10 subsys/bluetooth/controller/libsubsys__bluetooth__controller.a(hci.c.obj)
 .text.evt_create
                0x00000000000060bc       0x14 subsys/bluetooth/controller/libsubsys__bluetooth__controller.a(hci.c.obj)
 .text.cmd_complete
                0x00000000000060d0       0x44 subsys/bluetooth/controller/libsubsys__bluetooth__controller.a(hci.c.obj)
 .text.meta_evt
                0x0000000000006114       0x28 subsys/bluetooth/controller/libsubsys__bluetooth__controller.a(hci.c.obj)
 .text.le_remote_feat_complete
                0x000000000000613c       0x50 subsys/bluetooth/controller/libsubsys__bluetooth__controller.a(hci.c.obj)
 .text.bt_addr_le_to_str.constprop.42
                0x000000000000618c       0x78 subsys/bluetooth/controller/libsubsys__bluetooth__controller.a(hci.c.obj)
 .text.le_adv_ext_report.isra.37.part.38
                0x0000000000006204       0x32 subsys/bluetooth/controller/libsubsys__bluetooth__controller.a(hci.c.obj)
 .text.sys_get_le64
                0x0000000000006236       0x2c subsys/bluetooth/controller/libsubsys__bluetooth__controller.a(hci.c.obj)
 *fill*         0x0000000000006262        0x2 
 .text.hci_cmd_handle
                0x0000000000006264      0x59c subsys/bluetooth/controller/libsubsys__bluetooth__controller.a(hci.c.obj)
                0x0000000000006264                hci_cmd_handle
 .text.hci_evt_encode
                0x0000000000006800      0x1a8 subsys/bluetooth/controller/libsubsys__bluetooth__controller.a(hci.c.obj)
                0x0000000000006800                hci_evt_encode
 .text.hci_get_class
                0x00000000000069a8       0x40 subsys/bluetooth/controller/libsubsys__bluetooth__controller.a(hci.c.obj)
                0x00000000000069a8                hci_get_class
 .text.hci_init
                0x00000000000069e8       0x24 subsys/bluetooth/controller/libsubsys__bluetooth__controller.a(hci.c.obj)
                0x00000000000069e8                hci_init
 .text.cpu_sleep
                0x0000000000006a0c        0x8 subsys/bluetooth/controller/libsubsys__bluetooth__controller.a(ctrl.c.obj)
 .text.pdu_len_cmp
                0x0000000000006a14       0x28 subsys/bluetooth/controller/libsubsys__bluetooth__controller.a(ctrl.c.obj)
 .text.ticker_if_done
                0x0000000000006a3c        0x4 subsys/bluetooth/controller/libsubsys__bluetooth__controller.a(ctrl.c.obj)
 .text.prepare_reduced
                0x0000000000006a40       0x10 subsys/bluetooth/controller/libsubsys__bluetooth__controller.a(ctrl.c.obj)
 .text.prepare_normal
                0x0000000000006a50        0xe subsys/bluetooth/controller/libsubsys__bluetooth__controller.a(ctrl.c.obj)
 .text.chan_sel_remap
                0x0000000000006a5e       0x34 subsys/bluetooth/controller/libsubsys__bluetooth__controller.a(ctrl.c.obj)
 *fill*         0x0000000000006a92        0x2 
 .text.packet_rx_reserve_get
                0x0000000000006a94       0x40 subsys/bluetooth/controller/libsubsys__bluetooth__controller.a(ctrl.c.obj)
 .text.conn_update_req
                0x0000000000006ad4       0x6a subsys/bluetooth/controller/libsubsys__bluetooth__controller.a(ctrl.c.obj)
 *fill*         0x0000000000006b3e        0x2 
 .text.tx_cmplt_get
                0x0000000000006b40       0x98 subsys/bluetooth/controller/libsubsys__bluetooth__controller.a(ctrl.c.obj)
 .text.connection_get
                0x0000000000006bd8       0x30 subsys/bluetooth/controller/libsubsys__bluetooth__controller.a(ctrl.c.obj)
 .text.role_disable
                0x0000000000006c08      0x200 subsys/bluetooth/controller/libsubsys__bluetooth__controller.a(ctrl.c.obj)
 .text.sched_after_mstr_free_slot_get
                0x0000000000006e08      0x11c subsys/bluetooth/controller/libsubsys__bluetooth__controller.a(ctrl.c.obj)
 .text.isr_adv_ci_adva_check
                0x0000000000006f24       0x42 subsys/bluetooth/controller/libsubsys__bluetooth__controller.a(ctrl.c.obj)
 *fill*         0x0000000000006f66        0x2 
 .text.rx_fc_lock
                0x0000000000006f68       0x38 subsys/bluetooth/controller/libsubsys__bluetooth__controller.a(ctrl.c.obj)
 .text.ticker_job_disable
                0x0000000000006fa0       0x1c subsys/bluetooth/controller/libsubsys__bluetooth__controller.a(ctrl.c.obj)
 .text.hdr_conn_get
                0x0000000000006fbc       0x3c subsys/bluetooth/controller/libsubsys__bluetooth__controller.a(ctrl.c.obj)
 .text.mayfly_xtal_retain.part.15
                0x0000000000006ff8       0x30 subsys/bluetooth/controller/libsubsys__bluetooth__controller.a(ctrl.c.obj)
 .text.rx_packet_set
                0x0000000000007028       0x40 subsys/bluetooth/controller/libsubsys__bluetooth__controller.a(ctrl.c.obj)
 .text.tx_packet_set
                0x0000000000007068       0x3e subsys/bluetooth/controller/libsubsys__bluetooth__controller.a(ctrl.c.obj)
 *fill*         0x00000000000070a6        0x2 
 .text.isr_scan_tgta_check.isra.30
                0x00000000000070a8       0x5c subsys/bluetooth/controller/libsubsys__bluetooth__controller.a(ctrl.c.obj)
 .text.radio_event_adv_prepare.part.43
                0x0000000000007104        0x6 subsys/bluetooth/controller/libsubsys__bluetooth__controller.a(ctrl.c.obj)
 *fill*         0x000000000000710a        0x2 
 .text.prepare_normal_set
                0x000000000000710c       0x48 subsys/bluetooth/controller/libsubsys__bluetooth__controller.a(ctrl.c.obj)
 .text.terminate_ind_rx_enqueue
                0x0000000000007154       0x44 subsys/bluetooth/controller/libsubsys__bluetooth__controller.a(ctrl.c.obj)
 .text.packet_rx_enqueue
                0x0000000000007198       0x60 subsys/bluetooth/controller/libsubsys__bluetooth__controller.a(ctrl.c.obj)
 .text.mayfly_adv_stop
                0x00000000000071f8       0x2e subsys/bluetooth/controller/libsubsys__bluetooth__controller.a(ctrl.c.obj)
 *fill*         0x0000000000007226        0x2 
 .text.ticker_stop_adv_stop
                0x0000000000007228      0x118 subsys/bluetooth/controller/libsubsys__bluetooth__controller.a(ctrl.c.obj)
 .text.sched_after_mstr_free_offset_get
                0x0000000000007340       0x6c subsys/bluetooth/controller/libsubsys__bluetooth__controller.a(ctrl.c.obj)
 .text.mayfly_sched_win_offset_use
                0x00000000000073ac       0x30 subsys/bluetooth/controller/libsubsys__bluetooth__controller.a(ctrl.c.obj)
 .text.chan_set
                0x00000000000073dc       0x38 subsys/bluetooth/controller/libsubsys__bluetooth__controller.a(ctrl.c.obj)
 .text.adv_setup
                0x0000000000007414       0xbc subsys/bluetooth/controller/libsubsys__bluetooth__controller.a(ctrl.c.obj)
 .text.pdu_node_tx_release
                0x00000000000074d0       0x48 subsys/bluetooth/controller/libsubsys__bluetooth__controller.a(ctrl.c.obj)
 .text.packet_tx_enqueue
                0x0000000000007518       0xa0 subsys/bluetooth/controller/libsubsys__bluetooth__controller.a(ctrl.c.obj)
 .text.connection_release
                0x00000000000075b8      0x10c subsys/bluetooth/controller/libsubsys__bluetooth__controller.a(ctrl.c.obj)
 .text.mayfly_radio_stop
                0x00000000000076c4       0x34 subsys/bluetooth/controller/libsubsys__bluetooth__controller.a(ctrl.c.obj)
 .text.mayfly_radio_active
                0x00000000000076f8       0x34 subsys/bluetooth/controller/libsubsys__bluetooth__controller.a(ctrl.c.obj)
 .text.mayfly_radio_inactive
                0x000000000000772c        0xa subsys/bluetooth/controller/libsubsys__bluetooth__controller.a(ctrl.c.obj)
 *fill*         0x0000000000007736        0x2 
 .text.event_xtal
                0x0000000000007738       0x1c subsys/bluetooth/controller/libsubsys__bluetooth__controller.a(ctrl.c.obj)
 .text.event_active
                0x0000000000007754       0x1c subsys/bluetooth/controller/libsubsys__bluetooth__controller.a(ctrl.c.obj)
 .text.ticker_update_slave_assert
                0x0000000000007770       0x1c subsys/bluetooth/controller/libsubsys__bluetooth__controller.a(ctrl.c.obj)
 .text.ticker_update_adv_assert
                0x000000000000778c       0x18 subsys/bluetooth/controller/libsubsys__bluetooth__controller.a(ctrl.c.obj)
 .text.ticker_stop_scan_assert
                0x00000000000077a4       0x28 subsys/bluetooth/controller/libsubsys__bluetooth__controller.a(ctrl.c.obj)
 .text.ticker_stop_adv_assert
                0x00000000000077cc       0x28 subsys/bluetooth/controller/libsubsys__bluetooth__controller.a(ctrl.c.obj)
 .text.ticker_success_assert
                0x00000000000077f4        0xc subsys/bluetooth/controller/libsubsys__bluetooth__controller.a(ctrl.c.obj)
 .text.isr_rx_scan_report.isra.37
                0x0000000000007800       0x60 subsys/bluetooth/controller/libsubsys__bluetooth__controller.a(ctrl.c.obj)
 .text.adv_scan_configure.constprop.47
                0x0000000000007860       0x4c subsys/bluetooth/controller/libsubsys__bluetooth__controller.a(ctrl.c.obj)
 .text.event_stop.constprop.48
                0x00000000000078ac       0x20 subsys/bluetooth/controller/libsubsys__bluetooth__controller.a(ctrl.c.obj)
 .text.event_common_prepare
                0x00000000000078cc      0x188 subsys/bluetooth/controller/libsubsys__bluetooth__controller.a(ctrl.c.obj)
 .text.radio_event_adv_prepare
                0x0000000000007a54       0x38 subsys/bluetooth/controller/libsubsys__bluetooth__controller.a(ctrl.c.obj)
                0x0000000000007a54                radio_event_adv_prepare
 .text.event_adv_stop
                0x0000000000007a8c       0x2c subsys/bluetooth/controller/libsubsys__bluetooth__controller.a(ctrl.c.obj)
                0x0000000000007a8c                event_adv_stop
 .text.packet_rx_allocate.constprop.49
                0x0000000000007ab8       0x8c subsys/bluetooth/controller/libsubsys__bluetooth__controller.a(ctrl.c.obj)
 .text.common_init
                0x0000000000007b44       0xd4 subsys/bluetooth/controller/libsubsys__bluetooth__controller.a(ctrl.c.obj)
 .text.mayfly_xtal_start
                0x0000000000007c18       0x14 subsys/bluetooth/controller/libsubsys__bluetooth__controller.a(ctrl.c.obj)
 .text.mayfly_xtal_stop
                0x0000000000007c2c       0x14 subsys/bluetooth/controller/libsubsys__bluetooth__controller.a(ctrl.c.obj)
 .text.chan_sel_2
                0x0000000000007c40       0x80 subsys/bluetooth/controller/libsubsys__bluetooth__controller.a(ctrl.c.obj)
 .text.preempt_calc
                0x0000000000007cc0       0x44 subsys/bluetooth/controller/libsubsys__bluetooth__controller.a(ctrl.c.obj)
 .text.event_adv
                0x0000000000007d04       0xa8 subsys/bluetooth/controller/libsubsys__bluetooth__controller.a(ctrl.c.obj)
 .text.ctrl_tx_enqueue
                0x0000000000007dac       0x62 subsys/bluetooth/controller/libsubsys__bluetooth__controller.a(ctrl.c.obj)
 .text.ctrl_tx_sec_enqueue
                0x0000000000007e0e       0x32 subsys/bluetooth/controller/libsubsys__bluetooth__controller.a(ctrl.c.obj)
 .text.feature_rsp_send
                0x0000000000007e40       0x88 subsys/bluetooth/controller/libsubsys__bluetooth__controller.a(ctrl.c.obj)
 .text.event_connection_prepare
                0x0000000000007ec8      0x6c8 subsys/bluetooth/controller/libsubsys__bluetooth__controller.a(ctrl.c.obj)
 .text.event_master_prepare
                0x0000000000008590        0x8 subsys/bluetooth/controller/libsubsys__bluetooth__controller.a(ctrl.c.obj)
 .text.event_slave_prepare
                0x0000000000008598        0x8 subsys/bluetooth/controller/libsubsys__bluetooth__controller.a(ctrl.c.obj)
 .text.connection_configure
                0x00000000000085a0       0x3c subsys/bluetooth/controller/libsubsys__bluetooth__controller.a(ctrl.c.obj)
 .text.event_slave
                0x00000000000085dc      0x16c subsys/bluetooth/controller/libsubsys__bluetooth__controller.a(ctrl.c.obj)
 .text.prepare_pdu_data_tx
                0x0000000000008748       0xd8 subsys/bluetooth/controller/libsubsys__bluetooth__controller.a(ctrl.c.obj)
 .text.isr      0x0000000000008820     0x16a0 subsys/bluetooth/controller/libsubsys__bluetooth__controller.a(ctrl.c.obj)
 .text.mayfly_xtal_stop_calc
                0x0000000000009ec0      0x1f8 subsys/bluetooth/controller/libsubsys__bluetooth__controller.a(ctrl.c.obj)
 .text.event_master
                0x000000000000a0b8      0x134 subsys/bluetooth/controller/libsubsys__bluetooth__controller.a(ctrl.c.obj)
 .text.radio_init
                0x000000000000a1ec       0xf8 subsys/bluetooth/controller/libsubsys__bluetooth__controller.a(ctrl.c.obj)
                0x000000000000a1ec                radio_init
 .text.ll_reset
                0x000000000000a2e4       0xac subsys/bluetooth/controller/libsubsys__bluetooth__controller.a(ctrl.c.obj)
                0x000000000000a2e4                ll_reset
 .text.radio_adv_data_get
                0x000000000000a390        0xc subsys/bluetooth/controller/libsubsys__bluetooth__controller.a(ctrl.c.obj)
                0x000000000000a390                radio_adv_data_get
 .text.radio_scan_data_get
                0x000000000000a39c        0xc subsys/bluetooth/controller/libsubsys__bluetooth__controller.a(ctrl.c.obj)
                0x000000000000a39c                radio_scan_data_get
 .text.ll_adv_is_enabled
                0x000000000000a3a8       0x10 subsys/bluetooth/controller/libsubsys__bluetooth__controller.a(ctrl.c.obj)
                0x000000000000a3a8                ll_adv_is_enabled
 .text.radio_adv_filter_pol_get
                0x000000000000a3b8       0x18 subsys/bluetooth/controller/libsubsys__bluetooth__controller.a(ctrl.c.obj)
                0x000000000000a3b8                radio_adv_filter_pol_get
 .text.ll_scan_is_enabled
                0x000000000000a3d0       0x2c subsys/bluetooth/controller/libsubsys__bluetooth__controller.a(ctrl.c.obj)
                0x000000000000a3d0                ll_scan_is_enabled
 .text.radio_scan_filter_pol_get
                0x000000000000a3fc       0x1c subsys/bluetooth/controller/libsubsys__bluetooth__controller.a(ctrl.c.obj)
                0x000000000000a3fc                radio_scan_filter_pol_get
 .text.ll_tx_pwr_lvl_get
                0x000000000000a418       0x16 subsys/bluetooth/controller/libsubsys__bluetooth__controller.a(ctrl.c.obj)
                0x000000000000a418                ll_tx_pwr_lvl_get
 *fill*         0x000000000000a42e        0x2 
 .text.ll_rx_get
                0x000000000000a430       0x74 subsys/bluetooth/controller/libsubsys__bluetooth__controller.a(ctrl.c.obj)
                0x000000000000a430                ll_rx_get
 .text.ll_rx_mem_release
                0x000000000000a4a4       0x60 subsys/bluetooth/controller/libsubsys__bluetooth__controller.a(ctrl.c.obj)
                0x000000000000a4a4                ll_rx_mem_release
 .text.do_radio_rx_fc_set
                0x000000000000a504       0x68 subsys/bluetooth/controller/libsubsys__bluetooth__controller.a(ctrl.c.obj)
                0x000000000000a504                do_radio_rx_fc_set
 .text.radio_rx_fc_set
                0x000000000000a56c       0x64 subsys/bluetooth/controller/libsubsys__bluetooth__controller.a(ctrl.c.obj)
                0x000000000000a56c                radio_rx_fc_set
 .text.ll_adv_scan_state_cb
                0x000000000000a5d0        0x2 subsys/bluetooth/controller/libsubsys__bluetooth__controller.a(ctrl.c.obj)
                0x000000000000a5d0                ll_adv_scan_state_cb
 *fill*         0x000000000000a5d2        0x2 
 .text.radio_adv_enable
                0x000000000000a5d4      0x2f4 subsys/bluetooth/controller/libsubsys__bluetooth__controller.a(ctrl.c.obj)
                0x000000000000a5d4                radio_adv_enable
 .text.radio_adv_disable
                0x000000000000a8c8       0x60 subsys/bluetooth/controller/libsubsys__bluetooth__controller.a(ctrl.c.obj)
                0x000000000000a8c8                radio_adv_disable
 .text.ll_rx_dequeue
                0x000000000000a928       0xe4 subsys/bluetooth/controller/libsubsys__bluetooth__controller.a(ctrl.c.obj)
                0x000000000000a928                ll_rx_dequeue
 .text.rtc0_nrf5_isr
                0x000000000000aa0c       0x30 subsys/bluetooth/controller/libsubsys__bluetooth__controller.a(ll.c.obj)
 .text.swi4_nrf5_isr
                0x000000000000aa3c        0xa subsys/bluetooth/controller/libsubsys__bluetooth__controller.a(ll.c.obj)
 .text.rng_nrf5_isr
                0x000000000000aa46        0x8 subsys/bluetooth/controller/libsubsys__bluetooth__controller.a(ll.c.obj)
 .text.radio_nrf5_isr
                0x000000000000aa4e       0x10 subsys/bluetooth/controller/libsubsys__bluetooth__controller.a(ll.c.obj)
                0x000000000000aa4e                radio_nrf5_isr
 .text.radio_active_callback
                0x000000000000aa5e        0x2 subsys/bluetooth/controller/libsubsys__bluetooth__controller.a(ll.c.obj)
                0x000000000000aa5e                radio_active_callback
 .text.radio_event_callback
                0x000000000000aa60       0x10 subsys/bluetooth/controller/libsubsys__bluetooth__controller.a(ll.c.obj)
                0x000000000000aa60                radio_event_callback
 .text.ll_init  0x000000000000aa70      0x124 subsys/bluetooth/controller/libsubsys__bluetooth__controller.a(ll.c.obj)
                0x000000000000aa70                ll_init
 .text.ll_adv_params_set
                0x000000000000ab94      0x1f4 subsys/bluetooth/controller/libsubsys__bluetooth__controller.a(ll_adv.c.obj)
                0x000000000000ab94                ll_adv_params_set
 .text.ll_adv_data_set
                0x000000000000ad88       0xb0 subsys/bluetooth/controller/libsubsys__bluetooth__controller.a(ll_adv.c.obj)
                0x000000000000ad88                ll_adv_data_set
 .text.ll_scan_data_set
                0x000000000000ae38       0x76 subsys/bluetooth/controller/libsubsys__bluetooth__controller.a(ll_adv.c.obj)
                0x000000000000ae38                ll_scan_data_set
 *fill*         0x000000000000aeae        0x2 
 .text.ll_adv_enable
                0x000000000000aeb0       0xac subsys/bluetooth/controller/libsubsys__bluetooth__controller.a(ll_adv.c.obj)
                0x000000000000aeb0                ll_adv_enable
 .text.ctrl_filter_get
                0x000000000000af5c       0x14 subsys/bluetooth/controller/libsubsys__bluetooth__controller.a(ll_filter.c.obj)
                0x000000000000af5c                ctrl_filter_get
 .text.ll_wl_size_get
                0x000000000000af70        0x4 subsys/bluetooth/controller/libsubsys__bluetooth__controller.a(ll_filter.c.obj)
                0x000000000000af70                ll_wl_size_get
 .text.ll_wl_clear
                0x000000000000af74       0x2c subsys/bluetooth/controller/libsubsys__bluetooth__controller.a(ll_filter.c.obj)
                0x000000000000af74                ll_wl_clear
 .text.ll_wl_add
                0x000000000000afa0       0x6c subsys/bluetooth/controller/libsubsys__bluetooth__controller.a(ll_filter.c.obj)
                0x000000000000afa0                ll_wl_add
 .text.ll_wl_remove
                0x000000000000b00c       0x88 subsys/bluetooth/controller/libsubsys__bluetooth__controller.a(ll_filter.c.obj)
                0x000000000000b00c                ll_wl_remove
 .text.ll_filter_reset
                0x000000000000b094       0x18 subsys/bluetooth/controller/libsubsys__bluetooth__controller.a(ll_filter.c.obj)
                0x000000000000b094                ll_filter_reset
 .text.cntr_init
                0x000000000000b0ac       0x20 subsys/bluetooth/controller/libsubsys__bluetooth__controller.a(cntr.c.obj)
                0x000000000000b0ac                cntr_init
 .text.cntr_start
                0x000000000000b0cc       0x20 subsys/bluetooth/controller/libsubsys__bluetooth__controller.a(cntr.c.obj)
                0x000000000000b0cc                cntr_start
 .text.cntr_stop
                0x000000000000b0ec       0x2c subsys/bluetooth/controller/libsubsys__bluetooth__controller.a(cntr.c.obj)
                0x000000000000b0ec                cntr_stop
 .text.cntr_cnt_get
                0x000000000000b118       0x10 subsys/bluetooth/controller/libsubsys__bluetooth__controller.a(cntr.c.obj)
                0x000000000000b118                cntr_cnt_get
 .text.cntr_cmp_set
                0x000000000000b128       0x10 subsys/bluetooth/controller/libsubsys__bluetooth__controller.a(cntr.c.obj)
                0x000000000000b128                cntr_cmp_set
 .text.isr      0x000000000000b138       0x4c subsys/bluetooth/controller/libsubsys__bluetooth__controller.a(rand.c.obj)
 .text.get      0x000000000000b184       0xd8 subsys/bluetooth/controller/libsubsys__bluetooth__controller.a(rand.c.obj)
 .text.init     0x000000000000b25c       0x58 subsys/bluetooth/controller/libsubsys__bluetooth__controller.a(rand.c.obj)
 .text.rand_init
                0x000000000000b2b4       0x14 subsys/bluetooth/controller/libsubsys__bluetooth__controller.a(rand.c.obj)
                0x000000000000b2b4                rand_init
 .text.rand_isr_init
                0x000000000000b2c8       0x14 subsys/bluetooth/controller/libsubsys__bluetooth__controller.a(rand.c.obj)
                0x000000000000b2c8                rand_isr_init
 .text.rand_get
                0x000000000000b2dc       0x14 subsys/bluetooth/controller/libsubsys__bluetooth__controller.a(rand.c.obj)
                0x000000000000b2dc                rand_get
 .text.rand_isr_get
                0x000000000000b2f0       0x14 subsys/bluetooth/controller/libsubsys__bluetooth__controller.a(rand.c.obj)
                0x000000000000b2f0                rand_isr_get
 .text.isr_rand
                0x000000000000b304       0x4c subsys/bluetooth/controller/libsubsys__bluetooth__controller.a(rand.c.obj)
                0x000000000000b304                isr_rand
 .text.do_ecb   0x000000000000b350       0x48 subsys/bluetooth/controller/libsubsys__bluetooth__controller.a(ecb.c.obj)
 .text.ecb_encrypt
                0x000000000000b398       0x44 subsys/bluetooth/controller/libsubsys__bluetooth__controller.a(ecb.c.obj)
                0x000000000000b398                ecb_encrypt
 .text.hal_radio_enable_on_tick_ppi_config_and_enable
                0x000000000000b3dc       0x38 subsys/bluetooth/controller/libsubsys__bluetooth__controller.a(radio.c.obj)
 .text.isr_radio
                0x000000000000b414       0x14 subsys/bluetooth/controller/libsubsys__bluetooth__controller.a(radio.c.obj)
                0x000000000000b414                isr_radio
 .text.radio_isr_set
                0x000000000000b428       0x30 subsys/bluetooth/controller/libsubsys__bluetooth__controller.a(radio.c.obj)
                0x000000000000b428                radio_isr_set
 .text.radio_setup
                0x000000000000b458        0x2 subsys/bluetooth/controller/libsubsys__bluetooth__controller.a(radio.c.obj)
                0x000000000000b458                radio_setup
 *fill*         0x000000000000b45a        0x2 
 .text.radio_reset
                0x000000000000b45c       0x20 subsys/bluetooth/controller/libsubsys__bluetooth__controller.a(radio.c.obj)
                0x000000000000b45c                radio_reset
 .text.radio_phy_set
                0x000000000000b47c       0x18 subsys/bluetooth/controller/libsubsys__bluetooth__controller.a(radio.c.obj)
                0x000000000000b47c                radio_phy_set
 .text.radio_tx_power_set
                0x000000000000b494       0x10 subsys/bluetooth/controller/libsubsys__bluetooth__controller.a(radio.c.obj)
                0x000000000000b494                radio_tx_power_set
 .text.radio_freq_chan_set
                0x000000000000b4a4       0x10 subsys/bluetooth/controller/libsubsys__bluetooth__controller.a(radio.c.obj)
                0x000000000000b4a4                radio_freq_chan_set
 .text.radio_whiten_iv_set
                0x000000000000b4b4       0x28 subsys/bluetooth/controller/libsubsys__bluetooth__controller.a(radio.c.obj)
                0x000000000000b4b4                radio_whiten_iv_set
 .text.radio_aa_set
                0x000000000000b4dc       0x3c subsys/bluetooth/controller/libsubsys__bluetooth__controller.a(radio.c.obj)
                0x000000000000b4dc                radio_aa_set
 .text.radio_pkt_configure
                0x000000000000b518       0x4c subsys/bluetooth/controller/libsubsys__bluetooth__controller.a(radio.c.obj)
                0x000000000000b518                radio_pkt_configure
 .text.radio_pkt_rx_set
                0x000000000000b564       0x10 subsys/bluetooth/controller/libsubsys__bluetooth__controller.a(radio.c.obj)
                0x000000000000b564                radio_pkt_rx_set
 .text.radio_pkt_tx_set
                0x000000000000b574       0x10 subsys/bluetooth/controller/libsubsys__bluetooth__controller.a(radio.c.obj)
                0x000000000000b574                radio_pkt_tx_set
 .text.radio_tx_ready_delay_get
                0x000000000000b584        0x4 subsys/bluetooth/controller/libsubsys__bluetooth__controller.a(radio.c.obj)
                0x000000000000b584                radio_tx_ready_delay_get
 .text.radio_tx_chain_delay_get
                0x000000000000b588        0x4 subsys/bluetooth/controller/libsubsys__bluetooth__controller.a(radio.c.obj)
                0x000000000000b588                radio_tx_chain_delay_get
 .text.radio_rx_ready_delay_get
                0x000000000000b58c        0x4 subsys/bluetooth/controller/libsubsys__bluetooth__controller.a(radio.c.obj)
                0x000000000000b58c                radio_rx_ready_delay_get
 .text.radio_rx_chain_delay_get
                0x000000000000b590        0x4 subsys/bluetooth/controller/libsubsys__bluetooth__controller.a(radio.c.obj)
                0x000000000000b590                radio_rx_chain_delay_get
 .text.radio_rx_enable
                0x000000000000b594        0xc subsys/bluetooth/controller/libsubsys__bluetooth__controller.a(radio.c.obj)
                0x000000000000b594                radio_rx_enable
 .text.radio_tx_enable
                0x000000000000b5a0        0xc subsys/bluetooth/controller/libsubsys__bluetooth__controller.a(radio.c.obj)
                0x000000000000b5a0                radio_tx_enable
 .text.radio_disable
                0x000000000000b5ac       0x14 subsys/bluetooth/controller/libsubsys__bluetooth__controller.a(radio.c.obj)
                0x000000000000b5ac                radio_disable
 .text.radio_status_reset
                0x000000000000b5c0       0x10 subsys/bluetooth/controller/libsubsys__bluetooth__controller.a(radio.c.obj)
                0x000000000000b5c0                radio_status_reset
 .text.radio_is_ready
                0x000000000000b5d0       0x10 subsys/bluetooth/controller/libsubsys__bluetooth__controller.a(radio.c.obj)
                0x000000000000b5d0                radio_is_ready
 .text.radio_is_done
                0x000000000000b5e0       0x10 subsys/bluetooth/controller/libsubsys__bluetooth__controller.a(radio.c.obj)
                0x000000000000b5e0                radio_is_done
 .text.radio_is_idle
                0x000000000000b5f0       0x14 subsys/bluetooth/controller/libsubsys__bluetooth__controller.a(radio.c.obj)
                0x000000000000b5f0                radio_is_idle
 .text.radio_crc_configure
                0x000000000000b604       0x24 subsys/bluetooth/controller/libsubsys__bluetooth__controller.a(radio.c.obj)
                0x000000000000b604                radio_crc_configure
 .text.radio_crc_is_valid
                0x000000000000b628       0x14 subsys/bluetooth/controller/libsubsys__bluetooth__controller.a(radio.c.obj)
                0x000000000000b628                radio_crc_is_valid
 .text.radio_pkt_empty_get
                0x000000000000b63c        0x8 subsys/bluetooth/controller/libsubsys__bluetooth__controller.a(radio.c.obj)
                0x000000000000b63c                radio_pkt_empty_get
 .text.radio_pkt_scratch_get
                0x000000000000b644        0x8 subsys/bluetooth/controller/libsubsys__bluetooth__controller.a(radio.c.obj)
                0x000000000000b644                radio_pkt_scratch_get
 .text.radio_switch_complete_and_rx
                0x000000000000b64c       0x10 subsys/bluetooth/controller/libsubsys__bluetooth__controller.a(radio.c.obj)
                0x000000000000b64c                radio_switch_complete_and_rx
 .text.radio_switch_complete_and_tx
                0x000000000000b65c       0x10 subsys/bluetooth/controller/libsubsys__bluetooth__controller.a(radio.c.obj)
                0x000000000000b65c                radio_switch_complete_and_tx
 .text.radio_switch_complete_and_disable
                0x000000000000b66c       0x10 subsys/bluetooth/controller/libsubsys__bluetooth__controller.a(radio.c.obj)
                0x000000000000b66c                radio_switch_complete_and_disable
 .text.radio_rssi_measure
                0x000000000000b67c       0x18 subsys/bluetooth/controller/libsubsys__bluetooth__controller.a(radio.c.obj)
                0x000000000000b67c                radio_rssi_measure
 .text.radio_rssi_get
                0x000000000000b694       0x10 subsys/bluetooth/controller/libsubsys__bluetooth__controller.a(radio.c.obj)
                0x000000000000b694                radio_rssi_get
 .text.radio_rssi_status_reset
                0x000000000000b6a4        0xc subsys/bluetooth/controller/libsubsys__bluetooth__controller.a(radio.c.obj)
                0x000000000000b6a4                radio_rssi_status_reset
 .text.radio_rssi_is_ready
                0x000000000000b6b0       0x10 subsys/bluetooth/controller/libsubsys__bluetooth__controller.a(radio.c.obj)
                0x000000000000b6b0                radio_rssi_is_ready
 .text.radio_filter_configure
                0x000000000000b6c0       0x50 subsys/bluetooth/controller/libsubsys__bluetooth__controller.a(radio.c.obj)
                0x000000000000b6c0                radio_filter_configure
 .text.radio_filter_disable
                0x000000000000b710       0x14 subsys/bluetooth/controller/libsubsys__bluetooth__controller.a(radio.c.obj)
                0x000000000000b710                radio_filter_disable
 .text.radio_filter_status_reset
                0x000000000000b724        0xc subsys/bluetooth/controller/libsubsys__bluetooth__controller.a(radio.c.obj)
                0x000000000000b724                radio_filter_status_reset
 .text.radio_filter_has_match
                0x000000000000b730       0x10 subsys/bluetooth/controller/libsubsys__bluetooth__controller.a(radio.c.obj)
                0x000000000000b730                radio_filter_has_match
 .text.radio_filter_match_get
                0x000000000000b740       0x10 subsys/bluetooth/controller/libsubsys__bluetooth__controller.a(radio.c.obj)
                0x000000000000b740                radio_filter_match_get
 .text.radio_tmr_status_reset
                0x000000000000b750       0x20 subsys/bluetooth/controller/libsubsys__bluetooth__controller.a(radio.c.obj)
                0x000000000000b750                radio_tmr_status_reset
 .text.radio_tmr_tifs_set
                0x000000000000b770       0x10 subsys/bluetooth/controller/libsubsys__bluetooth__controller.a(radio.c.obj)
                0x000000000000b770                radio_tmr_tifs_set
 .text.radio_tmr_start
                0x000000000000b780       0x94 subsys/bluetooth/controller/libsubsys__bluetooth__controller.a(radio.c.obj)
                0x000000000000b780                radio_tmr_start
 .text.radio_tmr_stop
                0x000000000000b814       0x10 subsys/bluetooth/controller/libsubsys__bluetooth__controller.a(radio.c.obj)
                0x000000000000b814                radio_tmr_stop
 .text.radio_tmr_hcto_configure
                0x000000000000b824       0x54 subsys/bluetooth/controller/libsubsys__bluetooth__controller.a(radio.c.obj)
                0x000000000000b824                radio_tmr_hcto_configure
 .text.radio_tmr_aa_capture
                0x000000000000b878       0x44 subsys/bluetooth/controller/libsubsys__bluetooth__controller.a(radio.c.obj)
                0x000000000000b878                radio_tmr_aa_capture
 .text.radio_tmr_aa_get
                0x000000000000b8bc       0x10 subsys/bluetooth/controller/libsubsys__bluetooth__controller.a(radio.c.obj)
                0x000000000000b8bc                radio_tmr_aa_get
 .text.radio_tmr_aa_save
                0x000000000000b8cc        0xc subsys/bluetooth/controller/libsubsys__bluetooth__controller.a(radio.c.obj)
                0x000000000000b8cc                radio_tmr_aa_save
 .text.radio_tmr_aa_restore
                0x000000000000b8d8        0xc subsys/bluetooth/controller/libsubsys__bluetooth__controller.a(radio.c.obj)
                0x000000000000b8d8                radio_tmr_aa_restore
 .text.radio_tmr_ready_get
                0x000000000000b8e4       0x10 subsys/bluetooth/controller/libsubsys__bluetooth__controller.a(radio.c.obj)
                0x000000000000b8e4                radio_tmr_ready_get
 .text.radio_tmr_end_capture
                0x000000000000b8f4       0x2c subsys/bluetooth/controller/libsubsys__bluetooth__controller.a(radio.c.obj)
                0x000000000000b8f4                radio_tmr_end_capture
 .text.radio_tmr_end_get
                0x000000000000b920       0x10 subsys/bluetooth/controller/libsubsys__bluetooth__controller.a(radio.c.obj)
                0x000000000000b920                radio_tmr_end_get
 .text.radio_tmr_tifs_base_get
                0x000000000000b930       0x10 subsys/bluetooth/controller/libsubsys__bluetooth__controller.a(radio.c.obj)
                0x000000000000b930                radio_tmr_tifs_base_get
 .text.radio_ccm_rx_pkt_set
                0x000000000000b940       0x7c subsys/bluetooth/controller/libsubsys__bluetooth__controller.a(radio.c.obj)
                0x000000000000b940                radio_ccm_rx_pkt_set
 .text.radio_ccm_tx_pkt_set
                0x000000000000b9bc       0x58 subsys/bluetooth/controller/libsubsys__bluetooth__controller.a(radio.c.obj)
                0x000000000000b9bc                radio_ccm_tx_pkt_set
 .text.radio_ccm_is_done
                0x000000000000ba14       0x44 subsys/bluetooth/controller/libsubsys__bluetooth__controller.a(radio.c.obj)
                0x000000000000ba14                radio_ccm_is_done
 .text.radio_ccm_mic_is_valid
                0x000000000000ba58       0x14 subsys/bluetooth/controller/libsubsys__bluetooth__controller.a(radio.c.obj)
                0x000000000000ba58                radio_ccm_mic_is_valid
 .text.radio_ar_match_get
                0x000000000000ba6c       0x10 subsys/bluetooth/controller/libsubsys__bluetooth__controller.a(radio.c.obj)
                0x000000000000ba6c                radio_ar_match_get
 .text.radio_ar_status_reset
                0x000000000000ba7c       0x18 subsys/bluetooth/controller/libsubsys__bluetooth__controller.a(radio.c.obj)
                0x000000000000ba7c                radio_ar_status_reset
 .text.radio_ar_has_match
                0x000000000000ba94       0x28 subsys/bluetooth/controller/libsubsys__bluetooth__controller.a(radio.c.obj)
                0x000000000000ba94                radio_ar_has_match
 .text.mayfly_enable_cb
                0x000000000000babc       0x1e subsys/bluetooth/controller/libsubsys__bluetooth__controller.a(mayfly.c.obj)
                0x000000000000babc                mayfly_enable_cb
 .text.mayfly_is_enabled
                0x000000000000bada       0x1c subsys/bluetooth/controller/libsubsys__bluetooth__controller.a(mayfly.c.obj)
                0x000000000000bada                mayfly_is_enabled
 .text.mayfly_prio_is_equal
                0x000000000000baf6       0x1c subsys/bluetooth/controller/libsubsys__bluetooth__controller.a(mayfly.c.obj)
                0x000000000000baf6                mayfly_prio_is_equal
 *fill*         0x000000000000bb12        0x2 
 .text.mayfly_pend
                0x000000000000bb14       0x24 subsys/bluetooth/controller/libsubsys__bluetooth__controller.a(mayfly.c.obj)
                0x000000000000bb14                mayfly_pend
 .text.hal_ticker_instance0_caller_id_get
                0x000000000000bb38       0x18 subsys/bluetooth/controller/libsubsys__bluetooth__controller.a(ticker.c.obj)
                0x000000000000bb38                hal_ticker_instance0_caller_id_get
 .text.hal_ticker_instance0_sched
                0x000000000000bb50       0x74 subsys/bluetooth/controller/libsubsys__bluetooth__controller.a(ticker.c.obj)
                0x000000000000bb50                hal_ticker_instance0_sched
 .text.hal_ticker_instance0_trigger_set
                0x000000000000bbc4        0xc subsys/bluetooth/controller/libsubsys__bluetooth__controller.a(ticker.c.obj)
                0x000000000000bbc4                hal_ticker_instance0_trigger_set
 .text.fixed_data_unref
                0x000000000000bbd0        0x2 subsys/net/libsubsys__net.a(buf.c.obj)
 *fill*         0x000000000000bbd2        0x2 
 .text.net_buf_pool_get
                0x000000000000bbd4        0xc subsys/net/libsubsys__net.a(buf.c.obj)
                0x000000000000bbd4                net_buf_pool_get
 .text.net_buf_id
                0x000000000000bbe0       0x1c subsys/net/libsubsys__net.a(buf.c.obj)
                0x000000000000bbe0                net_buf_id
 .text.fixed_data_alloc
                0x000000000000bbfc       0x2c subsys/net/libsubsys__net.a(buf.c.obj)
 .text.net_buf_alloc_len
                0x000000000000bc28       0xd0 subsys/net/libsubsys__net.a(buf.c.obj)
                0x000000000000bc28                net_buf_alloc_len
 .text.net_buf_alloc_fixed
                0x000000000000bcf8       0x10 subsys/net/libsubsys__net.a(buf.c.obj)
                0x000000000000bcf8                net_buf_alloc_fixed
 .text.net_buf_simple_reserve
                0x000000000000bd08        0x8 subsys/net/libsubsys__net.a(buf.c.obj)
                0x000000000000bd08                net_buf_simple_reserve
 .text.net_buf_put
                0x000000000000bd10       0x1c subsys/net/libsubsys__net.a(buf.c.obj)
                0x000000000000bd10                net_buf_put
 .text.net_buf_unref
                0x000000000000bd2c       0x64 subsys/net/libsubsys__net.a(buf.c.obj)
                0x000000000000bd2c                net_buf_unref
 .text.net_buf_ref
                0x000000000000bd90        0x8 subsys/net/libsubsys__net.a(buf.c.obj)
                0x000000000000bd90                net_buf_ref
 .text.net_buf_simple_add
                0x000000000000bd98        0xe subsys/net/libsubsys__net.a(buf.c.obj)
                0x000000000000bd98                net_buf_simple_add
 .text.net_buf_simple_add_mem
                0x000000000000bda6       0x14 subsys/net/libsubsys__net.a(buf.c.obj)
                0x000000000000bda6                net_buf_simple_add_mem
 .text.net_buf_simple_pull
                0x000000000000bdba       0x10 subsys/net/libsubsys__net.a(buf.c.obj)
                0x000000000000bdba                net_buf_simple_pull
 .text.net_buf_simple_pull_u8
                0x000000000000bdca       0x10 subsys/net/libsubsys__net.a(buf.c.obj)
                0x000000000000bdca                net_buf_simple_pull_u8
 .text.net_buf_simple_headroom
                0x000000000000bdda        0x8 subsys/net/libsubsys__net.a(buf.c.obj)
                0x000000000000bdda                net_buf_simple_headroom
 *fill*         0x000000000000bde2        0x2 
 .text._sys_device_do_config_level
                0x000000000000bde4       0x24 kernel/libkernel.a(device.c.obj)
                0x000000000000bde4                _sys_device_do_config_level
 .text.device_get_binding
                0x000000000000be08       0x50 kernel/libkernel.a(device.c.obj)
                0x000000000000be08                device_get_binding
 .text._sys_power_save_idle_exit
                0x000000000000be58       0x18 kernel/libkernel.a(idle.c.obj)
                0x000000000000be58                _sys_power_save_idle_exit
 .text.idle     0x000000000000be70       0x48 kernel/libkernel.a(idle.c.obj)
                0x000000000000be70                idle
 .text._bss_zero
                0x000000000000beb8       0x18 kernel/libkernel.a(init.c.obj)
                0x000000000000beb8                _bss_zero
 .text._data_copy
                0x000000000000bed0       0x1c kernel/libkernel.a(init.c.obj)
                0x000000000000bed0                _data_copy
 .text._main    0x000000000000beec       0x38 kernel/libkernel.a(init.c.obj)
 .text._Cstart  0x000000000000bf24      0x104 kernel/libkernel.a(init.c.obj)
                0x000000000000bf24                _Cstart
 .text.get_bit_ptr
                0x000000000000c028       0x2a kernel/libkernel.a(mempool.c.obj)
 .text.set_free_bit
                0x000000000000c052       0x16 kernel/libkernel.a(mempool.c.obj)
 .text.init_static_pools
                0x000000000000c068       0xa4 kernel/libkernel.a(mempool.c.obj)
                0x000000000000c068                init_static_pools
 .text.adjust_owner_prio.isra.7
                0x000000000000c10c       0x2c kernel/libkernel.a(mutex.c.obj)
 .text._impl_k_mutex_lock
                0x000000000000c138       0xc4 kernel/libkernel.a(mutex.c.obj)
                0x000000000000c138                _impl_k_mutex_lock
 .text._impl_k_mutex_unlock
                0x000000000000c1fc       0xe0 kernel/libkernel.a(mutex.c.obj)
                0x000000000000c1fc                _impl_k_mutex_unlock
 .text.k_queue_init
                0x000000000000c2dc       0x10 kernel/libkernel.a(queue.c.obj)
                0x000000000000c2dc                k_queue_init
 .text.k_queue_insert
                0x000000000000c2ec       0x56 kernel/libkernel.a(queue.c.obj)
                0x000000000000c2ec                k_queue_insert
 .text.k_queue_append
                0x000000000000c342        0xc kernel/libkernel.a(queue.c.obj)
                0x000000000000c342                k_queue_append
 .text.k_queue_prepend
                0x000000000000c34e        0xc kernel/libkernel.a(queue.c.obj)
                0x000000000000c34e                k_queue_prepend
 .text.k_queue_append_list
                0x000000000000c35a       0x36 kernel/libkernel.a(queue.c.obj)
                0x000000000000c35a                k_queue_append_list
 .text.k_queue_get
                0x000000000000c390       0x8e kernel/libkernel.a(queue.c.obj)
                0x000000000000c390                k_queue_get
 *fill*         0x000000000000c41e        0x2 
 .text._add_thread_to_ready_q
                0x000000000000c420       0x50 kernel/libkernel.a(sched.c.obj)
                0x000000000000c420                _add_thread_to_ready_q
 .text._ready_thread
                0x000000000000c470       0x1e kernel/libkernel.a(sched.c.obj)
 *fill*         0x000000000000c48e        0x2 
 .text._add_timeout
                0x000000000000c490       0xa0 kernel/libkernel.a(sched.c.obj)
 .text._remove_thread_from_ready_q
                0x000000000000c530       0x5c kernel/libkernel.a(sched.c.obj)
                0x000000000000c530                _remove_thread_from_ready_q
 .text._pend_thread
                0x000000000000c58c       0x60 kernel/libkernel.a(sched.c.obj)
                0x000000000000c58c                _pend_thread
 .text._pend_current_thread
                0x000000000000c5ec       0x20 kernel/libkernel.a(sched.c.obj)
                0x000000000000c5ec                _pend_current_thread
 .text.__must_switch_threads
                0x000000000000c60c       0x24 kernel/libkernel.a(sched.c.obj)
                0x000000000000c60c                __must_switch_threads
 .text._reschedule_threads
                0x000000000000c630       0x34 kernel/libkernel.a(sched.c.obj)
                0x000000000000c630                _reschedule_threads
 .text.k_sched_unlock
                0x000000000000c664       0x1c kernel/libkernel.a(sched.c.obj)
                0x000000000000c664                k_sched_unlock
 .text._move_thread_to_end_of_prio_q
                0x000000000000c680       0x4c kernel/libkernel.a(sched.c.obj)
                0x000000000000c680                _move_thread_to_end_of_prio_q
 .text._impl_k_yield
                0x000000000000c6cc       0x38 kernel/libkernel.a(sched.c.obj)
                0x000000000000c6cc                _impl_k_yield
 .text._impl_k_sleep
                0x000000000000c704       0x48 kernel/libkernel.a(sched.c.obj)
                0x000000000000c704                _impl_k_sleep
 .text._impl_k_current_get
                0x000000000000c74c        0xc kernel/libkernel.a(sched.c.obj)
                0x000000000000c74c                _impl_k_current_get
 .text._is_thread_time_slicing
                0x000000000000c758       0x50 kernel/libkernel.a(sched.c.obj)
                0x000000000000c758                _is_thread_time_slicing
 .text._update_time_slice_before_swap
                0x000000000000c7a8        0xc kernel/libkernel.a(sched.c.obj)
                0x000000000000c7a8                _update_time_slice_before_swap
 .text._unpend_first_thread
                0x000000000000c7b4       0x4c kernel/libkernel.a(sem.c.obj)
 .text._impl_k_sem_init
                0x000000000000c800       0x12 kernel/libkernel.a(sem.c.obj)
                0x000000000000c800                _impl_k_sem_init
 *fill*         0x000000000000c812        0x2 
 .text._impl_k_sem_give
                0x000000000000c814       0xb4 kernel/libkernel.a(sem.c.obj)
                0x000000000000c814                _impl_k_sem_give
 .text._impl_k_sem_take
                0x000000000000c8c8       0x3c kernel/libkernel.a(sem.c.obj)
                0x000000000000c8c8                _impl_k_sem_take
 .text._impl_k_uptime_get_32
                0x000000000000c904       0x10 kernel/libkernel.a(sys_clock.c.obj)
                0x000000000000c904                _impl_k_uptime_get_32
 .text._tick_get
                0x000000000000c914       0x18 kernel/libkernel.a(sys_clock.c.obj)
                0x000000000000c914                sys_tick_get
                0x000000000000c914                _tick_get
 .text._impl_k_uptime_get
                0x000000000000c92c       0x10 kernel/libkernel.a(sys_clock.c.obj)
                0x000000000000c92c                _impl_k_uptime_get
 .text._nano_sys_clock_tick_announce
                0x000000000000c93c      0x1a4 kernel/libkernel.a(sys_clock.c.obj)
                0x000000000000c93c                _nano_sys_clock_tick_announce
 .text.k_sys_work_q_init
                0x000000000000cae0       0x20 kernel/libkernel.a(system_work_q.c.obj)
 .text._is_thread_ready
                0x000000000000cb00       0x16 kernel/libkernel.a(thread.c.obj)
 *fill*         0x000000000000cb16        0x2 
 .text._abort_timeout
                0x000000000000cb18       0x34 kernel/libkernel.a(thread.c.obj)
 .text.schedule_new_thread.part.13
                0x000000000000cb4c       0x74 kernel/libkernel.a(thread.c.obj)
 .text.k_is_in_isr
                0x000000000000cbc0       0x14 kernel/libkernel.a(thread.c.obj)
                0x000000000000cbc0                k_is_in_isr
 .text._is_thread_essential
                0x000000000000cbd4       0x10 kernel/libkernel.a(thread.c.obj)
                0x000000000000cbd4                _is_thread_essential
 .text._thread_entry
                0x000000000000cbe4       0x14 kernel/libkernel.a(thread.c.obj)
                0x000000000000cbe4                _thread_entry
 .text._impl_k_thread_start
                0x000000000000cbf8       0x50 kernel/libkernel.a(thread.c.obj)
                0x000000000000cbf8                _impl_k_thread_start
 .text._setup_new_thread
                0x000000000000cc48       0x20 kernel/libkernel.a(thread.c.obj)
                0x000000000000cc48                _setup_new_thread
 .text._impl_k_thread_create
                0x000000000000cc68       0x40 kernel/libkernel.a(thread.c.obj)
                0x000000000000cc68                _impl_k_thread_create
 .text._k_thread_single_abort
                0x000000000000cca8       0x4e kernel/libkernel.a(thread.c.obj)
                0x000000000000cca8                _k_thread_single_abort
 *fill*         0x000000000000ccf6        0x2 
 .text._init_static_threads
                0x000000000000ccf8       0x80 kernel/libkernel.a(thread.c.obj)
                0x000000000000ccf8                _init_static_threads
 .text._init_thread_base
                0x000000000000cd78       0x18 kernel/libkernel.a(thread.c.obj)
                0x000000000000cd78                _init_thread_base
 .text.work_q_main
                0x000000000000cd90       0x2e kernel/libkernel.a(work_q.c.obj)
 *fill*         0x000000000000cdbe        0x2 
 .text.k_work_q_start
                0x000000000000cdc0       0x34 kernel/libkernel.a(work_q.c.obj)
                0x000000000000cdc0                k_work_q_start
 .text._ready_thread
                0x000000000000cdf4       0x1e kernel/libkernel.a(timer.c.obj)
 .text._unpend_thread
                0x000000000000ce12       0x14 kernel/libkernel.a(timer.c.obj)
 *fill*         0x000000000000ce26        0x2 
 .text._abort_timeout
                0x000000000000ce28       0x34 kernel/libkernel.a(timer.c.obj)
 .text._add_timeout.constprop.9
                0x000000000000ce5c       0x74 kernel/libkernel.a(timer.c.obj)
 .text._timer_expiration_handler
                0x000000000000ced0       0x5a kernel/libkernel.a(timer.c.obj)
                0x000000000000ced0                _timer_expiration_handler
 .text._impl_k_timer_start
                0x000000000000cf2a       0x3c kernel/libkernel.a(timer.c.obj)
                0x000000000000cf2a                _impl_k_timer_start
 *fill*         0x000000000000cf66        0x2 
 .text._impl_k_timer_stop
                0x000000000000cf68       0x88 kernel/libkernel.a(timer.c.obj)
                0x000000000000cf68                _impl_k_timer_stop
 .text.atomic_get
                0x000000000000cff0        0x4 kernel/libkernel.a(atomic_c.c.obj)
                0x000000000000cff0                atomic_get
 .text.atomic_set
                0x000000000000cff4       0x14 kernel/libkernel.a(atomic_c.c.obj)
                0x000000000000cff4                atomic_set
 .text.atomic_or
                0x000000000000d008       0x16 kernel/libkernel.a(atomic_c.c.obj)
                0x000000000000d008                atomic_or
 .text.atomic_and
                0x000000000000d01e       0x16 kernel/libkernel.a(atomic_c.c.obj)
                0x000000000000d01e                atomic_and
 .text.sys_dlist_remove
                0x000000000000d034        0xc kernel/libkernel.a(poll.c.obj)
 .text.clear_event_registrations
                0x000000000000d040       0x40 kernel/libkernel.a(poll.c.obj)
 .text._signal_poll_event
                0x000000000000d080       0xc4 kernel/libkernel.a(poll.c.obj)
 .text.add_event
                0x000000000000d144       0x5c kernel/libkernel.a(poll.c.obj)
 .text.k_poll_event_init
                0x000000000000d1a0       0x2e kernel/libkernel.a(poll.c.obj)
                0x000000000000d1a0                k_poll_event_init
 *fill*         0x000000000000d1ce        0x2 
 .text.k_poll   0x000000000000d1d0      0x12c kernel/libkernel.a(poll.c.obj)
                0x000000000000d1d0                k_poll
 .text._handle_obj_poll_events
                0x000000000000d2fc       0x26 kernel/libkernel.a(poll.c.obj)
                0x000000000000d2fc                _handle_obj_poll_events
 .text._OffsetAbsSyms
                0x000000000000d322        0x2 CMakeFiles/offsets.dir/arch/arm/core/offsets/offsets.c.obj
                0x000000000000d322                _OffsetAbsSyms
 *(.gnu.linkonce.t.*)
                0x000000000000d324                _image_text_end = .

.glue_7         0x000000000000d324        0x0
 .glue_7        0x000000000000d324        0x0 linker stubs

.glue_7t        0x000000000000d324        0x0
 .glue_7t       0x000000000000d324        0x0 linker stubs

.vfp11_veneer   0x000000000000d324        0x0
 .vfp11_veneer  0x000000000000d324        0x0 linker stubs

.v4_bx          0x000000000000d324        0x0
 .v4_bx         0x000000000000d324        0x0 linker stubs

.iplt           0x000000000000d324        0x0
 .iplt          0x000000000000d324        0x0 CMakeFiles/kernel_elf.dir/isr_tables.c.obj

.igot.plt       0x000000000000d324        0x0
 .igot.plt      0x000000000000d324        0x0 CMakeFiles/kernel_elf.dir/isr_tables.c.obj

.ARM.exidx      0x000000000000d324        0x8
                0x000000000000d324                __exidx_start = .
 *(.ARM.exidx* gnu.linkonce.armexidx.*)
 .ARM.exidx     0x000000000000d324        0x8 /opt/zephyr-sdk/sysroots/armv5-zephyr-eabi/usr/lib/arm-zephyr-eabi/6.2.0/armv6-m/libgcc.a(_udivmoddi4.o)
                0x000000000000d32c                __exidx_end = .
                0x000000000000d32c                _image_rodata_start = .

devconfig       0x000000000000d32c       0xb4
                0x000000000000d32c                __devconfig_start = .
 *(.devconfig.*)
 .devconfig.init
                0x000000000000d32c        0xc libzephyr.a(soc.c.obj)
 .devconfig.init
                0x000000000000d338        0xc libzephyr.a(uart_console.c.obj)
 .devconfig.init
                0x000000000000d344        0xc libzephyr.a(mb_display.c.obj)
 .devconfig.init
                0x000000000000d350       0x18 libzephyr.a(nrf5_power_clock.c.obj)
 .devconfig.init
                0x000000000000d368        0xc libzephyr.a(gpio_nrf5.c.obj)
 .devconfig.init
                0x000000000000d374        0xc libzephyr.a(i2c_gpio.c.obj)
 .devconfig.init
                0x000000000000d380        0xc libzephyr.a(i2c_nrf5.c.obj)
 .devconfig.init
                0x000000000000d38c        0xc libzephyr.a(pwm_nrf5_sw.c.obj)
 .devconfig.init
                0x000000000000d398        0xc libzephyr.a(temp_nrf5.c.obj)
 .devconfig.init
                0x000000000000d3a4        0xc libzephyr.a(uart_nrf5.c.obj)
 .devconfig.init
                0x000000000000d3b0        0xc libzephyr.a(sys_clock_init.c.obj)
 .devconfig.init
                0x000000000000d3bc        0xc subsys/bluetooth/controller/libsubsys__bluetooth__controller.a(hci_driver.c.obj)
 .devconfig.init
                0x000000000000d3c8        0xc kernel/libkernel.a(mempool.c.obj)
 .devconfig.init
                0x000000000000d3d4        0xc kernel/libkernel.a(system_work_q.c.obj)
 *(SORT(.devconfig*))
                0x000000000000d3e0                __devconfig_end = .

net_l2          0x000000000000d3e0        0x0
                0x000000000000d3e0                __net_l2_start = .
 *(.net_l2.init)
 *(SORT(.net_l2.init*))
                0x000000000000d3e0                __net_l2_end = .

rodata          0x000000000000d3e0      0x77c
 *(.rodata)
 .rodata        0x000000000000d3e0        0x7 subsys/bluetooth/host/libsubsys__bluetooth__host.a(hci_core.c.obj)
 .rodata        0x000000000000d3e7       0x1a subsys/bluetooth/controller/libsubsys__bluetooth__controller.a(ctrl.c.obj)
 *fill*         0x000000000000d401        0x3 
 .rodata        0x000000000000d404       0x40 /opt/zephyr-sdk/sysroots/armv5-zephyr-eabi/usr/lib/arm-zephyr-eabi/6.2.0/armv6-m/libgcc.a(divdf3.o)
 *(.rodata.*)
 .rodata._prf.str1.1
                0x000000000000d444        0xb ../libapp.a(prf.c.obj)
 .rodata.shifts.3783
                0x000000000000d44f        0x3 ../libapp.a(prf.c.obj)
 .rodata.button_pressed.str1.1
                0x000000000000d452       0x16 ../libapp.a(main.c.obj)
 .rodata.main.str1.1
                0x000000000000d468       0xb4 ../libapp.a(main.c.obj)
 .rodata.s1_display.str1.1
                0x000000000000d51c        0xf ../libapp.a(main.c.obj)
 .rodata.s2_accelerometer.str1.1
                0x000000000000d52b        0x2 ../libapp.a(main.c.obj)
 .rodata.s3_compass.str1.1
                0x000000000000d52d        0x2 ../libapp.a(main.c.obj)
 .rodata.s4_temperature.str1.1
                0x000000000000d52f       0x22 ../libapp.a(main.c.obj)
 .rodata.s5_bluetooth.str1.1
                0x000000000000d551        0x2 ../libapp.a(main.c.obj)
 .rodata.str1.1
                0x000000000000d553        0x2 libzephyr.a(soc.c.obj)
                                          0x1 (size before relaxing)
 .rodata._Fault.str1.1
                0x000000000000d553       0xa4 libzephyr.a(fault.c.obj)
 .rodata._NanoFatalErrorHandler.str1.1
                0x000000000000d5f7       0xba libzephyr.a(fatal.c.obj)
 .rodata._SysFatalErrorHandler.str1.1
                0x000000000000d6b1       0x5a libzephyr.a(sys_fatal_error_handler.c.obj)
 .rodata.str1.1
                0x000000000000d70b        0x1 libzephyr.a(uart_console.c.obj)
 .rodata.uart_console_init.str1.1
                0x000000000000d70b        0x7 libzephyr.a(uart_console.c.obj)
 .rodata.map    0x000000000000d712       0x1b libzephyr.a(mb_display.c.obj)
 .rodata.mb_display_init.str1.1
                0x000000000000d72d        0x7 libzephyr.a(mb_display.c.obj)
 .rodata.str1.1
                0x000000000000d72d        0x1 libzephyr.a(mb_display.c.obj)
 .rodata.mb_font
                0x000000000000d72d      0x1db libzephyr.a(mb_font.c.obj)
                0x000000000000d72d                mb_font
 .rodata._k32src_clock_control_api
                0x000000000000d908        0xc libzephyr.a(nrf5_power_clock.c.obj)
 .rodata._m16src_clock_control_api
                0x000000000000d914        0xc libzephyr.a(nrf5_power_clock.c.obj)
 .rodata.str1.1
                0x000000000000d920       0x16 libzephyr.a(nrf5_power_clock.c.obj)
 *fill*         0x000000000000d936        0x2 
 .rodata.drive_strength.7472
                0x000000000000d938       0x40 libzephyr.a(gpio_nrf5.c.obj)
 .rodata.gpio_nrf5_P0_cfg
                0x000000000000d978        0xc libzephyr.a(gpio_nrf5.c.obj)
 .rodata.gpio_nrf5_drv_api_funcs
                0x000000000000d984       0x1c libzephyr.a(gpio_nrf5.c.obj)
 .rodata.str1.1
                0x000000000000d9a0        0x7 libzephyr.a(gpio_nrf5.c.obj)
 .rodata.delays_fast
                0x000000000000d9a0        0x8 libzephyr.a(i2c_bitbang.c.obj)
 .rodata.delays_standard
                0x000000000000d9a8        0x8 libzephyr.a(i2c_bitbang.c.obj)
 .rodata.i2c_gpio_dev_cfg_0
                0x000000000000d9b0        0x8 libzephyr.a(i2c_gpio.c.obj)
 .rodata.io_fns
                0x000000000000d9b8        0xc libzephyr.a(i2c_gpio.c.obj)
 .rodata.str1.1
                0x000000000000d9c4        0x6 libzephyr.a(i2c_gpio.c.obj)
                                          0x7 (size before relaxing)
 *fill*         0x000000000000d9ca        0x2 
 .rodata.i2c_nrf5_config_0
                0x000000000000d9cc       0x14 libzephyr.a(i2c_nrf5.c.obj)
 .rodata.i2c_nrf5_driver_api
                0x000000000000d9e0        0x8 libzephyr.a(i2c_nrf5.c.obj)