Archive member included to satisfy reference by file (symbol)

../libapp.a(atoi.c.obj)       (--whole-archive)
../libapp.a(strtol.c.obj)     (--whole-archive)
../libapp.a(strtoul.c.obj)    (--whole-archive)
../libapp.a(strncasecmp.c.obj)
                              (--whole-archive)
../libapp.a(strstr.c.obj)     (--whole-archive)
../libapp.a(string.c.obj)     (--whole-archive)
../libapp.a(prf.c.obj)        (--whole-archive)
../libapp.a(stdout_console.c.obj)
                              (--whole-archive)
../libapp.a(sprintf.c.obj)    (--whole-archive)
../libapp.a(fprintf.c.obj)    (--whole-archive)
../libapp.a(main.c.obj)       (--whole-archive)
libzephyr.a(isr_tables.c.obj)
                              (--whole-archive)
libzephyr.a(soc.c.obj)        (--whole-archive)
libzephyr.a(exc_exit.S.obj)   (--whole-archive)
libzephyr.a(irq_init.c.obj)   (--whole-archive)
libzephyr.a(swap.S.obj)       (--whole-archive)
libzephyr.a(fault.c.obj)      (--whole-archive)
libzephyr.a(irq_manage.c.obj)
                              (--whole-archive)
libzephyr.a(thread.c.obj)     (--whole-archive)
libzephyr.a(cpu_idle.S.obj)   (--whole-archive)
libzephyr.a(fault_s.S.obj)    (--whole-archive)
libzephyr.a(fatal.c.obj)      (--whole-archive)
libzephyr.a(sys_fatal_error_handler.c.obj)
                              (--whole-archive)
libzephyr.a(thread_abort.c.obj)
                              (--whole-archive)
libzephyr.a(isr_wrapper.S.obj)
                              (--whole-archive)
libzephyr.a(irq_relay.S.obj)  (--whole-archive)
libzephyr.a(vector_table.S.obj)
                              (--whole-archive)
libzephyr.a(reset.S.obj)      (--whole-archive)
libzephyr.a(nmi_on_reset.S.obj)
                              (--whole-archive)
libzephyr.a(prep_c.c.obj)     (--whole-archive)
libzephyr.a(scb.c.obj)        (--whole-archive)
libzephyr.a(nmi.c.obj)        (--whole-archive)
libzephyr.a(exc_manage.c.obj)
                              (--whole-archive)
libzephyr.a(crc16_sw.c.obj)   (--whole-archive)
libzephyr.a(crc8_sw.c.obj)    (--whole-archive)
libzephyr.a(printk.c.obj)     (--whole-archive)
libzephyr.a(configs.c.obj)    (--whole-archive)
libzephyr.a(uart_console.c.obj)
                              (--whole-archive)
libzephyr.a(mb_display.c.obj)
                              (--whole-archive)
libzephyr.a(mb_font.c.obj)    (--whole-archive)
libzephyr.a(nrf5_power_clock.c.obj)
                              (--whole-archive)
libzephyr.a(gpio_nrf5.c.obj)  (--whole-archive)
libzephyr.a(pwm_nrf5_sw.c.obj)
                              (--whole-archive)
libzephyr.a(uart_nrf5.c.obj)  (--whole-archive)
libzephyr.a(sys_clock_init.c.obj)
                              (--whole-archive)
libzephyr.a(nrf_rtc_timer.c.obj)
                              (--whole-archive)
subsys/bluetooth/common/libsubsys__bluetooth__common.a(dummy.c.obj)
                              (--whole-archive)
subsys/bluetooth/host/libsubsys__bluetooth__host.a(uuid.c.obj)
                              (--whole-archive)
subsys/bluetooth/host/libsubsys__bluetooth__host.a(hci_core.c.obj)
                              (--whole-archive)
subsys/bluetooth/controller/libsubsys__bluetooth__controller.a(mem.c.obj)
                              (--whole-archive)
subsys/bluetooth/controller/libsubsys__bluetooth__controller.a(memq.c.obj)
                              (--whole-archive)
subsys/bluetooth/controller/libsubsys__bluetooth__controller.a(mayfly.c.obj)
                              (--whole-archive)
subsys/bluetooth/controller/libsubsys__bluetooth__controller.a(util.c.obj)
                              (--whole-archive)
subsys/bluetooth/controller/libsubsys__bluetooth__controller.a(ticker.c.obj)
                              (--whole-archive)
subsys/bluetooth/controller/libsubsys__bluetooth__controller.a(ll_addr.c.obj)
                              (--whole-archive)
subsys/bluetooth/controller/libsubsys__bluetooth__controller.a(ll_tx_pwr.c.obj)
                              (--whole-archive)
subsys/bluetooth/controller/libsubsys__bluetooth__controller.a(crypto.c.obj)
                              (--whole-archive)
subsys/bluetooth/controller/libsubsys__bluetooth__controller.a(hci_driver.c.obj)
                              (--whole-archive)
subsys/bluetooth/controller/libsubsys__bluetooth__controller.a(hci.c.obj)
                              (--whole-archive)
subsys/bluetooth/controller/libsubsys__bluetooth__controller.a(ctrl.c.obj)
                              (--whole-archive)
subsys/bluetooth/controller/libsubsys__bluetooth__controller.a(ll.c.obj)
                              (--whole-archive)
subsys/bluetooth/controller/libsubsys__bluetooth__controller.a(ll_adv.c.obj)
                              (--whole-archive)
subsys/bluetooth/controller/libsubsys__bluetooth__controller.a(ll_filter.c.obj)
                              (--whole-archive)
subsys/bluetooth/controller/libsubsys__bluetooth__controller.a(cntr.c.obj)
[...]
Memory Configuration

Name             Origin             Length             Attributes
FLASH            0x0000000000000000 0x0000000000040000 xr
SRAM             0x0000000020000000 0x0000000000004000 xw
IDT_LIST         0x0000000020004000 0x0000000000000800 xw
*default*        0x0000000000000000 0xffffffffffffffff

Linker script and memory map

LOAD CMakeFiles/kernel_elf.dir/misc/empty_file.c.obj
LOAD CMakeFiles/kernel_elf.dir/isr_tables.c.obj
START GROUP
LOAD ../libapp.a
LOAD libzephyr.a
LOAD subsys/bluetooth/common/libsubsys__bluetooth__common.a
LOAD subsys/bluetooth/host/libsubsys__bluetooth__host.a
LOAD subsys/bluetooth/controller/libsubsys__bluetooth__controller.a
LOAD subsys/net/libsubsys__net.a
LOAD kernel/libkernel.a
LOAD CMakeFiles/offsets.dir/arch/arm/core/offsets/offsets.c.obj
END GROUP
LOAD /opt/zephyr-sdk/sysroots/armv5-zephyr-eabi/usr/lib/arm-zephyr-eabi/6.2.0/armv6-m/libgcc.a
                0x0000000000000000                _image_rom_start = 0x0

text            0x0000000000000000     0xab98
                0x0000000000000000                . = 0x0
                0x0000000000000000                _vector_start = .
 *(.exc_vector_table)
 *(.exc_vector_table.*)
 .exc_vector_table._vector_table_section
                0x0000000000000000       0x40 libzephyr.a(vector_table.S.obj)
                0x0000000000000000                _vector_table
 *(.gnu.linkonce.irq_vector_table)
 .gnu.linkonce.irq_vector_table
                0x0000000000000040       0x68 CMakeFiles/kernel_elf.dir/isr_tables.c.obj
                0x0000000000000040                _irq_vector_table
 *(.openocd_dbg)
 *(.openocd_dbg.*)
 *(.kinetis_flash_config)
 *(.kinetis_flash_config.*)
 *(.gnu.linkonce.sw_isr_table)
 .gnu.linkonce.sw_isr_table
                0x00000000000000a8       0xd0 CMakeFiles/kernel_elf.dir/isr_tables.c.obj
                0x00000000000000a8                _sw_isr_table
                0x0000000000000178                _vector_end = .
                0x0000000000000178                _image_text_start = .
 *(.text)
 .text          0x0000000000000178       0x14 /opt/zephyr-sdk/sysroots/armv5-zephyr-eabi/usr/lib/arm-zephyr-eabi/6.2.0/armv6-m/libgcc.a(_thumb1_case_sqi.o)
                0x0000000000000178                __gnu_thumb1_case_sqi
 .text          0x000000000000018c       0x14 /opt/zephyr-sdk/sysroots/armv5-zephyr-eabi/usr/lib/arm-zephyr-eabi/6.2.0/armv6-m/libgcc.a(_thumb1_case_uqi.o)
                0x000000000000018c                __gnu_thumb1_case_uqi
 .text          0x00000000000001a0       0x14 /opt/zephyr-sdk/sysroots/armv5-zephyr-eabi/usr/lib/arm-zephyr-eabi/6.2.0/armv6-m/libgcc.a(_thumb1_case_shi.o)
                0x00000000000001a0                __gnu_thumb1_case_shi
 .text          0x00000000000001b4       0x14 /opt/zephyr-sdk/sysroots/armv5-zephyr-eabi/usr/lib/arm-zephyr-eabi/6.2.0/armv6-m/libgcc.a(_thumb1_case_uhi.o)
                0x00000000000001b4                __gnu_thumb1_case_uhi
 .text          0x00000000000001c8       0x9c /opt/zephyr-sdk/sysroots/armv5-zephyr-eabi/usr/lib/arm-zephyr-eabi/6.2.0/armv6-m/libgcc.a(_udivsi3.o)
                0x00000000000001c8                __udivsi3
                0x00000000000001c8                __aeabi_uidiv
                0x0000000000000250                __aeabi_uidivmod
 .text          0x0000000000000264       0xc0 /opt/zephyr-sdk/sysroots/armv5-zephyr-eabi/usr/lib/arm-zephyr-eabi/6.2.0/armv6-m/libgcc.a(_divsi3.o)
                0x0000000000000264                __aeabi_idiv
                0x0000000000000264                __divsi3
                0x0000000000000310                __aeabi_idivmod
 .text          0x0000000000000324        0x4 /opt/zephyr-sdk/sysroots/armv5-zephyr-eabi/usr/lib/arm-zephyr-eabi/6.2.0/armv6-m/libgcc.a(_dvmd_tls.o)
                0x0000000000000324                __aeabi_ldiv0
                0x0000000000000324                __aeabi_idiv0
 .text          0x0000000000000328       0x40 /opt/zephyr-sdk/sysroots/armv5-zephyr-eabi/usr/lib/arm-zephyr-eabi/6.2.0/armv6-m/libgcc.a(_aeabi_uldivmod.o)
                0x0000000000000328                __aeabi_uldivmod
 .text          0x0000000000000368       0x54 /opt/zephyr-sdk/sysroots/armv5-zephyr-eabi/usr/lib/arm-zephyr-eabi/6.2.0/armv6-m/libgcc.a(_muldi3.o)
                0x0000000000000368                __aeabi_lmul
                0x0000000000000368                __muldi3
 .text          0x00000000000003bc       0x14 /opt/zephyr-sdk/sysroots/armv5-zephyr-eabi/usr/lib/arm-zephyr-eabi/6.2.0/armv6-m/libgcc.a(_ffssi2.o)
                0x00000000000003bc                __ffssi2
 .text          0x00000000000003d0       0x34 /opt/zephyr-sdk/sysroots/armv5-zephyr-eabi/usr/lib/arm-zephyr-eabi/6.2.0/armv6-m/libgcc.a(_popcountsi2.o)
                0x00000000000003d0                __popcountsi2
 .text          0x0000000000000404      0x180 /opt/zephyr-sdk/sysroots/armv5-zephyr-eabi/usr/lib/arm-zephyr-eabi/6.2.0/armv6-m/libgcc.a(_udivmoddi4.o)
                0x0000000000000404                __udivmoddi4
 .text          0x0000000000000584       0x18 /opt/zephyr-sdk/sysroots/armv5-zephyr-eabi/usr/lib/arm-zephyr-eabi/6.2.0/armv6-m/libgcc.a(_clzdi2.o)
                0x0000000000000584                __clzdi2
 .text          0x000000000000059c       0x40 /opt/zephyr-sdk/sysroots/armv5-zephyr-eabi/usr/lib/arm-zephyr-eabi/6.2.0/armv6-m/libgcc.a(_ctzsi2.o)
                0x000000000000059c                __ctzsi2
 .text          0x00000000000005dc       0x3c /opt/zephyr-sdk/sysroots/armv5-zephyr-eabi/usr/lib/arm-zephyr-eabi/6.2.0/armv6-m/libgcc.a(_clzsi2.o)
                0x00000000000005dc                __clzsi2
 *(.text.*)
 .text.strcpy   0x0000000000000618       0x12 ../libapp.a(string.c.obj)
                0x0000000000000618                strcpy
 .text.strcmp   0x000000000000062a       0x18 ../libapp.a(string.c.obj)
                0x000000000000062a                strcmp
 .text.memcmp   0x0000000000000642       0x26 ../libapp.a(string.c.obj)
                0x0000000000000642                memcmp
 .text.memcpy   0x0000000000000668       0x54 ../libapp.a(string.c.obj)
                0x0000000000000668                memcpy
 .text.memset   0x00000000000006bc       0x4a ../libapp.a(string.c.obj)
                0x00000000000006bc                memset
 *fill*         0x0000000000000706        0x2 
 .text.s1_display
                0x0000000000000708       0x1c ../libapp.a(main.c.obj)
                0x0000000000000708                s1_display
 .text.s2_accelerometer
                0x0000000000000724       0x18 ../libapp.a(main.c.obj)
                0x0000000000000724                s2_accelerometer
 .text.s3_compass
                0x000000000000073c       0x18 ../libapp.a(main.c.obj)
                0x000000000000073c                s3_compass
 .text.s4_temperature
                0x0000000000000754       0x18 ../libapp.a(main.c.obj)
                0x0000000000000754                s4_temperature
 .text.s5_bluetooth
                0x000000000000076c       0x18 ../libapp.a(main.c.obj)
                0x000000000000076c                s5_bluetooth
 .text.button_pressed
                0x0000000000000784       0x4c ../libapp.a(main.c.obj)
 .text.main     0x00000000000007d0       0x74 ../libapp.a(main.c.obj)
                0x00000000000007d0                main
 .text.nordicsemi_nrf51_init
                0x0000000000000844       0x9c libzephyr.a(soc.c.obj)
 .text._HandlerModeExit
                0x00000000000008e0       0x30 libzephyr.a(exc_exit.S.obj)
                0x00000000000008e0                _ExcExit
                0x00000000000008e0                _IntExit
 .text._IntLibInit
                0x0000000000000910       0x30 libzephyr.a(irq_init.c.obj)
                0x0000000000000910                _IntLibInit
 .text.__pendsv
                0x0000000000000940       0x5c libzephyr.a(swap.S.obj)
                0x0000000000000940                __pendsv
 .text.__svc    0x000000000000099c       0x28 libzephyr.a(swap.S.obj)
                0x000000000000099c                __svc
 .text.__swap   0x00000000000009c4       0x28 libzephyr.a(swap.S.obj)
                0x00000000000009c4                __swap
 .text._Fault   0x00000000000009ec       0x54 libzephyr.a(fault.c.obj)
                0x00000000000009ec                _Fault
 .text._FaultInit
                0x0000000000000a40        0x2 libzephyr.a(fault.c.obj)
                0x0000000000000a40                _FaultInit
 *fill*         0x0000000000000a42        0x2 
 .text._arch_irq_enable
                0x0000000000000a44       0x18 libzephyr.a(irq_manage.c.obj)
                0x0000000000000a44                _arch_irq_enable
 .text._arch_irq_disable
                0x0000000000000a5c       0x20 libzephyr.a(irq_manage.c.obj)
                0x0000000000000a5c                _arch_irq_disable
 .text._arch_irq_is_enabled
                0x0000000000000a7c       0x1c libzephyr.a(irq_manage.c.obj)
                0x0000000000000a7c                _arch_irq_is_enabled
 .text._irq_priority_set
                0x0000000000000a98       0x64 libzephyr.a(irq_manage.c.obj)
                0x0000000000000a98                _irq_priority_set
 .text._irq_spurious
                0x0000000000000afc        0x8 libzephyr.a(irq_manage.c.obj)
                0x0000000000000afc                _irq_spurious
 .text._arch_isr_direct_pm
                0x0000000000000b04       0x24 libzephyr.a(irq_manage.c.obj)
                0x0000000000000b04                _arch_isr_direct_pm
 .text._new_thread
                0x0000000000000b28       0x4c libzephyr.a(thread.c.obj)
                0x0000000000000b28                _new_thread
 .text._CpuIdleInit
                0x0000000000000b74        0xc libzephyr.a(cpu_idle.S.obj)
                0x0000000000000b74                _CpuIdleInit
 .text.k_cpu_idle
                0x0000000000000b80        0x8 libzephyr.a(cpu_idle.S.obj)
                0x0000000000000b80                k_cpu_idle
 .text.__fault  0x0000000000000b88       0x1c libzephyr.a(fault_s.S.obj)
                0x0000000000000b88                __reserved
                0x0000000000000b88                __hard_fault
 .text._NanoFatalErrorHandler
                0x0000000000000ba4       0x54 libzephyr.a(fatal.c.obj)
                0x0000000000000ba4                _NanoFatalErrorHandler
 .text._do_kernel_oops
                0x0000000000000bf8        0xc libzephyr.a(fatal.c.obj)
                0x0000000000000bf8                _do_kernel_oops
 .text._SysFatalErrorHandler
                0x0000000000000c04       0x54 libzephyr.a(sys_fatal_error_handler.c.obj)
                0x0000000000000c04                _SysFatalErrorHandler
 .text._impl_k_thread_abort
                0x0000000000000c58       0x44 libzephyr.a(thread_abort.c.obj)
                0x0000000000000c58                _impl_k_thread_abort
 .text._isr_wrapper
                0x0000000000000c9c       0x38 libzephyr.a(isr_wrapper.S.obj)
                0x0000000000000c9c                _isr_wrapper
 .text._reset_section
                0x0000000000000cd4       0x1c libzephyr.a(reset.S.obj)
                0x0000000000000cd4                __reset
                0x0000000000000cd4                __start
 .text._SysNmiOnReset
                0x0000000000000cf0        0x4 libzephyr.a(nmi_on_reset.S.obj)
                0x0000000000000cf0                _SysNmiOnReset
 .text.relocate_vector_table
                0x0000000000000cf4        0x2 libzephyr.a(prep_c.c.obj)
                0x0000000000000cf4                relocate_vector_table
 .text._PrepC   0x0000000000000cf6       0x12 libzephyr.a(prep_c.c.obj)
                0x0000000000000cf6                _PrepC
 .text.__nmi    0x0000000000000d08        0xc libzephyr.a(nmi.c.obj)
                0x0000000000000d08                __nmi
 .text._nop_char_out
                0x0000000000000d14        0x4 libzephyr.a(printk.c.obj)
 .text.char_out
                0x0000000000000d18       0x14 libzephyr.a(printk.c.obj)
 .text._printk_dec_ulong
                0x0000000000000d2c       0xb0 libzephyr.a(printk.c.obj)
 .text.str_out  0x0000000000000ddc       0x2c libzephyr.a(printk.c.obj)
 .text.__printk_hook_install
                0x0000000000000e08        0xc libzephyr.a(printk.c.obj)
                0x0000000000000e08                __printk_hook_install
 .text._vprintk
                0x0000000000000e14      0x258 libzephyr.a(printk.c.obj)
                0x0000000000000e14                _vprintk
 .text.vprintk  0x000000000000106c       0x1c libzephyr.a(printk.c.obj)
                0x000000000000106c                vprintk
 .text.printk   0x0000000000001088       0x16 libzephyr.a(printk.c.obj)
                0x0000000000001088                printk
 *fill*         0x000000000000109e        0x2 
 .text.snprintk
                0x00000000000010a0       0x38 libzephyr.a(printk.c.obj)
                0x00000000000010a0                snprintk
 .text.vsnprintk
                0x00000000000010d8       0x28 libzephyr.a(printk.c.obj)
                0x00000000000010d8                vsnprintk
 .text._ConfigAbsSyms
                0x0000000000001100        0x2 libzephyr.a(configs.c.obj)
                0x0000000000001100                _ConfigAbsSyms
 *fill*         0x0000000000001102        0x2 
 .text.console_out
                0x0000000000001104       0x28 libzephyr.a(uart_console.c.obj)
 .text.uart_console_hook_install
                0x000000000000112c       0x10 libzephyr.a(uart_console.c.obj)
                0x000000000000112c                uart_console_hook_install
 .text.uart_console_init
                0x000000000000113c       0x1c libzephyr.a(uart_console.c.obj)
 .text.reset_display
                0x0000000000001158       0x24 libzephyr.a(mb_display.c.obj)
 .text.start_image
                0x000000000000117c       0x98 libzephyr.a(mb_display.c.obj)
 .text.gpio_pin_configure.constprop.4
                0x0000000000001214       0x10 libzephyr.a(mb_display.c.obj)
 .text.mb_display_init
                0x0000000000001224       0x78 libzephyr.a(mb_display.c.obj)
 .text.current_img
                0x000000000000129c       0x44 libzephyr.a(mb_display.c.obj)
 .text.start_single
                0x00000000000012e0       0x30 libzephyr.a(mb_display.c.obj)
 .text.clear_display
                0x0000000000001310       0x18 libzephyr.a(mb_display.c.obj)
 .text.show_row
                0x0000000000001328      0x1cc libzephyr.a(mb_display.c.obj)
 .text.mb_display_print
                0x00000000000014f4       0xa0 libzephyr.a(mb_display.c.obj)
                0x00000000000014f4                mb_display_print
 .text.mb_display_get
                0x0000000000001594        0x8 libzephyr.a(mb_display.c.obj)
                0x0000000000001594                mb_display_get
 .text._m16src_stop
                0x000000000000159c       0x68 libzephyr.a(nrf5_power_clock.c.obj)
 .text._clock_control_init
                0x0000000000001604       0x16 libzephyr.a(nrf5_power_clock.c.obj)
 *fill*         0x000000000000161a        0x2 
 .text._m16src_start
                0x000000000000161c       0xbc libzephyr.a(nrf5_power_clock.c.obj)
 .text._k32src_start
                0x00000000000016d8       0xd4 libzephyr.a(nrf5_power_clock.c.obj)
 .text._power_clock_isr
                0x00000000000017ac       0xa0 libzephyr.a(nrf5_power_clock.c.obj)
 .text.gpiote_find_channel
                0x000000000000184c       0x36 libzephyr.a(gpio_nrf5.c.obj)
 .text.gpio_nrf5_read
                0x0000000000001882       0x20 libzephyr.a(gpio_nrf5.c.obj)
 *fill*         0x00000000000018a2        0x2 
 .text.gpio_nrf5_write
                0x00000000000018a4       0x30 libzephyr.a(gpio_nrf5.c.obj)
 .text.gpio_nrf5_manage_callback
                0x00000000000018d4       0x4a libzephyr.a(gpio_nrf5.c.obj)
 .text.gpio_nrf5_enable_callback
                0x000000000000191e       0x42 libzephyr.a(gpio_nrf5.c.obj)
 .text.gpio_nrf5_disable_callback
                0x0000000000001960       0x3a libzephyr.a(gpio_nrf5.c.obj)
 .text.gpio_nrf5_P0_init
                0x000000000000199a       0x16 libzephyr.a(gpio_nrf5.c.obj)
 .text.gpio_nrf5_port_isr
                0x00000000000019b0       0x6a libzephyr.a(gpio_nrf5.c.obj)
 *fill*         0x0000000000001a1a        0x2 
 .text.gpio_nrf5_config
                0x0000000000001a1c      0x128 libzephyr.a(gpio_nrf5.c.obj)
 .text.pwm_nrf5_sw_pin_set
                0x0000000000001b44      0x1e4 libzephyr.a(pwm_nrf5_sw.c.obj)
 .text.pwm_nrf5_sw_get_cycles_per_sec
                0x0000000000001d28        0xe libzephyr.a(pwm_nrf5_sw.c.obj)
 .text.pwm_nrf5_sw_init
                0x0000000000001d36        0x4 libzephyr.a(pwm_nrf5_sw.c.obj)
 .text.uart_nrf5_poll_in
                0x0000000000001d3a       0x24 libzephyr.a(uart_nrf5.c.obj)
 *fill*         0x0000000000001d5e        0x2 
 .text.uart_nrf5_poll_out
                0x0000000000001d60       0x20 libzephyr.a(uart_nrf5.c.obj)
 .text.uart_nrf5_err_check
                0x0000000000001d80       0x20 libzephyr.a(uart_nrf5.c.obj)
 .text.uart_nrf5_init
                0x0000000000001da0       0x80 libzephyr.a(uart_nrf5.c.obj)
 .text.rtc_compare_set
                0x0000000000001e20       0x34 libzephyr.a(nrf_rtc_timer.c.obj)
 .text.rtc_announce_set_next
                0x0000000000001e54       0x5c libzephyr.a(nrf_rtc_timer.c.obj)
 .text.rtc1_nrf5_isr
                0x0000000000001eb0       0x14 libzephyr.a(nrf_rtc_timer.c.obj)
 .text._timer_idle_enter
                0x0000000000001ec4       0x2c libzephyr.a(nrf_rtc_timer.c.obj)
                0x0000000000001ec4                _timer_idle_enter
 .text._timer_idle_exit
                0x0000000000001ef0       0x2c libzephyr.a(nrf_rtc_timer.c.obj)
                0x0000000000001ef0                _timer_idle_exit
 .text._sys_clock_driver_init
                0x0000000000001f1c       0x84 libzephyr.a(nrf_rtc_timer.c.obj)
                0x0000000000001f1c                _sys_clock_driver_init
 .text.hci_cmd_done.isra.9
                0x0000000000001fa0       0x50 subsys/bluetooth/host/libsubsys__bluetooth__host.a(hci_core.c.obj)
 .text.atomic_test_bit.constprop.24
                0x0000000000001ff0       0x24 subsys/bluetooth/host/libsubsys__bluetooth__host.a(hci_core.c.obj)
 .text.bt_hci_cmd_create
                0x0000000000002014       0x60 subsys/bluetooth/host/libsubsys__bluetooth__host.a(hci_core.c.obj)
                0x0000000000002014                bt_hci_cmd_create
 .text.bt_hci_cmd_send_sync
                0x0000000000002074       0x84 subsys/bluetooth/host/libsubsys__bluetooth__host.a(hci_core.c.obj)
                0x0000000000002074                bt_hci_cmd_send_sync
 .text.set_random_address
                0x00000000000020f8       0x5c subsys/bluetooth/host/libsubsys__bluetooth__host.a(hci_core.c.obj)
 .text.set_le_scan_enable
                0x0000000000002154       0x68 subsys/bluetooth/host/libsubsys__bluetooth__host.a(hci_core.c.obj)
 .text.bt_le_scan_update
                0x00000000000021bc       0x22 subsys/bluetooth/host/libsubsys__bluetooth__host.a(hci_core.c.obj)
                0x00000000000021bc                bt_le_scan_update
 .text.bt_addr_le_create_static
                0x00000000000021de       0x20 subsys/bluetooth/host/libsubsys__bluetooth__host.a(hci_core.c.obj)
                0x00000000000021de                bt_addr_le_create_static
 *fill*         0x00000000000021fe        0x2 
 .text.hci_init
                0x0000000000002200      0x3a4 subsys/bluetooth/host/libsubsys__bluetooth__host.a(hci_core.c.obj)
 .text.init_work
                0x00000000000025a4       0x30 subsys/bluetooth/host/libsubsys__bluetooth__host.a(hci_core.c.obj)
 .text.bt_recv  0x00000000000025d4      0x15c subsys/bluetooth/host/libsubsys__bluetooth__host.a(hci_core.c.obj)
                0x00000000000025d4                bt_recv
 .text.bt_recv_prio
                0x0000000000002730       0x88 subsys/bluetooth/host/libsubsys__bluetooth__host.a(hci_core.c.obj)
                0x0000000000002730                bt_recv_prio
 .text.bt_hci_driver_register
                0x00000000000027b8       0x2c subsys/bluetooth/host/libsubsys__bluetooth__host.a(hci_core.c.obj)
                0x00000000000027b8                bt_hci_driver_register
 .text.bt_buf_get_rx
                0x00000000000027e4       0x20 subsys/bluetooth/host/libsubsys__bluetooth__host.a(hci_core.c.obj)
                0x00000000000027e4                bt_buf_get_rx
 .text.bt_buf_get_cmd_complete
                0x0000000000002804       0x40 subsys/bluetooth/host/libsubsys__bluetooth__host.a(hci_core.c.obj)
                0x0000000000002804                bt_buf_get_cmd_complete
 .text.mem_init
                0x0000000000002844       0x4c subsys/bluetooth/controller/libsubsys__bluetooth__controller.a(mem.c.obj)
                0x0000000000002844                mem_init
 .text.mem_acquire
                0x0000000000002890       0x32 subsys/bluetooth/controller/libsubsys__bluetooth__controller.a(mem.c.obj)
                0x0000000000002890                mem_acquire
 .text.mem_release
                0x00000000000028c2       0x2c subsys/bluetooth/controller/libsubsys__bluetooth__controller.a(mem.c.obj)
                0x00000000000028c2                mem_release
 .text.mem_get  0x00000000000028ee        0x6 subsys/bluetooth/controller/libsubsys__bluetooth__controller.a(mem.c.obj)
                0x00000000000028ee                mem_get
 .text.mem_index_get
                0x00000000000028f4       0x10 subsys/bluetooth/controller/libsubsys__bluetooth__controller.a(mem.c.obj)
                0x00000000000028f4                mem_index_get
 .text.mem_rcopy
                0x0000000000002904       0x20 subsys/bluetooth/controller/libsubsys__bluetooth__controller.a(mem.c.obj)
                0x0000000000002904                mem_rcopy
 .text.memq_init
                0x0000000000002924        0x6 subsys/bluetooth/controller/libsubsys__bluetooth__controller.a(memq.c.obj)
                0x0000000000002924                memq_init
 .text.memq_enqueue
                0x000000000000292a        0xc subsys/bluetooth/controller/libsubsys__bluetooth__controller.a(memq.c.obj)
                0x000000000000292a                memq_enqueue
 .text.memq_peek
                0x0000000000002936       0x12 subsys/bluetooth/controller/libsubsys__bluetooth__controller.a(memq.c.obj)
                0x0000000000002936                memq_peek
 .text.memq_dequeue
                0x0000000000002948       0x20 subsys/bluetooth/controller/libsubsys__bluetooth__controller.a(memq.c.obj)
                0x0000000000002948                memq_dequeue
 .text.mayfly_init
                0x0000000000002968       0x4c subsys/bluetooth/controller/libsubsys__bluetooth__controller.a(mayfly.c.obj)
                0x0000000000002968                mayfly_init
 .text.mayfly_enable
                0x00000000000029b4       0x48 subsys/bluetooth/controller/libsubsys__bluetooth__controller.a(mayfly.c.obj)
                0x00000000000029b4                mayfly_enable
 .text.mayfly_enqueue
                0x00000000000029fc       0xa4 subsys/bluetooth/controller/libsubsys__bluetooth__controller.a(mayfly.c.obj)
                0x00000000000029fc                mayfly_enqueue
 .text.mayfly_run
                0x0000000000002aa0      0x120 subsys/bluetooth/controller/libsubsys__bluetooth__controller.a(mayfly.c.obj)
                0x0000000000002aa0                mayfly_run
 .text.util_ones_count_get
                0x0000000000002bc0       0x22 subsys/bluetooth/controller/libsubsys__bluetooth__controller.a(util.c.obj)
                0x0000000000002bc0                util_ones_count_get
 .text.ticker_dequeue
                0x0000000000002be2       0x50 subsys/bluetooth/controller/libsubsys__bluetooth__controller.a(ticker.c.obj)
 .text.ticks_to_expire_prep
                0x0000000000002c32       0x3a subsys/bluetooth/controller/libsubsys__bluetooth__controller.a(ticker.c.obj)
 .text.ticker_job_op_cb
                0x0000000000002c6c       0x18 subsys/bluetooth/controller/libsubsys__bluetooth__controller.a(ticker.c.obj)
 .text.ticker_worker
                0x0000000000002c84       0xa6 subsys/bluetooth/controller/libsubsys__bluetooth__controller.a(ticker.c.obj)
                0x0000000000002c84                ticker_worker
 *fill*         0x0000000000002d2a        0x2 
 .text.ticker_job
                0x0000000000002d2c      0x728 subsys/bluetooth/controller/libsubsys__bluetooth__controller.a(ticker.c.obj)
                0x0000000000002d2c                ticker_job
 .text.ticker_init
                0x0000000000003454       0x70 subsys/bluetooth/controller/libsubsys__bluetooth__controller.a(ticker.c.obj)
                0x0000000000003454                ticker_init
 .text.ticker_trigger
                0x00000000000034c4       0x20 subsys/bluetooth/controller/libsubsys__bluetooth__controller.a(ticker.c.obj)
                0x00000000000034c4                ticker_trigger
 .text.ticker_start
                0x00000000000034e4       0x84 subsys/bluetooth/controller/libsubsys__bluetooth__controller.a(ticker.c.obj)
                0x00000000000034e4                ticker_start
 .text.ticker_update
                0x0000000000003568       0xa0 subsys/bluetooth/controller/libsubsys__bluetooth__controller.a(ticker.c.obj)
                0x0000000000003568                ticker_update
 .text.ticker_stop
                0x0000000000003608       0x5c subsys/bluetooth/controller/libsubsys__bluetooth__controller.a(ticker.c.obj)
                0x0000000000003608                ticker_stop
 .text.ticker_next_slot_get
                0x0000000000003664       0x6c subsys/bluetooth/controller/libsubsys__bluetooth__controller.a(ticker.c.obj)
                0x0000000000003664                ticker_next_slot_get
 .text.ticker_job_idle_get
                0x00000000000036d0       0x60 subsys/bluetooth/controller/libsubsys__bluetooth__controller.a(ticker.c.obj)
                0x00000000000036d0                ticker_job_idle_get
 .text.ticker_job_sched
                0x0000000000003730       0x20 subsys/bluetooth/controller/libsubsys__bluetooth__controller.a(ticker.c.obj)
                0x0000000000003730                ticker_job_sched
 .text.ticker_ticks_now_get
                0x0000000000003750        0x8 subsys/bluetooth/controller/libsubsys__bluetooth__controller.a(ticker.c.obj)
                0x0000000000003750                ticker_ticks_now_get
 .text.ticker_ticks_diff_get
                0x0000000000003758        0x8 subsys/bluetooth/controller/libsubsys__bluetooth__controller.a(ticker.c.obj)
                0x0000000000003758                ticker_ticks_diff_get
 .text.ll_addr_get
                0x0000000000003760       0x30 subsys/bluetooth/controller/libsubsys__bluetooth__controller.a(ll_addr.c.obj)
                0x0000000000003760                ll_addr_get
 .text.ll_addr_set
                0x0000000000003790       0x38 subsys/bluetooth/controller/libsubsys__bluetooth__controller.a(ll_addr.c.obj)
                0x0000000000003790                ll_addr_set
 .text.ll_tx_pwr_get
                0x00000000000037c8        0x8 subsys/bluetooth/controller/libsubsys__bluetooth__controller.a(ll_tx_pwr.c.obj)
                0x00000000000037c8                ll_tx_pwr_get
 .text.bt_rand  0x00000000000037d0       0x3c subsys/bluetooth/controller/libsubsys__bluetooth__controller.a(crypto.c.obj)
                0x00000000000037d0                bt_rand
 .text._hci_driver_init
                0x000000000000380c       0x10 subsys/bluetooth/controller/libsubsys__bluetooth__controller.a(hci_driver.c.obj)
 .text.hci_driver_send
                0x000000000000381c       0x2c subsys/bluetooth/controller/libsubsys__bluetooth__controller.a(hci_driver.c.obj)
 .text.recv_thread
                0x0000000000003848       0x74 subsys/bluetooth/controller/libsubsys__bluetooth__controller.a(hci_driver.c.obj)
 .text.prio_recv_thread
                0x00000000000038bc       0x3c subsys/bluetooth/controller/libsubsys__bluetooth__controller.a(hci_driver.c.obj)
 .text.hci_driver_open
                0x00000000000038f8       0x70 subsys/bluetooth/controller/libsubsys__bluetooth__controller.a(hci_driver.c.obj)
 .text.sys_put_le32
                0x0000000000003968       0x10 subsys/bluetooth/controller/libsubsys__bluetooth__controller.a(hci.c.obj)
 .text.evt_create
                0x0000000000003978       0x14 subsys/bluetooth/controller/libsubsys__bluetooth__controller.a(hci.c.obj)
 .text.cmd_complete
                0x000000000000398c       0x44 subsys/bluetooth/controller/libsubsys__bluetooth__controller.a(hci.c.obj)
 .text.meta_evt
                0x00000000000039d0       0x28 subsys/bluetooth/controller/libsubsys__bluetooth__controller.a(hci.c.obj)
 .text.le_remote_feat_complete
                0x00000000000039f8       0x50 subsys/bluetooth/controller/libsubsys__bluetooth__controller.a(hci.c.obj)
 .text.bt_addr_le_to_str.constprop.42
                0x0000000000003a48       0x78 subsys/bluetooth/controller/libsubsys__bluetooth__controller.a(hci.c.obj)
 .text.le_adv_ext_report.isra.37.part.38
                0x0000000000003ac0       0x32 subsys/bluetooth/controller/libsubsys__bluetooth__controller.a(hci.c.obj)
 .text.sys_get_le64
                0x0000000000003af2       0x2c subsys/bluetooth/controller/libsubsys__bluetooth__controller.a(hci.c.obj)
 *fill*         0x0000000000003b1e        0x2 
 .text.hci_cmd_handle
                0x0000000000003b20      0x59c subsys/bluetooth/controller/libsubsys__bluetooth__controller.a(hci.c.obj)
                0x0000000000003b20                hci_cmd_handle
 .text.hci_evt_encode
                0x00000000000040bc      0x1a8 subsys/bluetooth/controller/libsubsys__bluetooth__controller.a(hci.c.obj)
                0x00000000000040bc                hci_evt_encode
 .text.hci_get_class
                0x0000000000004264       0x40 subsys/bluetooth/controller/libsubsys__bluetooth__controller.a(hci.c.obj)
                0x0000000000004264                hci_get_class
 .text.hci_init
                0x00000000000042a4       0x24 subsys/bluetooth/controller/libsubsys__bluetooth__controller.a(hci.c.obj)
                0x00000000000042a4                hci_init
 .text.cpu_sleep
                0x00000000000042c8        0x8 subsys/bluetooth/controller/libsubsys__bluetooth__controller.a(ctrl.c.obj)
 .text.pdu_len_cmp
                0x00000000000042d0       0x28 subsys/bluetooth/controller/libsubsys__bluetooth__controller.a(ctrl.c.obj)
 .text.ticker_if_done
                0x00000000000042f8        0x4 subsys/bluetooth/controller/libsubsys__bluetooth__controller.a(ctrl.c.obj)
 .text.prepare_reduced
                0x00000000000042fc       0x10 subsys/bluetooth/controller/libsubsys__bluetooth__controller.a(ctrl.c.obj)
 .text.prepare_normal
                0x000000000000430c        0xe subsys/bluetooth/controller/libsubsys__bluetooth__controller.a(ctrl.c.obj)
 .text.chan_sel_remap
                0x000000000000431a       0x34 subsys/bluetooth/controller/libsubsys__bluetooth__controller.a(ctrl.c.obj)
 *fill*         0x000000000000434e        0x2 
 .text.packet_rx_reserve_get
                0x0000000000004350       0x40 subsys/bluetooth/controller/libsubsys__bluetooth__controller.a(ctrl.c.obj)
 .text.conn_update_req
                0x0000000000004390       0x6a subsys/bluetooth/controller/libsubsys__bluetooth__controller.a(ctrl.c.obj)
 *fill*         0x00000000000043fa        0x2 
 .text.tx_cmplt_get
                0x00000000000043fc       0x98 subsys/bluetooth/controller/libsubsys__bluetooth__controller.a(ctrl.c.obj)
 .text.connection_get
                0x0000000000004494       0x30 subsys/bluetooth/controller/libsubsys__bluetooth__controller.a(ctrl.c.obj)
 .text.role_disable
                0x00000000000044c4      0x200 subsys/bluetooth/controller/libsubsys__bluetooth__controller.a(ctrl.c.obj)
 .text.sched_after_mstr_free_slot_get
                0x00000000000046c4      0x11c subsys/bluetooth/controller/libsubsys__bluetooth__controller.a(ctrl.c.obj)
 .text.isr_adv_ci_adva_check
                0x00000000000047e0       0x42 subsys/bluetooth/controller/libsubsys__bluetooth__controller.a(ctrl.c.obj)
 *fill*         0x0000000000004822        0x2 
 .text.rx_fc_lock
                0x0000000000004824       0x38 subsys/bluetooth/controller/libsubsys__bluetooth__controller.a(ctrl.c.obj)
 .text.ticker_job_disable
                0x000000000000485c       0x1c subsys/bluetooth/controller/libsubsys__bluetooth__controller.a(ctrl.c.obj)
 .text.hdr_conn_get
                0x0000000000004878       0x3c subsys/bluetooth/controller/libsubsys__bluetooth__controller.a(ctrl.c.obj)
 .text.mayfly_xtal_retain.part.15
                0x00000000000048b4       0x30 subsys/bluetooth/controller/libsubsys__bluetooth__controller.a(ctrl.c.obj)
 .text.rx_packet_set
                0x00000000000048e4       0x40 subsys/bluetooth/controller/libsubsys__bluetooth__controller.a(ctrl.c.obj)
 .text.tx_packet_set
                0x0000000000004924       0x3e subsys/bluetooth/controller/libsubsys__bluetooth__controller.a(ctrl.c.obj)
 *fill*         0x0000000000004962        0x2 
 .text.isr_scan_tgta_check.isra.30
                0x0000000000004964       0x5c subsys/bluetooth/controller/libsubsys__bluetooth__controller.a(ctrl.c.obj)
 .text.radio_event_adv_prepare.part.43
                0x00000000000049c0        0x6 subsys/bluetooth/controller/libsubsys__bluetooth__controller.a(ctrl.c.obj)
 *fill*         0x00000000000049c6        0x2 
 .text.prepare_normal_set
                0x00000000000049c8       0x48 subsys/bluetooth/controller/libsubsys__bluetooth__controller.a(ctrl.c.obj)
 .text.terminate_ind_rx_enqueue
                0x0000000000004a10       0x44 subsys/bluetooth/controller/libsubsys__bluetooth__controller.a(ctrl.c.obj)
 .text.packet_rx_enqueue
                0x0000000000004a54       0x60 subsys/bluetooth/controller/libsubsys__bluetooth__controller.a(ctrl.c.obj)
 .text.mayfly_adv_stop
                0x0000000000004ab4       0x2e subsys/bluetooth/controller/libsubsys__bluetooth__controller.a(ctrl.c.obj)
 *fill*         0x0000000000004ae2        0x2 
 .text.ticker_stop_adv_stop
                0x0000000000004ae4      0x118 subsys/bluetooth/controller/libsubsys__bluetooth__controller.a(ctrl.c.obj)
 .text.sched_after_mstr_free_offset_get
                0x0000000000004bfc       0x6c subsys/bluetooth/controller/libsubsys__bluetooth__controller.a(ctrl.c.obj)
 .text.mayfly_sched_win_offset_use
                0x0000000000004c68       0x30 subsys/bluetooth/controller/libsubsys__bluetooth__controller.a(ctrl.c.obj)
 .text.chan_set
                0x0000000000004c98       0x38 subsys/bluetooth/controller/libsubsys__bluetooth__controller.a(ctrl.c.obj)
 .text.adv_setup
                0x0000000000004cd0       0xbc subsys/bluetooth/controller/libsubsys__bluetooth__controller.a(ctrl.c.obj)
 .text.pdu_node_tx_release
                0x0000000000004d8c       0x48 subsys/bluetooth/controller/libsubsys__bluetooth__controller.a(ctrl.c.obj)
 .text.packet_tx_enqueue
                0x0000000000004dd4       0xa0 subsys/bluetooth/controller/libsubsys__bluetooth__controller.a(ctrl.c.obj)
 .text.connection_release
                0x0000000000004e74      0x10c subsys/bluetooth/controller/libsubsys__bluetooth__controller.a(ctrl.c.obj)
 .text.mayfly_radio_stop
                0x0000000000004f80       0x34 subsys/bluetooth/controller/libsubsys__bluetooth__controller.a(ctrl.c.obj)
 .text.mayfly_radio_active
                0x0000000000004fb4       0x34 subsys/bluetooth/controller/libsubsys__bluetooth__controller.a(ctrl.c.obj)
 .text.mayfly_radio_inactive
                0x0000000000004fe8        0xa subsys/bluetooth/controller/libsubsys__bluetooth__controller.a(ctrl.c.obj)
 *fill*         0x0000000000004ff2        0x2 
 .text.event_xtal
                0x0000000000004ff4       0x1c subsys/bluetooth/controller/libsubsys__bluetooth__controller.a(ctrl.c.obj)
 .text.event_active
                0x0000000000005010       0x1c subsys/bluetooth/controller/libsubsys__bluetooth__controller.a(ctrl.c.obj)
 .text.ticker_update_slave_assert
                0x000000000000502c       0x1c subsys/bluetooth/controller/libsubsys__bluetooth__controller.a(ctrl.c.obj)
 .text.ticker_update_adv_assert
                0x0000000000005048       0x18 subsys/bluetooth/controller/libsubsys__bluetooth__controller.a(ctrl.c.obj)
 .text.ticker_stop_scan_assert
                0x0000000000005060       0x28 subsys/bluetooth/controller/libsubsys__bluetooth__controller.a(ctrl.c.obj)
 .text.ticker_stop_adv_assert
                0x0000000000005088       0x28 subsys/bluetooth/controller/libsubsys__bluetooth__controller.a(ctrl.c.obj)
 .text.ticker_success_assert
                0x00000000000050b0        0xc subsys/bluetooth/controller/libsubsys__bluetooth__controller.a(ctrl.c.obj)
 .text.isr_rx_scan_report.isra.37
                0x00000000000050bc       0x60 subsys/bluetooth/controller/libsubsys__bluetooth__controller.a(ctrl.c.obj)
 .text.adv_scan_configure.constprop.47
                0x000000000000511c       0x4c subsys/bluetooth/controller/libsubsys__bluetooth__controller.a(ctrl.c.obj)
 .text.event_stop.constprop.48
                0x0000000000005168       0x20 subsys/bluetooth/controller/libsubsys__bluetooth__controller.a(ctrl.c.obj)
 .text.event_common_prepare
                0x0000000000005188      0x188 subsys/bluetooth/controller/libsubsys__bluetooth__controller.a(ctrl.c.obj)
 .text.radio_event_adv_prepare
                0x0000000000005310       0x38 subsys/bluetooth/controller/libsubsys__bluetooth__controller.a(ctrl.c.obj)
                0x0000000000005310                radio_event_adv_prepare
 .text.event_adv_stop
                0x0000000000005348       0x2c subsys/bluetooth/controller/libsubsys__bluetooth__controller.a(ctrl.c.obj)
                0x0000000000005348                event_adv_stop
 .text.packet_rx_allocate.constprop.49
                0x0000000000005374       0x8c subsys/bluetooth/controller/libsubsys__bluetooth__controller.a(ctrl.c.obj)
 .text.common_init
                0x0000000000005400       0xd4 subsys/bluetooth/controller/libsubsys__bluetooth__controller.a(ctrl.c.obj)
 .text.mayfly_xtal_start
                0x00000000000054d4       0x14 subsys/bluetooth/controller/libsubsys__bluetooth__controller.a(ctrl.c.obj)
 .text.mayfly_xtal_stop
                0x00000000000054e8       0x14 subsys/bluetooth/controller/libsubsys__bluetooth__controller.a(ctrl.c.obj)
 .text.chan_sel_2
                0x00000000000054fc       0x80 subsys/bluetooth/controller/libsubsys__bluetooth__controller.a(ctrl.c.obj)
 .text.preempt_calc
                0x000000000000557c       0x44 subsys/bluetooth/controller/libsubsys__bluetooth__controller.a(ctrl.c.obj)
 .text.event_adv
                0x00000000000055c0       0xa8 subsys/bluetooth/controller/libsubsys__bluetooth__controller.a(ctrl.c.obj)
 .text.ctrl_tx_enqueue
                0x0000000000005668       0x62 subsys/bluetooth/controller/libsubsys__bluetooth__controller.a(ctrl.c.obj)
 .text.ctrl_tx_sec_enqueue
                0x00000000000056ca       0x32 subsys/bluetooth/controller/libsubsys__bluetooth__controller.a(ctrl.c.obj)
 .text.feature_rsp_send
                0x00000000000056fc       0x88 subsys/bluetooth/controller/libsubsys__bluetooth__controller.a(ctrl.c.obj)
 .text.event_connection_prepare
                0x0000000000005784      0x6c8 subsys/bluetooth/controller/libsubsys__bluetooth__controller.a(ctrl.c.obj)
 .text.event_master_prepare
                0x0000000000005e4c        0x8 subsys/bluetooth/controller/libsubsys__bluetooth__controller.a(ctrl.c.obj)
 .text.event_slave_prepare
                0x0000000000005e54        0x8 subsys/bluetooth/controller/libsubsys__bluetooth__controller.a(ctrl.c.obj)
 .text.connection_configure
                0x0000000000005e5c       0x3c subsys/bluetooth/controller/libsubsys__bluetooth__controller.a(ctrl.c.obj)
 .text.event_slave
                0x0000000000005e98      0x16c subsys/bluetooth/controller/libsubsys__bluetooth__controller.a(ctrl.c.obj)
 .text.prepare_pdu_data_tx
                0x0000000000006004       0xd8 subsys/bluetooth/controller/libsubsys__bluetooth__controller.a(ctrl.c.obj)
 .text.isr      0x00000000000060dc     0x16a0 subsys/bluetooth/controller/libsubsys__bluetooth__controller.a(ctrl.c.obj)
 .text.mayfly_xtal_stop_calc
                0x000000000000777c      0x1f8 subsys/bluetooth/controller/libsubsys__bluetooth__controller.a(ctrl.c.obj)
 .text.event_master
                0x0000000000007974      0x134 subsys/bluetooth/controller/libsubsys__bluetooth__controller.a(ctrl.c.obj)
 .text.radio_init
                0x0000000000007aa8       0xf8 subsys/bluetooth/controller/libsubsys__bluetooth__controller.a(ctrl.c.obj)
                0x0000000000007aa8                radio_init
 .text.ll_reset
                0x0000000000007ba0       0xac subsys/bluetooth/controller/libsubsys__bluetooth__controller.a(ctrl.c.obj)
                0x0000000000007ba0                ll_reset
 .text.radio_adv_data_get
                0x0000000000007c4c        0xc subsys/bluetooth/controller/libsubsys__bluetooth__controller.a(ctrl.c.obj)
                0x0000000000007c4c                radio_adv_data_get
 .text.radio_scan_data_get
                0x0000000000007c58        0xc subsys/bluetooth/controller/libsubsys__bluetooth__controller.a(ctrl.c.obj)
                0x0000000000007c58                radio_scan_data_get
 .text.ll_adv_is_enabled
                0x0000000000007c64       0x10 subsys/bluetooth/controller/libsubsys__bluetooth__controller.a(ctrl.c.obj)
                0x0000000000007c64                ll_adv_is_enabled
 .text.radio_adv_filter_pol_get
                0x0000000000007c74       0x18 subsys/bluetooth/controller/libsubsys__bluetooth__controller.a(ctrl.c.obj)
                0x0000000000007c74                radio_adv_filter_pol_get
 .text.ll_scan_is_enabled
                0x0000000000007c8c       0x2c subsys/bluetooth/controller/libsubsys__bluetooth__controller.a(ctrl.c.obj)
                0x0000000000007c8c                ll_scan_is_enabled
 .text.radio_scan_filter_pol_get
                0x0000000000007cb8       0x1c subsys/bluetooth/controller/libsubsys__bluetooth__controller.a(ctrl.c.obj)
                0x0000000000007cb8                radio_scan_filter_pol_get
 .text.ll_tx_pwr_lvl_get
                0x0000000000007cd4       0x16 subsys/bluetooth/controller/libsubsys__bluetooth__controller.a(ctrl.c.obj)
                0x0000000000007cd4                ll_tx_pwr_lvl_get
 *fill*         0x0000000000007cea        0x2 
 .text.ll_rx_get
                0x0000000000007cec       0x74 subsys/bluetooth/controller/libsubsys__bluetooth__controller.a(ctrl.c.obj)
                0x0000000000007cec                ll_rx_get
 .text.ll_rx_mem_release
                0x0000000000007d60       0x60 subsys/bluetooth/controller/libsubsys__bluetooth__controller.a(ctrl.c.obj)
                0x0000000000007d60                ll_rx_mem_release
 .text.do_radio_rx_fc_set
                0x0000000000007dc0       0x68 subsys/bluetooth/controller/libsubsys__bluetooth__controller.a(ctrl.c.obj)
                0x0000000000007dc0                do_radio_rx_fc_set
 .text.radio_rx_fc_set
                0x0000000000007e28       0x64 subsys/bluetooth/controller/libsubsys__bluetooth__controller.a(ctrl.c.obj)
                0x0000000000007e28                radio_rx_fc_set
 .text.ll_adv_scan_state_cb
                0x0000000000007e8c        0x2 subsys/bluetooth/controller/libsubsys__bluetooth__controller.a(ctrl.c.obj)
                0x0000000000007e8c                ll_adv_scan_state_cb
 *fill*         0x0000000000007e8e        0x2 
 .text.radio_adv_enable
                0x0000000000007e90      0x2f4 subsys/bluetooth/controller/libsubsys__bluetooth__controller.a(ctrl.c.obj)
                0x0000000000007e90                radio_adv_enable
 .text.radio_adv_disable
                0x0000000000008184       0x60 subsys/bluetooth/controller/libsubsys__bluetooth__controller.a(ctrl.c.obj)
                0x0000000000008184                radio_adv_disable
 .text.ll_rx_dequeue
                0x00000000000081e4       0xe4 subsys/bluetooth/controller/libsubsys__bluetooth__controller.a(ctrl.c.obj)
                0x00000000000081e4                ll_rx_dequeue
 .text.rtc0_nrf5_isr
                0x00000000000082c8       0x30 subsys/bluetooth/controller/libsubsys__bluetooth__controller.a(ll.c.obj)
 .text.swi4_nrf5_isr
                0x00000000000082f8        0xa subsys/bluetooth/controller/libsubsys__bluetooth__controller.a(ll.c.obj)
 .text.rng_nrf5_isr
                0x0000000000008302        0x8 subsys/bluetooth/controller/libsubsys__bluetooth__controller.a(ll.c.obj)
 .text.radio_nrf5_isr
                0x000000000000830a       0x10 subsys/bluetooth/controller/libsubsys__bluetooth__controller.a(ll.c.obj)
                0x000000000000830a                radio_nrf5_isr
 .text.radio_active_callback
                0x000000000000831a        0x2 subsys/bluetooth/controller/libsubsys__bluetooth__controller.a(ll.c.obj)
                0x000000000000831a                radio_active_callback
 .text.radio_event_callback
                0x000000000000831c       0x10 subsys/bluetooth/controller/libsubsys__bluetooth__controller.a(ll.c.obj)
                0x000000000000831c                radio_event_callback
 .text.ll_init  0x000000000000832c      0x124 subsys/bluetooth/controller/libsubsys__bluetooth__controller.a(ll.c.obj)
                0x000000000000832c                ll_init
 .text.ll_adv_params_set
                0x0000000000008450      0x1f4 subsys/bluetooth/controller/libsubsys__bluetooth__controller.a(ll_adv.c.obj)
                0x0000000000008450                ll_adv_params_set
 .text.ll_adv_data_set
                0x0000000000008644       0xb0 subsys/bluetooth/controller/libsubsys__bluetooth__controller.a(ll_adv.c.obj)
                0x0000000000008644                ll_adv_data_set
 .text.ll_scan_data_set
                0x00000000000086f4       0x76 subsys/bluetooth/controller/libsubsys__bluetooth__controller.a(ll_adv.c.obj)
                0x00000000000086f4                ll_scan_data_set
 *fill*         0x000000000000876a        0x2 
 .text.ll_adv_enable
                0x000000000000876c       0xac subsys/bluetooth/controller/libsubsys__bluetooth__controller.a(ll_adv.c.obj)
                0x000000000000876c                ll_adv_enable
 .text.ctrl_filter_get
                0x0000000000008818       0x14 subsys/bluetooth/controller/libsubsys__bluetooth__controller.a(ll_filter.c.obj)
                0x0000000000008818                ctrl_filter_get
 .text.ll_wl_size_get
                0x000000000000882c        0x4 subsys/bluetooth/controller/libsubsys__bluetooth__controller.a(ll_filter.c.obj)
                0x000000000000882c                ll_wl_size_get
 .text.ll_wl_clear
                0x0000000000008830       0x2c subsys/bluetooth/controller/libsubsys__bluetooth__controller.a(ll_filter.c.obj)
                0x0000000000008830                ll_wl_clear
 .text.ll_wl_add
                0x000000000000885c       0x6c subsys/bluetooth/controller/libsubsys__bluetooth__controller.a(ll_filter.c.obj)
                0x000000000000885c                ll_wl_add
 .text.ll_wl_remove
                0x00000000000088c8       0x88 subsys/bluetooth/controller/libsubsys__bluetooth__controller.a(ll_filter.c.obj)
                0x00000000000088c8                ll_wl_remove
 .text.ll_filter_reset
                0x0000000000008950       0x18 subsys/bluetooth/controller/libsubsys__bluetooth__controller.a(ll_filter.c.obj)
                0x0000000000008950                ll_filter_reset
 .text.cntr_init
                0x0000000000008968       0x20 subsys/bluetooth/controller/libsubsys__bluetooth__controller.a(cntr.c.obj)
                0x0000000000008968                cntr_init
 .text.cntr_start
                0x0000000000008988       0x20 subsys/bluetooth/controller/libsubsys__bluetooth__controller.a(cntr.c.obj)
                0x0000000000008988                cntr_start
 .text.cntr_stop
                0x00000000000089a8       0x2c subsys/bluetooth/controller/libsubsys__bluetooth__controller.a(cntr.c.obj)
                0x00000000000089a8                cntr_stop
 .text.cntr_cnt_get
                0x00000000000089d4       0x10 subsys/bluetooth/controller/libsubsys__bluetooth__controller.a(cntr.c.obj)
                0x00000000000089d4                cntr_cnt_get
 .text.cntr_cmp_set
                0x00000000000089e4       0x10 subsys/bluetooth/controller/libsubsys__bluetooth__controller.a(cntr.c.obj)
                0x00000000000089e4                cntr_cmp_set
 .text.isr      0x00000000000089f4       0x4c subsys/bluetooth/controller/libsubsys__bluetooth__controller.a(rand.c.obj)
 .text.get      0x0000000000008a40       0xd8 subsys/bluetooth/controller/libsubsys__bluetooth__controller.a(rand.c.obj)
 .text.init     0x0000000000008b18       0x58 subsys/bluetooth/controller/libsubsys__bluetooth__controller.a(rand.c.obj)
 .text.rand_init
                0x0000000000008b70       0x14 subsys/bluetooth/controller/libsubsys__bluetooth__controller.a(rand.c.obj)
                0x0000000000008b70                rand_init
 .text.rand_isr_init
                0x0000000000008b84       0x14 subsys/bluetooth/controller/libsubsys__bluetooth__controller.a(rand.c.obj)
                0x0000000000008b84                rand_isr_init
 .text.rand_get
                0x0000000000008b98       0x14 subsys/bluetooth/controller/libsubsys__bluetooth__controller.a(rand.c.obj)
                0x0000000000008b98                rand_get
 .text.rand_isr_get
                0x0000000000008bac       0x14 subsys/bluetooth/controller/libsubsys__bluetooth__controller.a(rand.c.obj)
                0x0000000000008bac                rand_isr_get
 .text.isr_rand
                0x0000000000008bc0       0x4c subsys/bluetooth/controller/libsubsys__bluetooth__controller.a(rand.c.obj)
                0x0000000000008bc0                isr_rand
 .text.do_ecb   0x0000000000008c0c       0x48 subsys/bluetooth/controller/libsubsys__bluetooth__controller.a(ecb.c.obj)
 .text.ecb_encrypt
                0x0000000000008c54       0x44 subsys/bluetooth/controller/libsubsys__bluetooth__controller.a(ecb.c.obj)
                0x0000000000008c54                ecb_encrypt
 .text.hal_radio_enable_on_tick_ppi_config_and_enable
                0x0000000000008c98       0x38 subsys/bluetooth/controller/libsubsys__bluetooth__controller.a(radio.c.obj)
 .text.isr_radio
                0x0000000000008cd0       0x14 subsys/bluetooth/controller/libsubsys__bluetooth__controller.a(radio.c.obj)
                0x0000000000008cd0                isr_radio
 .text.radio_isr_set
                0x0000000000008ce4       0x30 subsys/bluetooth/controller/libsubsys__bluetooth__controller.a(radio.c.obj)
                0x0000000000008ce4                radio_isr_set
 .text.radio_setup
                0x0000000000008d14        0x2 subsys/bluetooth/controller/libsubsys__bluetooth__controller.a(radio.c.obj)
                0x0000000000008d14                radio_setup
 *fill*         0x0000000000008d16        0x2 
 .text.radio_reset
                0x0000000000008d18       0x20 subsys/bluetooth/controller/libsubsys__bluetooth__controller.a(radio.c.obj)
                0x0000000000008d18                radio_reset
 .text.radio_phy_set
                0x0000000000008d38       0x18 subsys/bluetooth/controller/libsubsys__bluetooth__controller.a(radio.c.obj)
                0x0000000000008d38                radio_phy_set
 .text.radio_tx_power_set
                0x0000000000008d50       0x10 subsys/bluetooth/controller/libsubsys__bluetooth__controller.a(radio.c.obj)
                0x0000000000008d50                radio_tx_power_set
 .text.radio_freq_chan_set
                0x0000000000008d60       0x10 subsys/bluetooth/controller/libsubsys__bluetooth__controller.a(radio.c.obj)
                0x0000000000008d60                radio_freq_chan_set
 .text.radio_whiten_iv_set
                0x0000000000008d70       0x28 subsys/bluetooth/controller/libsubsys__bluetooth__controller.a(radio.c.obj)
                0x0000000000008d70                radio_whiten_iv_set
 .text.radio_aa_set
                0x0000000000008d98       0x3c subsys/bluetooth/controller/libsubsys__bluetooth__controller.a(radio.c.obj)
                0x0000000000008d98                radio_aa_set
 .text.radio_pkt_configure
                0x0000000000008dd4       0x4c subsys/bluetooth/controller/libsubsys__bluetooth__controller.a(radio.c.obj)
                0x0000000000008dd4                radio_pkt_configure
 .text.radio_pkt_rx_set
                0x0000000000008e20       0x10 subsys/bluetooth/controller/libsubsys__bluetooth__controller.a(radio.c.obj)
                0x0000000000008e20                radio_pkt_rx_set
 .text.radio_pkt_tx_set
                0x0000000000008e30       0x10 subsys/bluetooth/controller/libsubsys__bluetooth__controller.a(radio.c.obj)
                0x0000000000008e30                radio_pkt_tx_set
 .text.radio_tx_ready_delay_get
                0x0000000000008e40        0x4 subsys/bluetooth/controller/libsubsys__bluetooth__controller.a(radio.c.obj)
                0x0000000000008e40                radio_tx_ready_delay_get
 .text.radio_tx_chain_delay_get
                0x0000000000008e44        0x4 subsys/bluetooth/controller/libsubsys__bluetooth__controller.a(radio.c.obj)
                0x0000000000008e44                radio_tx_chain_delay_get
 .text.radio_rx_ready_delay_get
                0x0000000000008e48        0x4 subsys/bluetooth/controller/libsubsys__bluetooth__controller.a(radio.c.obj)
                0x0000000000008e48                radio_rx_ready_delay_get
 .text.radio_rx_chain_delay_get
                0x0000000000008e4c        0x4 subsys/bluetooth/controller/libsubsys__bluetooth__controller.a(radio.c.obj)
                0x0000000000008e4c                radio_rx_chain_delay_get
 .text.radio_rx_enable
                0x0000000000008e50        0xc subsys/bluetooth/controller/libsubsys__bluetooth__controller.a(radio.c.obj)
                0x0000000000008e50                radio_rx_enable
 .text.radio_tx_enable
                0x0000000000008e5c        0xc subsys/bluetooth/controller/libsubsys__bluetooth__controller.a(radio.c.obj)
                0x0000000000008e5c                radio_tx_enable
 .text.radio_disable
                0x0000000000008e68       0x14 subsys/bluetooth/controller/libsubsys__bluetooth__controller.a(radio.c.obj)
                0x0000000000008e68                radio_disable
 .text.radio_status_reset
                0x0000000000008e7c       0x10 subsys/bluetooth/controller/libsubsys__bluetooth__controller.a(radio.c.obj)
                0x0000000000008e7c                radio_status_reset
 .text.radio_is_ready
                0x0000000000008e8c       0x10 subsys/bluetooth/controller/libsubsys__bluetooth__controller.a(radio.c.obj)
                0x0000000000008e8c                radio_is_ready
 .text.radio_is_done
                0x0000000000008e9c       0x10 subsys/bluetooth/controller/libsubsys__bluetooth__controller.a(radio.c.obj)
                0x0000000000008e9c                radio_is_done
 .text.radio_is_idle
                0x0000000000008eac       0x14 subsys/bluetooth/controller/libsubsys__bluetooth__controller.a(radio.c.obj)
                0x0000000000008eac                radio_is_idle
 .text.radio_crc_configure
                0x0000000000008ec0       0x24 subsys/bluetooth/controller/libsubsys__bluetooth__controller.a(radio.c.obj)
                0x0000000000008ec0                radio_crc_configure
 .text.radio_crc_is_valid
                0x0000000000008ee4       0x14 subsys/bluetooth/controller/libsubsys__bluetooth__controller.a(radio.c.obj)
                0x0000000000008ee4                radio_crc_is_valid
 .text.radio_pkt_empty_get
                0x0000000000008ef8        0x8 subsys/bluetooth/controller/libsubsys__bluetooth__controller.a(radio.c.obj)
                0x0000000000008ef8                radio_pkt_empty_get
 .text.radio_pkt_scratch_get
                0x0000000000008f00        0x8 subsys/bluetooth/controller/libsubsys__bluetooth__controller.a(radio.c.obj)
                0x0000000000008f00                radio_pkt_scratch_get
 .text.radio_switch_complete_and_rx
                0x0000000000008f08       0x10 subsys/bluetooth/controller/libsubsys__bluetooth__controller.a(radio.c.obj)
                0x0000000000008f08                radio_switch_complete_and_rx
 .text.radio_switch_complete_and_tx
                0x0000000000008f18       0x10 subsys/bluetooth/controller/libsubsys__bluetooth__controller.a(radio.c.obj)
                0x0000000000008f18                radio_switch_complete_and_tx
 .text.radio_switch_complete_and_disable
                0x0000000000008f28       0x10 subsys/bluetooth/controller/libsubsys__bluetooth__controller.a(radio.c.obj)
                0x0000000000008f28                radio_switch_complete_and_disable
 .text.radio_rssi_measure
                0x0000000000008f38       0x18 subsys/bluetooth/controller/libsubsys__bluetooth__controller.a(radio.c.obj)
                0x0000000000008f38                radio_rssi_measure
 .text.radio_rssi_get
                0x0000000000008f50       0x10 subsys/bluetooth/controller/libsubsys__bluetooth__controller.a(radio.c.obj)
                0x0000000000008f50                radio_rssi_get
 .text.radio_rssi_status_reset
                0x0000000000008f60        0xc subsys/bluetooth/controller/libsubsys__bluetooth__controller.a(radio.c.obj)
                0x0000000000008f60                radio_rssi_status_reset
 .text.radio_rssi_is_ready
                0x0000000000008f6c       0x10 subsys/bluetooth/controller/libsubsys__bluetooth__controller.a(radio.c.obj)
                0x0000000000008f6c                radio_rssi_is_ready
 .text.radio_filter_configure
                0x0000000000008f7c       0x50 subsys/bluetooth/controller/libsubsys__bluetooth__controller.a(radio.c.obj)
                0x0000000000008f7c                radio_filter_configure
 .text.radio_filter_disable
                0x0000000000008fcc       0x14 subsys/bluetooth/controller/libsubsys__bluetooth__controller.a(radio.c.obj)
                0x0000000000008fcc                radio_filter_disable
 .text.radio_filter_status_reset
                0x0000000000008fe0        0xc subsys/bluetooth/controller/libsubsys__bluetooth__controller.a(radio.c.obj)
                0x0000000000008fe0                radio_filter_status_reset
 .text.radio_filter_has_match
                0x0000000000008fec       0x10 subsys/bluetooth/controller/libsubsys__bluetooth__controller.a(radio.c.obj)
                0x0000000000008fec                radio_filter_has_match
 .text.radio_filter_match_get
                0x0000000000008ffc       0x10 subsys/bluetooth/controller/libsubsys__bluetooth__controller.a(radio.c.obj)
                0x0000000000008ffc                radio_filter_match_get
 .text.radio_tmr_status_reset
                0x000000000000900c       0x20 subsys/bluetooth/controller/libsubsys__bluetooth__controller.a(radio.c.obj)
                0x000000000000900c                radio_tmr_status_reset
 .text.radio_tmr_tifs_set
                0x000000000000902c       0x10 subsys/bluetooth/controller/libsubsys__bluetooth__controller.a(radio.c.obj)
                0x000000000000902c                radio_tmr_tifs_set
 .text.radio_tmr_start
                0x000000000000903c       0x94 subsys/bluetooth/controller/libsubsys__bluetooth__controller.a(radio.c.obj)
                0x000000000000903c                radio_tmr_start
 .text.radio_tmr_stop
                0x00000000000090d0       0x10 subsys/bluetooth/controller/libsubsys__bluetooth__controller.a(radio.c.obj)
                0x00000000000090d0                radio_tmr_stop
 .text.radio_tmr_hcto_configure
                0x00000000000090e0       0x54 subsys/bluetooth/controller/libsubsys__bluetooth__controller.a(radio.c.obj)
                0x00000000000090e0                radio_tmr_hcto_configure
 .text.radio_tmr_aa_capture
                0x0000000000009134       0x44 subsys/bluetooth/controller/libsubsys__bluetooth__controller.a(radio.c.obj)
                0x0000000000009134                radio_tmr_aa_capture
 .text.radio_tmr_aa_get
                0x0000000000009178       0x10 subsys/bluetooth/controller/libsubsys__bluetooth__controller.a(radio.c.obj)
                0x0000000000009178                radio_tmr_aa_get
 .text.radio_tmr_aa_save
                0x0000000000009188        0xc subsys/bluetooth/controller/libsubsys__bluetooth__controller.a(radio.c.obj)
                0x0000000000009188                radio_tmr_aa_save
 .text.radio_tmr_aa_restore
                0x0000000000009194        0xc subsys/bluetooth/controller/libsubsys__bluetooth__controller.a(radio.c.obj)
                0x0000000000009194                radio_tmr_aa_restore
 .text.radio_tmr_ready_get
                0x00000000000091a0       0x10 subsys/bluetooth/controller/libsubsys__bluetooth__controller.a(radio.c.obj)
                0x00000000000091a0                radio_tmr_ready_get
 .text.radio_tmr_end_capture
                0x00000000000091b0       0x2c subsys/bluetooth/controller/libsubsys__bluetooth__controller.a(radio.c.obj)
                0x00000000000091b0                radio_tmr_end_capture
 .text.radio_tmr_end_get
                0x00000000000091dc       0x10 subsys/bluetooth/controller/libsubsys__bluetooth__controller.a(radio.c.obj)
                0x00000000000091dc                radio_tmr_end_get
 .text.radio_tmr_tifs_base_get
                0x00000000000091ec       0x10 subsys/bluetooth/controller/libsubsys__bluetooth__controller.a(radio.c.obj)
                0x00000000000091ec                radio_tmr_tifs_base_get
 .text.radio_ccm_rx_pkt_set
                0x00000000000091fc       0x7c subsys/bluetooth/controller/libsubsys__bluetooth__controller.a(radio.c.obj)
                0x00000000000091fc                radio_ccm_rx_pkt_set
 .text.radio_ccm_tx_pkt_set
                0x0000000000009278       0x58 subsys/bluetooth/controller/libsubsys__bluetooth__controller.a(radio.c.obj)
                0x0000000000009278                radio_ccm_tx_pkt_set
 .text.radio_ccm_is_done
                0x00000000000092d0       0x44 subsys/bluetooth/controller/libsubsys__bluetooth__controller.a(radio.c.obj)
                0x00000000000092d0                radio_ccm_is_done
 .text.radio_ccm_mic_is_valid
                0x0000000000009314       0x14 subsys/bluetooth/controller/libsubsys__bluetooth__controller.a(radio.c.obj)
                0x0000000000009314                radio_ccm_mic_is_valid
 .text.radio_ar_match_get
                0x0000000000009328       0x10 subsys/bluetooth/controller/libsubsys__bluetooth__controller.a(radio.c.obj)
                0x0000000000009328                radio_ar_match_get
 .text.radio_ar_status_reset
                0x0000000000009338       0x18 subsys/bluetooth/controller/libsubsys__bluetooth__controller.a(radio.c.obj)
                0x0000000000009338                radio_ar_status_reset
 .text.radio_ar_has_match
                0x0000000000009350       0x28 subsys/bluetooth/controller/libsubsys__bluetooth__controller.a(radio.c.obj)
                0x0000000000009350                radio_ar_has_match
 .text.mayfly_enable_cb
                0x0000000000009378       0x1e subsys/bluetooth/controller/libsubsys__bluetooth__controller.a(mayfly.c.obj)
                0x0000000000009378                mayfly_enable_cb
 .text.mayfly_is_enabled
                0x0000000000009396       0x1c subsys/bluetooth/controller/libsubsys__bluetooth__controller.a(mayfly.c.obj)
                0x0000000000009396                mayfly_is_enabled
 .text.mayfly_prio_is_equal
                0x00000000000093b2       0x1c subsys/bluetooth/controller/libsubsys__bluetooth__controller.a(mayfly.c.obj)
                0x00000000000093b2                mayfly_prio_is_equal
 *fill*         0x00000000000093ce        0x2 
 .text.mayfly_pend
                0x00000000000093d0       0x24 subsys/bluetooth/controller/libsubsys__bluetooth__controller.a(mayfly.c.obj)
                0x00000000000093d0                mayfly_pend
 .text.hal_ticker_instance0_caller_id_get
                0x00000000000093f4       0x18 subsys/bluetooth/controller/libsubsys__bluetooth__controller.a(ticker.c.obj)
                0x00000000000093f4                hal_ticker_instance0_caller_id_get
 .text.hal_ticker_instance0_sched
                0x000000000000940c       0x74 subsys/bluetooth/controller/libsubsys__bluetooth__controller.a(ticker.c.obj)
                0x000000000000940c                hal_ticker_instance0_sched
 .text.hal_ticker_instance0_trigger_set
                0x0000000000009480        0xc subsys/bluetooth/controller/libsubsys__bluetooth__controller.a(ticker.c.obj)
                0x0000000000009480                hal_ticker_instance0_trigger_set
 .text.fixed_data_unref
                0x000000000000948c        0x2 subsys/net/libsubsys__net.a(buf.c.obj)
 *fill*         0x000000000000948e        0x2 
 .text.net_buf_pool_get
                0x0000000000009490        0xc subsys/net/libsubsys__net.a(buf.c.obj)
                0x0000000000009490                net_buf_pool_get
 .text.net_buf_id
                0x000000000000949c       0x1c subsys/net/libsubsys__net.a(buf.c.obj)
                0x000000000000949c                net_buf_id
 .text.fixed_data_alloc
                0x00000000000094b8       0x2c subsys/net/libsubsys__net.a(buf.c.obj)
 .text.net_buf_alloc_len
                0x00000000000094e4       0xd0 subsys/net/libsubsys__net.a(buf.c.obj)
                0x00000000000094e4                net_buf_alloc_len
 .text.net_buf_alloc_fixed
                0x00000000000095b4       0x10 subsys/net/libsubsys__net.a(buf.c.obj)
                0x00000000000095b4                net_buf_alloc_fixed
 .text.net_buf_simple_reserve
                0x00000000000095c4        0x8 subsys/net/libsubsys__net.a(buf.c.obj)
                0x00000000000095c4                net_buf_simple_reserve
 .text.net_buf_put
                0x00000000000095cc       0x1c subsys/net/libsubsys__net.a(buf.c.obj)
                0x00000000000095cc                net_buf_put
 .text.net_buf_unref
                0x00000000000095e8       0x64 subsys/net/libsubsys__net.a(buf.c.obj)
                0x00000000000095e8                net_buf_unref
 .text.net_buf_ref
                0x000000000000964c        0x8 subsys/net/libsubsys__net.a(buf.c.obj)
                0x000000000000964c                net_buf_ref
 .text.net_buf_simple_add
                0x0000000000009654        0xe subsys/net/libsubsys__net.a(buf.c.obj)
                0x0000000000009654                net_buf_simple_add
 .text.net_buf_simple_add_mem
                0x0000000000009662       0x14 subsys/net/libsubsys__net.a(buf.c.obj)
                0x0000000000009662                net_buf_simple_add_mem
 .text.net_buf_simple_pull
                0x0000000000009676       0x10 subsys/net/libsubsys__net.a(buf.c.obj)
                0x0000000000009676                net_buf_simple_pull
 .text.net_buf_simple_pull_u8
                0x0000000000009686       0x10 subsys/net/libsubsys__net.a(buf.c.obj)
                0x0000000000009686                net_buf_simple_pull_u8
 .text.net_buf_simple_headroom
                0x0000000000009696        0x8 subsys/net/libsubsys__net.a(buf.c.obj)
                0x0000000000009696                net_buf_simple_headroom
 *fill*         0x000000000000969e        0x2 
 .text._sys_device_do_config_level
                0x00000000000096a0       0x24 kernel/libkernel.a(device.c.obj)
                0x00000000000096a0                _sys_device_do_config_level
 .text.device_get_binding
                0x00000000000096c4       0x50 kernel/libkernel.a(device.c.obj)
                0x00000000000096c4                device_get_binding
 .text._sys_power_save_idle_exit
                0x0000000000009714       0x18 kernel/libkernel.a(idle.c.obj)
                0x0000000000009714                _sys_power_save_idle_exit
 .text.idle     0x000000000000972c       0x48 kernel/libkernel.a(idle.c.obj)
                0x000000000000972c                idle
 .text._bss_zero
                0x0000000000009774       0x18 kernel/libkernel.a(init.c.obj)
                0x0000000000009774                _bss_zero
 .text._data_copy
                0x000000000000978c       0x1c kernel/libkernel.a(init.c.obj)
                0x000000000000978c                _data_copy
 .text._main    0x00000000000097a8       0x38 kernel/libkernel.a(init.c.obj)
 .text._Cstart  0x00000000000097e0      0x104 kernel/libkernel.a(init.c.obj)
                0x00000000000097e0                _Cstart
 .text.get_bit_ptr
                0x00000000000098e4       0x2a kernel/libkernel.a(mempool.c.obj)
 .text.set_free_bit
                0x000000000000990e       0x16 kernel/libkernel.a(mempool.c.obj)
 .text.init_static_pools
                0x0000000000009924       0xa4 kernel/libkernel.a(mempool.c.obj)
                0x0000000000009924                init_static_pools
 .text.adjust_owner_prio.isra.7
                0x00000000000099c8       0x2c kernel/libkernel.a(mutex.c.obj)
 .text._impl_k_mutex_lock
                0x00000000000099f4       0xc4 kernel/libkernel.a(mutex.c.obj)
                0x00000000000099f4                _impl_k_mutex_lock
 .text._impl_k_mutex_unlock
                0x0000000000009ab8       0xe0 kernel/libkernel.a(mutex.c.obj)
                0x0000000000009ab8                _impl_k_mutex_unlock
 .text.k_queue_init
                0x0000000000009b98       0x10 kernel/libkernel.a(queue.c.obj)
                0x0000000000009b98                k_queue_init
 .text.k_queue_insert
                0x0000000000009ba8       0x56 kernel/libkernel.a(queue.c.obj)
                0x0000000000009ba8                k_queue_insert
 .text.k_queue_append
                0x0000000000009bfe        0xc kernel/libkernel.a(queue.c.obj)
                0x0000000000009bfe                k_queue_append
 .text.k_queue_prepend
                0x0000000000009c0a        0xc kernel/libkernel.a(queue.c.obj)
                0x0000000000009c0a                k_queue_prepend
 .text.k_queue_append_list
                0x0000000000009c16       0x36 kernel/libkernel.a(queue.c.obj)
                0x0000000000009c16                k_queue_append_list
 .text.k_queue_get
                0x0000000000009c4c       0x8e kernel/libkernel.a(queue.c.obj)
                0x0000000000009c4c                k_queue_get
 *fill*         0x0000000000009cda        0x2 
 .text._add_thread_to_ready_q
                0x0000000000009cdc       0x50 kernel/libkernel.a(sched.c.obj)
                0x0000000000009cdc                _add_thread_to_ready_q
 .text._ready_thread
                0x0000000000009d2c       0x1e kernel/libkernel.a(sched.c.obj)
 *fill*         0x0000000000009d4a        0x2 
 .text._add_timeout
                0x0000000000009d4c       0xa0 kernel/libkernel.a(sched.c.obj)
 .text._remove_thread_from_ready_q
                0x0000000000009dec       0x5c kernel/libkernel.a(sched.c.obj)
                0x0000000000009dec                _remove_thread_from_ready_q
 .text._pend_thread
                0x0000000000009e48       0x60 kernel/libkernel.a(sched.c.obj)
                0x0000000000009e48                _pend_thread
 .text._pend_current_thread
                0x0000000000009ea8       0x20 kernel/libkernel.a(sched.c.obj)
                0x0000000000009ea8                _pend_current_thread
 .text.__must_switch_threads
                0x0000000000009ec8       0x24 kernel/libkernel.a(sched.c.obj)
                0x0000000000009ec8                __must_switch_threads
 .text._reschedule_threads
                0x0000000000009eec       0x34 kernel/libkernel.a(sched.c.obj)
                0x0000000000009eec                _reschedule_threads
 .text.k_sched_unlock
                0x0000000000009f20       0x1c kernel/libkernel.a(sched.c.obj)
                0x0000000000009f20                k_sched_unlock
 .text._move_thread_to_end_of_prio_q
                0x0000000000009f3c       0x4c kernel/libkernel.a(sched.c.obj)
                0x0000000000009f3c                _move_thread_to_end_of_prio_q
 .text._impl_k_yield
                0x0000000000009f88       0x38 kernel/libkernel.a(sched.c.obj)
                0x0000000000009f88                _impl_k_yield
 .text._impl_k_current_get
                0x0000000000009fc0        0xc kernel/libkernel.a(sched.c.obj)
                0x0000000000009fc0                _impl_k_current_get
 .text._is_thread_time_slicing
                0x0000000000009fcc       0x50 kernel/libkernel.a(sched.c.obj)
                0x0000000000009fcc                _is_thread_time_slicing
 .text._update_time_slice_before_swap
                0x000000000000a01c        0xc kernel/libkernel.a(sched.c.obj)
                0x000000000000a01c                _update_time_slice_before_swap
 .text._unpend_first_thread
                0x000000000000a028       0x4c kernel/libkernel.a(sem.c.obj)
 .text._impl_k_sem_init
                0x000000000000a074       0x12 kernel/libkernel.a(sem.c.obj)
                0x000000000000a074                _impl_k_sem_init
 *fill*         0x000000000000a086        0x2 
 .text._impl_k_sem_give
                0x000000000000a088       0xb4 kernel/libkernel.a(sem.c.obj)
                0x000000000000a088                _impl_k_sem_give
 .text._impl_k_sem_take
                0x000000000000a13c       0x3c kernel/libkernel.a(sem.c.obj)
                0x000000000000a13c                _impl_k_sem_take
 .text._impl_k_uptime_get_32
                0x000000000000a178       0x10 kernel/libkernel.a(sys_clock.c.obj)
                0x000000000000a178                _impl_k_uptime_get_32
 .text._tick_get
                0x000000000000a188       0x18 kernel/libkernel.a(sys_clock.c.obj)
                0x000000000000a188                sys_tick_get
                0x000000000000a188                _tick_get
 .text._impl_k_uptime_get
                0x000000000000a1a0       0x10 kernel/libkernel.a(sys_clock.c.obj)
                0x000000000000a1a0                _impl_k_uptime_get
 .text._nano_sys_clock_tick_announce
                0x000000000000a1b0      0x1a4 kernel/libkernel.a(sys_clock.c.obj)
                0x000000000000a1b0                _nano_sys_clock_tick_announce
 .text.k_sys_work_q_init
                0x000000000000a354       0x20 kernel/libkernel.a(system_work_q.c.obj)
 .text._is_thread_ready
                0x000000000000a374       0x16 kernel/libkernel.a(thread.c.obj)
 *fill*         0x000000000000a38a        0x2 
 .text._abort_timeout
                0x000000000000a38c       0x34 kernel/libkernel.a(thread.c.obj)
 .text.schedule_new_thread.part.13
                0x000000000000a3c0       0x74 kernel/libkernel.a(thread.c.obj)
 .text.k_is_in_isr
                0x000000000000a434       0x14 kernel/libkernel.a(thread.c.obj)
                0x000000000000a434                k_is_in_isr
 .text._is_thread_essential
                0x000000000000a448       0x10 kernel/libkernel.a(thread.c.obj)
                0x000000000000a448                _is_thread_essential
 .text._thread_entry
                0x000000000000a458       0x14 kernel/libkernel.a(thread.c.obj)
                0x000000000000a458                _thread_entry
 .text._impl_k_thread_start
                0x000000000000a46c       0x50 kernel/libkernel.a(thread.c.obj)
                0x000000000000a46c                _impl_k_thread_start
 .text._setup_new_thread
                0x000000000000a4bc       0x20 kernel/libkernel.a(thread.c.obj)
                0x000000000000a4bc                _setup_new_thread
 .text._impl_k_thread_create
                0x000000000000a4dc       0x40 kernel/libkernel.a(thread.c.obj)
                0x000000000000a4dc                _impl_k_thread_create
 .text._k_thread_single_abort
                0x000000000000a51c       0x4e kernel/libkernel.a(thread.c.obj)
                0x000000000000a51c                _k_thread_single_abort
 *fill*         0x000000000000a56a        0x2 
 .text._init_static_threads
                0x000000000000a56c       0x80 kernel/libkernel.a(thread.c.obj)
                0x000000000000a56c                _init_static_threads
 .text._init_thread_base
                0x000000000000a5ec       0x18 kernel/libkernel.a(thread.c.obj)
                0x000000000000a5ec                _init_thread_base
 .text.work_q_main
                0x000000000000a604       0x2e kernel/libkernel.a(work_q.c.obj)
 *fill*         0x000000000000a632        0x2 
 .text.k_work_q_start
                0x000000000000a634       0x34 kernel/libkernel.a(work_q.c.obj)
                0x000000000000a634                k_work_q_start
 .text._ready_thread
                0x000000000000a668       0x1e kernel/libkernel.a(timer.c.obj)
 .text._unpend_thread
                0x000000000000a686       0x14 kernel/libkernel.a(timer.c.obj)
 *fill*         0x000000000000a69a        0x2 
 .text._abort_timeout
                0x000000000000a69c       0x34 kernel/libkernel.a(timer.c.obj)
 .text._add_timeout.constprop.9
                0x000000000000a6d0       0x74 kernel/libkernel.a(timer.c.obj)
 .text._timer_expiration_handler
                0x000000000000a744       0x5a kernel/libkernel.a(timer.c.obj)
                0x000000000000a744                _timer_expiration_handler
 .text._impl_k_timer_start
                0x000000000000a79e       0x3c kernel/libkernel.a(timer.c.obj)
                0x000000000000a79e                _impl_k_timer_start
 *fill*         0x000000000000a7da        0x2 
 .text._impl_k_timer_stop
                0x000000000000a7dc       0x88 kernel/libkernel.a(timer.c.obj)
                0x000000000000a7dc                _impl_k_timer_stop
 .text.atomic_get
                0x000000000000a864        0x4 kernel/libkernel.a(atomic_c.c.obj)
                0x000000000000a864                atomic_get
 .text.atomic_set
                0x000000000000a868       0x14 kernel/libkernel.a(atomic_c.c.obj)
                0x000000000000a868                atomic_set
 .text.atomic_or
                0x000000000000a87c       0x16 kernel/libkernel.a(atomic_c.c.obj)
                0x000000000000a87c                atomic_or
 .text.atomic_and
                0x000000000000a892       0x16 kernel/libkernel.a(atomic_c.c.obj)
                0x000000000000a892                atomic_and
 .text.sys_dlist_remove
                0x000000000000a8a8        0xc kernel/libkernel.a(poll.c.obj)
 .text.clear_event_registrations
                0x000000000000a8b4       0x40 kernel/libkernel.a(poll.c.obj)
 .text._signal_poll_event
                0x000000000000a8f4       0xc4 kernel/libkernel.a(poll.c.obj)
 .text.add_event
                0x000000000000a9b8       0x5c kernel/libkernel.a(poll.c.obj)
 .text.k_poll_event_init
                0x000000000000aa14       0x2e kernel/libkernel.a(poll.c.obj)
                0x000000000000aa14                k_poll_event_init
 *fill*         0x000000000000aa42        0x2 
 .text.k_poll   0x000000000000aa44      0x12c kernel/libkernel.a(poll.c.obj)
                0x000000000000aa44                k_poll
 .text._handle_obj_poll_events
                0x000000000000ab70       0x26 kernel/libkernel.a(poll.c.obj)
                0x000000000000ab70                _handle_obj_poll_events
 .text._OffsetAbsSyms
                0x000000000000ab96        0x2 CMakeFiles/offsets.dir/arch/arm/core/offsets/offsets.c.obj
                0x000000000000ab96                _OffsetAbsSyms
 *(.gnu.linkonce.t.*)
                0x000000000000ab98                _image_text_end = .

.glue_7         0x000000000000ab98        0x0
 .glue_7        0x000000000000ab98        0x0 linker stubs

.glue_7t        0x000000000000ab98        0x0
 .glue_7t       0x000000000000ab98        0x0 linker stubs

.vfp11_veneer   0x000000000000ab98        0x0
 .vfp11_veneer  0x000000000000ab98        0x0 linker stubs

.v4_bx          0x000000000000ab98        0x0
 .v4_bx         0x000000000000ab98        0x0 linker stubs

.iplt           0x000000000000ab98        0x0
 .iplt          0x000000000000ab98        0x0 CMakeFiles/kernel_elf.dir/isr_tables.c.obj

.igot.plt       0x000000000000ab98        0x0
 .igot.plt      0x000000000000ab98        0x0 CMakeFiles/kernel_elf.dir/isr_tables.c.obj

.ARM.exidx      0x000000000000ab98        0x8
                0x000000000000ab98                __exidx_start = .
 *(.ARM.exidx* gnu.linkonce.armexidx.*)
 .ARM.exidx     0x000000000000ab98        0x8 /opt/zephyr-sdk/sysroots/armv5-zephyr-eabi/usr/lib/arm-zephyr-eabi/6.2.0/armv6-m/libgcc.a(_udivmoddi4.o)
                0x000000000000aba0                __exidx_end = .
                0x000000000000aba0                _image_rodata_start = .

devconfig       0x000000000000aba0       0x90
                0x000000000000aba0                __devconfig_start = .
 *(.devconfig.*)
 .devconfig.init
                0x000000000000aba0        0xc libzephyr.a(soc.c.obj)
 .devconfig.init
                0x000000000000abac        0xc libzephyr.a(uart_console.c.obj)
 .devconfig.init
                0x000000000000abb8        0xc libzephyr.a(mb_display.c.obj)
 .devconfig.init
                0x000000000000abc4       0x18 libzephyr.a(nrf5_power_clock.c.obj)
 .devconfig.init
                0x000000000000abdc        0xc libzephyr.a(gpio_nrf5.c.obj)
 .devconfig.init
                0x000000000000abe8        0xc libzephyr.a(pwm_nrf5_sw.c.obj)
 .devconfig.init
                0x000000000000abf4        0xc libzephyr.a(uart_nrf5.c.obj)
 .devconfig.init
                0x000000000000ac00        0xc libzephyr.a(sys_clock_init.c.obj)
 .devconfig.init
                0x000000000000ac0c        0xc subsys/bluetooth/controller/libsubsys__bluetooth__controller.a(hci_driver.c.obj)
 .devconfig.init
                0x000000000000ac18        0xc kernel/libkernel.a(mempool.c.obj)
 .devconfig.init
                0x000000000000ac24        0xc kernel/libkernel.a(system_work_q.c.obj)
 *(SORT(.devconfig*))
                0x000000000000ac30                __devconfig_end = .

net_l2          0x000000000000ac30        0x0
                0x000000000000ac30                __net_l2_start = .
 *(.net_l2.init)
 *(SORT(.net_l2.init*))
                0x000000000000ac30                __net_l2_end = .

rodata          0x000000000000ac30      0x60c
 *(.rodata)
 .rodata        0x000000000000ac30        0x7 subsys/bluetooth/host/libsubsys__bluetooth__host.a(hci_core.c.obj)
 .rodata        0x000000000000ac37       0x1a subsys/bluetooth/controller/libsubsys__bluetooth__controller.a(ctrl.c.obj)
 *(.rodata.*)
 .rodata.button_pressed.str1.1
                0x000000000000ac51       0x16 ../libapp.a(main.c.obj)
 .rodata.main.str1.1
                0x000000000000ac67        0xd ../libapp.a(main.c.obj)
 .rodata.s1_display.str1.1
                0x000000000000ac74        0xf ../libapp.a(main.c.obj)
 .rodata.s2_accelerometer.str1.1
                0x000000000000ac83        0xf ../libapp.a(main.c.obj)
                                          0x2 (size before relaxing)
 .rodata.s3_compass.str1.1
                0x000000000000ac83        0x2 ../libapp.a(main.c.obj)
 .rodata.s4_temperature.str1.1
                0x000000000000ac85        0x2 ../libapp.a(main.c.obj)
 .rodata.s5_bluetooth.str1.1
                0x000000000000ac87        0x2 ../libapp.a(main.c.obj)
 .rodata.str1.1
                0x000000000000ac89        0x2 libzephyr.a(soc.c.obj)
                                          0x1 (size before relaxing)
 .rodata._Fault.str1.1
                0x000000000000ac89       0xa4 libzephyr.a(fault.c.obj)
 .rodata._NanoFatalErrorHandler.str1.1
                0x000000000000ad2d       0xba libzephyr.a(fatal.c.obj)
 .rodata._SysFatalErrorHandler.str1.1
                0x000000000000ade7       0x5a libzephyr.a(sys_fatal_error_handler.c.obj)
 .rodata.str1.1
                0x000000000000ae41        0x1 libzephyr.a(uart_console.c.obj)
 .rodata.uart_console_init.str1.1
                0x000000000000ae41        0x7 libzephyr.a(uart_console.c.obj)
 .rodata.map    0x000000000000ae48       0x1b libzephyr.a(mb_display.c.obj)
 .rodata.mb_display_init.str1.1
                0x000000000000ae63        0x7 libzephyr.a(mb_display.c.obj)
 .rodata.str1.1
                0x000000000000ae63        0x1 libzephyr.a(mb_display.c.obj)
 .rodata.mb_font
                0x000000000000ae63      0x1db libzephyr.a(mb_font.c.obj)
                0x000000000000ae63                mb_font
 *fill*         0x000000000000b03e        0x2 
 .rodata._k32src_clock_control_api
                0x000000000000b040        0xc libzephyr.a(nrf5_power_clock.c.obj)
 .rodata._m16src_clock_control_api
                0x000000000000b04c        0xc libzephyr.a(nrf5_power_clock.c.obj)
 .rodata.str1.1
                0x000000000000b058       0x16 libzephyr.a(nrf5_power_clock.c.obj)
 *fill*         0x000000000000b06e        0x2 
 .rodata.drive_strength.7472
                0x000000000000b070       0x40 libzephyr.a(gpio_nrf5.c.obj)
 .rodata.gpio_nrf5_P0_cfg
                0x000000000000b0b0        0xc libzephyr.a(gpio_nrf5.c.obj)
 .rodata.gpio_nrf5_drv_api_funcs
                0x000000000000b0bc       0x1c libzephyr.a(gpio_nrf5.c.obj)
 .rodata.str1.1
                0x000000000000b0d8        0x7 libzephyr.a(gpio_nrf5.c.obj)
 .rodata.pwm_nrf5_sw_0_config
                0x000000000000b0d8        0x8 libzephyr.a(pwm_nrf5_sw.c.obj)
 .rodata.pwm_nrf5_sw_drv_api_funcs
                0x000000000000b0e0        0x8 libzephyr.a(pwm_nrf5_sw.c.obj)
 .rodata.str1.1
                0x000000000000b0e8        0x6 libzephyr.a(pwm_nrf5_sw.c.obj)
 .rodata.str1.1
                0x000000000000b0e8        0x7 libzephyr.a(uart_nrf5.c.obj)
 .rodata.uart_nrf5_dev_cfg_0
                0x000000000000b0e8        0x8 libzephyr.a(uart_nrf5.c.obj)
 .rodata.uart_nrf5_driver_api
                0x000000000000b0f0        0xc libzephyr.a(uart_nrf5.c.obj)
 .rodata.uart_nrf5_init.str1.1
                0x000000000000b0fc        0x7 libzephyr.a(uart_nrf5.c.obj)
 .rodata.str1.1
                0x000000000000b0fc        0xa libzephyr.a(sys_clock_init.c.obj)
 .rodata._sys_clock_driver_init.str1.1
                0x000000000000b106        0xb libzephyr.a(nrf_rtc_timer.c.obj)
 *fill*         0x000000000000b106        0x2 
 .rodata.net_buf_fixed_alloc_hci_cmd_pool
                0x000000000000b108        0x8 subsys/bluetooth/host/libsubsys__bluetooth__host.a(hci_core.c.obj)
 .rodata.net_buf_fixed_alloc_hci_rx_pool
                0x000000000000b110        0x8 subsys/bluetooth/host/libsubsys__bluetooth__host.a(hci_core.c.obj)
 .rodata.net_buf_fixed_hci_cmd_pool
                0x000000000000b118        0x8 subsys/bluetooth/host/libsubsys__bluetooth__host.a(hci_core.c.obj)
 .rodata.net_buf_fixed_hci_rx_pool
                0x000000000000b120        0x8 subsys/bluetooth/host/libsubsys__bluetooth__host.a(hci_core.c.obj)
 .rodata.drv    0x000000000000b128       0x10 subsys/bluetooth/controller/libsubsys__bluetooth__controller.a(hci_driver.c.obj)
 .rodata.str1.1
                0x000000000000b138        0xb subsys/bluetooth/controller/libsubsys__bluetooth__controller.a(hci_driver.c.obj)
                                          0xc (size before relaxing)
 .rodata.bt_addr_le_to_str.constprop.42.str1.1
                0x000000000000b143       0x4c subsys/bluetooth/controller/libsubsys__bluetooth__controller.a(hci.c.obj)
 .rodata.hci_cmd_handle.str1.1
                0x000000000000b18f       0x27 subsys/bluetooth/controller/libsubsys__bluetooth__controller.a(hci.c.obj)
 .rodata.gc_lookup_ppm
                0x000000000000b1b6       0x10 subsys/bluetooth/controller/libsubsys__bluetooth__controller.a(ctrl.c.obj)
 .rodata.ll_init.str1.1
                0x000000000000b1c6       0x16 subsys/bluetooth/controller/libsubsys__bluetooth__controller.a(ll.c.obj)
 .rodata.caller_id_lut
                0x000000000000b1c6        0x4 subsys/bluetooth/controller/libsubsys__bluetooth__controller.a(ticker.c.obj)
 *fill*         0x000000000000b1ca        0x2 
 .rodata.net_buf_fixed_cb
                0x000000000000b1cc        0xc subsys/net/libsubsys__net.a(buf.c.obj)
                0x000000000000b1cc                net_buf_fixed_cb
 .rodata.config_levels
                0x000000000000b1d8       0x14 kernel/libkernel.a(device.c.obj)
 .rodata._k_neg_eagain
                0x000000000000b1ec        0x4 kernel/libkernel.a(errno.c.obj)
                0x000000000000b1ec                _k_neg_eagain
 .rodata._idle_thread
                0x000000000000b1f0        0x4 kernel/libkernel.a(init.c.obj)
                0x000000000000b1f0                _idle_thread
 .rodata._main.str1.1
                0x000000000000b1f4       0x48 kernel/libkernel.a(init.c.obj)
 .rodata.str1.1
                0x000000000000b23c        0x1 kernel/libkernel.a(mempool.c.obj)
 .rodata.str1.1
                0x000000000000b23c        0x1 kernel/libkernel.a(system_work_q.c.obj)
 *(.gnu.linkonce.r.*)
                0x000000000000b240                . = ALIGN (0x4)
                0x000000000000b240                _image_rodata_end = .
                0x000000000000b240                _image_rom_end = .

.rel.dyn        0x000000000000b23c        0x0
 .rel.iplt      0x000000000000b23c        0x0 CMakeFiles/kernel_elf.dir/isr_tables.c.obj

bss             0x0000000020000000      0xe20
                0x0000000020000000                . = ALIGN (0x4)
                0x0000000020000000                __bss_start = .
                0x0000000020000000                _image_ram_start = .
                0x0000000020000000                __kernel_ram_start = .
 *(.bss)
 *(.bss.*)
 .bss.button_cb.7416
                0x0000000020000000        0xc ../libapp.a(main.c.obj)
 .bss.current_event
                0x000000002000000c        0x1 ../libapp.a(main.c.obj)
 .bss.current_state
                0x000000002000000d        0x1 ../libapp.a(main.c.obj)
 *fill*         0x000000002000000e        0x2 
 .bss.gpio      0x0000000020000010        0x4 ../libapp.a(main.c.obj)
 .bss.uart_console_dev
                0x0000000020000014        0x4 libzephyr.a(uart_console.c.obj)
 .bss.k32src_initialized
                0x0000000020000018        0x1 libzephyr.a(nrf5_power_clock.c.obj)
 .bss.m16src_grd
                0x0000000020000019        0x1 libzephyr.a(nrf5_power_clock.c.obj)
 .bss.m16src_ref
                0x000000002000001a        0x1 libzephyr.a(nrf5_power_clock.c.obj)
 *fill*         0x000000002000001b        0x1 
 .bss.gpio_data_P0
                0x000000002000001c       0x10 libzephyr.a(gpio_nrf5.c.obj)
 .bss.pwm_nrf5_sw_0_data
                0x000000002000002c       0x1c libzephyr.a(pwm_nrf5_sw.c.obj)
 .bss.expected_sys_ticks
                0x0000000020000048        0x4 libzephyr.a(nrf_rtc_timer.c.obj)
 .bss.rtc_past  0x000000002000004c        0x4 libzephyr.a(nrf_rtc_timer.c.obj)
 .bss.cmd_data  0x0000000020000050       0x10 subsys/bluetooth/host/libsubsys__bluetooth__host.a(hci_core.c.obj)
 .bss.dh_key_cb
                0x0000000020000060        0x4 subsys/bluetooth/host/libsubsys__bluetooth__host.a(hci_core.c.obj)
 .bss.pub_key   0x0000000020000064       0x40 subsys/bluetooth/host/libsubsys__bluetooth__host.a(hci_core.c.obj)
 .bss.pub_key_cb
                0x00000000200000a4        0x4 subsys/bluetooth/host/libsubsys__bluetooth__host.a(hci_core.c.obj)
 .bss.ready_cb  0x00000000200000a8        0x4 subsys/bluetooth/host/libsubsys__bluetooth__host.a(hci_core.c.obj)
 .bss.scan_dev_found_cb
                0x00000000200000ac        0x4 subsys/bluetooth/host/libsubsys__bluetooth__host.a(hci_core.c.obj)
 .bss.mfl       0x00000000200000b0       0x80 subsys/bluetooth/controller/libsubsys__bluetooth__controller.a(mayfly.c.obj)
 .bss.mft       0x0000000020000130       0xc0 subsys/bluetooth/controller/libsubsys__bluetooth__controller.a(mayfly.c.obj)
 .bss._instance
                0x00000000200001f0       0x58 subsys/bluetooth/controller/libsubsys__bluetooth__controller.a(ticker.c.obj)
 .bss.pub_addr  0x0000000020000248        0x6 subsys/bluetooth/controller/libsubsys__bluetooth__controller.a(ll_addr.c.obj)
 .bss.rnd_addr  0x000000002000024e        0x6 subsys/bluetooth/controller/libsubsys__bluetooth__controller.a(ll_addr.c.obj)
 .bss._opcode   0x0000000020000254        0x2 subsys/bluetooth/controller/libsubsys__bluetooth__controller.a(hci.c.obj)
 *fill*         0x0000000020000256        0x2 
 .bss._radio    0x0000000020000258      0x180 subsys/bluetooth/controller/libsubsys__bluetooth__controller.a(ctrl.c.obj)
 .bss.link_inact.10212
                0x00000000200003d8        0x8 subsys/bluetooth/controller/libsubsys__bluetooth__controller.a(ctrl.c.obj)
 .bss.link_inact.10527
                0x00000000200003e0        0x8 subsys/bluetooth/controller/libsubsys__bluetooth__controller.a(ctrl.c.obj)
 .bss.link_radio.10226
                0x00000000200003e8        0x8 subsys/bluetooth/controller/libsubsys__bluetooth__controller.a(ctrl.c.obj)
 .bss.link_radio.10535
                0x00000000200003f0        0x8 subsys/bluetooth/controller/libsubsys__bluetooth__controller.a(ctrl.c.obj)
 .bss.link_xtal.10219
                0x00000000200003f8        0x8 subsys/bluetooth/controller/libsubsys__bluetooth__controller.a(ctrl.c.obj)
 .bss.link_xtal.10531
                0x0000000020000400        0x8 subsys/bluetooth/controller/libsubsys__bluetooth__controller.a(ctrl.c.obj)
 .bss.s_active.9903
                0x0000000020000408        0x1 subsys/bluetooth/controller/libsubsys__bluetooth__controller.a(ctrl.c.obj)
 *fill*         0x0000000020000409        0x3 
 .bss.s_link.10066
                0x000000002000040c        0x8 subsys/bluetooth/controller/libsubsys__bluetooth__controller.a(ctrl.c.obj)
 .bss.s_link.10086
                0x0000000020000414        0x8 subsys/bluetooth/controller/libsubsys__bluetooth__controller.a(ctrl.c.obj)
 .bss.s_link.10232
                0x000000002000041c        0x8 subsys/bluetooth/controller/libsubsys__bluetooth__controller.a(ctrl.c.obj)
 .bss.s_link.10280
                0x0000000020000424        0x8 subsys/bluetooth/controller/libsubsys__bluetooth__controller.a(ctrl.c.obj)
 .bss.s_link.9910
                0x000000002000042c        0x8 subsys/bluetooth/controller/libsubsys__bluetooth__controller.a(ctrl.c.obj)
 .bss.s_link.9922