Archive member included to satisfy reference by file (symbol)

../libapp.a(atoi.c.obj)       (--whole-archive)
../libapp.a(strtol.c.obj)     (--whole-archive)
../libapp.a(strtoul.c.obj)    (--whole-archive)
../libapp.a(strncasecmp.c.obj)
                              (--whole-archive)
../libapp.a(strstr.c.obj)     (--whole-archive)
../libapp.a(string.c.obj)     (--whole-archive)
../libapp.a(prf.c.obj)        (--whole-archive)
../libapp.a(stdout_console.c.obj)
                              (--whole-archive)
../libapp.a(sprintf.c.obj)    (--whole-archive)
../libapp.a(fprintf.c.obj)    (--whole-archive)
../libapp.a(main.c.obj)       (--whole-archive)
libzephyr.a(isr_tables.c.obj)
                              (--whole-archive)
libzephyr.a(soc.c.obj)        (--whole-archive)
libzephyr.a(exc_exit.S.obj)   (--whole-archive)
libzephyr.a(irq_init.c.obj)   (--whole-archive)
libzephyr.a(swap.S.obj)       (--whole-archive)
libzephyr.a(fault.c.obj)      (--whole-archive)
libzephyr.a(irq_manage.c.obj)
                              (--whole-archive)
libzephyr.a(thread.c.obj)     (--whole-archive)
libzephyr.a(cpu_idle.S.obj)   (--whole-archive)
libzephyr.a(fault_s.S.obj)    (--whole-archive)
libzephyr.a(fatal.c.obj)      (--whole-archive)
libzephyr.a(sys_fatal_error_handler.c.obj)
                              (--whole-archive)
libzephyr.a(thread_abort.c.obj)
                              (--whole-archive)
libzephyr.a(isr_wrapper.S.obj)
                              (--whole-archive)
libzephyr.a(irq_relay.S.obj)  (--whole-archive)
libzephyr.a(vector_table.S.obj)
                              (--whole-archive)
libzephyr.a(reset.S.obj)      (--whole-archive)
libzephyr.a(nmi_on_reset.S.obj)
                              (--whole-archive)
libzephyr.a(prep_c.c.obj)     (--whole-archive)
libzephyr.a(scb.c.obj)        (--whole-archive)
libzephyr.a(nmi.c.obj)        (--whole-archive)
libzephyr.a(exc_manage.c.obj)
                              (--whole-archive)
libzephyr.a(crc16_sw.c.obj)   (--whole-archive)
libzephyr.a(crc8_sw.c.obj)    (--whole-archive)
libzephyr.a(printk.c.obj)     (--whole-archive)
libzephyr.a(configs.c.obj)    (--whole-archive)
libzephyr.a(uart_console.c.obj)
                              (--whole-archive)
libzephyr.a(mb_display.c.obj)
                              (--whole-archive)
libzephyr.a(mb_font.c.obj)    (--whole-archive)
libzephyr.a(nrf5_power_clock.c.obj)
                              (--whole-archive)
libzephyr.a(gpio_nrf5.c.obj)  (--whole-archive)
libzephyr.a(pwm_nrf5_sw.c.obj)
                              (--whole-archive)
libzephyr.a(temp_nrf5.c.obj)  (--whole-archive)
libzephyr.a(uart_nrf5.c.obj)  (--whole-archive)
libzephyr.a(sys_clock_init.c.obj)
                              (--whole-archive)
libzephyr.a(nrf_rtc_timer.c.obj)
                              (--whole-archive)
subsys/bluetooth/common/libsubsys__bluetooth__common.a(dummy.c.obj)
                              (--whole-archive)
subsys/bluetooth/host/libsubsys__bluetooth__host.a(uuid.c.obj)
                              (--whole-archive)
subsys/bluetooth/host/libsubsys__bluetooth__host.a(hci_core.c.obj)
                              (--whole-archive)
subsys/bluetooth/controller/libsubsys__bluetooth__controller.a(mem.c.obj)
                              (--whole-archive)
subsys/bluetooth/controller/libsubsys__bluetooth__controller.a(memq.c.obj)
                              (--whole-archive)
subsys/bluetooth/controller/libsubsys__bluetooth__controller.a(mayfly.c.obj)
                              (--whole-archive)
subsys/bluetooth/controller/libsubsys__bluetooth__controller.a(util.c.obj)
                              (--whole-archive)
subsys/bluetooth/controller/libsubsys__bluetooth__controller.a(ticker.c.obj)
                              (--whole-archive)
subsys/bluetooth/controller/libsubsys__bluetooth__controller.a(ll_addr.c.obj)
                              (--whole-archive)
subsys/bluetooth/controller/libsubsys__bluetooth__controller.a(ll_tx_pwr.c.obj)
                              (--whole-archive)
subsys/bluetooth/controller/libsubsys__bluetooth__controller.a(crypto.c.obj)
                              (--whole-archive)
subsys/bluetooth/controller/libsubsys__bluetooth__controller.a(hci_driver.c.obj)
                              (--whole-archive)
subsys/bluetooth/controller/libsubsys__bluetooth__controller.a(hci.c.obj)
                              (--whole-archive)
subsys/bluetooth/controller/libsubsys__bluetooth__controller.a(ctrl.c.obj)
                              (--whole-archive)
subsys/bluetooth/controller/libsubsys__bluetooth__controller.a(ll.c.obj)
                              (--whole-archive)
subsys/bluetooth/controller/libsubsys__bluetooth__controller.a(ll_adv.c.obj)
                              (--whole-archive)
subsys/bluetooth/controller/libsubsys__bluetooth__controller.a(ll_filter.c.obj)
                              (--whole-archive)
[...]
Memory Configuration

Name             Origin             Length             Attributes
FLASH            0x0000000000000000 0x0000000000040000 xr
SRAM             0x0000000020000000 0x0000000000004000 xw
IDT_LIST         0x0000000020004000 0x0000000000000800 xw
*default*        0x0000000000000000 0xffffffffffffffff

Linker script and memory map

LOAD CMakeFiles/kernel_elf.dir/misc/empty_file.c.obj
LOAD CMakeFiles/kernel_elf.dir/isr_tables.c.obj
START GROUP
LOAD ../libapp.a
LOAD libzephyr.a
LOAD subsys/bluetooth/common/libsubsys__bluetooth__common.a
LOAD subsys/bluetooth/host/libsubsys__bluetooth__host.a
LOAD subsys/bluetooth/controller/libsubsys__bluetooth__controller.a
LOAD subsys/net/libsubsys__net.a
LOAD kernel/libkernel.a
LOAD CMakeFiles/offsets.dir/arch/arm/core/offsets/offsets.c.obj
END GROUP
LOAD /opt/zephyr-sdk/sysroots/armv5-zephyr-eabi/usr/lib/arm-zephyr-eabi/6.2.0/armv6-m/libgcc.a
                0x0000000000000000                _image_rom_start = 0x0

text            0x0000000000000000     0xc338
                0x0000000000000000                . = 0x0
                0x0000000000000000                _vector_start = .
 *(.exc_vector_table)
 *(.exc_vector_table.*)
 .exc_vector_table._vector_table_section
                0x0000000000000000       0x40 libzephyr.a(vector_table.S.obj)
                0x0000000000000000                _vector_table
 *(.gnu.linkonce.irq_vector_table)
 .gnu.linkonce.irq_vector_table
                0x0000000000000040       0x68 CMakeFiles/kernel_elf.dir/isr_tables.c.obj
                0x0000000000000040                _irq_vector_table
 *(.openocd_dbg)
 *(.openocd_dbg.*)
 *(.kinetis_flash_config)
 *(.kinetis_flash_config.*)
 *(.gnu.linkonce.sw_isr_table)
 .gnu.linkonce.sw_isr_table
                0x00000000000000a8       0xd0 CMakeFiles/kernel_elf.dir/isr_tables.c.obj
                0x00000000000000a8                _sw_isr_table
                0x0000000000000178                _vector_end = .
                0x0000000000000178                _image_text_start = .
 *(.text)
 .text          0x0000000000000178       0x14 /opt/zephyr-sdk/sysroots/armv5-zephyr-eabi/usr/lib/arm-zephyr-eabi/6.2.0/armv6-m/libgcc.a(_thumb1_case_sqi.o)
                0x0000000000000178                __gnu_thumb1_case_sqi
 .text          0x000000000000018c       0x14 /opt/zephyr-sdk/sysroots/armv5-zephyr-eabi/usr/lib/arm-zephyr-eabi/6.2.0/armv6-m/libgcc.a(_thumb1_case_uqi.o)
                0x000000000000018c                __gnu_thumb1_case_uqi
 .text          0x00000000000001a0       0x14 /opt/zephyr-sdk/sysroots/armv5-zephyr-eabi/usr/lib/arm-zephyr-eabi/6.2.0/armv6-m/libgcc.a(_thumb1_case_shi.o)
                0x00000000000001a0                __gnu_thumb1_case_shi
 .text          0x00000000000001b4       0x14 /opt/zephyr-sdk/sysroots/armv5-zephyr-eabi/usr/lib/arm-zephyr-eabi/6.2.0/armv6-m/libgcc.a(_thumb1_case_uhi.o)
                0x00000000000001b4                __gnu_thumb1_case_uhi
 .text          0x00000000000001c8       0x9c /opt/zephyr-sdk/sysroots/armv5-zephyr-eabi/usr/lib/arm-zephyr-eabi/6.2.0/armv6-m/libgcc.a(_udivsi3.o)
                0x00000000000001c8                __udivsi3
                0x00000000000001c8                __aeabi_uidiv
                0x0000000000000250                __aeabi_uidivmod
 .text          0x0000000000000264       0xc0 /opt/zephyr-sdk/sysroots/armv5-zephyr-eabi/usr/lib/arm-zephyr-eabi/6.2.0/armv6-m/libgcc.a(_divsi3.o)
                0x0000000000000264                __aeabi_idiv
                0x0000000000000264                __divsi3
                0x0000000000000310                __aeabi_idivmod
 .text          0x0000000000000324        0x4 /opt/zephyr-sdk/sysroots/armv5-zephyr-eabi/usr/lib/arm-zephyr-eabi/6.2.0/armv6-m/libgcc.a(_dvmd_tls.o)
                0x0000000000000324                __aeabi_ldiv0
                0x0000000000000324                __aeabi_idiv0
 .text          0x0000000000000328       0x18 /opt/zephyr-sdk/sysroots/armv5-zephyr-eabi/usr/lib/arm-zephyr-eabi/6.2.0/armv6-m/libgcc.a(_lshrdi3.o)
                0x0000000000000328                __aeabi_llsr
                0x0000000000000328                __lshrdi3
 .text          0x0000000000000340       0x18 /opt/zephyr-sdk/sysroots/armv5-zephyr-eabi/usr/lib/arm-zephyr-eabi/6.2.0/armv6-m/libgcc.a(_ashldi3.o)
                0x0000000000000340                __ashldi3
                0x0000000000000340                __aeabi_llsl
 .text          0x0000000000000358       0x40 /opt/zephyr-sdk/sysroots/armv5-zephyr-eabi/usr/lib/arm-zephyr-eabi/6.2.0/armv6-m/libgcc.a(_aeabi_uldivmod.o)
                0x0000000000000358                __aeabi_uldivmod
 .text          0x0000000000000398       0x54 /opt/zephyr-sdk/sysroots/armv5-zephyr-eabi/usr/lib/arm-zephyr-eabi/6.2.0/armv6-m/libgcc.a(_muldi3.o)
                0x0000000000000398                __aeabi_lmul
                0x0000000000000398                __muldi3
 .text          0x00000000000003ec       0x14 /opt/zephyr-sdk/sysroots/armv5-zephyr-eabi/usr/lib/arm-zephyr-eabi/6.2.0/armv6-m/libgcc.a(_ffssi2.o)
                0x00000000000003ec                __ffssi2
 .text          0x0000000000000400       0x34 /opt/zephyr-sdk/sysroots/armv5-zephyr-eabi/usr/lib/arm-zephyr-eabi/6.2.0/armv6-m/libgcc.a(_popcountsi2.o)
                0x0000000000000400                __popcountsi2
 .text          0x0000000000000434      0x180 /opt/zephyr-sdk/sysroots/armv5-zephyr-eabi/usr/lib/arm-zephyr-eabi/6.2.0/armv6-m/libgcc.a(_udivmoddi4.o)
                0x0000000000000434                __udivmoddi4
 .text          0x00000000000005b4      0x620 /opt/zephyr-sdk/sysroots/armv5-zephyr-eabi/usr/lib/arm-zephyr-eabi/6.2.0/armv6-m/libgcc.a(adddf3.o)
                0x00000000000005b4                __aeabi_dadd
 .text          0x0000000000000bd4      0x668 /opt/zephyr-sdk/sysroots/armv5-zephyr-eabi/usr/lib/arm-zephyr-eabi/6.2.0/armv6-m/libgcc.a(divdf3.o)
                0x0000000000000bd4                __aeabi_ddiv
 .text          0x000000000000123c       0x84 /opt/zephyr-sdk/sysroots/armv5-zephyr-eabi/usr/lib/arm-zephyr-eabi/6.2.0/armv6-m/libgcc.a(floatsidf.o)
                0x000000000000123c                __aeabi_i2d
 .text          0x00000000000012c0       0x3c /opt/zephyr-sdk/sysroots/armv5-zephyr-eabi/usr/lib/arm-zephyr-eabi/6.2.0/armv6-m/libgcc.a(_clzsi2.o)
                0x00000000000012c0                __clzsi2
 .text          0x00000000000012fc       0x18 /opt/zephyr-sdk/sysroots/armv5-zephyr-eabi/usr/lib/arm-zephyr-eabi/6.2.0/armv6-m/libgcc.a(_clzdi2.o)
                0x00000000000012fc                __clzdi2
 .text          0x0000000000001314       0x40 /opt/zephyr-sdk/sysroots/armv5-zephyr-eabi/usr/lib/arm-zephyr-eabi/6.2.0/armv6-m/libgcc.a(_ctzsi2.o)
                0x0000000000001314                __ctzsi2
 *(.text.*)
 .text.strcpy   0x0000000000001354       0x12 ../libapp.a(string.c.obj)
                0x0000000000001354                strcpy
 .text.strchr   0x0000000000001366       0x1a ../libapp.a(string.c.obj)
                0x0000000000001366                strchr
 .text.strcmp   0x0000000000001380       0x18 ../libapp.a(string.c.obj)
                0x0000000000001380                strcmp
 .text.memcmp   0x0000000000001398       0x26 ../libapp.a(string.c.obj)
                0x0000000000001398                memcmp
 .text.memmove  0x00000000000013be       0x22 ../libapp.a(string.c.obj)
                0x00000000000013be                memmove
 .text.memcpy   0x00000000000013e0       0x54 ../libapp.a(string.c.obj)
                0x00000000000013e0                memcpy
 .text.memset   0x0000000000001434       0x4a ../libapp.a(string.c.obj)
                0x0000000000001434                memset
 .text._to_x    0x000000000000147e       0x64 ../libapp.a(prf.c.obj)
 .text._rlrshift
                0x00000000000014e2       0x20 ../libapp.a(prf.c.obj)
 *fill*         0x0000000000001502        0x2 
 .text._ldiv5   0x0000000000001504       0x78 ../libapp.a(prf.c.obj)
 .text._get_digit
                0x000000000000157c       0x2c ../libapp.a(prf.c.obj)
 .text._prf     0x00000000000015a8      0x6ec ../libapp.a(prf.c.obj)
                0x00000000000015a8                _prf
 .text._stdout_hook_default
                0x0000000000001c94        0x6 ../libapp.a(stdout_console.c.obj)
 *fill*         0x0000000000001c9a        0x2 
 .text.__stdout_hook_install
                0x0000000000001c9c        0xc ../libapp.a(stdout_console.c.obj)
                0x0000000000001c9c                __stdout_hook_install
 .text.fputc    0x0000000000001ca8       0x18 ../libapp.a(stdout_console.c.obj)
                0x0000000000001ca8                fputc
 .text.printf   0x0000000000001cc0       0x20 ../libapp.a(fprintf.c.obj)
                0x0000000000001cc0                printf
 .text.s4_temperature
                0x0000000000001ce0        0x2 ../libapp.a(main.c.obj)
                0x0000000000001ce0                s4_temperature
 *fill*         0x0000000000001ce2        0x2 
 .text.s1_display
                0x0000000000001ce4       0x1c ../libapp.a(main.c.obj)
                0x0000000000001ce4                s1_display
 .text.s2_accelerometer
                0x0000000000001d00       0x18 ../libapp.a(main.c.obj)
                0x0000000000001d00                s2_accelerometer
 .text.s3_compass
                0x0000000000001d18       0x18 ../libapp.a(main.c.obj)
                0x0000000000001d18                s3_compass
 .text.s5_bluetooth
                0x0000000000001d30       0x18 ../libapp.a(main.c.obj)
                0x0000000000001d30                s5_bluetooth
 .text.button_pressed
                0x0000000000001d48       0x4c ../libapp.a(main.c.obj)
 .text.main     0x0000000000001d94      0x12c ../libapp.a(main.c.obj)
                0x0000000000001d94                main
 .text.nordicsemi_nrf51_init
                0x0000000000001ec0       0x9c libzephyr.a(soc.c.obj)
 .text._HandlerModeExit
                0x0000000000001f5c       0x30 libzephyr.a(exc_exit.S.obj)
                0x0000000000001f5c                _ExcExit
                0x0000000000001f5c                _IntExit
 .text._IntLibInit
                0x0000000000001f8c       0x30 libzephyr.a(irq_init.c.obj)
                0x0000000000001f8c                _IntLibInit
 .text.__pendsv
                0x0000000000001fbc       0x5c libzephyr.a(swap.S.obj)
                0x0000000000001fbc                __pendsv
 .text.__svc    0x0000000000002018       0x28 libzephyr.a(swap.S.obj)
                0x0000000000002018                __svc
 .text.__swap   0x0000000000002040       0x28 libzephyr.a(swap.S.obj)
                0x0000000000002040                __swap
 .text._Fault   0x0000000000002068       0x54 libzephyr.a(fault.c.obj)
                0x0000000000002068                _Fault
 .text._FaultInit
                0x00000000000020bc        0x2 libzephyr.a(fault.c.obj)
                0x00000000000020bc                _FaultInit
 *fill*         0x00000000000020be        0x2 
 .text._arch_irq_enable
                0x00000000000020c0       0x18 libzephyr.a(irq_manage.c.obj)
                0x00000000000020c0                _arch_irq_enable
 .text._arch_irq_disable
                0x00000000000020d8       0x20 libzephyr.a(irq_manage.c.obj)
                0x00000000000020d8                _arch_irq_disable
 .text._arch_irq_is_enabled
                0x00000000000020f8       0x1c libzephyr.a(irq_manage.c.obj)
                0x00000000000020f8                _arch_irq_is_enabled
 .text._irq_priority_set
                0x0000000000002114       0x64 libzephyr.a(irq_manage.c.obj)
                0x0000000000002114                _irq_priority_set
 .text._irq_spurious
                0x0000000000002178        0x8 libzephyr.a(irq_manage.c.obj)
                0x0000000000002178                _irq_spurious
 .text._arch_isr_direct_pm
                0x0000000000002180       0x24 libzephyr.a(irq_manage.c.obj)
                0x0000000000002180                _arch_isr_direct_pm
 .text._new_thread
                0x00000000000021a4       0x4c libzephyr.a(thread.c.obj)
                0x00000000000021a4                _new_thread
 .text._CpuIdleInit
                0x00000000000021f0        0xc libzephyr.a(cpu_idle.S.obj)
                0x00000000000021f0                _CpuIdleInit
 .text.k_cpu_idle
                0x00000000000021fc        0x8 libzephyr.a(cpu_idle.S.obj)
                0x00000000000021fc                k_cpu_idle
 .text.__fault  0x0000000000002204       0x1c libzephyr.a(fault_s.S.obj)
                0x0000000000002204                __reserved
                0x0000000000002204                __hard_fault
 .text._NanoFatalErrorHandler
                0x0000000000002220       0x54 libzephyr.a(fatal.c.obj)
                0x0000000000002220                _NanoFatalErrorHandler
 .text._do_kernel_oops
                0x0000000000002274        0xc libzephyr.a(fatal.c.obj)
                0x0000000000002274                _do_kernel_oops
 .text._SysFatalErrorHandler
                0x0000000000002280       0x54 libzephyr.a(sys_fatal_error_handler.c.obj)
                0x0000000000002280                _SysFatalErrorHandler
 .text._impl_k_thread_abort
                0x00000000000022d4       0x44 libzephyr.a(thread_abort.c.obj)
                0x00000000000022d4                _impl_k_thread_abort
 .text._isr_wrapper
                0x0000000000002318       0x38 libzephyr.a(isr_wrapper.S.obj)
                0x0000000000002318                _isr_wrapper
 .text._reset_section
                0x0000000000002350       0x1c libzephyr.a(reset.S.obj)
                0x0000000000002350                __reset
                0x0000000000002350                __start
 .text._SysNmiOnReset
                0x000000000000236c        0x4 libzephyr.a(nmi_on_reset.S.obj)
                0x000000000000236c                _SysNmiOnReset
 .text.relocate_vector_table
                0x0000000000002370        0x2 libzephyr.a(prep_c.c.obj)
                0x0000000000002370                relocate_vector_table
 .text._PrepC   0x0000000000002372       0x12 libzephyr.a(prep_c.c.obj)
                0x0000000000002372                _PrepC
 .text.__nmi    0x0000000000002384        0xc libzephyr.a(nmi.c.obj)
                0x0000000000002384                __nmi
 .text._nop_char_out
                0x0000000000002390        0x4 libzephyr.a(printk.c.obj)
 .text.char_out
                0x0000000000002394       0x14 libzephyr.a(printk.c.obj)
 .text._printk_dec_ulong
                0x00000000000023a8       0xb0 libzephyr.a(printk.c.obj)
 .text.str_out  0x0000000000002458       0x2c libzephyr.a(printk.c.obj)
 .text.__printk_hook_install
                0x0000000000002484        0xc libzephyr.a(printk.c.obj)
                0x0000000000002484                __printk_hook_install
 .text._vprintk
                0x0000000000002490      0x258 libzephyr.a(printk.c.obj)
                0x0000000000002490                _vprintk
 .text.vprintk  0x00000000000026e8       0x1c libzephyr.a(printk.c.obj)
                0x00000000000026e8                vprintk
 .text.printk   0x0000000000002704       0x16 libzephyr.a(printk.c.obj)
                0x0000000000002704                printk
 *fill*         0x000000000000271a        0x2 
 .text.snprintk
                0x000000000000271c       0x38 libzephyr.a(printk.c.obj)
                0x000000000000271c                snprintk
 .text.vsnprintk
                0x0000000000002754       0x28 libzephyr.a(printk.c.obj)
                0x0000000000002754                vsnprintk
 .text._ConfigAbsSyms
                0x000000000000277c        0x2 libzephyr.a(configs.c.obj)
                0x000000000000277c                _ConfigAbsSyms
 *fill*         0x000000000000277e        0x2 
 .text.console_out
                0x0000000000002780       0x28 libzephyr.a(uart_console.c.obj)
 .text.uart_console_hook_install
                0x00000000000027a8       0x18 libzephyr.a(uart_console.c.obj)
                0x00000000000027a8                uart_console_hook_install
 .text.uart_console_init
                0x00000000000027c0       0x1c libzephyr.a(uart_console.c.obj)
 .text.reset_display
                0x00000000000027dc       0x24 libzephyr.a(mb_display.c.obj)
 .text.start_image
                0x0000000000002800       0x98 libzephyr.a(mb_display.c.obj)
 .text.gpio_pin_configure.constprop.4
                0x0000000000002898       0x10 libzephyr.a(mb_display.c.obj)
 .text.mb_display_init
                0x00000000000028a8       0x78 libzephyr.a(mb_display.c.obj)
 .text.current_img
                0x0000000000002920       0x44 libzephyr.a(mb_display.c.obj)
 .text.start_single
                0x0000000000002964       0x30 libzephyr.a(mb_display.c.obj)
 .text.clear_display
                0x0000000000002994       0x18 libzephyr.a(mb_display.c.obj)
 .text.show_row
                0x00000000000029ac      0x1cc libzephyr.a(mb_display.c.obj)
 .text.mb_display_print
                0x0000000000002b78       0xa0 libzephyr.a(mb_display.c.obj)
                0x0000000000002b78                mb_display_print
 .text.mb_display_get
                0x0000000000002c18        0x8 libzephyr.a(mb_display.c.obj)
                0x0000000000002c18                mb_display_get
 .text._m16src_stop
                0x0000000000002c20       0x68 libzephyr.a(nrf5_power_clock.c.obj)
 .text._clock_control_init
                0x0000000000002c88       0x16 libzephyr.a(nrf5_power_clock.c.obj)
 *fill*         0x0000000000002c9e        0x2 
 .text._m16src_start
                0x0000000000002ca0       0xbc libzephyr.a(nrf5_power_clock.c.obj)
 .text._k32src_start
                0x0000000000002d5c       0xd4 libzephyr.a(nrf5_power_clock.c.obj)
 .text._power_clock_isr
                0x0000000000002e30       0xa0 libzephyr.a(nrf5_power_clock.c.obj)
 .text.gpiote_find_channel
                0x0000000000002ed0       0x36 libzephyr.a(gpio_nrf5.c.obj)
 .text.gpio_nrf5_read
                0x0000000000002f06       0x20 libzephyr.a(gpio_nrf5.c.obj)
 *fill*         0x0000000000002f26        0x2 
 .text.gpio_nrf5_write
                0x0000000000002f28       0x30 libzephyr.a(gpio_nrf5.c.obj)
 .text.gpio_nrf5_manage_callback
                0x0000000000002f58       0x4a libzephyr.a(gpio_nrf5.c.obj)
 .text.gpio_nrf5_enable_callback
                0x0000000000002fa2       0x42 libzephyr.a(gpio_nrf5.c.obj)
 .text.gpio_nrf5_disable_callback
                0x0000000000002fe4       0x3a libzephyr.a(gpio_nrf5.c.obj)
 .text.gpio_nrf5_P0_init
                0x000000000000301e       0x16 libzephyr.a(gpio_nrf5.c.obj)
 .text.gpio_nrf5_port_isr
                0x0000000000003034       0x6a libzephyr.a(gpio_nrf5.c.obj)
 *fill*         0x000000000000309e        0x2 
 .text.gpio_nrf5_config
                0x00000000000030a0      0x128 libzephyr.a(gpio_nrf5.c.obj)
 .text.pwm_nrf5_sw_pin_set
                0x00000000000031c8      0x1e4 libzephyr.a(pwm_nrf5_sw.c.obj)
 .text.pwm_nrf5_sw_get_cycles_per_sec
                0x00000000000033ac        0xe libzephyr.a(pwm_nrf5_sw.c.obj)
 .text.pwm_nrf5_sw_init
                0x00000000000033ba        0x4 libzephyr.a(pwm_nrf5_sw.c.obj)
 *fill*         0x00000000000033be        0x2 
 .text.temp_nrf5_channel_get
                0x00000000000033c0       0x38 libzephyr.a(temp_nrf5.c.obj)
 .text.temp_nrf5_init
                0x00000000000033f8       0x40 libzephyr.a(temp_nrf5.c.obj)
 .text.temp_nrf5_isr
                0x0000000000003438       0x14 libzephyr.a(temp_nrf5.c.obj)
 .text.temp_nrf5_sample_fetch
                0x000000000000344c       0x48 libzephyr.a(temp_nrf5.c.obj)
 .text.uart_nrf5_poll_in
                0x0000000000003494       0x24 libzephyr.a(uart_nrf5.c.obj)
 .text.uart_nrf5_poll_out
                0x00000000000034b8       0x20 libzephyr.a(uart_nrf5.c.obj)
 .text.uart_nrf5_err_check
                0x00000000000034d8       0x20 libzephyr.a(uart_nrf5.c.obj)
 .text.uart_nrf5_init
                0x00000000000034f8       0x80 libzephyr.a(uart_nrf5.c.obj)
 .text.rtc_compare_set
                0x0000000000003578       0x34 libzephyr.a(nrf_rtc_timer.c.obj)
 .text.rtc_announce_set_next
                0x00000000000035ac       0x5c libzephyr.a(nrf_rtc_timer.c.obj)
 .text.rtc1_nrf5_isr
                0x0000000000003608       0x14 libzephyr.a(nrf_rtc_timer.c.obj)
 .text._timer_idle_enter
                0x000000000000361c       0x2c libzephyr.a(nrf_rtc_timer.c.obj)
                0x000000000000361c                _timer_idle_enter
 .text._timer_idle_exit
                0x0000000000003648       0x2c libzephyr.a(nrf_rtc_timer.c.obj)
                0x0000000000003648                _timer_idle_exit
 .text._sys_clock_driver_init
                0x0000000000003674       0x84 libzephyr.a(nrf_rtc_timer.c.obj)
                0x0000000000003674                _sys_clock_driver_init
 .text.hci_cmd_done.isra.9
                0x00000000000036f8       0x50 subsys/bluetooth/host/libsubsys__bluetooth__host.a(hci_core.c.obj)
 .text.atomic_test_bit.constprop.24
                0x0000000000003748       0x24 subsys/bluetooth/host/libsubsys__bluetooth__host.a(hci_core.c.obj)
 .text.bt_hci_cmd_create
                0x000000000000376c       0x60 subsys/bluetooth/host/libsubsys__bluetooth__host.a(hci_core.c.obj)
                0x000000000000376c                bt_hci_cmd_create
 .text.bt_hci_cmd_send_sync
                0x00000000000037cc       0x84 subsys/bluetooth/host/libsubsys__bluetooth__host.a(hci_core.c.obj)
                0x00000000000037cc                bt_hci_cmd_send_sync
 .text.set_random_address
                0x0000000000003850       0x5c subsys/bluetooth/host/libsubsys__bluetooth__host.a(hci_core.c.obj)
 .text.set_le_scan_enable
                0x00000000000038ac       0x68 subsys/bluetooth/host/libsubsys__bluetooth__host.a(hci_core.c.obj)
 .text.bt_le_scan_update
                0x0000000000003914       0x22 subsys/bluetooth/host/libsubsys__bluetooth__host.a(hci_core.c.obj)
                0x0000000000003914                bt_le_scan_update
 .text.bt_addr_le_create_static
                0x0000000000003936       0x20 subsys/bluetooth/host/libsubsys__bluetooth__host.a(hci_core.c.obj)
                0x0000000000003936                bt_addr_le_create_static
 *fill*         0x0000000000003956        0x2 
 .text.hci_init
                0x0000000000003958      0x3a4 subsys/bluetooth/host/libsubsys__bluetooth__host.a(hci_core.c.obj)
 .text.init_work
                0x0000000000003cfc       0x30 subsys/bluetooth/host/libsubsys__bluetooth__host.a(hci_core.c.obj)
 .text.bt_recv  0x0000000000003d2c      0x15c subsys/bluetooth/host/libsubsys__bluetooth__host.a(hci_core.c.obj)
                0x0000000000003d2c                bt_recv
 .text.bt_recv_prio
                0x0000000000003e88       0x88 subsys/bluetooth/host/libsubsys__bluetooth__host.a(hci_core.c.obj)
                0x0000000000003e88                bt_recv_prio
 .text.bt_hci_driver_register
                0x0000000000003f10       0x2c subsys/bluetooth/host/libsubsys__bluetooth__host.a(hci_core.c.obj)
                0x0000000000003f10                bt_hci_driver_register
 .text.bt_buf_get_rx
                0x0000000000003f3c       0x20 subsys/bluetooth/host/libsubsys__bluetooth__host.a(hci_core.c.obj)
                0x0000000000003f3c                bt_buf_get_rx
 .text.bt_buf_get_cmd_complete
                0x0000000000003f5c       0x40 subsys/bluetooth/host/libsubsys__bluetooth__host.a(hci_core.c.obj)
                0x0000000000003f5c                bt_buf_get_cmd_complete
 .text.mem_init
                0x0000000000003f9c       0x4c subsys/bluetooth/controller/libsubsys__bluetooth__controller.a(mem.c.obj)
                0x0000000000003f9c                mem_init
 .text.mem_acquire
                0x0000000000003fe8       0x32 subsys/bluetooth/controller/libsubsys__bluetooth__controller.a(mem.c.obj)
                0x0000000000003fe8                mem_acquire
 .text.mem_release
                0x000000000000401a       0x2c subsys/bluetooth/controller/libsubsys__bluetooth__controller.a(mem.c.obj)
                0x000000000000401a                mem_release
 .text.mem_get  0x0000000000004046        0x6 subsys/bluetooth/controller/libsubsys__bluetooth__controller.a(mem.c.obj)
                0x0000000000004046                mem_get
 .text.mem_index_get
                0x000000000000404c       0x10 subsys/bluetooth/controller/libsubsys__bluetooth__controller.a(mem.c.obj)
                0x000000000000404c                mem_index_get
 .text.mem_rcopy
                0x000000000000405c       0x20 subsys/bluetooth/controller/libsubsys__bluetooth__controller.a(mem.c.obj)
                0x000000000000405c                mem_rcopy
 .text.memq_init
                0x000000000000407c        0x6 subsys/bluetooth/controller/libsubsys__bluetooth__controller.a(memq.c.obj)
                0x000000000000407c                memq_init
 .text.memq_enqueue
                0x0000000000004082        0xc subsys/bluetooth/controller/libsubsys__bluetooth__controller.a(memq.c.obj)
                0x0000000000004082                memq_enqueue
 .text.memq_peek
                0x000000000000408e       0x12 subsys/bluetooth/controller/libsubsys__bluetooth__controller.a(memq.c.obj)
                0x000000000000408e                memq_peek
 .text.memq_dequeue
                0x00000000000040a0       0x20 subsys/bluetooth/controller/libsubsys__bluetooth__controller.a(memq.c.obj)
                0x00000000000040a0                memq_dequeue
 .text.mayfly_init
                0x00000000000040c0       0x4c subsys/bluetooth/controller/libsubsys__bluetooth__controller.a(mayfly.c.obj)
                0x00000000000040c0                mayfly_init
 .text.mayfly_enable
                0x000000000000410c       0x48 subsys/bluetooth/controller/libsubsys__bluetooth__controller.a(mayfly.c.obj)
                0x000000000000410c                mayfly_enable
 .text.mayfly_enqueue
                0x0000000000004154       0xa4 subsys/bluetooth/controller/libsubsys__bluetooth__controller.a(mayfly.c.obj)
                0x0000000000004154                mayfly_enqueue
 .text.mayfly_run
                0x00000000000041f8      0x120 subsys/bluetooth/controller/libsubsys__bluetooth__controller.a(mayfly.c.obj)
                0x00000000000041f8                mayfly_run
 .text.util_ones_count_get
                0x0000000000004318       0x22 subsys/bluetooth/controller/libsubsys__bluetooth__controller.a(util.c.obj)
                0x0000000000004318                util_ones_count_get
 .text.ticker_dequeue
                0x000000000000433a       0x50 subsys/bluetooth/controller/libsubsys__bluetooth__controller.a(ticker.c.obj)
 .text.ticks_to_expire_prep
                0x000000000000438a       0x3a subsys/bluetooth/controller/libsubsys__bluetooth__controller.a(ticker.c.obj)
 .text.ticker_job_op_cb
                0x00000000000043c4       0x18 subsys/bluetooth/controller/libsubsys__bluetooth__controller.a(ticker.c.obj)
 .text.ticker_worker
                0x00000000000043dc       0xa6 subsys/bluetooth/controller/libsubsys__bluetooth__controller.a(ticker.c.obj)
                0x00000000000043dc                ticker_worker
 *fill*         0x0000000000004482        0x2 
 .text.ticker_job
                0x0000000000004484      0x728 subsys/bluetooth/controller/libsubsys__bluetooth__controller.a(ticker.c.obj)
                0x0000000000004484                ticker_job
 .text.ticker_init
                0x0000000000004bac       0x70 subsys/bluetooth/controller/libsubsys__bluetooth__controller.a(ticker.c.obj)
                0x0000000000004bac                ticker_init
 .text.ticker_trigger
                0x0000000000004c1c       0x20 subsys/bluetooth/controller/libsubsys__bluetooth__controller.a(ticker.c.obj)
                0x0000000000004c1c                ticker_trigger
 .text.ticker_start
                0x0000000000004c3c       0x84 subsys/bluetooth/controller/libsubsys__bluetooth__controller.a(ticker.c.obj)
                0x0000000000004c3c                ticker_start
 .text.ticker_update
                0x0000000000004cc0       0xa0 subsys/bluetooth/controller/libsubsys__bluetooth__controller.a(ticker.c.obj)
                0x0000000000004cc0                ticker_update
 .text.ticker_stop
                0x0000000000004d60       0x5c subsys/bluetooth/controller/libsubsys__bluetooth__controller.a(ticker.c.obj)
                0x0000000000004d60                ticker_stop
 .text.ticker_next_slot_get
                0x0000000000004dbc       0x6c subsys/bluetooth/controller/libsubsys__bluetooth__controller.a(ticker.c.obj)
                0x0000000000004dbc                ticker_next_slot_get
 .text.ticker_job_idle_get
                0x0000000000004e28       0x60 subsys/bluetooth/controller/libsubsys__bluetooth__controller.a(ticker.c.obj)
                0x0000000000004e28                ticker_job_idle_get
 .text.ticker_job_sched
                0x0000000000004e88       0x20 subsys/bluetooth/controller/libsubsys__bluetooth__controller.a(ticker.c.obj)
                0x0000000000004e88                ticker_job_sched
 .text.ticker_ticks_now_get
                0x0000000000004ea8        0x8 subsys/bluetooth/controller/libsubsys__bluetooth__controller.a(ticker.c.obj)
                0x0000000000004ea8                ticker_ticks_now_get
 .text.ticker_ticks_diff_get
                0x0000000000004eb0        0x8 subsys/bluetooth/controller/libsubsys__bluetooth__controller.a(ticker.c.obj)
                0x0000000000004eb0                ticker_ticks_diff_get
 .text.ll_addr_get
                0x0000000000004eb8       0x30 subsys/bluetooth/controller/libsubsys__bluetooth__controller.a(ll_addr.c.obj)
                0x0000000000004eb8                ll_addr_get
 .text.ll_addr_set
                0x0000000000004ee8       0x38 subsys/bluetooth/controller/libsubsys__bluetooth__controller.a(ll_addr.c.obj)
                0x0000000000004ee8                ll_addr_set
 .text.ll_tx_pwr_get
                0x0000000000004f20        0x8 subsys/bluetooth/controller/libsubsys__bluetooth__controller.a(ll_tx_pwr.c.obj)
                0x0000000000004f20                ll_tx_pwr_get
 .text.bt_rand  0x0000000000004f28       0x3c subsys/bluetooth/controller/libsubsys__bluetooth__controller.a(crypto.c.obj)
                0x0000000000004f28                bt_rand
 .text._hci_driver_init
                0x0000000000004f64       0x10 subsys/bluetooth/controller/libsubsys__bluetooth__controller.a(hci_driver.c.obj)
 .text.hci_driver_send
                0x0000000000004f74       0x2c subsys/bluetooth/controller/libsubsys__bluetooth__controller.a(hci_driver.c.obj)
 .text.recv_thread
                0x0000000000004fa0       0x74 subsys/bluetooth/controller/libsubsys__bluetooth__controller.a(hci_driver.c.obj)
 .text.prio_recv_thread
                0x0000000000005014       0x3c subsys/bluetooth/controller/libsubsys__bluetooth__controller.a(hci_driver.c.obj)
 .text.hci_driver_open
                0x0000000000005050       0x70 subsys/bluetooth/controller/libsubsys__bluetooth__controller.a(hci_driver.c.obj)
 .text.sys_put_le32
                0x00000000000050c0       0x10 subsys/bluetooth/controller/libsubsys__bluetooth__controller.a(hci.c.obj)
 .text.evt_create
                0x00000000000050d0       0x14 subsys/bluetooth/controller/libsubsys__bluetooth__controller.a(hci.c.obj)
 .text.cmd_complete
                0x00000000000050e4       0x44 subsys/bluetooth/controller/libsubsys__bluetooth__controller.a(hci.c.obj)
 .text.meta_evt
                0x0000000000005128       0x28 subsys/bluetooth/controller/libsubsys__bluetooth__controller.a(hci.c.obj)
 .text.le_remote_feat_complete
                0x0000000000005150       0x50 subsys/bluetooth/controller/libsubsys__bluetooth__controller.a(hci.c.obj)
 .text.bt_addr_le_to_str.constprop.42
                0x00000000000051a0       0x78 subsys/bluetooth/controller/libsubsys__bluetooth__controller.a(hci.c.obj)
 .text.le_adv_ext_report.isra.37.part.38
                0x0000000000005218       0x32 subsys/bluetooth/controller/libsubsys__bluetooth__controller.a(hci.c.obj)
 .text.sys_get_le64
                0x000000000000524a       0x2c subsys/bluetooth/controller/libsubsys__bluetooth__controller.a(hci.c.obj)
 *fill*         0x0000000000005276        0x2 
 .text.hci_cmd_handle
                0x0000000000005278      0x59c subsys/bluetooth/controller/libsubsys__bluetooth__controller.a(hci.c.obj)
                0x0000000000005278                hci_cmd_handle
 .text.hci_evt_encode
                0x0000000000005814      0x1a8 subsys/bluetooth/controller/libsubsys__bluetooth__controller.a(hci.c.obj)
                0x0000000000005814                hci_evt_encode
 .text.hci_get_class
                0x00000000000059bc       0x40 subsys/bluetooth/controller/libsubsys__bluetooth__controller.a(hci.c.obj)
                0x00000000000059bc                hci_get_class
 .text.hci_init
                0x00000000000059fc       0x24 subsys/bluetooth/controller/libsubsys__bluetooth__controller.a(hci.c.obj)
                0x00000000000059fc                hci_init
 .text.cpu_sleep
                0x0000000000005a20        0x8 subsys/bluetooth/controller/libsubsys__bluetooth__controller.a(ctrl.c.obj)
 .text.pdu_len_cmp
                0x0000000000005a28       0x28 subsys/bluetooth/controller/libsubsys__bluetooth__controller.a(ctrl.c.obj)
 .text.ticker_if_done
                0x0000000000005a50        0x4 subsys/bluetooth/controller/libsubsys__bluetooth__controller.a(ctrl.c.obj)
 .text.prepare_reduced
                0x0000000000005a54       0x10 subsys/bluetooth/controller/libsubsys__bluetooth__controller.a(ctrl.c.obj)
 .text.prepare_normal
                0x0000000000005a64        0xe subsys/bluetooth/controller/libsubsys__bluetooth__controller.a(ctrl.c.obj)
 .text.chan_sel_remap
                0x0000000000005a72       0x34 subsys/bluetooth/controller/libsubsys__bluetooth__controller.a(ctrl.c.obj)
 *fill*         0x0000000000005aa6        0x2 
 .text.packet_rx_reserve_get
                0x0000000000005aa8       0x40 subsys/bluetooth/controller/libsubsys__bluetooth__controller.a(ctrl.c.obj)
 .text.conn_update_req
                0x0000000000005ae8       0x6a subsys/bluetooth/controller/libsubsys__bluetooth__controller.a(ctrl.c.obj)
 *fill*         0x0000000000005b52        0x2 
 .text.tx_cmplt_get
                0x0000000000005b54       0x98 subsys/bluetooth/controller/libsubsys__bluetooth__controller.a(ctrl.c.obj)
 .text.connection_get
                0x0000000000005bec       0x30 subsys/bluetooth/controller/libsubsys__bluetooth__controller.a(ctrl.c.obj)
 .text.role_disable
                0x0000000000005c1c      0x200 subsys/bluetooth/controller/libsubsys__bluetooth__controller.a(ctrl.c.obj)
 .text.sched_after_mstr_free_slot_get
                0x0000000000005e1c      0x11c subsys/bluetooth/controller/libsubsys__bluetooth__controller.a(ctrl.c.obj)
 .text.isr_adv_ci_adva_check
                0x0000000000005f38       0x42 subsys/bluetooth/controller/libsubsys__bluetooth__controller.a(ctrl.c.obj)
 *fill*         0x0000000000005f7a        0x2 
 .text.rx_fc_lock
                0x0000000000005f7c       0x38 subsys/bluetooth/controller/libsubsys__bluetooth__controller.a(ctrl.c.obj)
 .text.ticker_job_disable
                0x0000000000005fb4       0x1c subsys/bluetooth/controller/libsubsys__bluetooth__controller.a(ctrl.c.obj)
 .text.hdr_conn_get
                0x0000000000005fd0       0x3c subsys/bluetooth/controller/libsubsys__bluetooth__controller.a(ctrl.c.obj)
 .text.mayfly_xtal_retain.part.15
                0x000000000000600c       0x30 subsys/bluetooth/controller/libsubsys__bluetooth__controller.a(ctrl.c.obj)
 .text.rx_packet_set
                0x000000000000603c       0x40 subsys/bluetooth/controller/libsubsys__bluetooth__controller.a(ctrl.c.obj)
 .text.tx_packet_set
                0x000000000000607c       0x3e subsys/bluetooth/controller/libsubsys__bluetooth__controller.a(ctrl.c.obj)
 *fill*         0x00000000000060ba        0x2 
 .text.isr_scan_tgta_check.isra.30
                0x00000000000060bc       0x5c subsys/bluetooth/controller/libsubsys__bluetooth__controller.a(ctrl.c.obj)
 .text.radio_event_adv_prepare.part.43
                0x0000000000006118        0x6 subsys/bluetooth/controller/libsubsys__bluetooth__controller.a(ctrl.c.obj)
 *fill*         0x000000000000611e        0x2 
 .text.prepare_normal_set
                0x0000000000006120       0x48 subsys/bluetooth/controller/libsubsys__bluetooth__controller.a(ctrl.c.obj)
 .text.terminate_ind_rx_enqueue
                0x0000000000006168       0x44 subsys/bluetooth/controller/libsubsys__bluetooth__controller.a(ctrl.c.obj)
 .text.packet_rx_enqueue
                0x00000000000061ac       0x60 subsys/bluetooth/controller/libsubsys__bluetooth__controller.a(ctrl.c.obj)
 .text.mayfly_adv_stop
                0x000000000000620c       0x2e subsys/bluetooth/controller/libsubsys__bluetooth__controller.a(ctrl.c.obj)
 *fill*         0x000000000000623a        0x2 
 .text.ticker_stop_adv_stop
                0x000000000000623c      0x118 subsys/bluetooth/controller/libsubsys__bluetooth__controller.a(ctrl.c.obj)
 .text.sched_after_mstr_free_offset_get
                0x0000000000006354       0x6c subsys/bluetooth/controller/libsubsys__bluetooth__controller.a(ctrl.c.obj)
 .text.mayfly_sched_win_offset_use
                0x00000000000063c0       0x30 subsys/bluetooth/controller/libsubsys__bluetooth__controller.a(ctrl.c.obj)
 .text.chan_set
                0x00000000000063f0       0x38 subsys/bluetooth/controller/libsubsys__bluetooth__controller.a(ctrl.c.obj)
 .text.adv_setup
                0x0000000000006428       0xbc subsys/bluetooth/controller/libsubsys__bluetooth__controller.a(ctrl.c.obj)
 .text.pdu_node_tx_release
                0x00000000000064e4       0x48 subsys/bluetooth/controller/libsubsys__bluetooth__controller.a(ctrl.c.obj)
 .text.packet_tx_enqueue
                0x000000000000652c       0xa0 subsys/bluetooth/controller/libsubsys__bluetooth__controller.a(ctrl.c.obj)
 .text.connection_release
                0x00000000000065cc      0x10c subsys/bluetooth/controller/libsubsys__bluetooth__controller.a(ctrl.c.obj)
 .text.mayfly_radio_stop
                0x00000000000066d8       0x34 subsys/bluetooth/controller/libsubsys__bluetooth__controller.a(ctrl.c.obj)
 .text.mayfly_radio_active
                0x000000000000670c       0x34 subsys/bluetooth/controller/libsubsys__bluetooth__controller.a(ctrl.c.obj)
 .text.mayfly_radio_inactive
                0x0000000000006740        0xa subsys/bluetooth/controller/libsubsys__bluetooth__controller.a(ctrl.c.obj)
 *fill*         0x000000000000674a        0x2 
 .text.event_xtal
                0x000000000000674c       0x1c subsys/bluetooth/controller/libsubsys__bluetooth__controller.a(ctrl.c.obj)
 .text.event_active
                0x0000000000006768       0x1c subsys/bluetooth/controller/libsubsys__bluetooth__controller.a(ctrl.c.obj)
 .text.ticker_update_slave_assert
                0x0000000000006784       0x1c subsys/bluetooth/controller/libsubsys__bluetooth__controller.a(ctrl.c.obj)
 .text.ticker_update_adv_assert
                0x00000000000067a0       0x18 subsys/bluetooth/controller/libsubsys__bluetooth__controller.a(ctrl.c.obj)
 .text.ticker_stop_scan_assert
                0x00000000000067b8       0x28 subsys/bluetooth/controller/libsubsys__bluetooth__controller.a(ctrl.c.obj)
 .text.ticker_stop_adv_assert
                0x00000000000067e0       0x28 subsys/bluetooth/controller/libsubsys__bluetooth__controller.a(ctrl.c.obj)
 .text.ticker_success_assert
                0x0000000000006808        0xc subsys/bluetooth/controller/libsubsys__bluetooth__controller.a(ctrl.c.obj)
 .text.isr_rx_scan_report.isra.37
                0x0000000000006814       0x60 subsys/bluetooth/controller/libsubsys__bluetooth__controller.a(ctrl.c.obj)
 .text.adv_scan_configure.constprop.47
                0x0000000000006874       0x4c subsys/bluetooth/controller/libsubsys__bluetooth__controller.a(ctrl.c.obj)
 .text.event_stop.constprop.48
                0x00000000000068c0       0x20 subsys/bluetooth/controller/libsubsys__bluetooth__controller.a(ctrl.c.obj)
 .text.event_common_prepare
                0x00000000000068e0      0x188 subsys/bluetooth/controller/libsubsys__bluetooth__controller.a(ctrl.c.obj)
 .text.radio_event_adv_prepare
                0x0000000000006a68       0x38 subsys/bluetooth/controller/libsubsys__bluetooth__controller.a(ctrl.c.obj)
                0x0000000000006a68                radio_event_adv_prepare
 .text.event_adv_stop
                0x0000000000006aa0       0x2c subsys/bluetooth/controller/libsubsys__bluetooth__controller.a(ctrl.c.obj)
                0x0000000000006aa0                event_adv_stop
 .text.packet_rx_allocate.constprop.49
                0x0000000000006acc       0x8c subsys/bluetooth/controller/libsubsys__bluetooth__controller.a(ctrl.c.obj)
 .text.common_init
                0x0000000000006b58       0xd4 subsys/bluetooth/controller/libsubsys__bluetooth__controller.a(ctrl.c.obj)
 .text.mayfly_xtal_start
                0x0000000000006c2c       0x14 subsys/bluetooth/controller/libsubsys__bluetooth__controller.a(ctrl.c.obj)
 .text.mayfly_xtal_stop
                0x0000000000006c40       0x14 subsys/bluetooth/controller/libsubsys__bluetooth__controller.a(ctrl.c.obj)
 .text.chan_sel_2
                0x0000000000006c54       0x80 subsys/bluetooth/controller/libsubsys__bluetooth__controller.a(ctrl.c.obj)
 .text.preempt_calc
                0x0000000000006cd4       0x44 subsys/bluetooth/controller/libsubsys__bluetooth__controller.a(ctrl.c.obj)
 .text.event_adv
                0x0000000000006d18       0xa8 subsys/bluetooth/controller/libsubsys__bluetooth__controller.a(ctrl.c.obj)
 .text.ctrl_tx_enqueue
                0x0000000000006dc0       0x62 subsys/bluetooth/controller/libsubsys__bluetooth__controller.a(ctrl.c.obj)
 .text.ctrl_tx_sec_enqueue
                0x0000000000006e22       0x32 subsys/bluetooth/controller/libsubsys__bluetooth__controller.a(ctrl.c.obj)
 .text.feature_rsp_send
                0x0000000000006e54       0x88 subsys/bluetooth/controller/libsubsys__bluetooth__controller.a(ctrl.c.obj)
 .text.event_connection_prepare
                0x0000000000006edc      0x6c8 subsys/bluetooth/controller/libsubsys__bluetooth__controller.a(ctrl.c.obj)
 .text.event_master_prepare
                0x00000000000075a4        0x8 subsys/bluetooth/controller/libsubsys__bluetooth__controller.a(ctrl.c.obj)
 .text.event_slave_prepare
                0x00000000000075ac        0x8 subsys/bluetooth/controller/libsubsys__bluetooth__controller.a(ctrl.c.obj)
 .text.connection_configure
                0x00000000000075b4       0x3c subsys/bluetooth/controller/libsubsys__bluetooth__controller.a(ctrl.c.obj)
 .text.event_slave
                0x00000000000075f0      0x16c subsys/bluetooth/controller/libsubsys__bluetooth__controller.a(ctrl.c.obj)
 .text.prepare_pdu_data_tx
                0x000000000000775c       0xd8 subsys/bluetooth/controller/libsubsys__bluetooth__controller.a(ctrl.c.obj)
 .text.isr      0x0000000000007834     0x16a0 subsys/bluetooth/controller/libsubsys__bluetooth__controller.a(ctrl.c.obj)
 .text.mayfly_xtal_stop_calc
                0x0000000000008ed4      0x1f8 subsys/bluetooth/controller/libsubsys__bluetooth__controller.a(ctrl.c.obj)
 .text.event_master
                0x00000000000090cc      0x134 subsys/bluetooth/controller/libsubsys__bluetooth__controller.a(ctrl.c.obj)
 .text.radio_init
                0x0000000000009200       0xf8 subsys/bluetooth/controller/libsubsys__bluetooth__controller.a(ctrl.c.obj)
                0x0000000000009200                radio_init
 .text.ll_reset
                0x00000000000092f8       0xac subsys/bluetooth/controller/libsubsys__bluetooth__controller.a(ctrl.c.obj)
                0x00000000000092f8                ll_reset
 .text.radio_adv_data_get
                0x00000000000093a4        0xc subsys/bluetooth/controller/libsubsys__bluetooth__controller.a(ctrl.c.obj)
                0x00000000000093a4                radio_adv_data_get
 .text.radio_scan_data_get
                0x00000000000093b0        0xc subsys/bluetooth/controller/libsubsys__bluetooth__controller.a(ctrl.c.obj)
                0x00000000000093b0                radio_scan_data_get
 .text.ll_adv_is_enabled
                0x00000000000093bc       0x10 subsys/bluetooth/controller/libsubsys__bluetooth__controller.a(ctrl.c.obj)
                0x00000000000093bc                ll_adv_is_enabled
 .text.radio_adv_filter_pol_get
                0x00000000000093cc       0x18 subsys/bluetooth/controller/libsubsys__bluetooth__controller.a(ctrl.c.obj)
                0x00000000000093cc                radio_adv_filter_pol_get
 .text.ll_scan_is_enabled
                0x00000000000093e4       0x2c subsys/bluetooth/controller/libsubsys__bluetooth__controller.a(ctrl.c.obj)
                0x00000000000093e4                ll_scan_is_enabled
 .text.radio_scan_filter_pol_get
                0x0000000000009410       0x1c subsys/bluetooth/controller/libsubsys__bluetooth__controller.a(ctrl.c.obj)
                0x0000000000009410                radio_scan_filter_pol_get
 .text.ll_tx_pwr_lvl_get
                0x000000000000942c       0x16 subsys/bluetooth/controller/libsubsys__bluetooth__controller.a(ctrl.c.obj)
                0x000000000000942c                ll_tx_pwr_lvl_get
 *fill*         0x0000000000009442        0x2 
 .text.ll_rx_get
                0x0000000000009444       0x74 subsys/bluetooth/controller/libsubsys__bluetooth__controller.a(ctrl.c.obj)
                0x0000000000009444                ll_rx_get
 .text.ll_rx_mem_release
                0x00000000000094b8       0x60 subsys/bluetooth/controller/libsubsys__bluetooth__controller.a(ctrl.c.obj)
                0x00000000000094b8                ll_rx_mem_release
 .text.do_radio_rx_fc_set
                0x0000000000009518       0x68 subsys/bluetooth/controller/libsubsys__bluetooth__controller.a(ctrl.c.obj)
                0x0000000000009518                do_radio_rx_fc_set
 .text.radio_rx_fc_set
                0x0000000000009580       0x64 subsys/bluetooth/controller/libsubsys__bluetooth__controller.a(ctrl.c.obj)
                0x0000000000009580                radio_rx_fc_set
 .text.ll_adv_scan_state_cb
                0x00000000000095e4        0x2 subsys/bluetooth/controller/libsubsys__bluetooth__controller.a(ctrl.c.obj)
                0x00000000000095e4                ll_adv_scan_state_cb
 *fill*         0x00000000000095e6        0x2 
 .text.radio_adv_enable
                0x00000000000095e8      0x2f4 subsys/bluetooth/controller/libsubsys__bluetooth__controller.a(ctrl.c.obj)
                0x00000000000095e8                radio_adv_enable
 .text.radio_adv_disable
                0x00000000000098dc       0x60 subsys/bluetooth/controller/libsubsys__bluetooth__controller.a(ctrl.c.obj)
                0x00000000000098dc                radio_adv_disable
 .text.ll_rx_dequeue
                0x000000000000993c       0xe4 subsys/bluetooth/controller/libsubsys__bluetooth__controller.a(ctrl.c.obj)
                0x000000000000993c                ll_rx_dequeue
 .text.rtc0_nrf5_isr
                0x0000000000009a20       0x30 subsys/bluetooth/controller/libsubsys__bluetooth__controller.a(ll.c.obj)
 .text.swi4_nrf5_isr
                0x0000000000009a50        0xa subsys/bluetooth/controller/libsubsys__bluetooth__controller.a(ll.c.obj)
 .text.rng_nrf5_isr
                0x0000000000009a5a        0x8 subsys/bluetooth/controller/libsubsys__bluetooth__controller.a(ll.c.obj)
 .text.radio_nrf5_isr
                0x0000000000009a62       0x10 subsys/bluetooth/controller/libsubsys__bluetooth__controller.a(ll.c.obj)
                0x0000000000009a62                radio_nrf5_isr
 .text.radio_active_callback
                0x0000000000009a72        0x2 subsys/bluetooth/controller/libsubsys__bluetooth__controller.a(ll.c.obj)
                0x0000000000009a72                radio_active_callback
 .text.radio_event_callback
                0x0000000000009a74       0x10 subsys/bluetooth/controller/libsubsys__bluetooth__controller.a(ll.c.obj)
                0x0000000000009a74                radio_event_callback
 .text.ll_init  0x0000000000009a84      0x124 subsys/bluetooth/controller/libsubsys__bluetooth__controller.a(ll.c.obj)
                0x0000000000009a84                ll_init
 .text.ll_adv_params_set
                0x0000000000009ba8      0x1f4 subsys/bluetooth/controller/libsubsys__bluetooth__controller.a(ll_adv.c.obj)
                0x0000000000009ba8                ll_adv_params_set
 .text.ll_adv_data_set
                0x0000000000009d9c       0xb0 subsys/bluetooth/controller/libsubsys__bluetooth__controller.a(ll_adv.c.obj)
                0x0000000000009d9c                ll_adv_data_set
 .text.ll_scan_data_set
                0x0000000000009e4c       0x76 subsys/bluetooth/controller/libsubsys__bluetooth__controller.a(ll_adv.c.obj)
                0x0000000000009e4c                ll_scan_data_set
 *fill*         0x0000000000009ec2        0x2 
 .text.ll_adv_enable
                0x0000000000009ec4       0xac subsys/bluetooth/controller/libsubsys__bluetooth__controller.a(ll_adv.c.obj)
                0x0000000000009ec4                ll_adv_enable
 .text.ctrl_filter_get
                0x0000000000009f70       0x14 subsys/bluetooth/controller/libsubsys__bluetooth__controller.a(ll_filter.c.obj)
                0x0000000000009f70                ctrl_filter_get
 .text.ll_wl_size_get
                0x0000000000009f84        0x4 subsys/bluetooth/controller/libsubsys__bluetooth__controller.a(ll_filter.c.obj)
                0x0000000000009f84                ll_wl_size_get
 .text.ll_wl_clear
                0x0000000000009f88       0x2c subsys/bluetooth/controller/libsubsys__bluetooth__controller.a(ll_filter.c.obj)
                0x0000000000009f88                ll_wl_clear
 .text.ll_wl_add
                0x0000000000009fb4       0x6c subsys/bluetooth/controller/libsubsys__bluetooth__controller.a(ll_filter.c.obj)
                0x0000000000009fb4                ll_wl_add
 .text.ll_wl_remove
                0x000000000000a020       0x88 subsys/bluetooth/controller/libsubsys__bluetooth__controller.a(ll_filter.c.obj)
                0x000000000000a020                ll_wl_remove
 .text.ll_filter_reset
                0x000000000000a0a8       0x18 subsys/bluetooth/controller/libsubsys__bluetooth__controller.a(ll_filter.c.obj)
                0x000000000000a0a8                ll_filter_reset
 .text.cntr_init
                0x000000000000a0c0       0x20 subsys/bluetooth/controller/libsubsys__bluetooth__controller.a(cntr.c.obj)
                0x000000000000a0c0                cntr_init
 .text.cntr_start
                0x000000000000a0e0       0x20 subsys/bluetooth/controller/libsubsys__bluetooth__controller.a(cntr.c.obj)
                0x000000000000a0e0                cntr_start
 .text.cntr_stop
                0x000000000000a100       0x2c subsys/bluetooth/controller/libsubsys__bluetooth__controller.a(cntr.c.obj)
                0x000000000000a100                cntr_stop
 .text.cntr_cnt_get
                0x000000000000a12c       0x10 subsys/bluetooth/controller/libsubsys__bluetooth__controller.a(cntr.c.obj)
                0x000000000000a12c                cntr_cnt_get
 .text.cntr_cmp_set
                0x000000000000a13c       0x10 subsys/bluetooth/controller/libsubsys__bluetooth__controller.a(cntr.c.obj)
                0x000000000000a13c                cntr_cmp_set
 .text.isr      0x000000000000a14c       0x4c subsys/bluetooth/controller/libsubsys__bluetooth__controller.a(rand.c.obj)
 .text.get      0x000000000000a198       0xd8 subsys/bluetooth/controller/libsubsys__bluetooth__controller.a(rand.c.obj)
 .text.init     0x000000000000a270       0x58 subsys/bluetooth/controller/libsubsys__bluetooth__controller.a(rand.c.obj)
 .text.rand_init
                0x000000000000a2c8       0x14 subsys/bluetooth/controller/libsubsys__bluetooth__controller.a(rand.c.obj)
                0x000000000000a2c8                rand_init
 .text.rand_isr_init
                0x000000000000a2dc       0x14 subsys/bluetooth/controller/libsubsys__bluetooth__controller.a(rand.c.obj)
                0x000000000000a2dc                rand_isr_init
 .text.rand_get
                0x000000000000a2f0       0x14 subsys/bluetooth/controller/libsubsys__bluetooth__controller.a(rand.c.obj)
                0x000000000000a2f0                rand_get
 .text.rand_isr_get
                0x000000000000a304       0x14 subsys/bluetooth/controller/libsubsys__bluetooth__controller.a(rand.c.obj)
                0x000000000000a304                rand_isr_get
 .text.isr_rand
                0x000000000000a318       0x4c subsys/bluetooth/controller/libsubsys__bluetooth__controller.a(rand.c.obj)
                0x000000000000a318                isr_rand
 .text.do_ecb   0x000000000000a364       0x48 subsys/bluetooth/controller/libsubsys__bluetooth__controller.a(ecb.c.obj)
 .text.ecb_encrypt
                0x000000000000a3ac       0x44 subsys/bluetooth/controller/libsubsys__bluetooth__controller.a(ecb.c.obj)
                0x000000000000a3ac                ecb_encrypt
 .text.hal_radio_enable_on_tick_ppi_config_and_enable
                0x000000000000a3f0       0x38 subsys/bluetooth/controller/libsubsys__bluetooth__controller.a(radio.c.obj)
 .text.isr_radio
                0x000000000000a428       0x14 subsys/bluetooth/controller/libsubsys__bluetooth__controller.a(radio.c.obj)
                0x000000000000a428                isr_radio
 .text.radio_isr_set
                0x000000000000a43c       0x30 subsys/bluetooth/controller/libsubsys__bluetooth__controller.a(radio.c.obj)
                0x000000000000a43c                radio_isr_set
 .text.radio_setup
                0x000000000000a46c        0x2 subsys/bluetooth/controller/libsubsys__bluetooth__controller.a(radio.c.obj)
                0x000000000000a46c                radio_setup
 *fill*         0x000000000000a46e        0x2 
 .text.radio_reset
                0x000000000000a470       0x20 subsys/bluetooth/controller/libsubsys__bluetooth__controller.a(radio.c.obj)
                0x000000000000a470                radio_reset
 .text.radio_phy_set
                0x000000000000a490       0x18 subsys/bluetooth/controller/libsubsys__bluetooth__controller.a(radio.c.obj)
                0x000000000000a490                radio_phy_set
 .text.radio_tx_power_set
                0x000000000000a4a8       0x10 subsys/bluetooth/controller/libsubsys__bluetooth__controller.a(radio.c.obj)
                0x000000000000a4a8                radio_tx_power_set
 .text.radio_freq_chan_set
                0x000000000000a4b8       0x10 subsys/bluetooth/controller/libsubsys__bluetooth__controller.a(radio.c.obj)
                0x000000000000a4b8                radio_freq_chan_set
 .text.radio_whiten_iv_set
                0x000000000000a4c8       0x28 subsys/bluetooth/controller/libsubsys__bluetooth__controller.a(radio.c.obj)
                0x000000000000a4c8                radio_whiten_iv_set
 .text.radio_aa_set
                0x000000000000a4f0       0x3c subsys/bluetooth/controller/libsubsys__bluetooth__controller.a(radio.c.obj)
                0x000000000000a4f0                radio_aa_set
 .text.radio_pkt_configure
                0x000000000000a52c       0x4c subsys/bluetooth/controller/libsubsys__bluetooth__controller.a(radio.c.obj)
                0x000000000000a52c                radio_pkt_configure
 .text.radio_pkt_rx_set
                0x000000000000a578       0x10 subsys/bluetooth/controller/libsubsys__bluetooth__controller.a(radio.c.obj)
                0x000000000000a578                radio_pkt_rx_set
 .text.radio_pkt_tx_set
                0x000000000000a588       0x10 subsys/bluetooth/controller/libsubsys__bluetooth__controller.a(radio.c.obj)
                0x000000000000a588                radio_pkt_tx_set
 .text.radio_tx_ready_delay_get
                0x000000000000a598        0x4 subsys/bluetooth/controller/libsubsys__bluetooth__controller.a(radio.c.obj)
                0x000000000000a598                radio_tx_ready_delay_get
 .text.radio_tx_chain_delay_get
                0x000000000000a59c        0x4 subsys/bluetooth/controller/libsubsys__bluetooth__controller.a(radio.c.obj)
                0x000000000000a59c                radio_tx_chain_delay_get
 .text.radio_rx_ready_delay_get
                0x000000000000a5a0        0x4 subsys/bluetooth/controller/libsubsys__bluetooth__controller.a(radio.c.obj)
                0x000000000000a5a0                radio_rx_ready_delay_get
 .text.radio_rx_chain_delay_get
                0x000000000000a5a4        0x4 subsys/bluetooth/controller/libsubsys__bluetooth__controller.a(radio.c.obj)
                0x000000000000a5a4                radio_rx_chain_delay_get
 .text.radio_rx_enable
                0x000000000000a5a8        0xc subsys/bluetooth/controller/libsubsys__bluetooth__controller.a(radio.c.obj)
                0x000000000000a5a8                radio_rx_enable
 .text.radio_tx_enable
                0x000000000000a5b4        0xc subsys/bluetooth/controller/libsubsys__bluetooth__controller.a(radio.c.obj)
                0x000000000000a5b4                radio_tx_enable
 .text.radio_disable
                0x000000000000a5c0       0x14 subsys/bluetooth/controller/libsubsys__bluetooth__controller.a(radio.c.obj)
                0x000000000000a5c0                radio_disable
 .text.radio_status_reset
                0x000000000000a5d4       0x10 subsys/bluetooth/controller/libsubsys__bluetooth__controller.a(radio.c.obj)
                0x000000000000a5d4                radio_status_reset
 .text.radio_is_ready
                0x000000000000a5e4       0x10 subsys/bluetooth/controller/libsubsys__bluetooth__controller.a(radio.c.obj)
                0x000000000000a5e4                radio_is_ready
 .text.radio_is_done
                0x000000000000a5f4       0x10 subsys/bluetooth/controller/libsubsys__bluetooth__controller.a(radio.c.obj)
                0x000000000000a5f4                radio_is_done
 .text.radio_is_idle
                0x000000000000a604       0x14 subsys/bluetooth/controller/libsubsys__bluetooth__controller.a(radio.c.obj)
                0x000000000000a604                radio_is_idle
 .text.radio_crc_configure
                0x000000000000a618       0x24 subsys/bluetooth/controller/libsubsys__bluetooth__controller.a(radio.c.obj)
                0x000000000000a618                radio_crc_configure
 .text.radio_crc_is_valid
                0x000000000000a63c       0x14 subsys/bluetooth/controller/libsubsys__bluetooth__controller.a(radio.c.obj)
                0x000000000000a63c                radio_crc_is_valid
 .text.radio_pkt_empty_get
                0x000000000000a650        0x8 subsys/bluetooth/controller/libsubsys__bluetooth__controller.a(radio.c.obj)
                0x000000000000a650                radio_pkt_empty_get
 .text.radio_pkt_scratch_get
                0x000000000000a658        0x8 subsys/bluetooth/controller/libsubsys__bluetooth__controller.a(radio.c.obj)
                0x000000000000a658                radio_pkt_scratch_get
 .text.radio_switch_complete_and_rx
                0x000000000000a660       0x10 subsys/bluetooth/controller/libsubsys__bluetooth__controller.a(radio.c.obj)
                0x000000000000a660                radio_switch_complete_and_rx
 .text.radio_switch_complete_and_tx
                0x000000000000a670       0x10 subsys/bluetooth/controller/libsubsys__bluetooth__controller.a(radio.c.obj)
                0x000000000000a670                radio_switch_complete_and_tx
 .text.radio_switch_complete_and_disable
                0x000000000000a680       0x10 subsys/bluetooth/controller/libsubsys__bluetooth__controller.a(radio.c.obj)
                0x000000000000a680                radio_switch_complete_and_disable
 .text.radio_rssi_measure
                0x000000000000a690       0x18 subsys/bluetooth/controller/libsubsys__bluetooth__controller.a(radio.c.obj)
                0x000000000000a690                radio_rssi_measure
 .text.radio_rssi_get
                0x000000000000a6a8       0x10 subsys/bluetooth/controller/libsubsys__bluetooth__controller.a(radio.c.obj)
                0x000000000000a6a8                radio_rssi_get
 .text.radio_rssi_status_reset
                0x000000000000a6b8        0xc subsys/bluetooth/controller/libsubsys__bluetooth__controller.a(radio.c.obj)
                0x000000000000a6b8                radio_rssi_status_reset
 .text.radio_rssi_is_ready
                0x000000000000a6c4       0x10 subsys/bluetooth/controller/libsubsys__bluetooth__controller.a(radio.c.obj)
                0x000000000000a6c4                radio_rssi_is_ready
 .text.radio_filter_configure
                0x000000000000a6d4       0x50 subsys/bluetooth/controller/libsubsys__bluetooth__controller.a(radio.c.obj)
                0x000000000000a6d4                radio_filter_configure
 .text.radio_filter_disable
                0x000000000000a724       0x14 subsys/bluetooth/controller/libsubsys__bluetooth__controller.a(radio.c.obj)
                0x000000000000a724                radio_filter_disable
 .text.radio_filter_status_reset
                0x000000000000a738        0xc subsys/bluetooth/controller/libsubsys__bluetooth__controller.a(radio.c.obj)
                0x000000000000a738                radio_filter_status_reset
 .text.radio_filter_has_match
                0x000000000000a744       0x10 subsys/bluetooth/controller/libsubsys__bluetooth__controller.a(radio.c.obj)
                0x000000000000a744                radio_filter_has_match
 .text.radio_filter_match_get
                0x000000000000a754       0x10 subsys/bluetooth/controller/libsubsys__bluetooth__controller.a(radio.c.obj)
                0x000000000000a754                radio_filter_match_get
 .text.radio_tmr_status_reset
                0x000000000000a764       0x20 subsys/bluetooth/controller/libsubsys__bluetooth__controller.a(radio.c.obj)
                0x000000000000a764                radio_tmr_status_reset
 .text.radio_tmr_tifs_set
                0x000000000000a784       0x10 subsys/bluetooth/controller/libsubsys__bluetooth__controller.a(radio.c.obj)
                0x000000000000a784                radio_tmr_tifs_set
 .text.radio_tmr_start
                0x000000000000a794       0x94 subsys/bluetooth/controller/libsubsys__bluetooth__controller.a(radio.c.obj)
                0x000000000000a794                radio_tmr_start
 .text.radio_tmr_stop
                0x000000000000a828       0x10 subsys/bluetooth/controller/libsubsys__bluetooth__controller.a(radio.c.obj)
                0x000000000000a828                radio_tmr_stop
 .text.radio_tmr_hcto_configure
                0x000000000000a838       0x54 subsys/bluetooth/controller/libsubsys__bluetooth__controller.a(radio.c.obj)
                0x000000000000a838                radio_tmr_hcto_configure
 .text.radio_tmr_aa_capture
                0x000000000000a88c       0x44 subsys/bluetooth/controller/libsubsys__bluetooth__controller.a(radio.c.obj)
                0x000000000000a88c                radio_tmr_aa_capture
 .text.radio_tmr_aa_get
                0x000000000000a8d0       0x10 subsys/bluetooth/controller/libsubsys__bluetooth__controller.a(radio.c.obj)
                0x000000000000a8d0                radio_tmr_aa_get
 .text.radio_tmr_aa_save
                0x000000000000a8e0        0xc subsys/bluetooth/controller/libsubsys__bluetooth__controller.a(radio.c.obj)
                0x000000000000a8e0                radio_tmr_aa_save
 .text.radio_tmr_aa_restore
                0x000000000000a8ec        0xc subsys/bluetooth/controller/libsubsys__bluetooth__controller.a(radio.c.obj)
                0x000000000000a8ec                radio_tmr_aa_restore
 .text.radio_tmr_ready_get
                0x000000000000a8f8       0x10 subsys/bluetooth/controller/libsubsys__bluetooth__controller.a(radio.c.obj)
                0x000000000000a8f8                radio_tmr_ready_get
 .text.radio_tmr_end_capture
                0x000000000000a908       0x2c subsys/bluetooth/controller/libsubsys__bluetooth__controller.a(radio.c.obj)
                0x000000000000a908                radio_tmr_end_capture
 .text.radio_tmr_end_get
                0x000000000000a934       0x10 subsys/bluetooth/controller/libsubsys__bluetooth__controller.a(radio.c.obj)
                0x000000000000a934                radio_tmr_end_get
 .text.radio_tmr_tifs_base_get
                0x000000000000a944       0x10 subsys/bluetooth/controller/libsubsys__bluetooth__controller.a(radio.c.obj)
                0x000000000000a944                radio_tmr_tifs_base_get
 .text.radio_ccm_rx_pkt_set
                0x000000000000a954       0x7c subsys/bluetooth/controller/libsubsys__bluetooth__controller.a(radio.c.obj)
                0x000000000000a954                radio_ccm_rx_pkt_set
 .text.radio_ccm_tx_pkt_set
                0x000000000000a9d0       0x58 subsys/bluetooth/controller/libsubsys__bluetooth__controller.a(radio.c.obj)
                0x000000000000a9d0                radio_ccm_tx_pkt_set
 .text.radio_ccm_is_done
                0x000000000000aa28       0x44 subsys/bluetooth/controller/libsubsys__bluetooth__controller.a(radio.c.obj)
                0x000000000000aa28                radio_ccm_is_done
 .text.radio_ccm_mic_is_valid
                0x000000000000aa6c       0x14 subsys/bluetooth/controller/libsubsys__bluetooth__controller.a(radio.c.obj)
                0x000000000000aa6c                radio_ccm_mic_is_valid
 .text.radio_ar_match_get
                0x000000000000aa80       0x10 subsys/bluetooth/controller/libsubsys__bluetooth__controller.a(radio.c.obj)
                0x000000000000aa80                radio_ar_match_get
 .text.radio_ar_status_reset
                0x000000000000aa90       0x18 subsys/bluetooth/controller/libsubsys__bluetooth__controller.a(radio.c.obj)
                0x000000000000aa90                radio_ar_status_reset
 .text.radio_ar_has_match
                0x000000000000aaa8       0x28 subsys/bluetooth/controller/libsubsys__bluetooth__controller.a(radio.c.obj)
                0x000000000000aaa8                radio_ar_has_match
 .text.mayfly_enable_cb
                0x000000000000aad0       0x1e subsys/bluetooth/controller/libsubsys__bluetooth__controller.a(mayfly.c.obj)
                0x000000000000aad0                mayfly_enable_cb
 .text.mayfly_is_enabled
                0x000000000000aaee       0x1c subsys/bluetooth/controller/libsubsys__bluetooth__controller.a(mayfly.c.obj)
                0x000000000000aaee                mayfly_is_enabled
 .text.mayfly_prio_is_equal
                0x000000000000ab0a       0x1c subsys/bluetooth/controller/libsubsys__bluetooth__controller.a(mayfly.c.obj)
                0x000000000000ab0a                mayfly_prio_is_equal
 *fill*         0x000000000000ab26        0x2 
 .text.mayfly_pend
                0x000000000000ab28       0x24 subsys/bluetooth/controller/libsubsys__bluetooth__controller.a(mayfly.c.obj)
                0x000000000000ab28                mayfly_pend
 .text.hal_ticker_instance0_caller_id_get
                0x000000000000ab4c       0x18 subsys/bluetooth/controller/libsubsys__bluetooth__controller.a(ticker.c.obj)
                0x000000000000ab4c                hal_ticker_instance0_caller_id_get
 .text.hal_ticker_instance0_sched
                0x000000000000ab64       0x74 subsys/bluetooth/controller/libsubsys__bluetooth__controller.a(ticker.c.obj)
                0x000000000000ab64                hal_ticker_instance0_sched
 .text.hal_ticker_instance0_trigger_set
                0x000000000000abd8        0xc subsys/bluetooth/controller/libsubsys__bluetooth__controller.a(ticker.c.obj)
                0x000000000000abd8                hal_ticker_instance0_trigger_set
 .text.fixed_data_unref
                0x000000000000abe4        0x2 subsys/net/libsubsys__net.a(buf.c.obj)
 *fill*         0x000000000000abe6        0x2 
 .text.net_buf_pool_get
                0x000000000000abe8        0xc subsys/net/libsubsys__net.a(buf.c.obj)
                0x000000000000abe8                net_buf_pool_get
 .text.net_buf_id
                0x000000000000abf4       0x1c subsys/net/libsubsys__net.a(buf.c.obj)
                0x000000000000abf4                net_buf_id
 .text.fixed_data_alloc
                0x000000000000ac10       0x2c subsys/net/libsubsys__net.a(buf.c.obj)
 .text.net_buf_alloc_len
                0x000000000000ac3c       0xd0 subsys/net/libsubsys__net.a(buf.c.obj)
                0x000000000000ac3c                net_buf_alloc_len
 .text.net_buf_alloc_fixed
                0x000000000000ad0c       0x10 subsys/net/libsubsys__net.a(buf.c.obj)
                0x000000000000ad0c                net_buf_alloc_fixed
 .text.net_buf_simple_reserve
                0x000000000000ad1c        0x8 subsys/net/libsubsys__net.a(buf.c.obj)
                0x000000000000ad1c                net_buf_simple_reserve
 .text.net_buf_put
                0x000000000000ad24       0x1c subsys/net/libsubsys__net.a(buf.c.obj)
                0x000000000000ad24                net_buf_put
 .text.net_buf_unref
                0x000000000000ad40       0x64 subsys/net/libsubsys__net.a(buf.c.obj)
                0x000000000000ad40                net_buf_unref
 .text.net_buf_ref
                0x000000000000ada4        0x8 subsys/net/libsubsys__net.a(buf.c.obj)
                0x000000000000ada4                net_buf_ref
 .text.net_buf_simple_add
                0x000000000000adac        0xe subsys/net/libsubsys__net.a(buf.c.obj)
                0x000000000000adac                net_buf_simple_add
 .text.net_buf_simple_add_mem
                0x000000000000adba       0x14 subsys/net/libsubsys__net.a(buf.c.obj)
                0x000000000000adba                net_buf_simple_add_mem
 .text.net_buf_simple_pull
                0x000000000000adce       0x10 subsys/net/libsubsys__net.a(buf.c.obj)
                0x000000000000adce                net_buf_simple_pull
 .text.net_buf_simple_pull_u8
                0x000000000000adde       0x10 subsys/net/libsubsys__net.a(buf.c.obj)
                0x000000000000adde                net_buf_simple_pull_u8
 .text.net_buf_simple_headroom
                0x000000000000adee        0x8 subsys/net/libsubsys__net.a(buf.c.obj)
                0x000000000000adee                net_buf_simple_headroom
 *fill*         0x000000000000adf6        0x2 
 .text._sys_device_do_config_level
                0x000000000000adf8       0x24 kernel/libkernel.a(device.c.obj)
                0x000000000000adf8                _sys_device_do_config_level
 .text.device_get_binding
                0x000000000000ae1c       0x50 kernel/libkernel.a(device.c.obj)
                0x000000000000ae1c                device_get_binding
 .text._sys_power_save_idle_exit
                0x000000000000ae6c       0x18 kernel/libkernel.a(idle.c.obj)
                0x000000000000ae6c                _sys_power_save_idle_exit
 .text.idle     0x000000000000ae84       0x48 kernel/libkernel.a(idle.c.obj)
                0x000000000000ae84                idle
 .text._bss_zero
                0x000000000000aecc       0x18 kernel/libkernel.a(init.c.obj)
                0x000000000000aecc                _bss_zero
 .text._data_copy
                0x000000000000aee4       0x1c kernel/libkernel.a(init.c.obj)
                0x000000000000aee4                _data_copy
 .text._main    0x000000000000af00       0x38 kernel/libkernel.a(init.c.obj)
 .text._Cstart  0x000000000000af38      0x104 kernel/libkernel.a(init.c.obj)
                0x000000000000af38                _Cstart
 .text.get_bit_ptr
                0x000000000000b03c       0x2a kernel/libkernel.a(mempool.c.obj)
 .text.set_free_bit
                0x000000000000b066       0x16 kernel/libkernel.a(mempool.c.obj)
 .text.init_static_pools
                0x000000000000b07c       0xa4 kernel/libkernel.a(mempool.c.obj)
                0x000000000000b07c                init_static_pools
 .text.adjust_owner_prio.isra.7
                0x000000000000b120       0x2c kernel/libkernel.a(mutex.c.obj)
 .text._impl_k_mutex_lock
                0x000000000000b14c       0xc4 kernel/libkernel.a(mutex.c.obj)
                0x000000000000b14c                _impl_k_mutex_lock
 .text._impl_k_mutex_unlock
                0x000000000000b210       0xe0 kernel/libkernel.a(mutex.c.obj)
                0x000000000000b210                _impl_k_mutex_unlock
 .text.k_queue_init
                0x000000000000b2f0       0x10 kernel/libkernel.a(queue.c.obj)
                0x000000000000b2f0                k_queue_init
 .text.k_queue_insert
                0x000000000000b300       0x56 kernel/libkernel.a(queue.c.obj)
                0x000000000000b300                k_queue_insert
 .text.k_queue_append
                0x000000000000b356        0xc kernel/libkernel.a(queue.c.obj)
                0x000000000000b356                k_queue_append
 .text.k_queue_prepend
                0x000000000000b362        0xc kernel/libkernel.a(queue.c.obj)
                0x000000000000b362                k_queue_prepend
 .text.k_queue_append_list
                0x000000000000b36e       0x36 kernel/libkernel.a(queue.c.obj)
                0x000000000000b36e                k_queue_append_list
 .text.k_queue_get
                0x000000000000b3a4       0x8e kernel/libkernel.a(queue.c.obj)
                0x000000000000b3a4                k_queue_get
 *fill*         0x000000000000b432        0x2 
 .text._add_thread_to_ready_q
                0x000000000000b434       0x50 kernel/libkernel.a(sched.c.obj)
                0x000000000000b434                _add_thread_to_ready_q
 .text._ready_thread
                0x000000000000b484       0x1e kernel/libkernel.a(sched.c.obj)
 *fill*         0x000000000000b4a2        0x2 
 .text._add_timeout
                0x000000000000b4a4       0xa0 kernel/libkernel.a(sched.c.obj)
 .text._remove_thread_from_ready_q
                0x000000000000b544       0x5c kernel/libkernel.a(sched.c.obj)
                0x000000000000b544                _remove_thread_from_ready_q
 .text._pend_thread
                0x000000000000b5a0       0x60 kernel/libkernel.a(sched.c.obj)
                0x000000000000b5a0                _pend_thread
 .text._pend_current_thread
                0x000000000000b600       0x20 kernel/libkernel.a(sched.c.obj)
                0x000000000000b600                _pend_current_thread
 .text.__must_switch_threads
                0x000000000000b620       0x24 kernel/libkernel.a(sched.c.obj)
                0x000000000000b620                __must_switch_threads
 .text._reschedule_threads
                0x000000000000b644       0x34 kernel/libkernel.a(sched.c.obj)
                0x000000000000b644                _reschedule_threads
 .text.k_sched_unlock
                0x000000000000b678       0x1c kernel/libkernel.a(sched.c.obj)
                0x000000000000b678                k_sched_unlock
 .text._move_thread_to_end_of_prio_q
                0x000000000000b694       0x4c kernel/libkernel.a(sched.c.obj)
                0x000000000000b694                _move_thread_to_end_of_prio_q
 .text._impl_k_yield
                0x000000000000b6e0       0x38 kernel/libkernel.a(sched.c.obj)
                0x000000000000b6e0                _impl_k_yield
 .text._impl_k_sleep
                0x000000000000b718       0x48 kernel/libkernel.a(sched.c.obj)
                0x000000000000b718                _impl_k_sleep
 .text._impl_k_current_get
                0x000000000000b760        0xc kernel/libkernel.a(sched.c.obj)
                0x000000000000b760                _impl_k_current_get
 .text._is_thread_time_slicing
                0x000000000000b76c       0x50 kernel/libkernel.a(sched.c.obj)
                0x000000000000b76c                _is_thread_time_slicing
 .text._update_time_slice_before_swap
                0x000000000000b7bc        0xc kernel/libkernel.a(sched.c.obj)
                0x000000000000b7bc                _update_time_slice_before_swap
 .text._unpend_first_thread
                0x000000000000b7c8       0x4c kernel/libkernel.a(sem.c.obj)
 .text._impl_k_sem_init
                0x000000000000b814       0x12 kernel/libkernel.a(sem.c.obj)
                0x000000000000b814                _impl_k_sem_init
 *fill*         0x000000000000b826        0x2 
 .text._impl_k_sem_give
                0x000000000000b828       0xb4 kernel/libkernel.a(sem.c.obj)
                0x000000000000b828                _impl_k_sem_give
 .text._impl_k_sem_take
                0x000000000000b8dc       0x3c kernel/libkernel.a(sem.c.obj)
                0x000000000000b8dc                _impl_k_sem_take
 .text._impl_k_uptime_get_32
                0x000000000000b918       0x10 kernel/libkernel.a(sys_clock.c.obj)
                0x000000000000b918                _impl_k_uptime_get_32
 .text._tick_get
                0x000000000000b928       0x18 kernel/libkernel.a(sys_clock.c.obj)
                0x000000000000b928                sys_tick_get
                0x000000000000b928                _tick_get
 .text._impl_k_uptime_get
                0x000000000000b940       0x10 kernel/libkernel.a(sys_clock.c.obj)
                0x000000000000b940                _impl_k_uptime_get
 .text._nano_sys_clock_tick_announce
                0x000000000000b950      0x1a4 kernel/libkernel.a(sys_clock.c.obj)
                0x000000000000b950                _nano_sys_clock_tick_announce
 .text.k_sys_work_q_init
                0x000000000000baf4       0x20 kernel/libkernel.a(system_work_q.c.obj)
 .text._is_thread_ready
                0x000000000000bb14       0x16 kernel/libkernel.a(thread.c.obj)
 *fill*         0x000000000000bb2a        0x2 
 .text._abort_timeout
                0x000000000000bb2c       0x34 kernel/libkernel.a(thread.c.obj)
 .text.schedule_new_thread.part.13
                0x000000000000bb60       0x74 kernel/libkernel.a(thread.c.obj)
 .text.k_is_in_isr
                0x000000000000bbd4       0x14 kernel/libkernel.a(thread.c.obj)
                0x000000000000bbd4                k_is_in_isr
 .text._is_thread_essential
                0x000000000000bbe8       0x10 kernel/libkernel.a(thread.c.obj)
                0x000000000000bbe8                _is_thread_essential
 .text._thread_entry
                0x000000000000bbf8       0x14 kernel/libkernel.a(thread.c.obj)
                0x000000000000bbf8                _thread_entry
 .text._impl_k_thread_start
                0x000000000000bc0c       0x50 kernel/libkernel.a(thread.c.obj)
                0x000000000000bc0c                _impl_k_thread_start
 .text._setup_new_thread
                0x000000000000bc5c       0x20 kernel/libkernel.a(thread.c.obj)
                0x000000000000bc5c                _setup_new_thread
 .text._impl_k_thread_create
                0x000000000000bc7c       0x40 kernel/libkernel.a(thread.c.obj)
                0x000000000000bc7c                _impl_k_thread_create
 .text._k_thread_single_abort
                0x000000000000bcbc       0x4e kernel/libkernel.a(thread.c.obj)
                0x000000000000bcbc                _k_thread_single_abort
 *fill*         0x000000000000bd0a        0x2 
 .text._init_static_threads
                0x000000000000bd0c       0x80 kernel/libkernel.a(thread.c.obj)
                0x000000000000bd0c                _init_static_threads
 .text._init_thread_base
                0x000000000000bd8c       0x18 kernel/libkernel.a(thread.c.obj)
                0x000000000000bd8c                _init_thread_base
 .text.work_q_main
                0x000000000000bda4       0x2e kernel/libkernel.a(work_q.c.obj)
 *fill*         0x000000000000bdd2        0x2 
 .text.k_work_q_start
                0x000000000000bdd4       0x34 kernel/libkernel.a(work_q.c.obj)
                0x000000000000bdd4                k_work_q_start
 .text._ready_thread
                0x000000000000be08       0x1e kernel/libkernel.a(timer.c.obj)
 .text._unpend_thread
                0x000000000000be26       0x14 kernel/libkernel.a(timer.c.obj)
 *fill*         0x000000000000be3a        0x2 
 .text._abort_timeout
                0x000000000000be3c       0x34 kernel/libkernel.a(timer.c.obj)
 .text._add_timeout.constprop.9
                0x000000000000be70       0x74 kernel/libkernel.a(timer.c.obj)
 .text._timer_expiration_handler
                0x000000000000bee4       0x5a kernel/libkernel.a(timer.c.obj)
                0x000000000000bee4                _timer_expiration_handler
 .text._impl_k_timer_start
                0x000000000000bf3e       0x3c kernel/libkernel.a(timer.c.obj)
                0x000000000000bf3e                _impl_k_timer_start
 *fill*         0x000000000000bf7a        0x2 
 .text._impl_k_timer_stop
                0x000000000000bf7c       0x88 kernel/libkernel.a(timer.c.obj)
                0x000000000000bf7c                _impl_k_timer_stop
 .text.atomic_get
                0x000000000000c004        0x4 kernel/libkernel.a(atomic_c.c.obj)
                0x000000000000c004                atomic_get
 .text.atomic_set
                0x000000000000c008       0x14 kernel/libkernel.a(atomic_c.c.obj)
                0x000000000000c008                atomic_set
 .text.atomic_or
                0x000000000000c01c       0x16 kernel/libkernel.a(atomic_c.c.obj)
                0x000000000000c01c                atomic_or
 .text.atomic_and
                0x000000000000c032       0x16 kernel/libkernel.a(atomic_c.c.obj)
                0x000000000000c032                atomic_and
 .text.sys_dlist_remove
                0x000000000000c048        0xc kernel/libkernel.a(poll.c.obj)
 .text.clear_event_registrations
                0x000000000000c054       0x40 kernel/libkernel.a(poll.c.obj)
 .text._signal_poll_event
                0x000000000000c094       0xc4 kernel/libkernel.a(poll.c.obj)
 .text.add_event
                0x000000000000c158       0x5c kernel/libkernel.a(poll.c.obj)
 .text.k_poll_event_init
                0x000000000000c1b4       0x2e kernel/libkernel.a(poll.c.obj)
                0x000000000000c1b4                k_poll_event_init
 *fill*         0x000000000000c1e2        0x2 
 .text.k_poll   0x000000000000c1e4      0x12c kernel/libkernel.a(poll.c.obj)
                0x000000000000c1e4                k_poll
 .text._handle_obj_poll_events
                0x000000000000c310       0x26 kernel/libkernel.a(poll.c.obj)
                0x000000000000c310                _handle_obj_poll_events
 .text._OffsetAbsSyms
                0x000000000000c336        0x2 CMakeFiles/offsets.dir/arch/arm/core/offsets/offsets.c.obj
                0x000000000000c336                _OffsetAbsSyms
 *(.gnu.linkonce.t.*)
                0x000000000000c338                _image_text_end = .

.glue_7         0x000000000000c338        0x0
 .glue_7        0x000000000000c338        0x0 linker stubs

.glue_7t        0x000000000000c338        0x0
 .glue_7t       0x000000000000c338        0x0 linker stubs

.vfp11_veneer   0x000000000000c338        0x0
 .vfp11_veneer  0x000000000000c338        0x0 linker stubs

.v4_bx          0x000000000000c338        0x0
 .v4_bx         0x000000000000c338        0x0 linker stubs

.iplt           0x000000000000c338        0x0
 .iplt          0x000000000000c338        0x0 CMakeFiles/kernel_elf.dir/isr_tables.c.obj

.igot.plt       0x000000000000c338        0x0
 .igot.plt      0x000000000000c338        0x0 CMakeFiles/kernel_elf.dir/isr_tables.c.obj

.ARM.exidx      0x000000000000c338        0x8
                0x000000000000c338                __exidx_start = .
 *(.ARM.exidx* gnu.linkonce.armexidx.*)
 .ARM.exidx     0x000000000000c338        0x8 /opt/zephyr-sdk/sysroots/armv5-zephyr-eabi/usr/lib/arm-zephyr-eabi/6.2.0/armv6-m/libgcc.a(_udivmoddi4.o)
                0x000000000000c340                __exidx_end = .
                0x000000000000c340                _image_rodata_start = .

devconfig       0x000000000000c340       0x9c
                0x000000000000c340                __devconfig_start = .
 *(.devconfig.*)
 .devconfig.init
                0x000000000000c340        0xc libzephyr.a(soc.c.obj)
 .devconfig.init
                0x000000000000c34c        0xc libzephyr.a(uart_console.c.obj)
 .devconfig.init
                0x000000000000c358        0xc libzephyr.a(mb_display.c.obj)
 .devconfig.init
                0x000000000000c364       0x18 libzephyr.a(nrf5_power_clock.c.obj)
 .devconfig.init
                0x000000000000c37c        0xc libzephyr.a(gpio_nrf5.c.obj)
 .devconfig.init
                0x000000000000c388        0xc libzephyr.a(pwm_nrf5_sw.c.obj)
 .devconfig.init
                0x000000000000c394        0xc libzephyr.a(temp_nrf5.c.obj)
 .devconfig.init
                0x000000000000c3a0        0xc libzephyr.a(uart_nrf5.c.obj)
 .devconfig.init
                0x000000000000c3ac        0xc libzephyr.a(sys_clock_init.c.obj)
 .devconfig.init
                0x000000000000c3b8        0xc subsys/bluetooth/controller/libsubsys__bluetooth__controller.a(hci_driver.c.obj)
 .devconfig.init
                0x000000000000c3c4        0xc kernel/libkernel.a(mempool.c.obj)
 .devconfig.init
                0x000000000000c3d0        0xc kernel/libkernel.a(system_work_q.c.obj)
 *(SORT(.devconfig*))
                0x000000000000c3dc                __devconfig_end = .

net_l2          0x000000000000c3dc        0x0
                0x000000000000c3dc                __net_l2_start = .
 *(.net_l2.init)
 *(SORT(.net_l2.init*))
                0x000000000000c3dc                __net_l2_end = .

rodata          0x000000000000c3dc      0x724
 *(.rodata)
 .rodata        0x000000000000c3dc        0x7 subsys/bluetooth/host/libsubsys__bluetooth__host.a(hci_core.c.obj)
 .rodata        0x000000000000c3e3       0x1a subsys/bluetooth/controller/libsubsys__bluetooth__controller.a(ctrl.c.obj)
 *fill*         0x000000000000c3fd        0x3 
 .rodata        0x000000000000c400       0x40 /opt/zephyr-sdk/sysroots/armv5-zephyr-eabi/usr/lib/arm-zephyr-eabi/6.2.0/armv6-m/libgcc.a(divdf3.o)
 *(.rodata.*)
 .rodata._prf.str1.1
                0x000000000000c440        0xb ../libapp.a(prf.c.obj)
 .rodata.shifts.3783
                0x000000000000c44b        0x3 ../libapp.a(prf.c.obj)
 .rodata.button_pressed.str1.1
                0x000000000000c44e       0x16 ../libapp.a(main.c.obj)
 .rodata.main.str1.1
                0x000000000000c464       0xc8 ../libapp.a(main.c.obj)
 .rodata.s1_display.str1.1
                0x000000000000c52c        0xf ../libapp.a(main.c.obj)
 .rodata.s2_accelerometer.str1.1
                0x000000000000c53b        0xf ../libapp.a(main.c.obj)
                                          0x2 (size before relaxing)
 .rodata.s3_compass.str1.1
                0x000000000000c53b        0x2 ../libapp.a(main.c.obj)
 .rodata.s5_bluetooth.str1.1
                0x000000000000c53d        0x2 ../libapp.a(main.c.obj)
 .rodata.str1.1
                0x000000000000c53f        0x2 libzephyr.a(soc.c.obj)
                                          0x1 (size before relaxing)
 .rodata._Fault.str1.1
                0x000000000000c53f       0xa4 libzephyr.a(fault.c.obj)
 .rodata._NanoFatalErrorHandler.str1.1
                0x000000000000c5e3       0xba libzephyr.a(fatal.c.obj)
 .rodata._SysFatalErrorHandler.str1.1
                0x000000000000c69d       0x5a libzephyr.a(sys_fatal_error_handler.c.obj)
 .rodata.str1.1
                0x000000000000c6f7        0x1 libzephyr.a(uart_console.c.obj)
 .rodata.uart_console_init.str1.1
                0x000000000000c6f7        0x7 libzephyr.a(uart_console.c.obj)
 .rodata.map    0x000000000000c6fe       0x1b libzephyr.a(mb_display.c.obj)
 .rodata.mb_display_init.str1.1
                0x000000000000c719        0x7 libzephyr.a(mb_display.c.obj)
 .rodata.str1.1
                0x000000000000c719        0x1 libzephyr.a(mb_display.c.obj)
 .rodata.mb_font
                0x000000000000c719      0x1db libzephyr.a(mb_font.c.obj)
                0x000000000000c719                mb_font
 .rodata._k32src_clock_control_api
                0x000000000000c8f4        0xc libzephyr.a(nrf5_power_clock.c.obj)
 .rodata._m16src_clock_control_api
                0x000000000000c900        0xc libzephyr.a(nrf5_power_clock.c.obj)
 .rodata.str1.1
                0x000000000000c90c       0x16 libzephyr.a(nrf5_power_clock.c.obj)
 *fill*         0x000000000000c922        0x2 
 .rodata.drive_strength.7472
                0x000000000000c924       0x40 libzephyr.a(gpio_nrf5.c.obj)
 .rodata.gpio_nrf5_P0_cfg
                0x000000000000c964        0xc libzephyr.a(gpio_nrf5.c.obj)
 .rodata.gpio_nrf5_drv_api_funcs
                0x000000000000c970       0x1c libzephyr.a(gpio_nrf5.c.obj)
 .rodata.str1.1
                0x000000000000c98c        0x7 libzephyr.a(gpio_nrf5.c.obj)
 .rodata.pwm_nrf5_sw_0_config
                0x000000000000c98c        0x8 libzephyr.a(pwm_nrf5_sw.c.obj)
 .rodata.pwm_nrf5_sw_drv_api_funcs
                0x000000000000c994        0x8 libzephyr.a(pwm_nrf5_sw.c.obj)
 .rodata.str1.1
                0x000000000000c99c        0x6 libzephyr.a(pwm_nrf5_sw.c.obj)
 .rodata.str1.1
                0x000000000000c99c        0x7 libzephyr.a(temp_nrf5.c.obj)
 .rodata.temp_nrf5_driver_api
                0x000000000000c99c       0x10 libzephyr.a(temp_nrf5.c.obj)
 .rodata.temp_nrf5_init.str1.1
                0x000000000000c9ac        0xb libzephyr.a(temp_nrf5.c.obj)
 .rodata.str1.1
                0x000000000000c9ac        0x7 libzephyr.a(uart_nrf5.c.obj)
 .rodata.uart_nrf5_dev_cfg_0
                0x000000000000c9ac        0x8 libzephyr.a(uart_nrf5.c.obj)
 .rodata.uart_nrf5_driver_api
                0x000000000000c9b4        0xc libzephyr.a(uart_nrf5.c.obj)
 .rodata.uart_nrf5_init.str1.1
                0x000000000000c9c0        0x7 libzephyr.a(uart_nrf5.c.obj)
 .rodata.str1.1
                0x000000000000c9c0        0xa libzephyr.a(sys_clock_init.c.obj)
 .rodata._sys_clock_driver_init.str1.1
                0x000000000000c9ca        0xb libzephyr.a(nrf_rtc_timer.c.obj)
 *fill*         0x000000000000c9ca        0x2 
 .rodata.net_buf_fixed_alloc_hci_cmd_pool
                0x000000000000c9cc        0x8 subsys/bluetooth/host/libsubsys__bluetooth__host.a(hci_core.c.obj)
 .rodata.net_buf_fixed_alloc_hci_rx_pool
                0x000000000000c9d4        0x8 subsys/bluetooth/host/libsubsys__bluetooth__host.a(hci_core.c.obj)
 .rodata.net_buf_fixed_hci_cmd_pool
                0x000000000000c9dc        0x8 subsys/bluetooth/host/libsubsys__bluetooth__host.a(hci_core.c.obj)
 .rodata.net_buf_fixed_hci_rx_pool
                0x000000000000c9e4        0x8 subsys/bluetooth/host/libsubsys__bluetooth__host.a(hci_core.c.obj)
 .rodata.drv    0x000000000000c9ec       0x10 subsys/bluetooth/controller/libsubsys__bluetooth__controller.a(hci_driver.c.obj)
 .rodata.str1.1
                0x000000000000c9fc        0xb subsys/bluetooth/controller/libsubsys__bluetooth__controller.a(hci_driver.c.obj)
                                          0xc (size before relaxing)
 .rodata.bt_addr_le_to_str.constprop.42.str1.1
                0x000000000000ca07       0x4c subsys/bluetooth/controller/libsubsys__bluetooth__controller.a(hci.c.obj)
 .rodata.hci_cmd_handle.str1.1
                0x000000000000ca53       0x27 subsys/bluetooth/controller/libsubsys__bluetooth__controller.a(hci.c.obj)
 .rodata.gc_lookup_ppm
                0x000000000000ca7a       0x10 subsys/bluetooth/controller/libsubsys__bluetooth__controller.a(ctrl.c.obj)
 .rodata.ll_init.str1.1
                0x000000000000ca8a       0x16 subsys/bluetooth/controller/libsubsys__bluetooth__controller.a(ll.c.obj)
 .rodata.caller_id_lut
                0x000000000000ca8a        0x4 subsys/bluetooth/controller/libsubsys__bluetooth__controller.a(ticker.c.obj)
 *fill*         0x000000000000ca8e        0x2 
 .rodata.net_buf_fixed_cb
                0x000000000000ca90        0xc subsys/net/libsubsys__net.a(buf.c.obj)
                0x000000000000ca90                net_buf_fixed_cb
 .rodata.config_levels
                0x000000000000ca9c       0x14 kernel/libkernel.a(device.c.obj)
 .rodata._k_neg_eagain
                0x000000000000cab0        0x4 kernel/libkernel.a(errno.c.obj)
                0x000000000000cab0                _k_neg_eagain
 .rodata._idle_thread
                0x000000000000cab4        0x4 kernel/libkernel.a(init.c.obj)
                0x000000000000cab4                _idle_thread
 .rodata._main.str1.1
                0x000000000000cab8       0x48 kernel/libkernel.a(init.c.obj)
 .rodata.str1.1
                0x000000000000cb00        0x1 kernel/libkernel.a(mempool.c.obj)
 .rodata.str1.1
                0x000000000000cb00        0x1 kernel/libkernel.a(system_work_q.c.obj)
 *(.gnu.linkonce.r.*)
                0x000000000000cb04                . = ALIGN (0x4)
                0x000000000000cb04                _image_rodata_end = .
                0x000000000000cb04                _image_rom_end = .

.rel.dyn        0x000000000000cb00        0x0
 .rel.iplt      0x000000000000cb00        0x0 CMakeFiles/kernel_elf.dir/isr_tables.c.obj

bss             0x0000000020000000      0xe48
                0x0000000020000000                . = ALIGN (0x4)
                0x0000000020000000                __bss_start = .
                0x0000000020000000                _image_ram_start = .
                0x0000000020000000                __kernel_ram_start = .
 *(.bss)
 *(.bss.*)
 .bss.button_cb.7603
                0x0000000020000000        0xc ../libapp.a(main.c.obj)
 .bss.current_event
                0x000000002000000c        0x1 ../libapp.a(main.c.obj)
 .bss.current_state
                0x000000002000000d        0x1 ../libapp.a(main.c.obj)
 *fill*         0x000000002000000e        0x2 
 .bss.gpio      0x0000000020000010        0x4 ../libapp.a(main.c.obj)
 .bss.temp_dev  0x0000000020000014        0x4 ../libapp.a(main.c.obj)
 .bss.temp_value
                0x0000000020000018        0x8 ../libapp.a(main.c.obj)
 .bss.uart_console_dev
                0x0000000020000020        0x4 libzephyr.a(uart_console.c.obj)
 .bss.k32src_initialized
                0x0000000020000024        0x1 libzephyr.a(nrf5_power_clock.c.obj)
 .bss.m16src_grd
                0x0000000020000025        0x1 libzephyr.a(nrf5_power_clock.c.obj)
 .bss.m16src_ref
                0x0000000020000026        0x1 libzephyr.a(nrf5_power_clock.c.obj)
 *fill*         0x0000000020000027        0x1 
 .bss.gpio_data_P0