Archive member included to satisfy reference by file (symbol)

../libapp.a(atoi.c.obj)       (--whole-archive)
../libapp.a(strtol.c.obj)     (--whole-archive)
../libapp.a(strtoul.c.obj)    (--whole-archive)
../libapp.a(strncasecmp.c.obj)
                              (--whole-archive)
../libapp.a(strstr.c.obj)     (--whole-archive)
../libapp.a(string.c.obj)     (--whole-archive)
../libapp.a(prf.c.obj)        (--whole-archive)
../libapp.a(stdout_console.c.obj)
                              (--whole-archive)
../libapp.a(sprintf.c.obj)    (--whole-archive)
../libapp.a(fprintf.c.obj)    (--whole-archive)
../libapp.a(main.c.obj)       (--whole-archive)
libzephyr.a(isr_tables.c.obj)
                              (--whole-archive)
libzephyr.a(soc.c.obj)        (--whole-archive)
libzephyr.a(exc_exit.S.obj)   (--whole-archive)
libzephyr.a(irq_init.c.obj)   (--whole-archive)
libzephyr.a(swap.S.obj)       (--whole-archive)
libzephyr.a(fault.c.obj)      (--whole-archive)
libzephyr.a(irq_manage.c.obj)
                              (--whole-archive)
libzephyr.a(thread.c.obj)     (--whole-archive)
libzephyr.a(cpu_idle.S.obj)   (--whole-archive)
libzephyr.a(fault_s.S.obj)    (--whole-archive)
libzephyr.a(fatal.c.obj)      (--whole-archive)
libzephyr.a(sys_fatal_error_handler.c.obj)
                              (--whole-archive)
libzephyr.a(thread_abort.c.obj)
                              (--whole-archive)
libzephyr.a(isr_wrapper.S.obj)
                              (--whole-archive)
libzephyr.a(irq_relay.S.obj)  (--whole-archive)
libzephyr.a(vector_table.S.obj)
                              (--whole-archive)
libzephyr.a(reset.S.obj)      (--whole-archive)
libzephyr.a(nmi_on_reset.S.obj)
                              (--whole-archive)
libzephyr.a(prep_c.c.obj)     (--whole-archive)
libzephyr.a(scb.c.obj)        (--whole-archive)
libzephyr.a(nmi.c.obj)        (--whole-archive)
libzephyr.a(exc_manage.c.obj)
                              (--whole-archive)
libzephyr.a(crc16_sw.c.obj)   (--whole-archive)
libzephyr.a(crc8_sw.c.obj)    (--whole-archive)
libzephyr.a(printk.c.obj)     (--whole-archive)
libzephyr.a(configs.c.obj)    (--whole-archive)
libzephyr.a(uart_console.c.obj)
                              (--whole-archive)
libzephyr.a(mb_display.c.obj)
                              (--whole-archive)
libzephyr.a(mb_font.c.obj)    (--whole-archive)
libzephyr.a(nrf5_power_clock.c.obj)
                              (--whole-archive)
libzephyr.a(gpio_nrf5.c.obj)  (--whole-archive)
libzephyr.a(uart_nrf5.c.obj)  (--whole-archive)
libzephyr.a(sys_clock_init.c.obj)
                              (--whole-archive)
libzephyr.a(nrf_rtc_timer.c.obj)
                              (--whole-archive)
subsys/bluetooth/common/libsubsys__bluetooth__common.a(dummy.c.obj)
                              (--whole-archive)
subsys/bluetooth/host/libsubsys__bluetooth__host.a(uuid.c.obj)
                              (--whole-archive)
subsys/bluetooth/host/libsubsys__bluetooth__host.a(hci_core.c.obj)
                              (--whole-archive)
subsys/bluetooth/controller/libsubsys__bluetooth__controller.a(mem.c.obj)
                              (--whole-archive)
subsys/bluetooth/controller/libsubsys__bluetooth__controller.a(memq.c.obj)
                              (--whole-archive)
subsys/bluetooth/controller/libsubsys__bluetooth__controller.a(mayfly.c.obj)
                              (--whole-archive)
subsys/bluetooth/controller/libsubsys__bluetooth__controller.a(util.c.obj)
                              (--whole-archive)
subsys/bluetooth/controller/libsubsys__bluetooth__controller.a(ticker.c.obj)
                              (--whole-archive)
subsys/bluetooth/controller/libsubsys__bluetooth__controller.a(ll_addr.c.obj)
                              (--whole-archive)
subsys/bluetooth/controller/libsubsys__bluetooth__controller.a(ll_tx_pwr.c.obj)
                              (--whole-archive)
subsys/bluetooth/controller/libsubsys__bluetooth__controller.a(crypto.c.obj)
                              (--whole-archive)
subsys/bluetooth/controller/libsubsys__bluetooth__controller.a(hci_driver.c.obj)
                              (--whole-archive)
subsys/bluetooth/controller/libsubsys__bluetooth__controller.a(hci.c.obj)
                              (--whole-archive)
subsys/bluetooth/controller/libsubsys__bluetooth__controller.a(ctrl.c.obj)
                              (--whole-archive)
subsys/bluetooth/controller/libsubsys__bluetooth__controller.a(ll.c.obj)
                              (--whole-archive)
subsys/bluetooth/controller/libsubsys__bluetooth__controller.a(ll_adv.c.obj)
                              (--whole-archive)
subsys/bluetooth/controller/libsubsys__bluetooth__controller.a(ll_filter.c.obj)
                              (--whole-archive)
subsys/bluetooth/controller/libsubsys__bluetooth__controller.a(cntr.c.obj)
                              (--whole-archive)
subsys/bluetooth/controller/libsubsys__bluetooth__controller.a(rand.c.obj)
[...]
Memory Configuration

Name             Origin             Length             Attributes
FLASH            0x0000000000000000 0x0000000000040000 xr
SRAM             0x0000000020000000 0x0000000000004000 xw
IDT_LIST         0x0000000020004000 0x0000000000000800 xw
*default*        0x0000000000000000 0xffffffffffffffff

Linker script and memory map

LOAD CMakeFiles/kernel_elf.dir/misc/empty_file.c.obj
LOAD CMakeFiles/kernel_elf.dir/isr_tables.c.obj
START GROUP
LOAD ../libapp.a
LOAD libzephyr.a
LOAD subsys/bluetooth/common/libsubsys__bluetooth__common.a
LOAD subsys/bluetooth/host/libsubsys__bluetooth__host.a
LOAD subsys/bluetooth/controller/libsubsys__bluetooth__controller.a
LOAD subsys/net/libsubsys__net.a
LOAD kernel/libkernel.a
LOAD CMakeFiles/offsets.dir/arch/arm/core/offsets/offsets.c.obj
END GROUP
LOAD /opt/zephyr-sdk/sysroots/armv5-zephyr-eabi/usr/lib/arm-zephyr-eabi/6.2.0/armv6-m/libgcc.a
                0x0000000000000000                _image_rom_start = 0x0

text            0x0000000000000000     0xa880
                0x0000000000000000                . = 0x0
                0x0000000000000000                _vector_start = .
 *(.exc_vector_table)
 *(.exc_vector_table.*)
 .exc_vector_table._vector_table_section
                0x0000000000000000       0x40 libzephyr.a(vector_table.S.obj)
                0x0000000000000000                _vector_table
 *(.gnu.linkonce.irq_vector_table)
 .gnu.linkonce.irq_vector_table
                0x0000000000000040       0x68 CMakeFiles/kernel_elf.dir/isr_tables.c.obj
                0x0000000000000040                _irq_vector_table
 *(.openocd_dbg)
 *(.openocd_dbg.*)
 *(.kinetis_flash_config)
 *(.kinetis_flash_config.*)
 *(.gnu.linkonce.sw_isr_table)
 .gnu.linkonce.sw_isr_table
                0x00000000000000a8       0xd0 CMakeFiles/kernel_elf.dir/isr_tables.c.obj
                0x00000000000000a8                _sw_isr_table
                0x0000000000000178                _vector_end = .
                0x0000000000000178                _image_text_start = .
 *(.text)
 .text          0x0000000000000178       0x14 /opt/zephyr-sdk/sysroots/armv5-zephyr-eabi/usr/lib/arm-zephyr-eabi/6.2.0/armv6-m/libgcc.a(_thumb1_case_sqi.o)
                0x0000000000000178                __gnu_thumb1_case_sqi
 .text          0x000000000000018c       0x14 /opt/zephyr-sdk/sysroots/armv5-zephyr-eabi/usr/lib/arm-zephyr-eabi/6.2.0/armv6-m/libgcc.a(_thumb1_case_uqi.o)
                0x000000000000018c                __gnu_thumb1_case_uqi
 .text          0x00000000000001a0       0x14 /opt/zephyr-sdk/sysroots/armv5-zephyr-eabi/usr/lib/arm-zephyr-eabi/6.2.0/armv6-m/libgcc.a(_thumb1_case_shi.o)
                0x00000000000001a0                __gnu_thumb1_case_shi
 .text          0x00000000000001b4       0x14 /opt/zephyr-sdk/sysroots/armv5-zephyr-eabi/usr/lib/arm-zephyr-eabi/6.2.0/armv6-m/libgcc.a(_thumb1_case_uhi.o)
                0x00000000000001b4                __gnu_thumb1_case_uhi
 .text          0x00000000000001c8       0x9c /opt/zephyr-sdk/sysroots/armv5-zephyr-eabi/usr/lib/arm-zephyr-eabi/6.2.0/armv6-m/libgcc.a(_udivsi3.o)
                0x00000000000001c8                __udivsi3
                0x00000000000001c8                __aeabi_uidiv
                0x0000000000000250                __aeabi_uidivmod
 .text          0x0000000000000264       0xc0 /opt/zephyr-sdk/sysroots/armv5-zephyr-eabi/usr/lib/arm-zephyr-eabi/6.2.0/armv6-m/libgcc.a(_divsi3.o)
                0x0000000000000264                __aeabi_idiv
                0x0000000000000264                __divsi3
                0x0000000000000310                __aeabi_idivmod
 .text          0x0000000000000324        0x4 /opt/zephyr-sdk/sysroots/armv5-zephyr-eabi/usr/lib/arm-zephyr-eabi/6.2.0/armv6-m/libgcc.a(_dvmd_tls.o)
                0x0000000000000324                __aeabi_ldiv0
                0x0000000000000324                __aeabi_idiv0
 .text          0x0000000000000328       0x40 /opt/zephyr-sdk/sysroots/armv5-zephyr-eabi/usr/lib/arm-zephyr-eabi/6.2.0/armv6-m/libgcc.a(_aeabi_uldivmod.o)
                0x0000000000000328                __aeabi_uldivmod
 .text          0x0000000000000368       0x54 /opt/zephyr-sdk/sysroots/armv5-zephyr-eabi/usr/lib/arm-zephyr-eabi/6.2.0/armv6-m/libgcc.a(_muldi3.o)
                0x0000000000000368                __aeabi_lmul
                0x0000000000000368                __muldi3
 .text          0x00000000000003bc       0x14 /opt/zephyr-sdk/sysroots/armv5-zephyr-eabi/usr/lib/arm-zephyr-eabi/6.2.0/armv6-m/libgcc.a(_ffssi2.o)
                0x00000000000003bc                __ffssi2
 .text          0x00000000000003d0       0x34 /opt/zephyr-sdk/sysroots/armv5-zephyr-eabi/usr/lib/arm-zephyr-eabi/6.2.0/armv6-m/libgcc.a(_popcountsi2.o)
                0x00000000000003d0                __popcountsi2
 .text          0x0000000000000404      0x180 /opt/zephyr-sdk/sysroots/armv5-zephyr-eabi/usr/lib/arm-zephyr-eabi/6.2.0/armv6-m/libgcc.a(_udivmoddi4.o)
                0x0000000000000404                __udivmoddi4
 .text          0x0000000000000584       0x18 /opt/zephyr-sdk/sysroots/armv5-zephyr-eabi/usr/lib/arm-zephyr-eabi/6.2.0/armv6-m/libgcc.a(_clzdi2.o)
                0x0000000000000584                __clzdi2
 .text          0x000000000000059c       0x40 /opt/zephyr-sdk/sysroots/armv5-zephyr-eabi/usr/lib/arm-zephyr-eabi/6.2.0/armv6-m/libgcc.a(_ctzsi2.o)
                0x000000000000059c                __ctzsi2
 .text          0x00000000000005dc       0x3c /opt/zephyr-sdk/sysroots/armv5-zephyr-eabi/usr/lib/arm-zephyr-eabi/6.2.0/armv6-m/libgcc.a(_clzsi2.o)
                0x00000000000005dc                __clzsi2
 *(.text.*)
 .text.strcpy   0x0000000000000618       0x12 ../libapp.a(string.c.obj)
                0x0000000000000618                strcpy
 .text.strcmp   0x000000000000062a       0x18 ../libapp.a(string.c.obj)
                0x000000000000062a                strcmp
 .text.memcmp   0x0000000000000642       0x26 ../libapp.a(string.c.obj)
                0x0000000000000642                memcmp
 .text.memcpy   0x0000000000000668       0x54 ../libapp.a(string.c.obj)
                0x0000000000000668                memcpy
 .text.memset   0x00000000000006bc       0x4a ../libapp.a(string.c.obj)
                0x00000000000006bc                memset
 *fill*         0x0000000000000706        0x2 
 .text.main     0x0000000000000708       0x1c ../libapp.a(main.c.obj)
                0x0000000000000708                main
 .text.nordicsemi_nrf51_init
                0x0000000000000724       0x9c libzephyr.a(soc.c.obj)
 .text._HandlerModeExit
                0x00000000000007c0       0x30 libzephyr.a(exc_exit.S.obj)
                0x00000000000007c0                _ExcExit
                0x00000000000007c0                _IntExit
 .text._IntLibInit
                0x00000000000007f0       0x30 libzephyr.a(irq_init.c.obj)
                0x00000000000007f0                _IntLibInit
 .text.__pendsv
                0x0000000000000820       0x5c libzephyr.a(swap.S.obj)
                0x0000000000000820                __pendsv
 .text.__svc    0x000000000000087c       0x28 libzephyr.a(swap.S.obj)
                0x000000000000087c                __svc
 .text.__swap   0x00000000000008a4       0x28 libzephyr.a(swap.S.obj)
                0x00000000000008a4                __swap
 .text._Fault   0x00000000000008cc       0x54 libzephyr.a(fault.c.obj)
                0x00000000000008cc                _Fault
 .text._FaultInit
                0x0000000000000920        0x2 libzephyr.a(fault.c.obj)
                0x0000000000000920                _FaultInit
 *fill*         0x0000000000000922        0x2 
 .text._arch_irq_enable
                0x0000000000000924       0x18 libzephyr.a(irq_manage.c.obj)
                0x0000000000000924                _arch_irq_enable
 .text._arch_irq_disable
                0x000000000000093c       0x20 libzephyr.a(irq_manage.c.obj)
                0x000000000000093c                _arch_irq_disable
 .text._arch_irq_is_enabled
                0x000000000000095c       0x1c libzephyr.a(irq_manage.c.obj)
                0x000000000000095c                _arch_irq_is_enabled
 .text._irq_priority_set
                0x0000000000000978       0x64 libzephyr.a(irq_manage.c.obj)
                0x0000000000000978                _irq_priority_set
 .text._irq_spurious
                0x00000000000009dc        0x8 libzephyr.a(irq_manage.c.obj)
                0x00000000000009dc                _irq_spurious
 .text._arch_isr_direct_pm
                0x00000000000009e4       0x24 libzephyr.a(irq_manage.c.obj)
                0x00000000000009e4                _arch_isr_direct_pm
 .text._new_thread
                0x0000000000000a08       0x4c libzephyr.a(thread.c.obj)
                0x0000000000000a08                _new_thread
 .text._CpuIdleInit
                0x0000000000000a54        0xc libzephyr.a(cpu_idle.S.obj)
                0x0000000000000a54                _CpuIdleInit
 .text.k_cpu_idle
                0x0000000000000a60        0x8 libzephyr.a(cpu_idle.S.obj)
                0x0000000000000a60                k_cpu_idle
 .text.__fault  0x0000000000000a68       0x1c libzephyr.a(fault_s.S.obj)
                0x0000000000000a68                __reserved
                0x0000000000000a68                __hard_fault
 .text._NanoFatalErrorHandler
                0x0000000000000a84       0x54 libzephyr.a(fatal.c.obj)
                0x0000000000000a84                _NanoFatalErrorHandler
 .text._do_kernel_oops
                0x0000000000000ad8        0xc libzephyr.a(fatal.c.obj)
                0x0000000000000ad8                _do_kernel_oops
 .text._SysFatalErrorHandler
                0x0000000000000ae4       0x54 libzephyr.a(sys_fatal_error_handler.c.obj)
                0x0000000000000ae4                _SysFatalErrorHandler
 .text._impl_k_thread_abort
                0x0000000000000b38       0x44 libzephyr.a(thread_abort.c.obj)
                0x0000000000000b38                _impl_k_thread_abort
 .text._isr_wrapper
                0x0000000000000b7c       0x38 libzephyr.a(isr_wrapper.S.obj)
                0x0000000000000b7c                _isr_wrapper
 .text._reset_section
                0x0000000000000bb4       0x1c libzephyr.a(reset.S.obj)
                0x0000000000000bb4                __reset
                0x0000000000000bb4                __start
 .text._SysNmiOnReset
                0x0000000000000bd0        0x4 libzephyr.a(nmi_on_reset.S.obj)
                0x0000000000000bd0                _SysNmiOnReset
 .text.relocate_vector_table
                0x0000000000000bd4        0x2 libzephyr.a(prep_c.c.obj)
                0x0000000000000bd4                relocate_vector_table
 .text._PrepC   0x0000000000000bd6       0x12 libzephyr.a(prep_c.c.obj)
                0x0000000000000bd6                _PrepC
 .text.__nmi    0x0000000000000be8        0xc libzephyr.a(nmi.c.obj)
                0x0000000000000be8                __nmi
 .text._nop_char_out
                0x0000000000000bf4        0x4 libzephyr.a(printk.c.obj)
 .text.char_out
                0x0000000000000bf8       0x14 libzephyr.a(printk.c.obj)
 .text._printk_dec_ulong
                0x0000000000000c0c       0xb0 libzephyr.a(printk.c.obj)
 .text.str_out  0x0000000000000cbc       0x2c libzephyr.a(printk.c.obj)
 .text.__printk_hook_install
                0x0000000000000ce8        0xc libzephyr.a(printk.c.obj)
                0x0000000000000ce8                __printk_hook_install
 .text._vprintk
                0x0000000000000cf4      0x258 libzephyr.a(printk.c.obj)
                0x0000000000000cf4                _vprintk
 .text.vprintk  0x0000000000000f4c       0x1c libzephyr.a(printk.c.obj)
                0x0000000000000f4c                vprintk
 .text.printk   0x0000000000000f68       0x16 libzephyr.a(printk.c.obj)
                0x0000000000000f68                printk
 *fill*         0x0000000000000f7e        0x2 
 .text.snprintk
                0x0000000000000f80       0x38 libzephyr.a(printk.c.obj)
                0x0000000000000f80                snprintk
 .text.vsnprintk
                0x0000000000000fb8       0x28 libzephyr.a(printk.c.obj)
                0x0000000000000fb8                vsnprintk
 .text._ConfigAbsSyms
                0x0000000000000fe0        0x2 libzephyr.a(configs.c.obj)
                0x0000000000000fe0                _ConfigAbsSyms
 *fill*         0x0000000000000fe2        0x2 
 .text.console_out
                0x0000000000000fe4       0x28 libzephyr.a(uart_console.c.obj)
 .text.uart_console_hook_install
                0x000000000000100c       0x10 libzephyr.a(uart_console.c.obj)
                0x000000000000100c                uart_console_hook_install
 .text.uart_console_init
                0x000000000000101c       0x1c libzephyr.a(uart_console.c.obj)
 .text.reset_display
                0x0000000000001038       0x24 libzephyr.a(mb_display.c.obj)
 .text.start_image
                0x000000000000105c       0x98 libzephyr.a(mb_display.c.obj)
 .text.gpio_pin_configure.constprop.4
                0x00000000000010f4       0x10 libzephyr.a(mb_display.c.obj)
 .text.mb_display_init
                0x0000000000001104       0x78 libzephyr.a(mb_display.c.obj)
 .text.current_img
                0x000000000000117c       0x44 libzephyr.a(mb_display.c.obj)
 .text.start_single
                0x00000000000011c0       0x30 libzephyr.a(mb_display.c.obj)
 .text.clear_display
                0x00000000000011f0       0x18 libzephyr.a(mb_display.c.obj)
 .text.show_row
                0x0000000000001208      0x1cc libzephyr.a(mb_display.c.obj)
 .text.mb_display_print
                0x00000000000013d4       0xa0 libzephyr.a(mb_display.c.obj)
                0x00000000000013d4                mb_display_print
 .text.mb_display_get
                0x0000000000001474        0x8 libzephyr.a(mb_display.c.obj)
                0x0000000000001474                mb_display_get
 .text._m16src_stop
                0x000000000000147c       0x68 libzephyr.a(nrf5_power_clock.c.obj)
 .text._clock_control_init
                0x00000000000014e4       0x16 libzephyr.a(nrf5_power_clock.c.obj)
 *fill*         0x00000000000014fa        0x2 
 .text._m16src_start
                0x00000000000014fc       0xbc libzephyr.a(nrf5_power_clock.c.obj)
 .text._k32src_start
                0x00000000000015b8       0xd4 libzephyr.a(nrf5_power_clock.c.obj)
 .text._power_clock_isr
                0x000000000000168c       0xa0 libzephyr.a(nrf5_power_clock.c.obj)
 .text.gpiote_find_channel
                0x000000000000172c       0x36 libzephyr.a(gpio_nrf5.c.obj)
 .text.gpio_nrf5_read
                0x0000000000001762       0x20 libzephyr.a(gpio_nrf5.c.obj)
 *fill*         0x0000000000001782        0x2 
 .text.gpio_nrf5_write
                0x0000000000001784       0x30 libzephyr.a(gpio_nrf5.c.obj)
 .text.gpio_nrf5_manage_callback
                0x00000000000017b4       0x4a libzephyr.a(gpio_nrf5.c.obj)
 .text.gpio_nrf5_enable_callback
                0x00000000000017fe       0x42 libzephyr.a(gpio_nrf5.c.obj)
 .text.gpio_nrf5_disable_callback
                0x0000000000001840       0x3a libzephyr.a(gpio_nrf5.c.obj)
 .text.gpio_nrf5_P0_init
                0x000000000000187a       0x16 libzephyr.a(gpio_nrf5.c.obj)
 .text.gpio_nrf5_port_isr
                0x0000000000001890       0x6a libzephyr.a(gpio_nrf5.c.obj)
 *fill*         0x00000000000018fa        0x2 
 .text.gpio_nrf5_config
                0x00000000000018fc      0x128 libzephyr.a(gpio_nrf5.c.obj)
 .text.uart_nrf5_poll_in
                0x0000000000001a24       0x24 libzephyr.a(uart_nrf5.c.obj)
 .text.uart_nrf5_poll_out
                0x0000000000001a48       0x20 libzephyr.a(uart_nrf5.c.obj)
 .text.uart_nrf5_err_check
                0x0000000000001a68       0x20 libzephyr.a(uart_nrf5.c.obj)
 .text.uart_nrf5_init
                0x0000000000001a88       0x80 libzephyr.a(uart_nrf5.c.obj)
 .text.rtc_compare_set
                0x0000000000001b08       0x34 libzephyr.a(nrf_rtc_timer.c.obj)
 .text.rtc_announce_set_next
                0x0000000000001b3c       0x5c libzephyr.a(nrf_rtc_timer.c.obj)
 .text.rtc1_nrf5_isr
                0x0000000000001b98       0x14 libzephyr.a(nrf_rtc_timer.c.obj)
 .text._timer_idle_enter
                0x0000000000001bac       0x2c libzephyr.a(nrf_rtc_timer.c.obj)
                0x0000000000001bac                _timer_idle_enter
 .text._timer_idle_exit
                0x0000000000001bd8       0x2c libzephyr.a(nrf_rtc_timer.c.obj)
                0x0000000000001bd8                _timer_idle_exit
 .text._sys_clock_driver_init
                0x0000000000001c04       0x84 libzephyr.a(nrf_rtc_timer.c.obj)
                0x0000000000001c04                _sys_clock_driver_init
 .text.hci_cmd_done.isra.9
                0x0000000000001c88       0x50 subsys/bluetooth/host/libsubsys__bluetooth__host.a(hci_core.c.obj)
 .text.atomic_test_bit.constprop.24
                0x0000000000001cd8       0x24 subsys/bluetooth/host/libsubsys__bluetooth__host.a(hci_core.c.obj)
 .text.bt_hci_cmd_create
                0x0000000000001cfc       0x60 subsys/bluetooth/host/libsubsys__bluetooth__host.a(hci_core.c.obj)
                0x0000000000001cfc                bt_hci_cmd_create
 .text.bt_hci_cmd_send_sync
                0x0000000000001d5c       0x84 subsys/bluetooth/host/libsubsys__bluetooth__host.a(hci_core.c.obj)
                0x0000000000001d5c                bt_hci_cmd_send_sync
 .text.set_random_address
                0x0000000000001de0       0x5c subsys/bluetooth/host/libsubsys__bluetooth__host.a(hci_core.c.obj)
 .text.set_le_scan_enable
                0x0000000000001e3c       0x68 subsys/bluetooth/host/libsubsys__bluetooth__host.a(hci_core.c.obj)
 .text.bt_le_scan_update
                0x0000000000001ea4       0x22 subsys/bluetooth/host/libsubsys__bluetooth__host.a(hci_core.c.obj)
                0x0000000000001ea4                bt_le_scan_update
 .text.bt_addr_le_create_static
                0x0000000000001ec6       0x20 subsys/bluetooth/host/libsubsys__bluetooth__host.a(hci_core.c.obj)
                0x0000000000001ec6                bt_addr_le_create_static
 *fill*         0x0000000000001ee6        0x2 
 .text.hci_init
                0x0000000000001ee8      0x3a4 subsys/bluetooth/host/libsubsys__bluetooth__host.a(hci_core.c.obj)
 .text.init_work
                0x000000000000228c       0x30 subsys/bluetooth/host/libsubsys__bluetooth__host.a(hci_core.c.obj)
 .text.bt_recv  0x00000000000022bc      0x15c subsys/bluetooth/host/libsubsys__bluetooth__host.a(hci_core.c.obj)
                0x00000000000022bc                bt_recv
 .text.bt_recv_prio
                0x0000000000002418       0x88 subsys/bluetooth/host/libsubsys__bluetooth__host.a(hci_core.c.obj)
                0x0000000000002418                bt_recv_prio
 .text.bt_hci_driver_register
                0x00000000000024a0       0x2c subsys/bluetooth/host/libsubsys__bluetooth__host.a(hci_core.c.obj)
                0x00000000000024a0                bt_hci_driver_register
 .text.bt_buf_get_rx
                0x00000000000024cc       0x20 subsys/bluetooth/host/libsubsys__bluetooth__host.a(hci_core.c.obj)
                0x00000000000024cc                bt_buf_get_rx
 .text.bt_buf_get_cmd_complete
                0x00000000000024ec       0x40 subsys/bluetooth/host/libsubsys__bluetooth__host.a(hci_core.c.obj)
                0x00000000000024ec                bt_buf_get_cmd_complete
 .text.mem_init
                0x000000000000252c       0x4c subsys/bluetooth/controller/libsubsys__bluetooth__controller.a(mem.c.obj)
                0x000000000000252c                mem_init
 .text.mem_acquire
                0x0000000000002578       0x32 subsys/bluetooth/controller/libsubsys__bluetooth__controller.a(mem.c.obj)
                0x0000000000002578                mem_acquire
 .text.mem_release
                0x00000000000025aa       0x2c subsys/bluetooth/controller/libsubsys__bluetooth__controller.a(mem.c.obj)
                0x00000000000025aa                mem_release
 .text.mem_get  0x00000000000025d6        0x6 subsys/bluetooth/controller/libsubsys__bluetooth__controller.a(mem.c.obj)
                0x00000000000025d6                mem_get
 .text.mem_index_get
                0x00000000000025dc       0x10 subsys/bluetooth/controller/libsubsys__bluetooth__controller.a(mem.c.obj)
                0x00000000000025dc                mem_index_get
 .text.mem_rcopy
                0x00000000000025ec       0x20 subsys/bluetooth/controller/libsubsys__bluetooth__controller.a(mem.c.obj)
                0x00000000000025ec                mem_rcopy
 .text.memq_init
                0x000000000000260c        0x6 subsys/bluetooth/controller/libsubsys__bluetooth__controller.a(memq.c.obj)
                0x000000000000260c                memq_init
 .text.memq_enqueue
                0x0000000000002612        0xc subsys/bluetooth/controller/libsubsys__bluetooth__controller.a(memq.c.obj)
                0x0000000000002612                memq_enqueue
 .text.memq_peek
                0x000000000000261e       0x12 subsys/bluetooth/controller/libsubsys__bluetooth__controller.a(memq.c.obj)
                0x000000000000261e                memq_peek
 .text.memq_dequeue
                0x0000000000002630       0x20 subsys/bluetooth/controller/libsubsys__bluetooth__controller.a(memq.c.obj)
                0x0000000000002630                memq_dequeue
 .text.mayfly_init
                0x0000000000002650       0x4c subsys/bluetooth/controller/libsubsys__bluetooth__controller.a(mayfly.c.obj)
                0x0000000000002650                mayfly_init
 .text.mayfly_enable
                0x000000000000269c       0x48 subsys/bluetooth/controller/libsubsys__bluetooth__controller.a(mayfly.c.obj)
                0x000000000000269c                mayfly_enable
 .text.mayfly_enqueue
                0x00000000000026e4       0xa4 subsys/bluetooth/controller/libsubsys__bluetooth__controller.a(mayfly.c.obj)
                0x00000000000026e4                mayfly_enqueue
 .text.mayfly_run
                0x0000000000002788      0x120 subsys/bluetooth/controller/libsubsys__bluetooth__controller.a(mayfly.c.obj)
                0x0000000000002788                mayfly_run
 .text.util_ones_count_get
                0x00000000000028a8       0x22 subsys/bluetooth/controller/libsubsys__bluetooth__controller.a(util.c.obj)
                0x00000000000028a8                util_ones_count_get
 .text.ticker_dequeue
                0x00000000000028ca       0x50 subsys/bluetooth/controller/libsubsys__bluetooth__controller.a(ticker.c.obj)
 .text.ticks_to_expire_prep
                0x000000000000291a       0x3a subsys/bluetooth/controller/libsubsys__bluetooth__controller.a(ticker.c.obj)
 .text.ticker_job_op_cb
                0x0000000000002954       0x18 subsys/bluetooth/controller/libsubsys__bluetooth__controller.a(ticker.c.obj)
 .text.ticker_worker
                0x000000000000296c       0xa6 subsys/bluetooth/controller/libsubsys__bluetooth__controller.a(ticker.c.obj)
                0x000000000000296c                ticker_worker
 *fill*         0x0000000000002a12        0x2 
 .text.ticker_job
                0x0000000000002a14      0x728 subsys/bluetooth/controller/libsubsys__bluetooth__controller.a(ticker.c.obj)
                0x0000000000002a14                ticker_job
 .text.ticker_init
                0x000000000000313c       0x70 subsys/bluetooth/controller/libsubsys__bluetooth__controller.a(ticker.c.obj)
                0x000000000000313c                ticker_init
 .text.ticker_trigger
                0x00000000000031ac       0x20 subsys/bluetooth/controller/libsubsys__bluetooth__controller.a(ticker.c.obj)
                0x00000000000031ac                ticker_trigger
 .text.ticker_start
                0x00000000000031cc       0x84 subsys/bluetooth/controller/libsubsys__bluetooth__controller.a(ticker.c.obj)
                0x00000000000031cc                ticker_start
 .text.ticker_update
                0x0000000000003250       0xa0 subsys/bluetooth/controller/libsubsys__bluetooth__controller.a(ticker.c.obj)
                0x0000000000003250                ticker_update
 .text.ticker_stop
                0x00000000000032f0       0x5c subsys/bluetooth/controller/libsubsys__bluetooth__controller.a(ticker.c.obj)
                0x00000000000032f0                ticker_stop
 .text.ticker_next_slot_get
                0x000000000000334c       0x6c subsys/bluetooth/controller/libsubsys__bluetooth__controller.a(ticker.c.obj)
                0x000000000000334c                ticker_next_slot_get
 .text.ticker_job_idle_get
                0x00000000000033b8       0x60 subsys/bluetooth/controller/libsubsys__bluetooth__controller.a(ticker.c.obj)
                0x00000000000033b8                ticker_job_idle_get
 .text.ticker_job_sched
                0x0000000000003418       0x20 subsys/bluetooth/controller/libsubsys__bluetooth__controller.a(ticker.c.obj)
                0x0000000000003418                ticker_job_sched
 .text.ticker_ticks_now_get
                0x0000000000003438        0x8 subsys/bluetooth/controller/libsubsys__bluetooth__controller.a(ticker.c.obj)
                0x0000000000003438                ticker_ticks_now_get
 .text.ticker_ticks_diff_get
                0x0000000000003440        0x8 subsys/bluetooth/controller/libsubsys__bluetooth__controller.a(ticker.c.obj)
                0x0000000000003440                ticker_ticks_diff_get
 .text.ll_addr_get
                0x0000000000003448       0x30 subsys/bluetooth/controller/libsubsys__bluetooth__controller.a(ll_addr.c.obj)
                0x0000000000003448                ll_addr_get
 .text.ll_addr_set
                0x0000000000003478       0x38 subsys/bluetooth/controller/libsubsys__bluetooth__controller.a(ll_addr.c.obj)
                0x0000000000003478                ll_addr_set
 .text.ll_tx_pwr_get
                0x00000000000034b0        0x8 subsys/bluetooth/controller/libsubsys__bluetooth__controller.a(ll_tx_pwr.c.obj)
                0x00000000000034b0                ll_tx_pwr_get
 .text.bt_rand  0x00000000000034b8       0x3c subsys/bluetooth/controller/libsubsys__bluetooth__controller.a(crypto.c.obj)
                0x00000000000034b8                bt_rand
 .text._hci_driver_init
                0x00000000000034f4       0x10 subsys/bluetooth/controller/libsubsys__bluetooth__controller.a(hci_driver.c.obj)
 .text.hci_driver_send
                0x0000000000003504       0x2c subsys/bluetooth/controller/libsubsys__bluetooth__controller.a(hci_driver.c.obj)
 .text.recv_thread
                0x0000000000003530       0x74 subsys/bluetooth/controller/libsubsys__bluetooth__controller.a(hci_driver.c.obj)
 .text.prio_recv_thread
                0x00000000000035a4       0x3c subsys/bluetooth/controller/libsubsys__bluetooth__controller.a(hci_driver.c.obj)
 .text.hci_driver_open
                0x00000000000035e0       0x70 subsys/bluetooth/controller/libsubsys__bluetooth__controller.a(hci_driver.c.obj)
 .text.sys_put_le32
                0x0000000000003650       0x10 subsys/bluetooth/controller/libsubsys__bluetooth__controller.a(hci.c.obj)
 .text.evt_create
                0x0000000000003660       0x14 subsys/bluetooth/controller/libsubsys__bluetooth__controller.a(hci.c.obj)
 .text.cmd_complete
                0x0000000000003674       0x44 subsys/bluetooth/controller/libsubsys__bluetooth__controller.a(hci.c.obj)
 .text.meta_evt
                0x00000000000036b8       0x28 subsys/bluetooth/controller/libsubsys__bluetooth__controller.a(hci.c.obj)
 .text.le_remote_feat_complete
                0x00000000000036e0       0x50 subsys/bluetooth/controller/libsubsys__bluetooth__controller.a(hci.c.obj)
 .text.bt_addr_le_to_str.constprop.42
                0x0000000000003730       0x78 subsys/bluetooth/controller/libsubsys__bluetooth__controller.a(hci.c.obj)
 .text.le_adv_ext_report.isra.37.part.38
                0x00000000000037a8       0x32 subsys/bluetooth/controller/libsubsys__bluetooth__controller.a(hci.c.obj)
 .text.sys_get_le64
                0x00000000000037da       0x2c subsys/bluetooth/controller/libsubsys__bluetooth__controller.a(hci.c.obj)
 *fill*         0x0000000000003806        0x2 
 .text.hci_cmd_handle
                0x0000000000003808      0x59c subsys/bluetooth/controller/libsubsys__bluetooth__controller.a(hci.c.obj)
                0x0000000000003808                hci_cmd_handle
 .text.hci_evt_encode
                0x0000000000003da4      0x1a8 subsys/bluetooth/controller/libsubsys__bluetooth__controller.a(hci.c.obj)
                0x0000000000003da4                hci_evt_encode
 .text.hci_get_class
                0x0000000000003f4c       0x40 subsys/bluetooth/controller/libsubsys__bluetooth__controller.a(hci.c.obj)
                0x0000000000003f4c                hci_get_class
 .text.hci_init
                0x0000000000003f8c       0x24 subsys/bluetooth/controller/libsubsys__bluetooth__controller.a(hci.c.obj)
                0x0000000000003f8c                hci_init
 .text.cpu_sleep
                0x0000000000003fb0        0x8 subsys/bluetooth/controller/libsubsys__bluetooth__controller.a(ctrl.c.obj)
 .text.pdu_len_cmp
                0x0000000000003fb8       0x28 subsys/bluetooth/controller/libsubsys__bluetooth__controller.a(ctrl.c.obj)
 .text.ticker_if_done
                0x0000000000003fe0        0x4 subsys/bluetooth/controller/libsubsys__bluetooth__controller.a(ctrl.c.obj)
 .text.prepare_reduced
                0x0000000000003fe4       0x10 subsys/bluetooth/controller/libsubsys__bluetooth__controller.a(ctrl.c.obj)
 .text.prepare_normal
                0x0000000000003ff4        0xe subsys/bluetooth/controller/libsubsys__bluetooth__controller.a(ctrl.c.obj)
 .text.chan_sel_remap
                0x0000000000004002       0x34 subsys/bluetooth/controller/libsubsys__bluetooth__controller.a(ctrl.c.obj)
 *fill*         0x0000000000004036        0x2 
 .text.packet_rx_reserve_get
                0x0000000000004038       0x40 subsys/bluetooth/controller/libsubsys__bluetooth__controller.a(ctrl.c.obj)
 .text.conn_update_req
                0x0000000000004078       0x6a subsys/bluetooth/controller/libsubsys__bluetooth__controller.a(ctrl.c.obj)
 *fill*         0x00000000000040e2        0x2 
 .text.tx_cmplt_get
                0x00000000000040e4       0x98 subsys/bluetooth/controller/libsubsys__bluetooth__controller.a(ctrl.c.obj)
 .text.connection_get
                0x000000000000417c       0x30 subsys/bluetooth/controller/libsubsys__bluetooth__controller.a(ctrl.c.obj)
 .text.role_disable
                0x00000000000041ac      0x200 subsys/bluetooth/controller/libsubsys__bluetooth__controller.a(ctrl.c.obj)
 .text.sched_after_mstr_free_slot_get
                0x00000000000043ac      0x11c subsys/bluetooth/controller/libsubsys__bluetooth__controller.a(ctrl.c.obj)
 .text.isr_adv_ci_adva_check
                0x00000000000044c8       0x42 subsys/bluetooth/controller/libsubsys__bluetooth__controller.a(ctrl.c.obj)
 *fill*         0x000000000000450a        0x2 
 .text.rx_fc_lock
                0x000000000000450c       0x38 subsys/bluetooth/controller/libsubsys__bluetooth__controller.a(ctrl.c.obj)
 .text.ticker_job_disable
                0x0000000000004544       0x1c subsys/bluetooth/controller/libsubsys__bluetooth__controller.a(ctrl.c.obj)
 .text.hdr_conn_get
                0x0000000000004560       0x3c subsys/bluetooth/controller/libsubsys__bluetooth__controller.a(ctrl.c.obj)
 .text.mayfly_xtal_retain.part.15
                0x000000000000459c       0x30 subsys/bluetooth/controller/libsubsys__bluetooth__controller.a(ctrl.c.obj)
 .text.rx_packet_set
                0x00000000000045cc       0x40 subsys/bluetooth/controller/libsubsys__bluetooth__controller.a(ctrl.c.obj)
 .text.tx_packet_set
                0x000000000000460c       0x3e subsys/bluetooth/controller/libsubsys__bluetooth__controller.a(ctrl.c.obj)
 *fill*         0x000000000000464a        0x2 
 .text.isr_scan_tgta_check.isra.30
                0x000000000000464c       0x5c subsys/bluetooth/controller/libsubsys__bluetooth__controller.a(ctrl.c.obj)
 .text.radio_event_adv_prepare.part.43
                0x00000000000046a8        0x6 subsys/bluetooth/controller/libsubsys__bluetooth__controller.a(ctrl.c.obj)
 *fill*         0x00000000000046ae        0x2 
 .text.prepare_normal_set
                0x00000000000046b0       0x48 subsys/bluetooth/controller/libsubsys__bluetooth__controller.a(ctrl.c.obj)
 .text.terminate_ind_rx_enqueue
                0x00000000000046f8       0x44 subsys/bluetooth/controller/libsubsys__bluetooth__controller.a(ctrl.c.obj)
 .text.packet_rx_enqueue
                0x000000000000473c       0x60 subsys/bluetooth/controller/libsubsys__bluetooth__controller.a(ctrl.c.obj)
 .text.mayfly_adv_stop
                0x000000000000479c       0x2e subsys/bluetooth/controller/libsubsys__bluetooth__controller.a(ctrl.c.obj)
 *fill*         0x00000000000047ca        0x2 
 .text.ticker_stop_adv_stop
                0x00000000000047cc      0x118 subsys/bluetooth/controller/libsubsys__bluetooth__controller.a(ctrl.c.obj)
 .text.sched_after_mstr_free_offset_get
                0x00000000000048e4       0x6c subsys/bluetooth/controller/libsubsys__bluetooth__controller.a(ctrl.c.obj)
 .text.mayfly_sched_win_offset_use
                0x0000000000004950       0x30 subsys/bluetooth/controller/libsubsys__bluetooth__controller.a(ctrl.c.obj)
 .text.chan_set
                0x0000000000004980       0x38 subsys/bluetooth/controller/libsubsys__bluetooth__controller.a(ctrl.c.obj)
 .text.adv_setup
                0x00000000000049b8       0xbc subsys/bluetooth/controller/libsubsys__bluetooth__controller.a(ctrl.c.obj)
 .text.pdu_node_tx_release
                0x0000000000004a74       0x48 subsys/bluetooth/controller/libsubsys__bluetooth__controller.a(ctrl.c.obj)
 .text.packet_tx_enqueue
                0x0000000000004abc       0xa0 subsys/bluetooth/controller/libsubsys__bluetooth__controller.a(ctrl.c.obj)
 .text.connection_release
                0x0000000000004b5c      0x10c subsys/bluetooth/controller/libsubsys__bluetooth__controller.a(ctrl.c.obj)
 .text.mayfly_radio_stop
                0x0000000000004c68       0x34 subsys/bluetooth/controller/libsubsys__bluetooth__controller.a(ctrl.c.obj)
 .text.mayfly_radio_active
                0x0000000000004c9c       0x34 subsys/bluetooth/controller/libsubsys__bluetooth__controller.a(ctrl.c.obj)
 .text.mayfly_radio_inactive
                0x0000000000004cd0        0xa subsys/bluetooth/controller/libsubsys__bluetooth__controller.a(ctrl.c.obj)
 *fill*         0x0000000000004cda        0x2 
 .text.event_xtal
                0x0000000000004cdc       0x1c subsys/bluetooth/controller/libsubsys__bluetooth__controller.a(ctrl.c.obj)
 .text.event_active
                0x0000000000004cf8       0x1c subsys/bluetooth/controller/libsubsys__bluetooth__controller.a(ctrl.c.obj)
 .text.ticker_update_slave_assert
                0x0000000000004d14       0x1c subsys/bluetooth/controller/libsubsys__bluetooth__controller.a(ctrl.c.obj)
 .text.ticker_update_adv_assert
                0x0000000000004d30       0x18 subsys/bluetooth/controller/libsubsys__bluetooth__controller.a(ctrl.c.obj)
 .text.ticker_stop_scan_assert
                0x0000000000004d48       0x28 subsys/bluetooth/controller/libsubsys__bluetooth__controller.a(ctrl.c.obj)
 .text.ticker_stop_adv_assert
                0x0000000000004d70       0x28 subsys/bluetooth/controller/libsubsys__bluetooth__controller.a(ctrl.c.obj)
 .text.ticker_success_assert
                0x0000000000004d98        0xc subsys/bluetooth/controller/libsubsys__bluetooth__controller.a(ctrl.c.obj)
 .text.isr_rx_scan_report.isra.37
                0x0000000000004da4       0x60 subsys/bluetooth/controller/libsubsys__bluetooth__controller.a(ctrl.c.obj)
 .text.adv_scan_configure.constprop.47
                0x0000000000004e04       0x4c subsys/bluetooth/controller/libsubsys__bluetooth__controller.a(ctrl.c.obj)
 .text.event_stop.constprop.48
                0x0000000000004e50       0x20 subsys/bluetooth/controller/libsubsys__bluetooth__controller.a(ctrl.c.obj)
 .text.event_common_prepare
                0x0000000000004e70      0x188 subsys/bluetooth/controller/libsubsys__bluetooth__controller.a(ctrl.c.obj)
 .text.radio_event_adv_prepare
                0x0000000000004ff8       0x38 subsys/bluetooth/controller/libsubsys__bluetooth__controller.a(ctrl.c.obj)
                0x0000000000004ff8                radio_event_adv_prepare
 .text.event_adv_stop
                0x0000000000005030       0x2c subsys/bluetooth/controller/libsubsys__bluetooth__controller.a(ctrl.c.obj)
                0x0000000000005030                event_adv_stop
 .text.packet_rx_allocate.constprop.49
                0x000000000000505c       0x8c subsys/bluetooth/controller/libsubsys__bluetooth__controller.a(ctrl.c.obj)
 .text.common_init
                0x00000000000050e8       0xd4 subsys/bluetooth/controller/libsubsys__bluetooth__controller.a(ctrl.c.obj)
 .text.mayfly_xtal_start
                0x00000000000051bc       0x14 subsys/bluetooth/controller/libsubsys__bluetooth__controller.a(ctrl.c.obj)
 .text.mayfly_xtal_stop
                0x00000000000051d0       0x14 subsys/bluetooth/controller/libsubsys__bluetooth__controller.a(ctrl.c.obj)
 .text.chan_sel_2
                0x00000000000051e4       0x80 subsys/bluetooth/controller/libsubsys__bluetooth__controller.a(ctrl.c.obj)
 .text.preempt_calc
                0x0000000000005264       0x44 subsys/bluetooth/controller/libsubsys__bluetooth__controller.a(ctrl.c.obj)
 .text.event_adv
                0x00000000000052a8       0xa8 subsys/bluetooth/controller/libsubsys__bluetooth__controller.a(ctrl.c.obj)
 .text.ctrl_tx_enqueue
                0x0000000000005350       0x62 subsys/bluetooth/controller/libsubsys__bluetooth__controller.a(ctrl.c.obj)
 .text.ctrl_tx_sec_enqueue
                0x00000000000053b2       0x32 subsys/bluetooth/controller/libsubsys__bluetooth__controller.a(ctrl.c.obj)
 .text.feature_rsp_send
                0x00000000000053e4       0x88 subsys/bluetooth/controller/libsubsys__bluetooth__controller.a(ctrl.c.obj)
 .text.event_connection_prepare
                0x000000000000546c      0x6c8 subsys/bluetooth/controller/libsubsys__bluetooth__controller.a(ctrl.c.obj)
 .text.event_master_prepare
                0x0000000000005b34        0x8 subsys/bluetooth/controller/libsubsys__bluetooth__controller.a(ctrl.c.obj)
 .text.event_slave_prepare
                0x0000000000005b3c        0x8 subsys/bluetooth/controller/libsubsys__bluetooth__controller.a(ctrl.c.obj)
 .text.connection_configure
                0x0000000000005b44       0x3c subsys/bluetooth/controller/libsubsys__bluetooth__controller.a(ctrl.c.obj)
 .text.event_slave
                0x0000000000005b80      0x16c subsys/bluetooth/controller/libsubsys__bluetooth__controller.a(ctrl.c.obj)
 .text.prepare_pdu_data_tx
                0x0000000000005cec       0xd8 subsys/bluetooth/controller/libsubsys__bluetooth__controller.a(ctrl.c.obj)
 .text.isr      0x0000000000005dc4     0x16a0 subsys/bluetooth/controller/libsubsys__bluetooth__controller.a(ctrl.c.obj)
 .text.mayfly_xtal_stop_calc
                0x0000000000007464      0x1f8 subsys/bluetooth/controller/libsubsys__bluetooth__controller.a(ctrl.c.obj)
 .text.event_master
                0x000000000000765c      0x134 subsys/bluetooth/controller/libsubsys__bluetooth__controller.a(ctrl.c.obj)
 .text.radio_init
                0x0000000000007790       0xf8 subsys/bluetooth/controller/libsubsys__bluetooth__controller.a(ctrl.c.obj)
                0x0000000000007790                radio_init
 .text.ll_reset
                0x0000000000007888       0xac subsys/bluetooth/controller/libsubsys__bluetooth__controller.a(ctrl.c.obj)
                0x0000000000007888                ll_reset
 .text.radio_adv_data_get
                0x0000000000007934        0xc subsys/bluetooth/controller/libsubsys__bluetooth__controller.a(ctrl.c.obj)
                0x0000000000007934                radio_adv_data_get
 .text.radio_scan_data_get
                0x0000000000007940        0xc subsys/bluetooth/controller/libsubsys__bluetooth__controller.a(ctrl.c.obj)
                0x0000000000007940                radio_scan_data_get
 .text.ll_adv_is_enabled
                0x000000000000794c       0x10 subsys/bluetooth/controller/libsubsys__bluetooth__controller.a(ctrl.c.obj)
                0x000000000000794c                ll_adv_is_enabled
 .text.radio_adv_filter_pol_get
                0x000000000000795c       0x18 subsys/bluetooth/controller/libsubsys__bluetooth__controller.a(ctrl.c.obj)
                0x000000000000795c                radio_adv_filter_pol_get
 .text.ll_scan_is_enabled
                0x0000000000007974       0x2c subsys/bluetooth/controller/libsubsys__bluetooth__controller.a(ctrl.c.obj)
                0x0000000000007974                ll_scan_is_enabled
 .text.radio_scan_filter_pol_get
                0x00000000000079a0       0x1c subsys/bluetooth/controller/libsubsys__bluetooth__controller.a(ctrl.c.obj)
                0x00000000000079a0                radio_scan_filter_pol_get
 .text.ll_tx_pwr_lvl_get
                0x00000000000079bc       0x16 subsys/bluetooth/controller/libsubsys__bluetooth__controller.a(ctrl.c.obj)
                0x00000000000079bc                ll_tx_pwr_lvl_get
 *fill*         0x00000000000079d2        0x2 
 .text.ll_rx_get
                0x00000000000079d4       0x74 subsys/bluetooth/controller/libsubsys__bluetooth__controller.a(ctrl.c.obj)
                0x00000000000079d4                ll_rx_get
 .text.ll_rx_mem_release
                0x0000000000007a48       0x60 subsys/bluetooth/controller/libsubsys__bluetooth__controller.a(ctrl.c.obj)
                0x0000000000007a48                ll_rx_mem_release
 .text.do_radio_rx_fc_set
                0x0000000000007aa8       0x68 subsys/bluetooth/controller/libsubsys__bluetooth__controller.a(ctrl.c.obj)
                0x0000000000007aa8                do_radio_rx_fc_set
 .text.radio_rx_fc_set
                0x0000000000007b10       0x64 subsys/bluetooth/controller/libsubsys__bluetooth__controller.a(ctrl.c.obj)
                0x0000000000007b10                radio_rx_fc_set
 .text.ll_adv_scan_state_cb
                0x0000000000007b74        0x2 subsys/bluetooth/controller/libsubsys__bluetooth__controller.a(ctrl.c.obj)
                0x0000000000007b74                ll_adv_scan_state_cb
 *fill*         0x0000000000007b76        0x2 
 .text.radio_adv_enable
                0x0000000000007b78      0x2f4 subsys/bluetooth/controller/libsubsys__bluetooth__controller.a(ctrl.c.obj)
                0x0000000000007b78                radio_adv_enable
 .text.radio_adv_disable
                0x0000000000007e6c       0x60 subsys/bluetooth/controller/libsubsys__bluetooth__controller.a(ctrl.c.obj)
                0x0000000000007e6c                radio_adv_disable
 .text.ll_rx_dequeue
                0x0000000000007ecc       0xe4 subsys/bluetooth/controller/libsubsys__bluetooth__controller.a(ctrl.c.obj)
                0x0000000000007ecc                ll_rx_dequeue
 .text.rtc0_nrf5_isr
                0x0000000000007fb0       0x30 subsys/bluetooth/controller/libsubsys__bluetooth__controller.a(ll.c.obj)
 .text.swi4_nrf5_isr
                0x0000000000007fe0        0xa subsys/bluetooth/controller/libsubsys__bluetooth__controller.a(ll.c.obj)
 .text.rng_nrf5_isr
                0x0000000000007fea        0x8 subsys/bluetooth/controller/libsubsys__bluetooth__controller.a(ll.c.obj)
 .text.radio_nrf5_isr
                0x0000000000007ff2       0x10 subsys/bluetooth/controller/libsubsys__bluetooth__controller.a(ll.c.obj)
                0x0000000000007ff2                radio_nrf5_isr
 .text.radio_active_callback
                0x0000000000008002        0x2 subsys/bluetooth/controller/libsubsys__bluetooth__controller.a(ll.c.obj)
                0x0000000000008002                radio_active_callback
 .text.radio_event_callback
                0x0000000000008004       0x10 subsys/bluetooth/controller/libsubsys__bluetooth__controller.a(ll.c.obj)
                0x0000000000008004                radio_event_callback
 .text.ll_init  0x0000000000008014      0x124 subsys/bluetooth/controller/libsubsys__bluetooth__controller.a(ll.c.obj)
                0x0000000000008014                ll_init
 .text.ll_adv_params_set
                0x0000000000008138      0x1f4 subsys/bluetooth/controller/libsubsys__bluetooth__controller.a(ll_adv.c.obj)
                0x0000000000008138                ll_adv_params_set
 .text.ll_adv_data_set
                0x000000000000832c       0xb0 subsys/bluetooth/controller/libsubsys__bluetooth__controller.a(ll_adv.c.obj)
                0x000000000000832c                ll_adv_data_set
 .text.ll_scan_data_set
                0x00000000000083dc       0x76 subsys/bluetooth/controller/libsubsys__bluetooth__controller.a(ll_adv.c.obj)
                0x00000000000083dc                ll_scan_data_set
 *fill*         0x0000000000008452        0x2 
 .text.ll_adv_enable
                0x0000000000008454       0xac subsys/bluetooth/controller/libsubsys__bluetooth__controller.a(ll_adv.c.obj)
                0x0000000000008454                ll_adv_enable
 .text.ctrl_filter_get
                0x0000000000008500       0x14 subsys/bluetooth/controller/libsubsys__bluetooth__controller.a(ll_filter.c.obj)
                0x0000000000008500                ctrl_filter_get
 .text.ll_wl_size_get
                0x0000000000008514        0x4 subsys/bluetooth/controller/libsubsys__bluetooth__controller.a(ll_filter.c.obj)
                0x0000000000008514                ll_wl_size_get
 .text.ll_wl_clear
                0x0000000000008518       0x2c subsys/bluetooth/controller/libsubsys__bluetooth__controller.a(ll_filter.c.obj)
                0x0000000000008518                ll_wl_clear
 .text.ll_wl_add
                0x0000000000008544       0x6c subsys/bluetooth/controller/libsubsys__bluetooth__controller.a(ll_filter.c.obj)
                0x0000000000008544                ll_wl_add
 .text.ll_wl_remove
                0x00000000000085b0       0x88 subsys/bluetooth/controller/libsubsys__bluetooth__controller.a(ll_filter.c.obj)
                0x00000000000085b0                ll_wl_remove
 .text.ll_filter_reset
                0x0000000000008638       0x18 subsys/bluetooth/controller/libsubsys__bluetooth__controller.a(ll_filter.c.obj)
                0x0000000000008638                ll_filter_reset
 .text.cntr_init
                0x0000000000008650       0x20 subsys/bluetooth/controller/libsubsys__bluetooth__controller.a(cntr.c.obj)
                0x0000000000008650                cntr_init
 .text.cntr_start
                0x0000000000008670       0x20 subsys/bluetooth/controller/libsubsys__bluetooth__controller.a(cntr.c.obj)
                0x0000000000008670                cntr_start
 .text.cntr_stop
                0x0000000000008690       0x2c subsys/bluetooth/controller/libsubsys__bluetooth__controller.a(cntr.c.obj)
                0x0000000000008690                cntr_stop
 .text.cntr_cnt_get
                0x00000000000086bc       0x10 subsys/bluetooth/controller/libsubsys__bluetooth__controller.a(cntr.c.obj)
                0x00000000000086bc                cntr_cnt_get
 .text.cntr_cmp_set
                0x00000000000086cc       0x10 subsys/bluetooth/controller/libsubsys__bluetooth__controller.a(cntr.c.obj)
                0x00000000000086cc                cntr_cmp_set
 .text.isr      0x00000000000086dc       0x4c subsys/bluetooth/controller/libsubsys__bluetooth__controller.a(rand.c.obj)
 .text.get      0x0000000000008728       0xd8 subsys/bluetooth/controller/libsubsys__bluetooth__controller.a(rand.c.obj)
 .text.init     0x0000000000008800       0x58 subsys/bluetooth/controller/libsubsys__bluetooth__controller.a(rand.c.obj)
 .text.rand_init
                0x0000000000008858       0x14 subsys/bluetooth/controller/libsubsys__bluetooth__controller.a(rand.c.obj)
                0x0000000000008858                rand_init
 .text.rand_isr_init
                0x000000000000886c       0x14 subsys/bluetooth/controller/libsubsys__bluetooth__controller.a(rand.c.obj)
                0x000000000000886c                rand_isr_init
 .text.rand_get
                0x0000000000008880       0x14 subsys/bluetooth/controller/libsubsys__bluetooth__controller.a(rand.c.obj)
                0x0000000000008880                rand_get
 .text.rand_isr_get
                0x0000000000008894       0x14 subsys/bluetooth/controller/libsubsys__bluetooth__controller.a(rand.c.obj)
                0x0000000000008894                rand_isr_get
 .text.isr_rand
                0x00000000000088a8       0x4c subsys/bluetooth/controller/libsubsys__bluetooth__controller.a(rand.c.obj)
                0x00000000000088a8                isr_rand
 .text.do_ecb   0x00000000000088f4       0x48 subsys/bluetooth/controller/libsubsys__bluetooth__controller.a(ecb.c.obj)
 .text.ecb_encrypt
                0x000000000000893c       0x44 subsys/bluetooth/controller/libsubsys__bluetooth__controller.a(ecb.c.obj)
                0x000000000000893c                ecb_encrypt
 .text.hal_radio_enable_on_tick_ppi_config_and_enable
                0x0000000000008980       0x38 subsys/bluetooth/controller/libsubsys__bluetooth__controller.a(radio.c.obj)
 .text.isr_radio
                0x00000000000089b8       0x14 subsys/bluetooth/controller/libsubsys__bluetooth__controller.a(radio.c.obj)
                0x00000000000089b8                isr_radio
 .text.radio_isr_set
                0x00000000000089cc       0x30 subsys/bluetooth/controller/libsubsys__bluetooth__controller.a(radio.c.obj)
                0x00000000000089cc                radio_isr_set
 .text.radio_setup
                0x00000000000089fc        0x2 subsys/bluetooth/controller/libsubsys__bluetooth__controller.a(radio.c.obj)
                0x00000000000089fc                radio_setup
 *fill*         0x00000000000089fe        0x2 
 .text.radio_reset
                0x0000000000008a00       0x20 subsys/bluetooth/controller/libsubsys__bluetooth__controller.a(radio.c.obj)
                0x0000000000008a00                radio_reset
 .text.radio_phy_set
                0x0000000000008a20       0x18 subsys/bluetooth/controller/libsubsys__bluetooth__controller.a(radio.c.obj)
                0x0000000000008a20                radio_phy_set
 .text.radio_tx_power_set
                0x0000000000008a38       0x10 subsys/bluetooth/controller/libsubsys__bluetooth__controller.a(radio.c.obj)
                0x0000000000008a38                radio_tx_power_set
 .text.radio_freq_chan_set
                0x0000000000008a48       0x10 subsys/bluetooth/controller/libsubsys__bluetooth__controller.a(radio.c.obj)
                0x0000000000008a48                radio_freq_chan_set
 .text.radio_whiten_iv_set
                0x0000000000008a58       0x28 subsys/bluetooth/controller/libsubsys__bluetooth__controller.a(radio.c.obj)
                0x0000000000008a58                radio_whiten_iv_set
 .text.radio_aa_set
                0x0000000000008a80       0x3c subsys/bluetooth/controller/libsubsys__bluetooth__controller.a(radio.c.obj)
                0x0000000000008a80                radio_aa_set
 .text.radio_pkt_configure
                0x0000000000008abc       0x4c subsys/bluetooth/controller/libsubsys__bluetooth__controller.a(radio.c.obj)
                0x0000000000008abc                radio_pkt_configure
 .text.radio_pkt_rx_set
                0x0000000000008b08       0x10 subsys/bluetooth/controller/libsubsys__bluetooth__controller.a(radio.c.obj)
                0x0000000000008b08                radio_pkt_rx_set
 .text.radio_pkt_tx_set
                0x0000000000008b18       0x10 subsys/bluetooth/controller/libsubsys__bluetooth__controller.a(radio.c.obj)
                0x0000000000008b18                radio_pkt_tx_set
 .text.radio_tx_ready_delay_get
                0x0000000000008b28        0x4 subsys/bluetooth/controller/libsubsys__bluetooth__controller.a(radio.c.obj)
                0x0000000000008b28                radio_tx_ready_delay_get
 .text.radio_tx_chain_delay_get
                0x0000000000008b2c        0x4 subsys/bluetooth/controller/libsubsys__bluetooth__controller.a(radio.c.obj)
                0x0000000000008b2c                radio_tx_chain_delay_get
 .text.radio_rx_ready_delay_get
                0x0000000000008b30        0x4 subsys/bluetooth/controller/libsubsys__bluetooth__controller.a(radio.c.obj)
                0x0000000000008b30                radio_rx_ready_delay_get
 .text.radio_rx_chain_delay_get
                0x0000000000008b34        0x4 subsys/bluetooth/controller/libsubsys__bluetooth__controller.a(radio.c.obj)
                0x0000000000008b34                radio_rx_chain_delay_get
 .text.radio_rx_enable
                0x0000000000008b38        0xc subsys/bluetooth/controller/libsubsys__bluetooth__controller.a(radio.c.obj)
                0x0000000000008b38                radio_rx_enable
 .text.radio_tx_enable
                0x0000000000008b44        0xc subsys/bluetooth/controller/libsubsys__bluetooth__controller.a(radio.c.obj)
                0x0000000000008b44                radio_tx_enable
 .text.radio_disable
                0x0000000000008b50       0x14 subsys/bluetooth/controller/libsubsys__bluetooth__controller.a(radio.c.obj)
                0x0000000000008b50                radio_disable
 .text.radio_status_reset
                0x0000000000008b64       0x10 subsys/bluetooth/controller/libsubsys__bluetooth__controller.a(radio.c.obj)
                0x0000000000008b64                radio_status_reset
 .text.radio_is_ready
                0x0000000000008b74       0x10 subsys/bluetooth/controller/libsubsys__bluetooth__controller.a(radio.c.obj)
                0x0000000000008b74                radio_is_ready
 .text.radio_is_done
                0x0000000000008b84       0x10 subsys/bluetooth/controller/libsubsys__bluetooth__controller.a(radio.c.obj)
                0x0000000000008b84                radio_is_done
 .text.radio_is_idle
                0x0000000000008b94       0x14 subsys/bluetooth/controller/libsubsys__bluetooth__controller.a(radio.c.obj)
                0x0000000000008b94                radio_is_idle
 .text.radio_crc_configure
                0x0000000000008ba8       0x24 subsys/bluetooth/controller/libsubsys__bluetooth__controller.a(radio.c.obj)
                0x0000000000008ba8                radio_crc_configure
 .text.radio_crc_is_valid
                0x0000000000008bcc       0x14 subsys/bluetooth/controller/libsubsys__bluetooth__controller.a(radio.c.obj)
                0x0000000000008bcc                radio_crc_is_valid
 .text.radio_pkt_empty_get
                0x0000000000008be0        0x8 subsys/bluetooth/controller/libsubsys__bluetooth__controller.a(radio.c.obj)
                0x0000000000008be0                radio_pkt_empty_get
 .text.radio_pkt_scratch_get
                0x0000000000008be8        0x8 subsys/bluetooth/controller/libsubsys__bluetooth__controller.a(radio.c.obj)
                0x0000000000008be8                radio_pkt_scratch_get
 .text.radio_switch_complete_and_rx
                0x0000000000008bf0       0x10 subsys/bluetooth/controller/libsubsys__bluetooth__controller.a(radio.c.obj)
                0x0000000000008bf0                radio_switch_complete_and_rx
 .text.radio_switch_complete_and_tx
                0x0000000000008c00       0x10 subsys/bluetooth/controller/libsubsys__bluetooth__controller.a(radio.c.obj)
                0x0000000000008c00                radio_switch_complete_and_tx
 .text.radio_switch_complete_and_disable
                0x0000000000008c10       0x10 subsys/bluetooth/controller/libsubsys__bluetooth__controller.a(radio.c.obj)
                0x0000000000008c10                radio_switch_complete_and_disable
 .text.radio_rssi_measure
                0x0000000000008c20       0x18 subsys/bluetooth/controller/libsubsys__bluetooth__controller.a(radio.c.obj)
                0x0000000000008c20                radio_rssi_measure
 .text.radio_rssi_get
                0x0000000000008c38       0x10 subsys/bluetooth/controller/libsubsys__bluetooth__controller.a(radio.c.obj)
                0x0000000000008c38                radio_rssi_get
 .text.radio_rssi_status_reset
                0x0000000000008c48        0xc subsys/bluetooth/controller/libsubsys__bluetooth__controller.a(radio.c.obj)
                0x0000000000008c48                radio_rssi_status_reset
 .text.radio_rssi_is_ready
                0x0000000000008c54       0x10 subsys/bluetooth/controller/libsubsys__bluetooth__controller.a(radio.c.obj)
                0x0000000000008c54                radio_rssi_is_ready
 .text.radio_filter_configure
                0x0000000000008c64       0x50 subsys/bluetooth/controller/libsubsys__bluetooth__controller.a(radio.c.obj)
                0x0000000000008c64                radio_filter_configure
 .text.radio_filter_disable
                0x0000000000008cb4       0x14 subsys/bluetooth/controller/libsubsys__bluetooth__controller.a(radio.c.obj)
                0x0000000000008cb4                radio_filter_disable
 .text.radio_filter_status_reset
                0x0000000000008cc8        0xc subsys/bluetooth/controller/libsubsys__bluetooth__controller.a(radio.c.obj)
                0x0000000000008cc8                radio_filter_status_reset
 .text.radio_filter_has_match
                0x0000000000008cd4       0x10 subsys/bluetooth/controller/libsubsys__bluetooth__controller.a(radio.c.obj)
                0x0000000000008cd4                radio_filter_has_match
 .text.radio_filter_match_get
                0x0000000000008ce4       0x10 subsys/bluetooth/controller/libsubsys__bluetooth__controller.a(radio.c.obj)
                0x0000000000008ce4                radio_filter_match_get
 .text.radio_tmr_status_reset
                0x0000000000008cf4       0x20 subsys/bluetooth/controller/libsubsys__bluetooth__controller.a(radio.c.obj)
                0x0000000000008cf4                radio_tmr_status_reset
 .text.radio_tmr_tifs_set
                0x0000000000008d14       0x10 subsys/bluetooth/controller/libsubsys__bluetooth__controller.a(radio.c.obj)
                0x0000000000008d14                radio_tmr_tifs_set
 .text.radio_tmr_start
                0x0000000000008d24       0x94 subsys/bluetooth/controller/libsubsys__bluetooth__controller.a(radio.c.obj)
                0x0000000000008d24                radio_tmr_start
 .text.radio_tmr_stop
                0x0000000000008db8       0x10 subsys/bluetooth/controller/libsubsys__bluetooth__controller.a(radio.c.obj)
                0x0000000000008db8                radio_tmr_stop
 .text.radio_tmr_hcto_configure
                0x0000000000008dc8       0x54 subsys/bluetooth/controller/libsubsys__bluetooth__controller.a(radio.c.obj)
                0x0000000000008dc8                radio_tmr_hcto_configure
 .text.radio_tmr_aa_capture
                0x0000000000008e1c       0x44 subsys/bluetooth/controller/libsubsys__bluetooth__controller.a(radio.c.obj)
                0x0000000000008e1c                radio_tmr_aa_capture
 .text.radio_tmr_aa_get
                0x0000000000008e60       0x10 subsys/bluetooth/controller/libsubsys__bluetooth__controller.a(radio.c.obj)
                0x0000000000008e60                radio_tmr_aa_get
 .text.radio_tmr_aa_save
                0x0000000000008e70        0xc subsys/bluetooth/controller/libsubsys__bluetooth__controller.a(radio.c.obj)
                0x0000000000008e70                radio_tmr_aa_save
 .text.radio_tmr_aa_restore
                0x0000000000008e7c        0xc subsys/bluetooth/controller/libsubsys__bluetooth__controller.a(radio.c.obj)
                0x0000000000008e7c                radio_tmr_aa_restore
 .text.radio_tmr_ready_get
                0x0000000000008e88       0x10 subsys/bluetooth/controller/libsubsys__bluetooth__controller.a(radio.c.obj)
                0x0000000000008e88                radio_tmr_ready_get
 .text.radio_tmr_end_capture
                0x0000000000008e98       0x2c subsys/bluetooth/controller/libsubsys__bluetooth__controller.a(radio.c.obj)
                0x0000000000008e98                radio_tmr_end_capture
 .text.radio_tmr_end_get
                0x0000000000008ec4       0x10 subsys/bluetooth/controller/libsubsys__bluetooth__controller.a(radio.c.obj)
                0x0000000000008ec4                radio_tmr_end_get
 .text.radio_tmr_tifs_base_get
                0x0000000000008ed4       0x10 subsys/bluetooth/controller/libsubsys__bluetooth__controller.a(radio.c.obj)
                0x0000000000008ed4                radio_tmr_tifs_base_get
 .text.radio_ccm_rx_pkt_set
                0x0000000000008ee4       0x7c subsys/bluetooth/controller/libsubsys__bluetooth__controller.a(radio.c.obj)
                0x0000000000008ee4                radio_ccm_rx_pkt_set
 .text.radio_ccm_tx_pkt_set
                0x0000000000008f60       0x58 subsys/bluetooth/controller/libsubsys__bluetooth__controller.a(radio.c.obj)
                0x0000000000008f60                radio_ccm_tx_pkt_set
 .text.radio_ccm_is_done
                0x0000000000008fb8       0x44 subsys/bluetooth/controller/libsubsys__bluetooth__controller.a(radio.c.obj)
                0x0000000000008fb8                radio_ccm_is_done
 .text.radio_ccm_mic_is_valid
                0x0000000000008ffc       0x14 subsys/bluetooth/controller/libsubsys__bluetooth__controller.a(radio.c.obj)
                0x0000000000008ffc                radio_ccm_mic_is_valid
 .text.radio_ar_match_get
                0x0000000000009010       0x10 subsys/bluetooth/controller/libsubsys__bluetooth__controller.a(radio.c.obj)
                0x0000000000009010                radio_ar_match_get
 .text.radio_ar_status_reset
                0x0000000000009020       0x18 subsys/bluetooth/controller/libsubsys__bluetooth__controller.a(radio.c.obj)
                0x0000000000009020                radio_ar_status_reset
 .text.radio_ar_has_match
                0x0000000000009038       0x28 subsys/bluetooth/controller/libsubsys__bluetooth__controller.a(radio.c.obj)
                0x0000000000009038                radio_ar_has_match
 .text.mayfly_enable_cb
                0x0000000000009060       0x1e subsys/bluetooth/controller/libsubsys__bluetooth__controller.a(mayfly.c.obj)
                0x0000000000009060                mayfly_enable_cb
 .text.mayfly_is_enabled
                0x000000000000907e       0x1c subsys/bluetooth/controller/libsubsys__bluetooth__controller.a(mayfly.c.obj)
                0x000000000000907e                mayfly_is_enabled
 .text.mayfly_prio_is_equal
                0x000000000000909a       0x1c subsys/bluetooth/controller/libsubsys__bluetooth__controller.a(mayfly.c.obj)
                0x000000000000909a                mayfly_prio_is_equal
 *fill*         0x00000000000090b6        0x2 
 .text.mayfly_pend
                0x00000000000090b8       0x24 subsys/bluetooth/controller/libsubsys__bluetooth__controller.a(mayfly.c.obj)
                0x00000000000090b8                mayfly_pend
 .text.hal_ticker_instance0_caller_id_get
                0x00000000000090dc       0x18 subsys/bluetooth/controller/libsubsys__bluetooth__controller.a(ticker.c.obj)
                0x00000000000090dc                hal_ticker_instance0_caller_id_get
 .text.hal_ticker_instance0_sched
                0x00000000000090f4       0x74 subsys/bluetooth/controller/libsubsys__bluetooth__controller.a(ticker.c.obj)
                0x00000000000090f4                hal_ticker_instance0_sched
 .text.hal_ticker_instance0_trigger_set
                0x0000000000009168        0xc subsys/bluetooth/controller/libsubsys__bluetooth__controller.a(ticker.c.obj)
                0x0000000000009168                hal_ticker_instance0_trigger_set
 .text.fixed_data_unref
                0x0000000000009174        0x2 subsys/net/libsubsys__net.a(buf.c.obj)
 *fill*         0x0000000000009176        0x2 
 .text.net_buf_pool_get
                0x0000000000009178        0xc subsys/net/libsubsys__net.a(buf.c.obj)
                0x0000000000009178                net_buf_pool_get
 .text.net_buf_id
                0x0000000000009184       0x1c subsys/net/libsubsys__net.a(buf.c.obj)
                0x0000000000009184                net_buf_id
 .text.fixed_data_alloc
                0x00000000000091a0       0x2c subsys/net/libsubsys__net.a(buf.c.obj)
 .text.net_buf_alloc_len
                0x00000000000091cc       0xd0 subsys/net/libsubsys__net.a(buf.c.obj)
                0x00000000000091cc                net_buf_alloc_len
 .text.net_buf_alloc_fixed
                0x000000000000929c       0x10 subsys/net/libsubsys__net.a(buf.c.obj)
                0x000000000000929c                net_buf_alloc_fixed
 .text.net_buf_simple_reserve
                0x00000000000092ac        0x8 subsys/net/libsubsys__net.a(buf.c.obj)
                0x00000000000092ac                net_buf_simple_reserve
 .text.net_buf_put
                0x00000000000092b4       0x1c subsys/net/libsubsys__net.a(buf.c.obj)
                0x00000000000092b4                net_buf_put
 .text.net_buf_unref
                0x00000000000092d0       0x64 subsys/net/libsubsys__net.a(buf.c.obj)
                0x00000000000092d0                net_buf_unref
 .text.net_buf_ref
                0x0000000000009334        0x8 subsys/net/libsubsys__net.a(buf.c.obj)
                0x0000000000009334                net_buf_ref
 .text.net_buf_simple_add
                0x000000000000933c        0xe subsys/net/libsubsys__net.a(buf.c.obj)
                0x000000000000933c                net_buf_simple_add
 .text.net_buf_simple_add_mem
                0x000000000000934a       0x14 subsys/net/libsubsys__net.a(buf.c.obj)
                0x000000000000934a                net_buf_simple_add_mem
 .text.net_buf_simple_pull
                0x000000000000935e       0x10 subsys/net/libsubsys__net.a(buf.c.obj)
                0x000000000000935e                net_buf_simple_pull
 .text.net_buf_simple_pull_u8
                0x000000000000936e       0x10 subsys/net/libsubsys__net.a(buf.c.obj)
                0x000000000000936e                net_buf_simple_pull_u8
 .text.net_buf_simple_headroom
                0x000000000000937e        0x8 subsys/net/libsubsys__net.a(buf.c.obj)
                0x000000000000937e                net_buf_simple_headroom
 *fill*         0x0000000000009386        0x2 
 .text._sys_device_do_config_level
                0x0000000000009388       0x24 kernel/libkernel.a(device.c.obj)
                0x0000000000009388                _sys_device_do_config_level
 .text.device_get_binding
                0x00000000000093ac       0x50 kernel/libkernel.a(device.c.obj)
                0x00000000000093ac                device_get_binding
 .text._sys_power_save_idle_exit
                0x00000000000093fc       0x18 kernel/libkernel.a(idle.c.obj)
                0x00000000000093fc                _sys_power_save_idle_exit
 .text.idle     0x0000000000009414       0x48 kernel/libkernel.a(idle.c.obj)
                0x0000000000009414                idle
 .text._bss_zero
                0x000000000000945c       0x18 kernel/libkernel.a(init.c.obj)
                0x000000000000945c                _bss_zero
 .text._data_copy
                0x0000000000009474       0x1c kernel/libkernel.a(init.c.obj)
                0x0000000000009474                _data_copy
 .text._main    0x0000000000009490       0x38 kernel/libkernel.a(init.c.obj)
 .text._Cstart  0x00000000000094c8      0x104 kernel/libkernel.a(init.c.obj)
                0x00000000000094c8                _Cstart
 .text.get_bit_ptr
                0x00000000000095cc       0x2a kernel/libkernel.a(mempool.c.obj)
 .text.set_free_bit
                0x00000000000095f6       0x16 kernel/libkernel.a(mempool.c.obj)
 .text.init_static_pools
                0x000000000000960c       0xa4 kernel/libkernel.a(mempool.c.obj)
                0x000000000000960c                init_static_pools
 .text.adjust_owner_prio.isra.7
                0x00000000000096b0       0x2c kernel/libkernel.a(mutex.c.obj)
 .text._impl_k_mutex_lock
                0x00000000000096dc       0xc4 kernel/libkernel.a(mutex.c.obj)
                0x00000000000096dc                _impl_k_mutex_lock
 .text._impl_k_mutex_unlock
                0x00000000000097a0       0xe0 kernel/libkernel.a(mutex.c.obj)
                0x00000000000097a0                _impl_k_mutex_unlock
 .text.k_queue_init
                0x0000000000009880       0x10 kernel/libkernel.a(queue.c.obj)
                0x0000000000009880                k_queue_init
 .text.k_queue_insert
                0x0000000000009890       0x56 kernel/libkernel.a(queue.c.obj)
                0x0000000000009890                k_queue_insert
 .text.k_queue_append
                0x00000000000098e6        0xc kernel/libkernel.a(queue.c.obj)
                0x00000000000098e6                k_queue_append
 .text.k_queue_prepend
                0x00000000000098f2        0xc kernel/libkernel.a(queue.c.obj)
                0x00000000000098f2                k_queue_prepend
 .text.k_queue_append_list
                0x00000000000098fe       0x36 kernel/libkernel.a(queue.c.obj)
                0x00000000000098fe                k_queue_append_list
 .text.k_queue_get
                0x0000000000009934       0x8e kernel/libkernel.a(queue.c.obj)
                0x0000000000009934                k_queue_get
 *fill*         0x00000000000099c2        0x2 
 .text._add_thread_to_ready_q
                0x00000000000099c4       0x50 kernel/libkernel.a(sched.c.obj)
                0x00000000000099c4                _add_thread_to_ready_q
 .text._ready_thread
                0x0000000000009a14       0x1e kernel/libkernel.a(sched.c.obj)
 *fill*         0x0000000000009a32        0x2 
 .text._add_timeout
                0x0000000000009a34       0xa0 kernel/libkernel.a(sched.c.obj)
 .text._remove_thread_from_ready_q
                0x0000000000009ad4       0x5c kernel/libkernel.a(sched.c.obj)
                0x0000000000009ad4                _remove_thread_from_ready_q
 .text._pend_thread
                0x0000000000009b30       0x60 kernel/libkernel.a(sched.c.obj)
                0x0000000000009b30                _pend_thread
 .text._pend_current_thread
                0x0000000000009b90       0x20 kernel/libkernel.a(sched.c.obj)
                0x0000000000009b90                _pend_current_thread
 .text.__must_switch_threads
                0x0000000000009bb0       0x24 kernel/libkernel.a(sched.c.obj)
                0x0000000000009bb0                __must_switch_threads
 .text._reschedule_threads
                0x0000000000009bd4       0x34 kernel/libkernel.a(sched.c.obj)
                0x0000000000009bd4                _reschedule_threads
 .text.k_sched_unlock
                0x0000000000009c08       0x1c kernel/libkernel.a(sched.c.obj)
                0x0000000000009c08                k_sched_unlock
 .text._move_thread_to_end_of_prio_q
                0x0000000000009c24       0x4c kernel/libkernel.a(sched.c.obj)
                0x0000000000009c24                _move_thread_to_end_of_prio_q
 .text._impl_k_yield
                0x0000000000009c70       0x38 kernel/libkernel.a(sched.c.obj)
                0x0000000000009c70                _impl_k_yield
 .text._impl_k_current_get
                0x0000000000009ca8        0xc kernel/libkernel.a(sched.c.obj)
                0x0000000000009ca8                _impl_k_current_get
 .text._is_thread_time_slicing
                0x0000000000009cb4       0x50 kernel/libkernel.a(sched.c.obj)
                0x0000000000009cb4                _is_thread_time_slicing
 .text._update_time_slice_before_swap
                0x0000000000009d04        0xc kernel/libkernel.a(sched.c.obj)
                0x0000000000009d04                _update_time_slice_before_swap
 .text._unpend_first_thread
                0x0000000000009d10       0x4c kernel/libkernel.a(sem.c.obj)
 .text._impl_k_sem_init
                0x0000000000009d5c       0x12 kernel/libkernel.a(sem.c.obj)
                0x0000000000009d5c                _impl_k_sem_init
 *fill*         0x0000000000009d6e        0x2 
 .text._impl_k_sem_give
                0x0000000000009d70       0xb4 kernel/libkernel.a(sem.c.obj)
                0x0000000000009d70                _impl_k_sem_give
 .text._impl_k_sem_take
                0x0000000000009e24       0x3c kernel/libkernel.a(sem.c.obj)
                0x0000000000009e24                _impl_k_sem_take
 .text._impl_k_uptime_get_32
                0x0000000000009e60       0x10 kernel/libkernel.a(sys_clock.c.obj)
                0x0000000000009e60                _impl_k_uptime_get_32
 .text._tick_get
                0x0000000000009e70       0x18 kernel/libkernel.a(sys_clock.c.obj)
                0x0000000000009e70                sys_tick_get
                0x0000000000009e70                _tick_get
 .text._impl_k_uptime_get
                0x0000000000009e88       0x10 kernel/libkernel.a(sys_clock.c.obj)
                0x0000000000009e88                _impl_k_uptime_get
 .text._nano_sys_clock_tick_announce
                0x0000000000009e98      0x1a4 kernel/libkernel.a(sys_clock.c.obj)
                0x0000000000009e98                _nano_sys_clock_tick_announce
 .text.k_sys_work_q_init
                0x000000000000a03c       0x20 kernel/libkernel.a(system_work_q.c.obj)
 .text._is_thread_ready
                0x000000000000a05c       0x16 kernel/libkernel.a(thread.c.obj)
 *fill*         0x000000000000a072        0x2 
 .text._abort_timeout
                0x000000000000a074       0x34 kernel/libkernel.a(thread.c.obj)
 .text.schedule_new_thread.part.13
                0x000000000000a0a8       0x74 kernel/libkernel.a(thread.c.obj)
 .text.k_is_in_isr
                0x000000000000a11c       0x14 kernel/libkernel.a(thread.c.obj)
                0x000000000000a11c                k_is_in_isr
 .text._is_thread_essential
                0x000000000000a130       0x10 kernel/libkernel.a(thread.c.obj)
                0x000000000000a130                _is_thread_essential
 .text._thread_entry
                0x000000000000a140       0x14 kernel/libkernel.a(thread.c.obj)
                0x000000000000a140                _thread_entry
 .text._impl_k_thread_start
                0x000000000000a154       0x50 kernel/libkernel.a(thread.c.obj)
                0x000000000000a154                _impl_k_thread_start
 .text._setup_new_thread
                0x000000000000a1a4       0x20 kernel/libkernel.a(thread.c.obj)
                0x000000000000a1a4                _setup_new_thread
 .text._impl_k_thread_create
                0x000000000000a1c4       0x40 kernel/libkernel.a(thread.c.obj)
                0x000000000000a1c4                _impl_k_thread_create
 .text._k_thread_single_abort
                0x000000000000a204       0x4e kernel/libkernel.a(thread.c.obj)
                0x000000000000a204                _k_thread_single_abort
 *fill*         0x000000000000a252        0x2 
 .text._init_static_threads
                0x000000000000a254       0x80 kernel/libkernel.a(thread.c.obj)
                0x000000000000a254                _init_static_threads
 .text._init_thread_base
                0x000000000000a2d4       0x18 kernel/libkernel.a(thread.c.obj)
                0x000000000000a2d4                _init_thread_base
 .text.work_q_main
                0x000000000000a2ec       0x2e kernel/libkernel.a(work_q.c.obj)
 *fill*         0x000000000000a31a        0x2 
 .text.k_work_q_start
                0x000000000000a31c       0x34 kernel/libkernel.a(work_q.c.obj)
                0x000000000000a31c                k_work_q_start
 .text._ready_thread
                0x000000000000a350       0x1e kernel/libkernel.a(timer.c.obj)
 .text._unpend_thread
                0x000000000000a36e       0x14 kernel/libkernel.a(timer.c.obj)
 *fill*         0x000000000000a382        0x2 
 .text._abort_timeout
                0x000000000000a384       0x34 kernel/libkernel.a(timer.c.obj)
 .text._add_timeout.constprop.9
                0x000000000000a3b8       0x74 kernel/libkernel.a(timer.c.obj)
 .text._timer_expiration_handler
                0x000000000000a42c       0x5a kernel/libkernel.a(timer.c.obj)
                0x000000000000a42c                _timer_expiration_handler
 .text._impl_k_timer_start
                0x000000000000a486       0x3c kernel/libkernel.a(timer.c.obj)
                0x000000000000a486                _impl_k_timer_start
 *fill*         0x000000000000a4c2        0x2 
 .text._impl_k_timer_stop
                0x000000000000a4c4       0x88 kernel/libkernel.a(timer.c.obj)
                0x000000000000a4c4                _impl_k_timer_stop
 .text.atomic_get
                0x000000000000a54c        0x4 kernel/libkernel.a(atomic_c.c.obj)
                0x000000000000a54c                atomic_get
 .text.atomic_set
                0x000000000000a550       0x14 kernel/libkernel.a(atomic_c.c.obj)
                0x000000000000a550                atomic_set
 .text.atomic_or
                0x000000000000a564       0x16 kernel/libkernel.a(atomic_c.c.obj)
                0x000000000000a564                atomic_or
 .text.atomic_and
                0x000000000000a57a       0x16 kernel/libkernel.a(atomic_c.c.obj)
                0x000000000000a57a                atomic_and
 .text.sys_dlist_remove
                0x000000000000a590        0xc kernel/libkernel.a(poll.c.obj)
 .text.clear_event_registrations
                0x000000000000a59c       0x40 kernel/libkernel.a(poll.c.obj)
 .text._signal_poll_event
                0x000000000000a5dc       0xc4 kernel/libkernel.a(poll.c.obj)
 .text.add_event
                0x000000000000a6a0       0x5c kernel/libkernel.a(poll.c.obj)
 .text.k_poll_event_init
                0x000000000000a6fc       0x2e kernel/libkernel.a(poll.c.obj)
                0x000000000000a6fc                k_poll_event_init
 *fill*         0x000000000000a72a        0x2 
 .text.k_poll   0x000000000000a72c      0x12c kernel/libkernel.a(poll.c.obj)
                0x000000000000a72c                k_poll
 .text._handle_obj_poll_events
                0x000000000000a858       0x26 kernel/libkernel.a(poll.c.obj)
                0x000000000000a858                _handle_obj_poll_events
 .text._OffsetAbsSyms
                0x000000000000a87e        0x2 CMakeFiles/offsets.dir/arch/arm/core/offsets/offsets.c.obj
                0x000000000000a87e                _OffsetAbsSyms
 *(.gnu.linkonce.t.*)
                0x000000000000a880                _image_text_end = .

.glue_7         0x000000000000a880        0x0
 .glue_7        0x000000000000a880        0x0 linker stubs

.glue_7t        0x000000000000a880        0x0
 .glue_7t       0x000000000000a880        0x0 linker stubs

.vfp11_veneer   0x000000000000a880        0x0
 .vfp11_veneer  0x000000000000a880        0x0 linker stubs

.v4_bx          0x000000000000a880        0x0
 .v4_bx         0x000000000000a880        0x0 linker stubs

.iplt           0x000000000000a880        0x0
 .iplt          0x000000000000a880        0x0 CMakeFiles/kernel_elf.dir/isr_tables.c.obj

.igot.plt       0x000000000000a880        0x0
 .igot.plt      0x000000000000a880        0x0 CMakeFiles/kernel_elf.dir/isr_tables.c.obj

.ARM.exidx      0x000000000000a880        0x8
                0x000000000000a880                __exidx_start = .
 *(.ARM.exidx* gnu.linkonce.armexidx.*)
 .ARM.exidx     0x000000000000a880        0x8 /opt/zephyr-sdk/sysroots/armv5-zephyr-eabi/usr/lib/arm-zephyr-eabi/6.2.0/armv6-m/libgcc.a(_udivmoddi4.o)
                0x000000000000a888                __exidx_end = .
                0x000000000000a888                _image_rodata_start = .

devconfig       0x000000000000a888       0x84
                0x000000000000a888                __devconfig_start = .
 *(.devconfig.*)
 .devconfig.init
                0x000000000000a888        0xc libzephyr.a(soc.c.obj)
 .devconfig.init
                0x000000000000a894        0xc libzephyr.a(uart_console.c.obj)
 .devconfig.init
                0x000000000000a8a0        0xc libzephyr.a(mb_display.c.obj)
 .devconfig.init
                0x000000000000a8ac       0x18 libzephyr.a(nrf5_power_clock.c.obj)
 .devconfig.init
                0x000000000000a8c4        0xc libzephyr.a(gpio_nrf5.c.obj)
 .devconfig.init
                0x000000000000a8d0        0xc libzephyr.a(uart_nrf5.c.obj)
 .devconfig.init
                0x000000000000a8dc        0xc libzephyr.a(sys_clock_init.c.obj)
 .devconfig.init
                0x000000000000a8e8        0xc subsys/bluetooth/controller/libsubsys__bluetooth__controller.a(hci_driver.c.obj)
 .devconfig.init
                0x000000000000a8f4        0xc kernel/libkernel.a(mempool.c.obj)
 .devconfig.init
                0x000000000000a900        0xc kernel/libkernel.a(system_work_q.c.obj)
 *(SORT(.devconfig*))
                0x000000000000a90c                __devconfig_end = .

net_l2          0x000000000000a90c        0x0
                0x000000000000a90c                __net_l2_start = .
 *(.net_l2.init)
 *(SORT(.net_l2.init*))
                0x000000000000a90c                __net_l2_end = .

rodata          0x000000000000a90c      0x5d8
 *(.rodata)
 .rodata        0x000000000000a90c        0x7 subsys/bluetooth/host/libsubsys__bluetooth__host.a(hci_core.c.obj)
 .rodata        0x000000000000a913       0x1a subsys/bluetooth/controller/libsubsys__bluetooth__controller.a(ctrl.c.obj)
 *(.rodata.*)
 .rodata.main.str1.1
                0x000000000000a92d        0xf ../libapp.a(main.c.obj)
 .rodata.str1.1
                0x000000000000a93c        0xf libzephyr.a(soc.c.obj)
                                          0x1 (size before relaxing)
 .rodata._Fault.str1.1
                0x000000000000a93c       0xa4 libzephyr.a(fault.c.obj)
 .rodata._NanoFatalErrorHandler.str1.1
                0x000000000000a9e0       0xba libzephyr.a(fatal.c.obj)
 .rodata._SysFatalErrorHandler.str1.1
                0x000000000000aa9a       0x5a libzephyr.a(sys_fatal_error_handler.c.obj)
 .rodata.str1.1
                0x000000000000aaf4        0x1 libzephyr.a(uart_console.c.obj)
 .rodata.uart_console_init.str1.1
                0x000000000000aaf4        0x7 libzephyr.a(uart_console.c.obj)
 .rodata.map    0x000000000000aafb       0x1b libzephyr.a(mb_display.c.obj)
 .rodata.mb_display_init.str1.1
                0x000000000000ab16        0x7 libzephyr.a(mb_display.c.obj)
 .rodata.str1.1
                0x000000000000ab1d        0x1 libzephyr.a(mb_display.c.obj)
 .rodata.mb_font
                0x000000000000ab1d      0x1db libzephyr.a(mb_font.c.obj)
                0x000000000000ab1d                mb_font
 .rodata._k32src_clock_control_api
                0x000000000000acf8        0xc libzephyr.a(nrf5_power_clock.c.obj)
 .rodata._m16src_clock_control_api
                0x000000000000ad04        0xc libzephyr.a(nrf5_power_clock.c.obj)
 .rodata.str1.1
                0x000000000000ad10       0x16 libzephyr.a(nrf5_power_clock.c.obj)
 *fill*         0x000000000000ad26        0x2 
 .rodata.drive_strength.7472
                0x000000000000ad28       0x40 libzephyr.a(gpio_nrf5.c.obj)
 .rodata.gpio_nrf5_P0_cfg
                0x000000000000ad68        0xc libzephyr.a(gpio_nrf5.c.obj)
 .rodata.gpio_nrf5_drv_api_funcs
                0x000000000000ad74       0x1c libzephyr.a(gpio_nrf5.c.obj)
 .rodata.str1.1
                0x000000000000ad90        0x7 libzephyr.a(gpio_nrf5.c.obj)
 .rodata.str1.1
                0x000000000000ad90        0x7 libzephyr.a(uart_nrf5.c.obj)
 .rodata.uart_nrf5_dev_cfg_0
                0x000000000000ad90        0x8 libzephyr.a(uart_nrf5.c.obj)
 .rodata.uart_nrf5_driver_api
                0x000000000000ad98        0xc libzephyr.a(uart_nrf5.c.obj)
 .rodata.uart_nrf5_init.str1.1
                0x000000000000ada4        0x7 libzephyr.a(uart_nrf5.c.obj)
 .rodata.str1.1
                0x000000000000ada4        0xa libzephyr.a(sys_clock_init.c.obj)
 .rodata._sys_clock_driver_init.str1.1
                0x000000000000adae        0xb libzephyr.a(nrf_rtc_timer.c.obj)
 *fill*         0x000000000000adae        0x2 
 .rodata.net_buf_fixed_alloc_hci_cmd_pool
                0x000000000000adb0        0x8 subsys/bluetooth/host/libsubsys__bluetooth__host.a(hci_core.c.obj)
 .rodata.net_buf_fixed_alloc_hci_rx_pool
                0x000000000000adb8        0x8 subsys/bluetooth/host/libsubsys__bluetooth__host.a(hci_core.c.obj)
 .rodata.net_buf_fixed_hci_cmd_pool
                0x000000000000adc0        0x8 subsys/bluetooth/host/libsubsys__bluetooth__host.a(hci_core.c.obj)
 .rodata.net_buf_fixed_hci_rx_pool
                0x000000000000adc8        0x8 subsys/bluetooth/host/libsubsys__bluetooth__host.a(hci_core.c.obj)
 .rodata.drv    0x000000000000add0       0x10 subsys/bluetooth/controller/libsubsys__bluetooth__controller.a(hci_driver.c.obj)
 .rodata.str1.1
                0x000000000000ade0        0xb subsys/bluetooth/controller/libsubsys__bluetooth__controller.a(hci_driver.c.obj)
                                          0xc (size before relaxing)
 .rodata.bt_addr_le_to_str.constprop.42.str1.1
                0x000000000000adeb       0x4c subsys/bluetooth/controller/libsubsys__bluetooth__controller.a(hci.c.obj)
 .rodata.hci_cmd_handle.str1.1
                0x000000000000ae37       0x27 subsys/bluetooth/controller/libsubsys__bluetooth__controller.a(hci.c.obj)
 .rodata.gc_lookup_ppm
                0x000000000000ae5e       0x10 subsys/bluetooth/controller/libsubsys__bluetooth__controller.a(ctrl.c.obj)
 .rodata.ll_init.str1.1
                0x000000000000ae6e       0x16 subsys/bluetooth/controller/libsubsys__bluetooth__controller.a(ll.c.obj)
 .rodata.caller_id_lut
                0x000000000000ae6e        0x4 subsys/bluetooth/controller/libsubsys__bluetooth__controller.a(ticker.c.obj)
 *fill*         0x000000000000ae72        0x2 
 .rodata.net_buf_fixed_cb
                0x000000000000ae74        0xc subsys/net/libsubsys__net.a(buf.c.obj)
                0x000000000000ae74                net_buf_fixed_cb
 .rodata.config_levels
                0x000000000000ae80       0x14 kernel/libkernel.a(device.c.obj)
 .rodata._k_neg_eagain
                0x000000000000ae94        0x4 kernel/libkernel.a(errno.c.obj)
                0x000000000000ae94                _k_neg_eagain
 .rodata._idle_thread
                0x000000000000ae98        0x4 kernel/libkernel.a(init.c.obj)
                0x000000000000ae98                _idle_thread
 .rodata._main.str1.1
                0x000000000000ae9c       0x48 kernel/libkernel.a(init.c.obj)
 .rodata.str1.1
                0x000000000000aee4        0x1 kernel/libkernel.a(mempool.c.obj)
 .rodata.str1.1
                0x000000000000aee4        0x1 kernel/libkernel.a(system_work_q.c.obj)
 *(.gnu.linkonce.r.*)
                0x000000000000aee8                . = ALIGN (0x4)
                0x000000000000aee8                _image_rodata_end = .
                0x000000000000aee8                _image_rom_end = .

.rel.dyn        0x000000000000aee4        0x0
 .rel.iplt      0x000000000000aee4        0x0 CMakeFiles/kernel_elf.dir/isr_tables.c.obj

bss             0x0000000020000000      0xdf0
                0x0000000020000000                . = ALIGN (0x4)
                0x0000000020000000                __bss_start = .
                0x0000000020000000                _image_ram_start = .
                0x0000000020000000                __kernel_ram_start = .
 *(.bss)
 *(.bss.*)
 .bss.uart_console_dev
                0x0000000020000000        0x4 libzephyr.a(uart_console.c.obj)
 .bss.k32src_initialized
                0x0000000020000004        0x1 libzephyr.a(nrf5_power_clock.c.obj)
 .bss.m16src_grd
                0x0000000020000005        0x1 libzephyr.a(nrf5_power_clock.c.obj)
 .bss.m16src_ref
                0x0000000020000006        0x1 libzephyr.a(nrf5_power_clock.c.obj)
 *fill*         0x0000000020000007        0x1 
 .bss.gpio_data_P0
                0x0000000020000008       0x10 libzephyr.a(gpio_nrf5.c.obj)
 .bss.expected_sys_ticks
                0x0000000020000018        0x4 libzephyr.a(nrf_rtc_timer.c.obj)
 .bss.rtc_past  0x000000002000001c        0x4 libzephyr.a(nrf_rtc_timer.c.obj)
 .bss.cmd_data  0x0000000020000020       0x10 subsys/bluetooth/host/libsubsys__bluetooth__host.a(hci_core.c.obj)
 .bss.dh_key_cb
                0x0000000020000030        0x4 subsys/bluetooth/host/libsubsys__bluetooth__host.a(hci_core.c.obj)
 .bss.pub_key   0x0000000020000034       0x40 subsys/bluetooth/host/libsubsys__bluetooth__host.a(hci_core.c.obj)
 .bss.pub_key_cb
                0x0000000020000074        0x4 subsys/bluetooth/host/libsubsys__bluetooth__host.a(hci_core.c.obj)
 .bss.ready_cb  0x0000000020000078        0x4 subsys/bluetooth/host/libsubsys__bluetooth__host.a(hci_core.c.obj)
 .bss.scan_dev_found_cb
                0x000000002000007c        0x4 subsys/bluetooth/host/libsubsys__bluetooth__host.a(hci_core.c.obj)
 .bss.mfl       0x0000000020000080       0x80 subsys/bluetooth/controller/libsubsys__bluetooth__controller.a(mayfly.c.obj)
 .bss.mft       0x0000000020000100       0xc0 subsys/bluetooth/controller/libsubsys__bluetooth__controller.a(mayfly.c.obj)
 .bss._instance
                0x00000000200001c0       0x58 subsys/bluetooth/controller/libsubsys__bluetooth__controller.a(ticker.c.obj)
 .bss.pub_addr  0x0000000020000218        0x6 subsys/bluetooth/controller/libsubsys__bluetooth__controller.a(ll_addr.c.obj)
 .bss.rnd_addr  0x000000002000021e        0x6 subsys/bluetooth/controller/libsubsys__bluetooth__controller.a(ll_addr.c.obj)
 .bss._opcode   0x0000000020000224        0x2 subsys/bluetooth/controller/libsubsys__bluetooth__controller.a(hci.c.obj)
 *fill*         0x0000000020000226        0x2 
 .bss._radio    0x0000000020000228      0x180 subsys/bluetooth/controller/libsubsys__bluetooth__controller.a(ctrl.c.obj)
 .bss.link_inact.10212
                0x00000000200003a8        0x8 subsys/bluetooth/controller/libsubsys__bluetooth__controller.a(ctrl.c.obj)
 .bss.link_inact.10527
                0x00000000200003b0        0x8 subsys/bluetooth/controller/libsubsys__bluetooth__controller.a(ctrl.c.obj)
 .bss.link_radio.10226
                0x00000000200003b8        0x8 subsys/bluetooth/controller/libsubsys__bluetooth__controller.a(ctrl.c.obj)
 .bss.link_radio.10535
                0x00000000200003c0        0x8 subsys/bluetooth/controller/libsubsys__bluetooth__controller.a(ctrl.c.obj)
 .bss.link_xtal.10219
                0x00000000200003c8        0x8 subsys/bluetooth/controller/libsubsys__bluetooth__controller.a(ctrl.c.obj)
 .bss.link_xtal.10531
                0x00000000200003d0        0x8 subsys/bluetooth/controller/libsubsys__bluetooth__controller.a(ctrl.c.obj)
 .bss.s_active.9903
                0x00000000200003d8        0x1 subsys/bluetooth/controller/libsubsys__bluetooth__controller.a(ctrl.c.obj)
 *fill*         0x00000000200003d9        0x3 
 .bss.s_link.10066
                0x00000000200003dc        0x8 subsys/bluetooth/controller/libsubsys__bluetooth__controller.a(ctrl.c.obj)
 .bss.s_link.10086
                0x00000000200003e4        0x8 subsys/bluetooth/controller/libsubsys__bluetooth__controller.a(ctrl.c.obj)
 .bss.s_link.10232
                0x00000000200003ec        0x8 subsys/bluetooth/controller/libsubsys__bluetooth__controller.a(ctrl.c.obj)
 .bss.s_link.10280
                0x00000000200003f4        0x8 subsys/bluetooth/controller/libsubsys__bluetooth__controller.a(ctrl.c.obj)
 .bss.s_link.9910
                0x00000000200003fc        0x8 subsys/bluetooth/controller/libsubsys__bluetooth__controller.a(ctrl.c.obj)
 .bss.s_link.9922
                0x0000000020000404        0x8 subsys/bluetooth/controller/libsubsys__bluetooth__controller.a(ctrl.c.obj)
 .bss.s_link.9934
                0x000000002000040c        0x8 subsys/bluetooth/controller/libsubsys__bluetooth__controller.a(ctrl.c.obj)
 .bss.s_link.9945
                0x0000000020000414        0x8 subsys/bluetooth/controller/libsubsys__bluetooth__controller.a(ctrl.c.obj)
 .bss.s_link.9948
                0x000000002000041c       0x10 subsys/bluetooth/controller/libsubsys__bluetooth__controller.a(ctrl.c.obj)
 .bss.s_xtal_retained.9944
                0x000000002000042c        0x1 subsys/bluetooth/controller/libsubsys__bluetooth__controller.a(ctrl.c.obj)
 *fill*         0x000000002000042d        0x3 
 .bss._radio    0x0000000020000430      0x1f0 subsys/bluetooth/controller/libsubsys__bluetooth__controller.a(ll.c.obj)
 .bss._ticker_nodes
                0x0000000020000620      0x118 subsys/bluetooth/controller/libsubsys__bluetooth__controller.a(ll.c.obj)
 .bss._ticker_user_ops
                0x0000000020000738      0x270 subsys/bluetooth/controller/libsubsys__bluetooth__controller.a(ll.c.obj)
 .bss._ticker_users
                0x00000000200009a8       0x20 subsys/bluetooth/controller/libsubsys__bluetooth__controller.a(ll.c.obj)
 .bss.rand_context
                0x00000000200009c8        0x9 subsys/bluetooth/controller/libsubsys__bluetooth__controller.a(ll.c.obj)
 *fill*         0x00000000200009d1        0x3 
 .bss.rand_isr_context
                0x00000000200009d4       0x11 subsys/bluetooth/controller/libsubsys__bluetooth__controller.a(ll.c.obj)
 *fill*         0x00000000200009e5        0x3 
 .bss.sem_recv  0x00000000200009e8        0x4 subsys/bluetooth/controller/libsubsys__bluetooth__controller.a(ll.c.obj)
 .bss.ll_adv    0x00000000200009ec        0x8 subsys/bluetooth/controller/libsubsys__bluetooth__controller.a(ll_adv.c.obj)
 .bss.wl_filter
                0x00000000200009f4       0x32 subsys/bluetooth/controller/libsubsys__bluetooth__controller.a(ll_filter.c.obj)
 .bss._refcount
                0x0000000020000a26        0x1 subsys/bluetooth/controller/libsubsys__bluetooth__controller.a(cntr.c.obj)
 *fill*         0x0000000020000a27        0x1 
 .bss.rng_isr   0x0000000020000a28        0x4 subsys/bluetooth/controller/libsubsys__bluetooth__controller.a(rand.c.obj)
 .bss.rng_thr   0x0000000020000a2c        0x4 subsys/bluetooth/controller/libsubsys__bluetooth__controller.a(rand.c.obj)
 .bss._ccm_scratch
                0x0000000020000a30       0x2b subsys/bluetooth/controller/libsubsys__bluetooth__controller.a(radio.c.obj)
 *fill*         0x0000000020000a5b        0x1 
 .bss._pkt_empty
                0x0000000020000a5c        0x3 subsys/bluetooth/controller/libsubsys__bluetooth__controller.a(radio.c.obj)
 *fill*         0x0000000020000a5f        0x1 
 .bss._pkt_scratch