Archive member included to satisfy reference by file (symbol)

../libapp.a(atoi.c.obj)       (--whole-archive)
../libapp.a(strtol.c.obj)     (--whole-archive)
../libapp.a(strtoul.c.obj)    (--whole-archive)
../libapp.a(strncasecmp.c.obj)
                              (--whole-archive)
../libapp.a(strstr.c.obj)     (--whole-archive)
../libapp.a(string.c.obj)     (--whole-archive)
../libapp.a(prf.c.obj)        (--whole-archive)
../libapp.a(stdout_console.c.obj)
                              (--whole-archive)
../libapp.a(sprintf.c.obj)    (--whole-archive)
../libapp.a(fprintf.c.obj)    (--whole-archive)
../libapp.a(main.c.obj)       (--whole-archive)
libzephyr.a(isr_tables.c.obj)
                              (--whole-archive)
libzephyr.a(soc.c.obj)        (--whole-archive)
libzephyr.a(exc_exit.S.obj)   (--whole-archive)
libzephyr.a(irq_init.c.obj)   (--whole-archive)
libzephyr.a(swap.S.obj)       (--whole-archive)
libzephyr.a(fault.c.obj)      (--whole-archive)
libzephyr.a(irq_manage.c.obj)
                              (--whole-archive)
libzephyr.a(thread.c.obj)     (--whole-archive)
libzephyr.a(cpu_idle.S.obj)   (--whole-archive)
libzephyr.a(fault_s.S.obj)    (--whole-archive)
libzephyr.a(fatal.c.obj)      (--whole-archive)
libzephyr.a(sys_fatal_error_handler.c.obj)
                              (--whole-archive)
libzephyr.a(thread_abort.c.obj)
                              (--whole-archive)
libzephyr.a(isr_wrapper.S.obj)
                              (--whole-archive)
libzephyr.a(irq_relay.S.obj)  (--whole-archive)
libzephyr.a(vector_table.S.obj)
                              (--whole-archive)
libzephyr.a(reset.S.obj)      (--whole-archive)
libzephyr.a(nmi_on_reset.S.obj)
                              (--whole-archive)
libzephyr.a(prep_c.c.obj)     (--whole-archive)
libzephyr.a(scb.c.obj)        (--whole-archive)
libzephyr.a(nmi.c.obj)        (--whole-archive)
libzephyr.a(exc_manage.c.obj)
                              (--whole-archive)
libzephyr.a(crc16_sw.c.obj)   (--whole-archive)
libzephyr.a(crc8_sw.c.obj)    (--whole-archive)
libzephyr.a(printk.c.obj)     (--whole-archive)
libzephyr.a(configs.c.obj)    (--whole-archive)
libzephyr.a(uart_console.c.obj)
                              (--whole-archive)
libzephyr.a(mb_display.c.obj)
                              (--whole-archive)
libzephyr.a(mb_font.c.obj)    (--whole-archive)
libzephyr.a(nrf5_power_clock.c.obj)
                              (--whole-archive)
libzephyr.a(gpio_nrf5.c.obj)  (--whole-archive)
libzephyr.a(pwm_nrf5_sw.c.obj)
                              (--whole-archive)
libzephyr.a(uart_nrf5.c.obj)  (--whole-archive)
libzephyr.a(sys_clock_init.c.obj)
                              (--whole-archive)
libzephyr.a(nrf_rtc_timer.c.obj)
                              (--whole-archive)
subsys/bluetooth/common/libsubsys__bluetooth__common.a(dummy.c.obj)
                              (--whole-archive)
subsys/bluetooth/host/libsubsys__bluetooth__host.a(uuid.c.obj)
                              (--whole-archive)
subsys/bluetooth/host/libsubsys__bluetooth__host.a(hci_core.c.obj)
                              (--whole-archive)
subsys/bluetooth/controller/libsubsys__bluetooth__controller.a(mem.c.obj)
                              (--whole-archive)
subsys/bluetooth/controller/libsubsys__bluetooth__controller.a(memq.c.obj)
                              (--whole-archive)
subsys/bluetooth/controller/libsubsys__bluetooth__controller.a(mayfly.c.obj)
                              (--whole-archive)
subsys/bluetooth/controller/libsubsys__bluetooth__controller.a(util.c.obj)
                              (--whole-archive)
subsys/bluetooth/controller/libsubsys__bluetooth__controller.a(ticker.c.obj)
                              (--whole-archive)
subsys/bluetooth/controller/libsubsys__bluetooth__controller.a(ll_addr.c.obj)
                              (--whole-archive)
subsys/bluetooth/controller/libsubsys__bluetooth__controller.a(ll_tx_pwr.c.obj)
                              (--whole-archive)
subsys/bluetooth/controller/libsubsys__bluetooth__controller.a(crypto.c.obj)
                              (--whole-archive)
subsys/bluetooth/controller/libsubsys__bluetooth__controller.a(hci_driver.c.obj)
                              (--whole-archive)
subsys/bluetooth/controller/libsubsys__bluetooth__controller.a(hci.c.obj)
                              (--whole-archive)
subsys/bluetooth/controller/libsubsys__bluetooth__controller.a(ctrl.c.obj)
                              (--whole-archive)
subsys/bluetooth/controller/libsubsys__bluetooth__controller.a(ll.c.obj)
                              (--whole-archive)
subsys/bluetooth/controller/libsubsys__bluetooth__controller.a(ll_adv.c.obj)
                              (--whole-archive)
subsys/bluetooth/controller/libsubsys__bluetooth__controller.a(ll_filter.c.obj)
                              (--whole-archive)
subsys/bluetooth/controller/libsubsys__bluetooth__controller.a(cntr.c.obj)
[...]
Memory Configuration

Name             Origin             Length             Attributes
FLASH            0x0000000000000000 0x0000000000040000 xr
SRAM             0x0000000020000000 0x0000000000004000 xw
IDT_LIST         0x0000000020004000 0x0000000000000800 xw
*default*        0x0000000000000000 0xffffffffffffffff

Linker script and memory map

LOAD CMakeFiles/kernel_elf.dir/misc/empty_file.c.obj
LOAD CMakeFiles/kernel_elf.dir/isr_tables.c.obj
START GROUP
LOAD ../libapp.a
LOAD libzephyr.a
LOAD subsys/bluetooth/common/libsubsys__bluetooth__common.a
LOAD subsys/bluetooth/host/libsubsys__bluetooth__host.a
LOAD subsys/bluetooth/controller/libsubsys__bluetooth__controller.a
LOAD subsys/net/libsubsys__net.a
LOAD kernel/libkernel.a
LOAD CMakeFiles/offsets.dir/arch/arm/core/offsets/offsets.c.obj
END GROUP
LOAD /opt/zephyr-sdk/sysroots/armv5-zephyr-eabi/usr/lib/arm-zephyr-eabi/6.2.0/armv6-m/libgcc.a
                0x0000000000000000                _image_rom_start = 0x0

text            0x0000000000000000     0xa9e8
                0x0000000000000000                . = 0x0
                0x0000000000000000                _vector_start = .
 *(.exc_vector_table)
 *(.exc_vector_table.*)
 .exc_vector_table._vector_table_section
                0x0000000000000000       0x40 libzephyr.a(vector_table.S.obj)
                0x0000000000000000                _vector_table
 *(.gnu.linkonce.irq_vector_table)
 .gnu.linkonce.irq_vector_table
                0x0000000000000040       0x68 CMakeFiles/kernel_elf.dir/isr_tables.c.obj
                0x0000000000000040                _irq_vector_table
 *(.openocd_dbg)
 *(.openocd_dbg.*)
 *(.kinetis_flash_config)
 *(.kinetis_flash_config.*)
 *(.gnu.linkonce.sw_isr_table)
 .gnu.linkonce.sw_isr_table
                0x00000000000000a8       0xd0 CMakeFiles/kernel_elf.dir/isr_tables.c.obj
                0x00000000000000a8                _sw_isr_table
                0x0000000000000178                _vector_end = .
                0x0000000000000178                _image_text_start = .
 *(.text)
 .text          0x0000000000000178       0x14 /opt/zephyr-sdk/sysroots/armv5-zephyr-eabi/usr/lib/arm-zephyr-eabi/6.2.0/armv6-m/libgcc.a(_thumb1_case_sqi.o)
                0x0000000000000178                __gnu_thumb1_case_sqi
 .text          0x000000000000018c       0x14 /opt/zephyr-sdk/sysroots/armv5-zephyr-eabi/usr/lib/arm-zephyr-eabi/6.2.0/armv6-m/libgcc.a(_thumb1_case_uqi.o)
                0x000000000000018c                __gnu_thumb1_case_uqi
 .text          0x00000000000001a0       0x14 /opt/zephyr-sdk/sysroots/armv5-zephyr-eabi/usr/lib/arm-zephyr-eabi/6.2.0/armv6-m/libgcc.a(_thumb1_case_shi.o)
                0x00000000000001a0                __gnu_thumb1_case_shi
 .text          0x00000000000001b4       0x14 /opt/zephyr-sdk/sysroots/armv5-zephyr-eabi/usr/lib/arm-zephyr-eabi/6.2.0/armv6-m/libgcc.a(_thumb1_case_uhi.o)
                0x00000000000001b4                __gnu_thumb1_case_uhi
 .text          0x00000000000001c8       0x9c /opt/zephyr-sdk/sysroots/armv5-zephyr-eabi/usr/lib/arm-zephyr-eabi/6.2.0/armv6-m/libgcc.a(_udivsi3.o)
                0x00000000000001c8                __udivsi3
                0x00000000000001c8                __aeabi_uidiv
                0x0000000000000250                __aeabi_uidivmod
 .text          0x0000000000000264       0xc0 /opt/zephyr-sdk/sysroots/armv5-zephyr-eabi/usr/lib/arm-zephyr-eabi/6.2.0/armv6-m/libgcc.a(_divsi3.o)
                0x0000000000000264                __aeabi_idiv
                0x0000000000000264                __divsi3
                0x0000000000000310                __aeabi_idivmod
 .text          0x0000000000000324        0x4 /opt/zephyr-sdk/sysroots/armv5-zephyr-eabi/usr/lib/arm-zephyr-eabi/6.2.0/armv6-m/libgcc.a(_dvmd_tls.o)
                0x0000000000000324                __aeabi_ldiv0
                0x0000000000000324                __aeabi_idiv0
 .text          0x0000000000000328       0x40 /opt/zephyr-sdk/sysroots/armv5-zephyr-eabi/usr/lib/arm-zephyr-eabi/6.2.0/armv6-m/libgcc.a(_aeabi_uldivmod.o)
                0x0000000000000328                __aeabi_uldivmod
 .text          0x0000000000000368       0x54 /opt/zephyr-sdk/sysroots/armv5-zephyr-eabi/usr/lib/arm-zephyr-eabi/6.2.0/armv6-m/libgcc.a(_muldi3.o)
                0x0000000000000368                __aeabi_lmul
                0x0000000000000368                __muldi3
 .text          0x00000000000003bc       0x14 /opt/zephyr-sdk/sysroots/armv5-zephyr-eabi/usr/lib/arm-zephyr-eabi/6.2.0/armv6-m/libgcc.a(_ffssi2.o)
                0x00000000000003bc                __ffssi2
 .text          0x00000000000003d0       0x34 /opt/zephyr-sdk/sysroots/armv5-zephyr-eabi/usr/lib/arm-zephyr-eabi/6.2.0/armv6-m/libgcc.a(_popcountsi2.o)
                0x00000000000003d0                __popcountsi2
 .text          0x0000000000000404      0x180 /opt/zephyr-sdk/sysroots/armv5-zephyr-eabi/usr/lib/arm-zephyr-eabi/6.2.0/armv6-m/libgcc.a(_udivmoddi4.o)
                0x0000000000000404                __udivmoddi4
 .text          0x0000000000000584       0x18 /opt/zephyr-sdk/sysroots/armv5-zephyr-eabi/usr/lib/arm-zephyr-eabi/6.2.0/armv6-m/libgcc.a(_clzdi2.o)
                0x0000000000000584                __clzdi2
 .text          0x000000000000059c       0x40 /opt/zephyr-sdk/sysroots/armv5-zephyr-eabi/usr/lib/arm-zephyr-eabi/6.2.0/armv6-m/libgcc.a(_ctzsi2.o)
                0x000000000000059c                __ctzsi2
 .text          0x00000000000005dc       0x3c /opt/zephyr-sdk/sysroots/armv5-zephyr-eabi/usr/lib/arm-zephyr-eabi/6.2.0/armv6-m/libgcc.a(_clzsi2.o)
                0x00000000000005dc                __clzsi2
 *(.text.*)
 .text.strcpy   0x0000000000000618       0x12 ../libapp.a(string.c.obj)
                0x0000000000000618                strcpy
 .text.strcmp   0x000000000000062a       0x18 ../libapp.a(string.c.obj)
                0x000000000000062a                strcmp
 .text.memcmp   0x0000000000000642       0x26 ../libapp.a(string.c.obj)
                0x0000000000000642                memcmp
 .text.memcpy   0x0000000000000668       0x54 ../libapp.a(string.c.obj)
                0x0000000000000668                memcpy
 .text.memset   0x00000000000006bc       0x4a ../libapp.a(string.c.obj)
                0x00000000000006bc                memset
 *fill*         0x0000000000000706        0x2 
 .text.button_pressed
                0x0000000000000708       0x18 ../libapp.a(main.c.obj)
 .text.main     0x0000000000000720       0x74 ../libapp.a(main.c.obj)
                0x0000000000000720                main
 .text.nordicsemi_nrf51_init
                0x0000000000000794       0x9c libzephyr.a(soc.c.obj)
 .text._HandlerModeExit
                0x0000000000000830       0x30 libzephyr.a(exc_exit.S.obj)
                0x0000000000000830                _ExcExit
                0x0000000000000830                _IntExit
 .text._IntLibInit
                0x0000000000000860       0x30 libzephyr.a(irq_init.c.obj)
                0x0000000000000860                _IntLibInit
 .text.__pendsv
                0x0000000000000890       0x5c libzephyr.a(swap.S.obj)
                0x0000000000000890                __pendsv
 .text.__svc    0x00000000000008ec       0x28 libzephyr.a(swap.S.obj)
                0x00000000000008ec                __svc
 .text.__swap   0x0000000000000914       0x28 libzephyr.a(swap.S.obj)
                0x0000000000000914                __swap
 .text._Fault   0x000000000000093c       0x54 libzephyr.a(fault.c.obj)
                0x000000000000093c                _Fault
 .text._FaultInit
                0x0000000000000990        0x2 libzephyr.a(fault.c.obj)
                0x0000000000000990                _FaultInit
 *fill*         0x0000000000000992        0x2 
 .text._arch_irq_enable
                0x0000000000000994       0x18 libzephyr.a(irq_manage.c.obj)
                0x0000000000000994                _arch_irq_enable
 .text._arch_irq_disable
                0x00000000000009ac       0x20 libzephyr.a(irq_manage.c.obj)
                0x00000000000009ac                _arch_irq_disable
 .text._arch_irq_is_enabled
                0x00000000000009cc       0x1c libzephyr.a(irq_manage.c.obj)
                0x00000000000009cc                _arch_irq_is_enabled
 .text._irq_priority_set
                0x00000000000009e8       0x64 libzephyr.a(irq_manage.c.obj)
                0x00000000000009e8                _irq_priority_set
 .text._irq_spurious
                0x0000000000000a4c        0x8 libzephyr.a(irq_manage.c.obj)
                0x0000000000000a4c                _irq_spurious
 .text._arch_isr_direct_pm
                0x0000000000000a54       0x24 libzephyr.a(irq_manage.c.obj)
                0x0000000000000a54                _arch_isr_direct_pm
 .text._new_thread
                0x0000000000000a78       0x4c libzephyr.a(thread.c.obj)
                0x0000000000000a78                _new_thread
 .text._CpuIdleInit
                0x0000000000000ac4        0xc libzephyr.a(cpu_idle.S.obj)
                0x0000000000000ac4                _CpuIdleInit
 .text.k_cpu_idle
                0x0000000000000ad0        0x8 libzephyr.a(cpu_idle.S.obj)
                0x0000000000000ad0                k_cpu_idle
 .text.__fault  0x0000000000000ad8       0x1c libzephyr.a(fault_s.S.obj)
                0x0000000000000ad8                __reserved
                0x0000000000000ad8                __hard_fault
 .text._NanoFatalErrorHandler
                0x0000000000000af4       0x54 libzephyr.a(fatal.c.obj)
                0x0000000000000af4                _NanoFatalErrorHandler
 .text._do_kernel_oops
                0x0000000000000b48        0xc libzephyr.a(fatal.c.obj)
                0x0000000000000b48                _do_kernel_oops
 .text._SysFatalErrorHandler
                0x0000000000000b54       0x54 libzephyr.a(sys_fatal_error_handler.c.obj)
                0x0000000000000b54                _SysFatalErrorHandler
 .text._impl_k_thread_abort
                0x0000000000000ba8       0x44 libzephyr.a(thread_abort.c.obj)
                0x0000000000000ba8                _impl_k_thread_abort
 .text._isr_wrapper
                0x0000000000000bec       0x38 libzephyr.a(isr_wrapper.S.obj)
                0x0000000000000bec                _isr_wrapper
 .text._reset_section
                0x0000000000000c24       0x1c libzephyr.a(reset.S.obj)
                0x0000000000000c24                __reset
                0x0000000000000c24                __start
 .text._SysNmiOnReset
                0x0000000000000c40        0x4 libzephyr.a(nmi_on_reset.S.obj)
                0x0000000000000c40                _SysNmiOnReset
 .text.relocate_vector_table
                0x0000000000000c44        0x2 libzephyr.a(prep_c.c.obj)
                0x0000000000000c44                relocate_vector_table
 .text._PrepC   0x0000000000000c46       0x12 libzephyr.a(prep_c.c.obj)
                0x0000000000000c46                _PrepC
 .text.__nmi    0x0000000000000c58        0xc libzephyr.a(nmi.c.obj)
                0x0000000000000c58                __nmi
 .text._nop_char_out
                0x0000000000000c64        0x4 libzephyr.a(printk.c.obj)
 .text.char_out
                0x0000000000000c68       0x14 libzephyr.a(printk.c.obj)
 .text._printk_dec_ulong
                0x0000000000000c7c       0xb0 libzephyr.a(printk.c.obj)
 .text.str_out  0x0000000000000d2c       0x2c libzephyr.a(printk.c.obj)
 .text.__printk_hook_install
                0x0000000000000d58        0xc libzephyr.a(printk.c.obj)
                0x0000000000000d58                __printk_hook_install
 .text._vprintk
                0x0000000000000d64      0x258 libzephyr.a(printk.c.obj)
                0x0000000000000d64                _vprintk
 .text.vprintk  0x0000000000000fbc       0x1c libzephyr.a(printk.c.obj)
                0x0000000000000fbc                vprintk
 .text.printk   0x0000000000000fd8       0x16 libzephyr.a(printk.c.obj)
                0x0000000000000fd8                printk
 *fill*         0x0000000000000fee        0x2 
 .text.snprintk
                0x0000000000000ff0       0x38 libzephyr.a(printk.c.obj)
                0x0000000000000ff0                snprintk
 .text._ConfigAbsSyms
                0x0000000000001028        0x2 libzephyr.a(configs.c.obj)
                0x0000000000001028                _ConfigAbsSyms
 *fill*         0x000000000000102a        0x2 
 .text.console_out
                0x000000000000102c       0x28 libzephyr.a(uart_console.c.obj)
 .text.uart_console_hook_install
                0x0000000000001054       0x10 libzephyr.a(uart_console.c.obj)
                0x0000000000001054                uart_console_hook_install
 .text.uart_console_init
                0x0000000000001064       0x1c libzephyr.a(uart_console.c.obj)
 .text.reset_display
                0x0000000000001080       0x24 libzephyr.a(mb_display.c.obj)
 .text.start_image
                0x00000000000010a4       0x98 libzephyr.a(mb_display.c.obj)
 .text.gpio_pin_configure.constprop.4
                0x000000000000113c       0x10 libzephyr.a(mb_display.c.obj)
 .text.mb_display_init
                0x000000000000114c       0x78 libzephyr.a(mb_display.c.obj)
 .text.current_img
                0x00000000000011c4       0x44 libzephyr.a(mb_display.c.obj)
 .text.clear_display
                0x0000000000001208       0x18 libzephyr.a(mb_display.c.obj)
 .text.show_row
                0x0000000000001220      0x1cc libzephyr.a(mb_display.c.obj)
 .text._m16src_stop
                0x00000000000013ec       0x68 libzephyr.a(nrf5_power_clock.c.obj)
 .text._clock_control_init
                0x0000000000001454       0x16 libzephyr.a(nrf5_power_clock.c.obj)
 *fill*         0x000000000000146a        0x2 
 .text._m16src_start
                0x000000000000146c       0xbc libzephyr.a(nrf5_power_clock.c.obj)
 .text._k32src_start
                0x0000000000001528       0xd4 libzephyr.a(nrf5_power_clock.c.obj)
 .text._power_clock_isr
                0x00000000000015fc       0xa0 libzephyr.a(nrf5_power_clock.c.obj)
 .text.gpiote_find_channel
                0x000000000000169c       0x36 libzephyr.a(gpio_nrf5.c.obj)
 .text.gpio_nrf5_read
                0x00000000000016d2       0x20 libzephyr.a(gpio_nrf5.c.obj)
 *fill*         0x00000000000016f2        0x2 
 .text.gpio_nrf5_write
                0x00000000000016f4       0x30 libzephyr.a(gpio_nrf5.c.obj)
 .text.gpio_nrf5_manage_callback
                0x0000000000001724       0x4a libzephyr.a(gpio_nrf5.c.obj)
 .text.gpio_nrf5_enable_callback
                0x000000000000176e       0x42 libzephyr.a(gpio_nrf5.c.obj)
 .text.gpio_nrf5_disable_callback
                0x00000000000017b0       0x3a libzephyr.a(gpio_nrf5.c.obj)
 .text.gpio_nrf5_P0_init
                0x00000000000017ea       0x16 libzephyr.a(gpio_nrf5.c.obj)
 .text.gpio_nrf5_port_isr
                0x0000000000001800       0x6a libzephyr.a(gpio_nrf5.c.obj)
 *fill*         0x000000000000186a        0x2 
 .text.gpio_nrf5_config
                0x000000000000186c      0x128 libzephyr.a(gpio_nrf5.c.obj)
 .text.pwm_nrf5_sw_pin_set
                0x0000000000001994      0x1e4 libzephyr.a(pwm_nrf5_sw.c.obj)
 .text.pwm_nrf5_sw_get_cycles_per_sec
                0x0000000000001b78        0xe libzephyr.a(pwm_nrf5_sw.c.obj)
 .text.pwm_nrf5_sw_init
                0x0000000000001b86        0x4 libzephyr.a(pwm_nrf5_sw.c.obj)
 .text.uart_nrf5_poll_in
                0x0000000000001b8a       0x24 libzephyr.a(uart_nrf5.c.obj)
 *fill*         0x0000000000001bae        0x2 
 .text.uart_nrf5_poll_out
                0x0000000000001bb0       0x20 libzephyr.a(uart_nrf5.c.obj)
 .text.uart_nrf5_err_check
                0x0000000000001bd0       0x20 libzephyr.a(uart_nrf5.c.obj)
 .text.uart_nrf5_init
                0x0000000000001bf0       0x80 libzephyr.a(uart_nrf5.c.obj)
 .text.rtc_compare_set
                0x0000000000001c70       0x34 libzephyr.a(nrf_rtc_timer.c.obj)
 .text.rtc_announce_set_next
                0x0000000000001ca4       0x5c libzephyr.a(nrf_rtc_timer.c.obj)
 .text.rtc1_nrf5_isr
                0x0000000000001d00       0x14 libzephyr.a(nrf_rtc_timer.c.obj)
 .text._timer_idle_enter
                0x0000000000001d14       0x2c libzephyr.a(nrf_rtc_timer.c.obj)
                0x0000000000001d14                _timer_idle_enter
 .text._timer_idle_exit
                0x0000000000001d40       0x2c libzephyr.a(nrf_rtc_timer.c.obj)
                0x0000000000001d40                _timer_idle_exit
 .text._sys_clock_driver_init
                0x0000000000001d6c       0x84 libzephyr.a(nrf_rtc_timer.c.obj)
                0x0000000000001d6c                _sys_clock_driver_init
 .text.hci_cmd_done.isra.9
                0x0000000000001df0       0x50 subsys/bluetooth/host/libsubsys__bluetooth__host.a(hci_core.c.obj)
 .text.atomic_test_bit.constprop.24
                0x0000000000001e40       0x24 subsys/bluetooth/host/libsubsys__bluetooth__host.a(hci_core.c.obj)
 .text.bt_hci_cmd_create
                0x0000000000001e64       0x60 subsys/bluetooth/host/libsubsys__bluetooth__host.a(hci_core.c.obj)
                0x0000000000001e64                bt_hci_cmd_create
 .text.bt_hci_cmd_send_sync
                0x0000000000001ec4       0x84 subsys/bluetooth/host/libsubsys__bluetooth__host.a(hci_core.c.obj)
                0x0000000000001ec4                bt_hci_cmd_send_sync
 .text.set_random_address
                0x0000000000001f48       0x5c subsys/bluetooth/host/libsubsys__bluetooth__host.a(hci_core.c.obj)
 .text.set_le_scan_enable
                0x0000000000001fa4       0x68 subsys/bluetooth/host/libsubsys__bluetooth__host.a(hci_core.c.obj)
 .text.bt_le_scan_update
                0x000000000000200c       0x22 subsys/bluetooth/host/libsubsys__bluetooth__host.a(hci_core.c.obj)
                0x000000000000200c                bt_le_scan_update
 .text.bt_addr_le_create_static
                0x000000000000202e       0x20 subsys/bluetooth/host/libsubsys__bluetooth__host.a(hci_core.c.obj)
                0x000000000000202e                bt_addr_le_create_static
 *fill*         0x000000000000204e        0x2 
 .text.hci_init
                0x0000000000002050      0x3a4 subsys/bluetooth/host/libsubsys__bluetooth__host.a(hci_core.c.obj)
 .text.init_work
                0x00000000000023f4       0x30 subsys/bluetooth/host/libsubsys__bluetooth__host.a(hci_core.c.obj)
 .text.bt_recv  0x0000000000002424      0x15c subsys/bluetooth/host/libsubsys__bluetooth__host.a(hci_core.c.obj)
                0x0000000000002424                bt_recv
 .text.bt_recv_prio
                0x0000000000002580       0x88 subsys/bluetooth/host/libsubsys__bluetooth__host.a(hci_core.c.obj)
                0x0000000000002580                bt_recv_prio
 .text.bt_hci_driver_register
                0x0000000000002608       0x2c subsys/bluetooth/host/libsubsys__bluetooth__host.a(hci_core.c.obj)
                0x0000000000002608                bt_hci_driver_register
 .text.bt_buf_get_rx
                0x0000000000002634       0x20 subsys/bluetooth/host/libsubsys__bluetooth__host.a(hci_core.c.obj)
                0x0000000000002634                bt_buf_get_rx
 .text.bt_buf_get_cmd_complete
                0x0000000000002654       0x40 subsys/bluetooth/host/libsubsys__bluetooth__host.a(hci_core.c.obj)
                0x0000000000002654                bt_buf_get_cmd_complete
 .text.mem_init
                0x0000000000002694       0x4c subsys/bluetooth/controller/libsubsys__bluetooth__controller.a(mem.c.obj)
                0x0000000000002694                mem_init
 .text.mem_acquire
                0x00000000000026e0       0x32 subsys/bluetooth/controller/libsubsys__bluetooth__controller.a(mem.c.obj)
                0x00000000000026e0                mem_acquire
 .text.mem_release
                0x0000000000002712       0x2c subsys/bluetooth/controller/libsubsys__bluetooth__controller.a(mem.c.obj)
                0x0000000000002712                mem_release
 .text.mem_get  0x000000000000273e        0x6 subsys/bluetooth/controller/libsubsys__bluetooth__controller.a(mem.c.obj)
                0x000000000000273e                mem_get
 .text.mem_index_get
                0x0000000000002744       0x10 subsys/bluetooth/controller/libsubsys__bluetooth__controller.a(mem.c.obj)
                0x0000000000002744                mem_index_get
 .text.mem_rcopy
                0x0000000000002754       0x20 subsys/bluetooth/controller/libsubsys__bluetooth__controller.a(mem.c.obj)
                0x0000000000002754                mem_rcopy
 .text.memq_init
                0x0000000000002774        0x6 subsys/bluetooth/controller/libsubsys__bluetooth__controller.a(memq.c.obj)
                0x0000000000002774                memq_init
 .text.memq_enqueue
                0x000000000000277a        0xc subsys/bluetooth/controller/libsubsys__bluetooth__controller.a(memq.c.obj)
                0x000000000000277a                memq_enqueue
 .text.memq_peek
                0x0000000000002786       0x12 subsys/bluetooth/controller/libsubsys__bluetooth__controller.a(memq.c.obj)
                0x0000000000002786                memq_peek
 .text.memq_dequeue
                0x0000000000002798       0x20 subsys/bluetooth/controller/libsubsys__bluetooth__controller.a(memq.c.obj)
                0x0000000000002798                memq_dequeue
 .text.mayfly_init
                0x00000000000027b8       0x4c subsys/bluetooth/controller/libsubsys__bluetooth__controller.a(mayfly.c.obj)
                0x00000000000027b8                mayfly_init
 .text.mayfly_enable
                0x0000000000002804       0x48 subsys/bluetooth/controller/libsubsys__bluetooth__controller.a(mayfly.c.obj)
                0x0000000000002804                mayfly_enable
 .text.mayfly_enqueue
                0x000000000000284c       0xa4 subsys/bluetooth/controller/libsubsys__bluetooth__controller.a(mayfly.c.obj)
                0x000000000000284c                mayfly_enqueue
 .text.mayfly_run
                0x00000000000028f0      0x120 subsys/bluetooth/controller/libsubsys__bluetooth__controller.a(mayfly.c.obj)
                0x00000000000028f0                mayfly_run
 .text.util_ones_count_get
                0x0000000000002a10       0x22 subsys/bluetooth/controller/libsubsys__bluetooth__controller.a(util.c.obj)
                0x0000000000002a10                util_ones_count_get
 .text.ticker_dequeue
                0x0000000000002a32       0x50 subsys/bluetooth/controller/libsubsys__bluetooth__controller.a(ticker.c.obj)
 .text.ticks_to_expire_prep
                0x0000000000002a82       0x3a subsys/bluetooth/controller/libsubsys__bluetooth__controller.a(ticker.c.obj)
 .text.ticker_job_op_cb
                0x0000000000002abc       0x18 subsys/bluetooth/controller/libsubsys__bluetooth__controller.a(ticker.c.obj)
 .text.ticker_worker
                0x0000000000002ad4       0xa6 subsys/bluetooth/controller/libsubsys__bluetooth__controller.a(ticker.c.obj)
                0x0000000000002ad4                ticker_worker
 *fill*         0x0000000000002b7a        0x2 
 .text.ticker_job
                0x0000000000002b7c      0x728 subsys/bluetooth/controller/libsubsys__bluetooth__controller.a(ticker.c.obj)
                0x0000000000002b7c                ticker_job
 .text.ticker_init
                0x00000000000032a4       0x70 subsys/bluetooth/controller/libsubsys__bluetooth__controller.a(ticker.c.obj)
                0x00000000000032a4                ticker_init
 .text.ticker_trigger
                0x0000000000003314       0x20 subsys/bluetooth/controller/libsubsys__bluetooth__controller.a(ticker.c.obj)
                0x0000000000003314                ticker_trigger
 .text.ticker_start
                0x0000000000003334       0x84 subsys/bluetooth/controller/libsubsys__bluetooth__controller.a(ticker.c.obj)
                0x0000000000003334                ticker_start
 .text.ticker_update
                0x00000000000033b8       0xa0 subsys/bluetooth/controller/libsubsys__bluetooth__controller.a(ticker.c.obj)
                0x00000000000033b8                ticker_update
 .text.ticker_stop
                0x0000000000003458       0x5c subsys/bluetooth/controller/libsubsys__bluetooth__controller.a(ticker.c.obj)
                0x0000000000003458                ticker_stop
 .text.ticker_next_slot_get
                0x00000000000034b4       0x6c subsys/bluetooth/controller/libsubsys__bluetooth__controller.a(ticker.c.obj)
                0x00000000000034b4                ticker_next_slot_get
 .text.ticker_job_idle_get
                0x0000000000003520       0x60 subsys/bluetooth/controller/libsubsys__bluetooth__controller.a(ticker.c.obj)
                0x0000000000003520                ticker_job_idle_get
 .text.ticker_job_sched
                0x0000000000003580       0x20 subsys/bluetooth/controller/libsubsys__bluetooth__controller.a(ticker.c.obj)
                0x0000000000003580                ticker_job_sched
 .text.ticker_ticks_now_get
                0x00000000000035a0        0x8 subsys/bluetooth/controller/libsubsys__bluetooth__controller.a(ticker.c.obj)
                0x00000000000035a0                ticker_ticks_now_get
 .text.ticker_ticks_diff_get
                0x00000000000035a8        0x8 subsys/bluetooth/controller/libsubsys__bluetooth__controller.a(ticker.c.obj)
                0x00000000000035a8                ticker_ticks_diff_get
 .text.ll_addr_get
                0x00000000000035b0       0x30 subsys/bluetooth/controller/libsubsys__bluetooth__controller.a(ll_addr.c.obj)
                0x00000000000035b0                ll_addr_get
 .text.ll_addr_set
                0x00000000000035e0       0x38 subsys/bluetooth/controller/libsubsys__bluetooth__controller.a(ll_addr.c.obj)
                0x00000000000035e0                ll_addr_set
 .text.ll_tx_pwr_get
                0x0000000000003618        0x8 subsys/bluetooth/controller/libsubsys__bluetooth__controller.a(ll_tx_pwr.c.obj)
                0x0000000000003618                ll_tx_pwr_get
 .text.bt_rand  0x0000000000003620       0x3c subsys/bluetooth/controller/libsubsys__bluetooth__controller.a(crypto.c.obj)
                0x0000000000003620                bt_rand
 .text._hci_driver_init
                0x000000000000365c       0x10 subsys/bluetooth/controller/libsubsys__bluetooth__controller.a(hci_driver.c.obj)
 .text.hci_driver_send
                0x000000000000366c       0x2c subsys/bluetooth/controller/libsubsys__bluetooth__controller.a(hci_driver.c.obj)
 .text.recv_thread
                0x0000000000003698       0x74 subsys/bluetooth/controller/libsubsys__bluetooth__controller.a(hci_driver.c.obj)
 .text.prio_recv_thread
                0x000000000000370c       0x3c subsys/bluetooth/controller/libsubsys__bluetooth__controller.a(hci_driver.c.obj)
 .text.hci_driver_open
                0x0000000000003748       0x70 subsys/bluetooth/controller/libsubsys__bluetooth__controller.a(hci_driver.c.obj)
 .text.sys_put_le32
                0x00000000000037b8       0x10 subsys/bluetooth/controller/libsubsys__bluetooth__controller.a(hci.c.obj)
 .text.evt_create
                0x00000000000037c8       0x14 subsys/bluetooth/controller/libsubsys__bluetooth__controller.a(hci.c.obj)
 .text.cmd_complete
                0x00000000000037dc       0x44 subsys/bluetooth/controller/libsubsys__bluetooth__controller.a(hci.c.obj)
 .text.meta_evt
                0x0000000000003820       0x28 subsys/bluetooth/controller/libsubsys__bluetooth__controller.a(hci.c.obj)
 .text.le_remote_feat_complete
                0x0000000000003848       0x50 subsys/bluetooth/controller/libsubsys__bluetooth__controller.a(hci.c.obj)
 .text.bt_addr_le_to_str.constprop.42
                0x0000000000003898       0x78 subsys/bluetooth/controller/libsubsys__bluetooth__controller.a(hci.c.obj)
 .text.le_adv_ext_report.isra.37.part.38
                0x0000000000003910       0x32 subsys/bluetooth/controller/libsubsys__bluetooth__controller.a(hci.c.obj)
 .text.sys_get_le64
                0x0000000000003942       0x2c subsys/bluetooth/controller/libsubsys__bluetooth__controller.a(hci.c.obj)
 *fill*         0x000000000000396e        0x2 
 .text.hci_cmd_handle
                0x0000000000003970      0x59c subsys/bluetooth/controller/libsubsys__bluetooth__controller.a(hci.c.obj)
                0x0000000000003970                hci_cmd_handle
 .text.hci_evt_encode
                0x0000000000003f0c      0x1a8 subsys/bluetooth/controller/libsubsys__bluetooth__controller.a(hci.c.obj)
                0x0000000000003f0c                hci_evt_encode
 .text.hci_get_class
                0x00000000000040b4       0x40 subsys/bluetooth/controller/libsubsys__bluetooth__controller.a(hci.c.obj)
                0x00000000000040b4                hci_get_class
 .text.hci_init
                0x00000000000040f4       0x24 subsys/bluetooth/controller/libsubsys__bluetooth__controller.a(hci.c.obj)
                0x00000000000040f4                hci_init
 .text.cpu_sleep
                0x0000000000004118        0x8 subsys/bluetooth/controller/libsubsys__bluetooth__controller.a(ctrl.c.obj)
 .text.pdu_len_cmp
                0x0000000000004120       0x28 subsys/bluetooth/controller/libsubsys__bluetooth__controller.a(ctrl.c.obj)
 .text.ticker_if_done
                0x0000000000004148        0x4 subsys/bluetooth/controller/libsubsys__bluetooth__controller.a(ctrl.c.obj)
 .text.prepare_reduced
                0x000000000000414c       0x10 subsys/bluetooth/controller/libsubsys__bluetooth__controller.a(ctrl.c.obj)
 .text.prepare_normal
                0x000000000000415c        0xe subsys/bluetooth/controller/libsubsys__bluetooth__controller.a(ctrl.c.obj)
 .text.chan_sel_remap
                0x000000000000416a       0x34 subsys/bluetooth/controller/libsubsys__bluetooth__controller.a(ctrl.c.obj)
 *fill*         0x000000000000419e        0x2 
 .text.packet_rx_reserve_get
                0x00000000000041a0       0x40 subsys/bluetooth/controller/libsubsys__bluetooth__controller.a(ctrl.c.obj)
 .text.conn_update_req
                0x00000000000041e0       0x6a subsys/bluetooth/controller/libsubsys__bluetooth__controller.a(ctrl.c.obj)
 *fill*         0x000000000000424a        0x2 
 .text.tx_cmplt_get
                0x000000000000424c       0x98 subsys/bluetooth/controller/libsubsys__bluetooth__controller.a(ctrl.c.obj)
 .text.connection_get
                0x00000000000042e4       0x30 subsys/bluetooth/controller/libsubsys__bluetooth__controller.a(ctrl.c.obj)
 .text.role_disable
                0x0000000000004314      0x200 subsys/bluetooth/controller/libsubsys__bluetooth__controller.a(ctrl.c.obj)
 .text.sched_after_mstr_free_slot_get
                0x0000000000004514      0x11c subsys/bluetooth/controller/libsubsys__bluetooth__controller.a(ctrl.c.obj)
 .text.isr_adv_ci_adva_check
                0x0000000000004630       0x42 subsys/bluetooth/controller/libsubsys__bluetooth__controller.a(ctrl.c.obj)
 *fill*         0x0000000000004672        0x2 
 .text.rx_fc_lock
                0x0000000000004674       0x38 subsys/bluetooth/controller/libsubsys__bluetooth__controller.a(ctrl.c.obj)
 .text.ticker_job_disable
                0x00000000000046ac       0x1c subsys/bluetooth/controller/libsubsys__bluetooth__controller.a(ctrl.c.obj)
 .text.hdr_conn_get
                0x00000000000046c8       0x3c subsys/bluetooth/controller/libsubsys__bluetooth__controller.a(ctrl.c.obj)
 .text.mayfly_xtal_retain.part.15
                0x0000000000004704       0x30 subsys/bluetooth/controller/libsubsys__bluetooth__controller.a(ctrl.c.obj)
 .text.rx_packet_set
                0x0000000000004734       0x40 subsys/bluetooth/controller/libsubsys__bluetooth__controller.a(ctrl.c.obj)
 .text.tx_packet_set
                0x0000000000004774       0x3e subsys/bluetooth/controller/libsubsys__bluetooth__controller.a(ctrl.c.obj)
 *fill*         0x00000000000047b2        0x2 
 .text.isr_scan_tgta_check.isra.30
                0x00000000000047b4       0x5c subsys/bluetooth/controller/libsubsys__bluetooth__controller.a(ctrl.c.obj)
 .text.radio_event_adv_prepare.part.43
                0x0000000000004810        0x6 subsys/bluetooth/controller/libsubsys__bluetooth__controller.a(ctrl.c.obj)
 *fill*         0x0000000000004816        0x2 
 .text.prepare_normal_set
                0x0000000000004818       0x48 subsys/bluetooth/controller/libsubsys__bluetooth__controller.a(ctrl.c.obj)
 .text.terminate_ind_rx_enqueue
                0x0000000000004860       0x44 subsys/bluetooth/controller/libsubsys__bluetooth__controller.a(ctrl.c.obj)
 .text.packet_rx_enqueue
                0x00000000000048a4       0x60 subsys/bluetooth/controller/libsubsys__bluetooth__controller.a(ctrl.c.obj)
 .text.mayfly_adv_stop
                0x0000000000004904       0x2e subsys/bluetooth/controller/libsubsys__bluetooth__controller.a(ctrl.c.obj)
 *fill*         0x0000000000004932        0x2 
 .text.ticker_stop_adv_stop
                0x0000000000004934      0x118 subsys/bluetooth/controller/libsubsys__bluetooth__controller.a(ctrl.c.obj)
 .text.sched_after_mstr_free_offset_get
                0x0000000000004a4c       0x6c subsys/bluetooth/controller/libsubsys__bluetooth__controller.a(ctrl.c.obj)
 .text.mayfly_sched_win_offset_use
                0x0000000000004ab8       0x30 subsys/bluetooth/controller/libsubsys__bluetooth__controller.a(ctrl.c.obj)
 .text.chan_set
                0x0000000000004ae8       0x38 subsys/bluetooth/controller/libsubsys__bluetooth__controller.a(ctrl.c.obj)
 .text.adv_setup
                0x0000000000004b20       0xbc subsys/bluetooth/controller/libsubsys__bluetooth__controller.a(ctrl.c.obj)
 .text.pdu_node_tx_release
                0x0000000000004bdc       0x48 subsys/bluetooth/controller/libsubsys__bluetooth__controller.a(ctrl.c.obj)
 .text.packet_tx_enqueue
                0x0000000000004c24       0xa0 subsys/bluetooth/controller/libsubsys__bluetooth__controller.a(ctrl.c.obj)
 .text.connection_release
                0x0000000000004cc4      0x10c subsys/bluetooth/controller/libsubsys__bluetooth__controller.a(ctrl.c.obj)
 .text.mayfly_radio_stop
                0x0000000000004dd0       0x34 subsys/bluetooth/controller/libsubsys__bluetooth__controller.a(ctrl.c.obj)
 .text.mayfly_radio_active
                0x0000000000004e04       0x34 subsys/bluetooth/controller/libsubsys__bluetooth__controller.a(ctrl.c.obj)
 .text.mayfly_radio_inactive
                0x0000000000004e38        0xa subsys/bluetooth/controller/libsubsys__bluetooth__controller.a(ctrl.c.obj)
 *fill*         0x0000000000004e42        0x2 
 .text.event_xtal
                0x0000000000004e44       0x1c subsys/bluetooth/controller/libsubsys__bluetooth__controller.a(ctrl.c.obj)
 .text.event_active
                0x0000000000004e60       0x1c subsys/bluetooth/controller/libsubsys__bluetooth__controller.a(ctrl.c.obj)
 .text.ticker_update_slave_assert
                0x0000000000004e7c       0x1c subsys/bluetooth/controller/libsubsys__bluetooth__controller.a(ctrl.c.obj)
 .text.ticker_update_adv_assert
                0x0000000000004e98       0x18 subsys/bluetooth/controller/libsubsys__bluetooth__controller.a(ctrl.c.obj)
 .text.ticker_stop_scan_assert
                0x0000000000004eb0       0x28 subsys/bluetooth/controller/libsubsys__bluetooth__controller.a(ctrl.c.obj)
 .text.ticker_stop_adv_assert
                0x0000000000004ed8       0x28 subsys/bluetooth/controller/libsubsys__bluetooth__controller.a(ctrl.c.obj)
 .text.ticker_success_assert
                0x0000000000004f00        0xc subsys/bluetooth/controller/libsubsys__bluetooth__controller.a(ctrl.c.obj)
 .text.isr_rx_scan_report.isra.37
                0x0000000000004f0c       0x60 subsys/bluetooth/controller/libsubsys__bluetooth__controller.a(ctrl.c.obj)
 .text.adv_scan_configure.constprop.47
                0x0000000000004f6c       0x4c subsys/bluetooth/controller/libsubsys__bluetooth__controller.a(ctrl.c.obj)
 .text.event_stop.constprop.48
                0x0000000000004fb8       0x20 subsys/bluetooth/controller/libsubsys__bluetooth__controller.a(ctrl.c.obj)
 .text.event_common_prepare
                0x0000000000004fd8      0x188 subsys/bluetooth/controller/libsubsys__bluetooth__controller.a(ctrl.c.obj)
 .text.radio_event_adv_prepare
                0x0000000000005160       0x38 subsys/bluetooth/controller/libsubsys__bluetooth__controller.a(ctrl.c.obj)
                0x0000000000005160                radio_event_adv_prepare
 .text.event_adv_stop
                0x0000000000005198       0x2c subsys/bluetooth/controller/libsubsys__bluetooth__controller.a(ctrl.c.obj)
                0x0000000000005198                event_adv_stop
 .text.packet_rx_allocate.constprop.49
                0x00000000000051c4       0x8c subsys/bluetooth/controller/libsubsys__bluetooth__controller.a(ctrl.c.obj)
 .text.common_init
                0x0000000000005250       0xd4 subsys/bluetooth/controller/libsubsys__bluetooth__controller.a(ctrl.c.obj)
 .text.mayfly_xtal_start
                0x0000000000005324       0x14 subsys/bluetooth/controller/libsubsys__bluetooth__controller.a(ctrl.c.obj)
 .text.mayfly_xtal_stop
                0x0000000000005338       0x14 subsys/bluetooth/controller/libsubsys__bluetooth__controller.a(ctrl.c.obj)
 .text.chan_sel_2
                0x000000000000534c       0x80 subsys/bluetooth/controller/libsubsys__bluetooth__controller.a(ctrl.c.obj)
 .text.preempt_calc
                0x00000000000053cc       0x44 subsys/bluetooth/controller/libsubsys__bluetooth__controller.a(ctrl.c.obj)
 .text.event_adv
                0x0000000000005410       0xa8 subsys/bluetooth/controller/libsubsys__bluetooth__controller.a(ctrl.c.obj)
 .text.ctrl_tx_enqueue
                0x00000000000054b8       0x62 subsys/bluetooth/controller/libsubsys__bluetooth__controller.a(ctrl.c.obj)
 .text.ctrl_tx_sec_enqueue
                0x000000000000551a       0x32 subsys/bluetooth/controller/libsubsys__bluetooth__controller.a(ctrl.c.obj)
 .text.feature_rsp_send
                0x000000000000554c       0x88 subsys/bluetooth/controller/libsubsys__bluetooth__controller.a(ctrl.c.obj)
 .text.event_connection_prepare
                0x00000000000055d4      0x6c8 subsys/bluetooth/controller/libsubsys__bluetooth__controller.a(ctrl.c.obj)
 .text.event_master_prepare
                0x0000000000005c9c        0x8 subsys/bluetooth/controller/libsubsys__bluetooth__controller.a(ctrl.c.obj)
 .text.event_slave_prepare
                0x0000000000005ca4        0x8 subsys/bluetooth/controller/libsubsys__bluetooth__controller.a(ctrl.c.obj)
 .text.connection_configure
                0x0000000000005cac       0x3c subsys/bluetooth/controller/libsubsys__bluetooth__controller.a(ctrl.c.obj)
 .text.event_slave
                0x0000000000005ce8      0x16c subsys/bluetooth/controller/libsubsys__bluetooth__controller.a(ctrl.c.obj)
 .text.prepare_pdu_data_tx
                0x0000000000005e54       0xd8 subsys/bluetooth/controller/libsubsys__bluetooth__controller.a(ctrl.c.obj)
 .text.isr      0x0000000000005f2c     0x16a0 subsys/bluetooth/controller/libsubsys__bluetooth__controller.a(ctrl.c.obj)
 .text.mayfly_xtal_stop_calc
                0x00000000000075cc      0x1f8 subsys/bluetooth/controller/libsubsys__bluetooth__controller.a(ctrl.c.obj)
 .text.event_master
                0x00000000000077c4      0x134 subsys/bluetooth/controller/libsubsys__bluetooth__controller.a(ctrl.c.obj)
 .text.radio_init
                0x00000000000078f8       0xf8 subsys/bluetooth/controller/libsubsys__bluetooth__controller.a(ctrl.c.obj)
                0x00000000000078f8                radio_init
 .text.ll_reset
                0x00000000000079f0       0xac subsys/bluetooth/controller/libsubsys__bluetooth__controller.a(ctrl.c.obj)
                0x00000000000079f0                ll_reset
 .text.radio_adv_data_get
                0x0000000000007a9c        0xc subsys/bluetooth/controller/libsubsys__bluetooth__controller.a(ctrl.c.obj)
                0x0000000000007a9c                radio_adv_data_get
 .text.radio_scan_data_get
                0x0000000000007aa8        0xc subsys/bluetooth/controller/libsubsys__bluetooth__controller.a(ctrl.c.obj)
                0x0000000000007aa8                radio_scan_data_get
 .text.ll_adv_is_enabled
                0x0000000000007ab4       0x10 subsys/bluetooth/controller/libsubsys__bluetooth__controller.a(ctrl.c.obj)
                0x0000000000007ab4                ll_adv_is_enabled
 .text.radio_adv_filter_pol_get
                0x0000000000007ac4       0x18 subsys/bluetooth/controller/libsubsys__bluetooth__controller.a(ctrl.c.obj)
                0x0000000000007ac4                radio_adv_filter_pol_get
 .text.ll_scan_is_enabled
                0x0000000000007adc       0x2c subsys/bluetooth/controller/libsubsys__bluetooth__controller.a(ctrl.c.obj)
                0x0000000000007adc                ll_scan_is_enabled
 .text.radio_scan_filter_pol_get
                0x0000000000007b08       0x1c subsys/bluetooth/controller/libsubsys__bluetooth__controller.a(ctrl.c.obj)
                0x0000000000007b08                radio_scan_filter_pol_get
 .text.ll_tx_pwr_lvl_get
                0x0000000000007b24       0x16 subsys/bluetooth/controller/libsubsys__bluetooth__controller.a(ctrl.c.obj)
                0x0000000000007b24                ll_tx_pwr_lvl_get
 *fill*         0x0000000000007b3a        0x2 
 .text.ll_rx_get
                0x0000000000007b3c       0x74 subsys/bluetooth/controller/libsubsys__bluetooth__controller.a(ctrl.c.obj)
                0x0000000000007b3c                ll_rx_get
 .text.ll_rx_mem_release
                0x0000000000007bb0       0x60 subsys/bluetooth/controller/libsubsys__bluetooth__controller.a(ctrl.c.obj)
                0x0000000000007bb0                ll_rx_mem_release
 .text.do_radio_rx_fc_set
                0x0000000000007c10       0x68 subsys/bluetooth/controller/libsubsys__bluetooth__controller.a(ctrl.c.obj)
                0x0000000000007c10                do_radio_rx_fc_set
 .text.radio_rx_fc_set
                0x0000000000007c78       0x64 subsys/bluetooth/controller/libsubsys__bluetooth__controller.a(ctrl.c.obj)
                0x0000000000007c78                radio_rx_fc_set
 .text.ll_adv_scan_state_cb
                0x0000000000007cdc        0x2 subsys/bluetooth/controller/libsubsys__bluetooth__controller.a(ctrl.c.obj)
                0x0000000000007cdc                ll_adv_scan_state_cb
 *fill*         0x0000000000007cde        0x2 
 .text.radio_adv_enable
                0x0000000000007ce0      0x2f4 subsys/bluetooth/controller/libsubsys__bluetooth__controller.a(ctrl.c.obj)
                0x0000000000007ce0                radio_adv_enable
 .text.radio_adv_disable
                0x0000000000007fd4       0x60 subsys/bluetooth/controller/libsubsys__bluetooth__controller.a(ctrl.c.obj)
                0x0000000000007fd4                radio_adv_disable
 .text.ll_rx_dequeue
                0x0000000000008034       0xe4 subsys/bluetooth/controller/libsubsys__bluetooth__controller.a(ctrl.c.obj)
                0x0000000000008034                ll_rx_dequeue
 .text.rtc0_nrf5_isr
                0x0000000000008118       0x30 subsys/bluetooth/controller/libsubsys__bluetooth__controller.a(ll.c.obj)
 .text.swi4_nrf5_isr
                0x0000000000008148        0xa subsys/bluetooth/controller/libsubsys__bluetooth__controller.a(ll.c.obj)
 .text.rng_nrf5_isr
                0x0000000000008152        0x8 subsys/bluetooth/controller/libsubsys__bluetooth__controller.a(ll.c.obj)
 .text.radio_nrf5_isr
                0x000000000000815a       0x10 subsys/bluetooth/controller/libsubsys__bluetooth__controller.a(ll.c.obj)
                0x000000000000815a                radio_nrf5_isr
 .text.radio_active_callback
                0x000000000000816a        0x2 subsys/bluetooth/controller/libsubsys__bluetooth__controller.a(ll.c.obj)
                0x000000000000816a                radio_active_callback
 .text.radio_event_callback
                0x000000000000816c       0x10 subsys/bluetooth/controller/libsubsys__bluetooth__controller.a(ll.c.obj)
                0x000000000000816c                radio_event_callback
 .text.ll_init  0x000000000000817c      0x124 subsys/bluetooth/controller/libsubsys__bluetooth__controller.a(ll.c.obj)
                0x000000000000817c                ll_init
 .text.ll_adv_params_set
                0x00000000000082a0      0x1f4 subsys/bluetooth/controller/libsubsys__bluetooth__controller.a(ll_adv.c.obj)
                0x00000000000082a0                ll_adv_params_set
 .text.ll_adv_data_set
                0x0000000000008494       0xb0 subsys/bluetooth/controller/libsubsys__bluetooth__controller.a(ll_adv.c.obj)
                0x0000000000008494                ll_adv_data_set
 .text.ll_scan_data_set
                0x0000000000008544       0x76 subsys/bluetooth/controller/libsubsys__bluetooth__controller.a(ll_adv.c.obj)
                0x0000000000008544                ll_scan_data_set
 *fill*         0x00000000000085ba        0x2 
 .text.ll_adv_enable
                0x00000000000085bc       0xac subsys/bluetooth/controller/libsubsys__bluetooth__controller.a(ll_adv.c.obj)
                0x00000000000085bc                ll_adv_enable
 .text.ctrl_filter_get
                0x0000000000008668       0x14 subsys/bluetooth/controller/libsubsys__bluetooth__controller.a(ll_filter.c.obj)
                0x0000000000008668                ctrl_filter_get
 .text.ll_wl_size_get
                0x000000000000867c        0x4 subsys/bluetooth/controller/libsubsys__bluetooth__controller.a(ll_filter.c.obj)
                0x000000000000867c                ll_wl_size_get
 .text.ll_wl_clear
                0x0000000000008680       0x2c subsys/bluetooth/controller/libsubsys__bluetooth__controller.a(ll_filter.c.obj)
                0x0000000000008680                ll_wl_clear
 .text.ll_wl_add
                0x00000000000086ac       0x6c subsys/bluetooth/controller/libsubsys__bluetooth__controller.a(ll_filter.c.obj)
                0x00000000000086ac                ll_wl_add
 .text.ll_wl_remove
                0x0000000000008718       0x88 subsys/bluetooth/controller/libsubsys__bluetooth__controller.a(ll_filter.c.obj)
                0x0000000000008718                ll_wl_remove
 .text.ll_filter_reset
                0x00000000000087a0       0x18 subsys/bluetooth/controller/libsubsys__bluetooth__controller.a(ll_filter.c.obj)
                0x00000000000087a0                ll_filter_reset
 .text.cntr_init
                0x00000000000087b8       0x20 subsys/bluetooth/controller/libsubsys__bluetooth__controller.a(cntr.c.obj)
                0x00000000000087b8                cntr_init
 .text.cntr_start
                0x00000000000087d8       0x20 subsys/bluetooth/controller/libsubsys__bluetooth__controller.a(cntr.c.obj)
                0x00000000000087d8                cntr_start
 .text.cntr_stop
                0x00000000000087f8       0x2c subsys/bluetooth/controller/libsubsys__bluetooth__controller.a(cntr.c.obj)
                0x00000000000087f8                cntr_stop
 .text.cntr_cnt_get
                0x0000000000008824       0x10 subsys/bluetooth/controller/libsubsys__bluetooth__controller.a(cntr.c.obj)
                0x0000000000008824                cntr_cnt_get
 .text.cntr_cmp_set
                0x0000000000008834       0x10 subsys/bluetooth/controller/libsubsys__bluetooth__controller.a(cntr.c.obj)
                0x0000000000008834                cntr_cmp_set
 .text.isr      0x0000000000008844       0x4c subsys/bluetooth/controller/libsubsys__bluetooth__controller.a(rand.c.obj)
 .text.get      0x0000000000008890       0xd8 subsys/bluetooth/controller/libsubsys__bluetooth__controller.a(rand.c.obj)
 .text.init     0x0000000000008968       0x58 subsys/bluetooth/controller/libsubsys__bluetooth__controller.a(rand.c.obj)
 .text.rand_init
                0x00000000000089c0       0x14 subsys/bluetooth/controller/libsubsys__bluetooth__controller.a(rand.c.obj)
                0x00000000000089c0                rand_init
 .text.rand_isr_init
                0x00000000000089d4       0x14 subsys/bluetooth/controller/libsubsys__bluetooth__controller.a(rand.c.obj)
                0x00000000000089d4                rand_isr_init
 .text.rand_get
                0x00000000000089e8       0x14 subsys/bluetooth/controller/libsubsys__bluetooth__controller.a(rand.c.obj)
                0x00000000000089e8                rand_get
 .text.rand_isr_get
                0x00000000000089fc       0x14 subsys/bluetooth/controller/libsubsys__bluetooth__controller.a(rand.c.obj)
                0x00000000000089fc                rand_isr_get
 .text.isr_rand
                0x0000000000008a10       0x4c subsys/bluetooth/controller/libsubsys__bluetooth__controller.a(rand.c.obj)
                0x0000000000008a10                isr_rand
 .text.do_ecb   0x0000000000008a5c       0x48 subsys/bluetooth/controller/libsubsys__bluetooth__controller.a(ecb.c.obj)
 .text.ecb_encrypt
                0x0000000000008aa4       0x44 subsys/bluetooth/controller/libsubsys__bluetooth__controller.a(ecb.c.obj)
                0x0000000000008aa4                ecb_encrypt
 .text.hal_radio_enable_on_tick_ppi_config_and_enable
                0x0000000000008ae8       0x38 subsys/bluetooth/controller/libsubsys__bluetooth__controller.a(radio.c.obj)
 .text.isr_radio
                0x0000000000008b20       0x14 subsys/bluetooth/controller/libsubsys__bluetooth__controller.a(radio.c.obj)
                0x0000000000008b20                isr_radio
 .text.radio_isr_set
                0x0000000000008b34       0x30 subsys/bluetooth/controller/libsubsys__bluetooth__controller.a(radio.c.obj)
                0x0000000000008b34                radio_isr_set
 .text.radio_setup
                0x0000000000008b64        0x2 subsys/bluetooth/controller/libsubsys__bluetooth__controller.a(radio.c.obj)
                0x0000000000008b64                radio_setup
 *fill*         0x0000000000008b66        0x2 
 .text.radio_reset
                0x0000000000008b68       0x20 subsys/bluetooth/controller/libsubsys__bluetooth__controller.a(radio.c.obj)
                0x0000000000008b68                radio_reset
 .text.radio_phy_set
                0x0000000000008b88       0x18 subsys/bluetooth/controller/libsubsys__bluetooth__controller.a(radio.c.obj)
                0x0000000000008b88                radio_phy_set
 .text.radio_tx_power_set
                0x0000000000008ba0       0x10 subsys/bluetooth/controller/libsubsys__bluetooth__controller.a(radio.c.obj)
                0x0000000000008ba0                radio_tx_power_set
 .text.radio_freq_chan_set
                0x0000000000008bb0       0x10 subsys/bluetooth/controller/libsubsys__bluetooth__controller.a(radio.c.obj)
                0x0000000000008bb0                radio_freq_chan_set
 .text.radio_whiten_iv_set
                0x0000000000008bc0       0x28 subsys/bluetooth/controller/libsubsys__bluetooth__controller.a(radio.c.obj)
                0x0000000000008bc0                radio_whiten_iv_set
 .text.radio_aa_set
                0x0000000000008be8       0x3c subsys/bluetooth/controller/libsubsys__bluetooth__controller.a(radio.c.obj)
                0x0000000000008be8                radio_aa_set
 .text.radio_pkt_configure
                0x0000000000008c24       0x4c subsys/bluetooth/controller/libsubsys__bluetooth__controller.a(radio.c.obj)
                0x0000000000008c24                radio_pkt_configure
 .text.radio_pkt_rx_set
                0x0000000000008c70       0x10 subsys/bluetooth/controller/libsubsys__bluetooth__controller.a(radio.c.obj)
                0x0000000000008c70                radio_pkt_rx_set
 .text.radio_pkt_tx_set
                0x0000000000008c80       0x10 subsys/bluetooth/controller/libsubsys__bluetooth__controller.a(radio.c.obj)
                0x0000000000008c80                radio_pkt_tx_set
 .text.radio_tx_ready_delay_get
                0x0000000000008c90        0x4 subsys/bluetooth/controller/libsubsys__bluetooth__controller.a(radio.c.obj)
                0x0000000000008c90                radio_tx_ready_delay_get
 .text.radio_tx_chain_delay_get
                0x0000000000008c94        0x4 subsys/bluetooth/controller/libsubsys__bluetooth__controller.a(radio.c.obj)
                0x0000000000008c94                radio_tx_chain_delay_get
 .text.radio_rx_ready_delay_get
                0x0000000000008c98        0x4 subsys/bluetooth/controller/libsubsys__bluetooth__controller.a(radio.c.obj)
                0x0000000000008c98                radio_rx_ready_delay_get
 .text.radio_rx_chain_delay_get
                0x0000000000008c9c        0x4 subsys/bluetooth/controller/libsubsys__bluetooth__controller.a(radio.c.obj)
                0x0000000000008c9c                radio_rx_chain_delay_get
 .text.radio_rx_enable
                0x0000000000008ca0        0xc subsys/bluetooth/controller/libsubsys__bluetooth__controller.a(radio.c.obj)
                0x0000000000008ca0                radio_rx_enable
 .text.radio_tx_enable
                0x0000000000008cac        0xc subsys/bluetooth/controller/libsubsys__bluetooth__controller.a(radio.c.obj)
                0x0000000000008cac                radio_tx_enable
 .text.radio_disable
                0x0000000000008cb8       0x14 subsys/bluetooth/controller/libsubsys__bluetooth__controller.a(radio.c.obj)
                0x0000000000008cb8                radio_disable
 .text.radio_status_reset
                0x0000000000008ccc       0x10 subsys/bluetooth/controller/libsubsys__bluetooth__controller.a(radio.c.obj)
                0x0000000000008ccc                radio_status_reset
 .text.radio_is_ready
                0x0000000000008cdc       0x10 subsys/bluetooth/controller/libsubsys__bluetooth__controller.a(radio.c.obj)
                0x0000000000008cdc                radio_is_ready
 .text.radio_is_done
                0x0000000000008cec       0x10 subsys/bluetooth/controller/libsubsys__bluetooth__controller.a(radio.c.obj)
                0x0000000000008cec                radio_is_done
 .text.radio_is_idle
                0x0000000000008cfc       0x14 subsys/bluetooth/controller/libsubsys__bluetooth__controller.a(radio.c.obj)
                0x0000000000008cfc                radio_is_idle
 .text.radio_crc_configure
                0x0000000000008d10       0x24 subsys/bluetooth/controller/libsubsys__bluetooth__controller.a(radio.c.obj)
                0x0000000000008d10                radio_crc_configure
 .text.radio_crc_is_valid
                0x0000000000008d34       0x14 subsys/bluetooth/controller/libsubsys__bluetooth__controller.a(radio.c.obj)
                0x0000000000008d34                radio_crc_is_valid
 .text.radio_pkt_empty_get
                0x0000000000008d48        0x8 subsys/bluetooth/controller/libsubsys__bluetooth__controller.a(radio.c.obj)
                0x0000000000008d48                radio_pkt_empty_get
 .text.radio_pkt_scratch_get
                0x0000000000008d50        0x8 subsys/bluetooth/controller/libsubsys__bluetooth__controller.a(radio.c.obj)
                0x0000000000008d50                radio_pkt_scratch_get
 .text.radio_switch_complete_and_rx
                0x0000000000008d58       0x10 subsys/bluetooth/controller/libsubsys__bluetooth__controller.a(radio.c.obj)
                0x0000000000008d58                radio_switch_complete_and_rx
 .text.radio_switch_complete_and_tx
                0x0000000000008d68       0x10 subsys/bluetooth/controller/libsubsys__bluetooth__controller.a(radio.c.obj)
                0x0000000000008d68                radio_switch_complete_and_tx
 .text.radio_switch_complete_and_disable
                0x0000000000008d78       0x10 subsys/bluetooth/controller/libsubsys__bluetooth__controller.a(radio.c.obj)
                0x0000000000008d78                radio_switch_complete_and_disable
 .text.radio_rssi_measure
                0x0000000000008d88       0x18 subsys/bluetooth/controller/libsubsys__bluetooth__controller.a(radio.c.obj)
                0x0000000000008d88                radio_rssi_measure
 .text.radio_rssi_get
                0x0000000000008da0       0x10 subsys/bluetooth/controller/libsubsys__bluetooth__controller.a(radio.c.obj)
                0x0000000000008da0                radio_rssi_get
 .text.radio_rssi_status_reset
                0x0000000000008db0        0xc subsys/bluetooth/controller/libsubsys__bluetooth__controller.a(radio.c.obj)
                0x0000000000008db0                radio_rssi_status_reset
 .text.radio_rssi_is_ready
                0x0000000000008dbc       0x10 subsys/bluetooth/controller/libsubsys__bluetooth__controller.a(radio.c.obj)
                0x0000000000008dbc                radio_rssi_is_ready
 .text.radio_filter_configure
                0x0000000000008dcc       0x50 subsys/bluetooth/controller/libsubsys__bluetooth__controller.a(radio.c.obj)
                0x0000000000008dcc                radio_filter_configure
 .text.radio_filter_disable
                0x0000000000008e1c       0x14 subsys/bluetooth/controller/libsubsys__bluetooth__controller.a(radio.c.obj)
                0x0000000000008e1c                radio_filter_disable
 .text.radio_filter_status_reset
                0x0000000000008e30        0xc subsys/bluetooth/controller/libsubsys__bluetooth__controller.a(radio.c.obj)
                0x0000000000008e30                radio_filter_status_reset
 .text.radio_filter_has_match
                0x0000000000008e3c       0x10 subsys/bluetooth/controller/libsubsys__bluetooth__controller.a(radio.c.obj)
                0x0000000000008e3c                radio_filter_has_match
 .text.radio_filter_match_get
                0x0000000000008e4c       0x10 subsys/bluetooth/controller/libsubsys__bluetooth__controller.a(radio.c.obj)
                0x0000000000008e4c                radio_filter_match_get
 .text.radio_tmr_status_reset
                0x0000000000008e5c       0x20 subsys/bluetooth/controller/libsubsys__bluetooth__controller.a(radio.c.obj)
                0x0000000000008e5c                radio_tmr_status_reset
 .text.radio_tmr_tifs_set
                0x0000000000008e7c       0x10 subsys/bluetooth/controller/libsubsys__bluetooth__controller.a(radio.c.obj)
                0x0000000000008e7c                radio_tmr_tifs_set
 .text.radio_tmr_start
                0x0000000000008e8c       0x94 subsys/bluetooth/controller/libsubsys__bluetooth__controller.a(radio.c.obj)
                0x0000000000008e8c                radio_tmr_start
 .text.radio_tmr_stop
                0x0000000000008f20       0x10 subsys/bluetooth/controller/libsubsys__bluetooth__controller.a(radio.c.obj)
                0x0000000000008f20                radio_tmr_stop
 .text.radio_tmr_hcto_configure
                0x0000000000008f30       0x54 subsys/bluetooth/controller/libsubsys__bluetooth__controller.a(radio.c.obj)
                0x0000000000008f30                radio_tmr_hcto_configure
 .text.radio_tmr_aa_capture
                0x0000000000008f84       0x44 subsys/bluetooth/controller/libsubsys__bluetooth__controller.a(radio.c.obj)
                0x0000000000008f84                radio_tmr_aa_capture
 .text.radio_tmr_aa_get
                0x0000000000008fc8       0x10 subsys/bluetooth/controller/libsubsys__bluetooth__controller.a(radio.c.obj)
                0x0000000000008fc8                radio_tmr_aa_get
 .text.radio_tmr_aa_save
                0x0000000000008fd8        0xc subsys/bluetooth/controller/libsubsys__bluetooth__controller.a(radio.c.obj)
                0x0000000000008fd8                radio_tmr_aa_save
 .text.radio_tmr_aa_restore
                0x0000000000008fe4        0xc subsys/bluetooth/controller/libsubsys__bluetooth__controller.a(radio.c.obj)
                0x0000000000008fe4                radio_tmr_aa_restore
 .text.radio_tmr_ready_get
                0x0000000000008ff0       0x10 subsys/bluetooth/controller/libsubsys__bluetooth__controller.a(radio.c.obj)
                0x0000000000008ff0                radio_tmr_ready_get
 .text.radio_tmr_end_capture
                0x0000000000009000       0x2c subsys/bluetooth/controller/libsubsys__bluetooth__controller.a(radio.c.obj)
                0x0000000000009000                radio_tmr_end_capture
 .text.radio_tmr_end_get
                0x000000000000902c       0x10 subsys/bluetooth/controller/libsubsys__bluetooth__controller.a(radio.c.obj)
                0x000000000000902c                radio_tmr_end_get
 .text.radio_tmr_tifs_base_get
                0x000000000000903c       0x10 subsys/bluetooth/controller/libsubsys__bluetooth__controller.a(radio.c.obj)
                0x000000000000903c                radio_tmr_tifs_base_get
 .text.radio_ccm_rx_pkt_set
                0x000000000000904c       0x7c subsys/bluetooth/controller/libsubsys__bluetooth__controller.a(radio.c.obj)
                0x000000000000904c                radio_ccm_rx_pkt_set
 .text.radio_ccm_tx_pkt_set
                0x00000000000090c8       0x58 subsys/bluetooth/controller/libsubsys__bluetooth__controller.a(radio.c.obj)
                0x00000000000090c8                radio_ccm_tx_pkt_set
 .text.radio_ccm_is_done
                0x0000000000009120       0x44 subsys/bluetooth/controller/libsubsys__bluetooth__controller.a(radio.c.obj)
                0x0000000000009120                radio_ccm_is_done
 .text.radio_ccm_mic_is_valid
                0x0000000000009164       0x14 subsys/bluetooth/controller/libsubsys__bluetooth__controller.a(radio.c.obj)
                0x0000000000009164                radio_ccm_mic_is_valid
 .text.radio_ar_match_get
                0x0000000000009178       0x10 subsys/bluetooth/controller/libsubsys__bluetooth__controller.a(radio.c.obj)
                0x0000000000009178                radio_ar_match_get
 .text.radio_ar_status_reset
                0x0000000000009188       0x18 subsys/bluetooth/controller/libsubsys__bluetooth__controller.a(radio.c.obj)
                0x0000000000009188                radio_ar_status_reset
 .text.radio_ar_has_match
                0x00000000000091a0       0x28 subsys/bluetooth/controller/libsubsys__bluetooth__controller.a(radio.c.obj)
                0x00000000000091a0                radio_ar_has_match
 .text.mayfly_enable_cb
                0x00000000000091c8       0x1e subsys/bluetooth/controller/libsubsys__bluetooth__controller.a(mayfly.c.obj)
                0x00000000000091c8                mayfly_enable_cb
 .text.mayfly_is_enabled
                0x00000000000091e6       0x1c subsys/bluetooth/controller/libsubsys__bluetooth__controller.a(mayfly.c.obj)
                0x00000000000091e6                mayfly_is_enabled
 .text.mayfly_prio_is_equal
                0x0000000000009202       0x1c subsys/bluetooth/controller/libsubsys__bluetooth__controller.a(mayfly.c.obj)
                0x0000000000009202                mayfly_prio_is_equal
 *fill*         0x000000000000921e        0x2 
 .text.mayfly_pend
                0x0000000000009220       0x24 subsys/bluetooth/controller/libsubsys__bluetooth__controller.a(mayfly.c.obj)
                0x0000000000009220                mayfly_pend
 .text.hal_ticker_instance0_caller_id_get
                0x0000000000009244       0x18 subsys/bluetooth/controller/libsubsys__bluetooth__controller.a(ticker.c.obj)
                0x0000000000009244                hal_ticker_instance0_caller_id_get
 .text.hal_ticker_instance0_sched
                0x000000000000925c       0x74 subsys/bluetooth/controller/libsubsys__bluetooth__controller.a(ticker.c.obj)
                0x000000000000925c                hal_ticker_instance0_sched
 .text.hal_ticker_instance0_trigger_set
                0x00000000000092d0        0xc subsys/bluetooth/controller/libsubsys__bluetooth__controller.a(ticker.c.obj)
                0x00000000000092d0                hal_ticker_instance0_trigger_set
 .text.fixed_data_unref
                0x00000000000092dc        0x2 subsys/net/libsubsys__net.a(buf.c.obj)
 *fill*         0x00000000000092de        0x2 
 .text.net_buf_pool_get
                0x00000000000092e0        0xc subsys/net/libsubsys__net.a(buf.c.obj)
                0x00000000000092e0                net_buf_pool_get
 .text.net_buf_id
                0x00000000000092ec       0x1c subsys/net/libsubsys__net.a(buf.c.obj)
                0x00000000000092ec                net_buf_id
 .text.fixed_data_alloc
                0x0000000000009308       0x2c subsys/net/libsubsys__net.a(buf.c.obj)
 .text.net_buf_alloc_len
                0x0000000000009334       0xd0 subsys/net/libsubsys__net.a(buf.c.obj)
                0x0000000000009334                net_buf_alloc_len
 .text.net_buf_alloc_fixed
                0x0000000000009404       0x10 subsys/net/libsubsys__net.a(buf.c.obj)
                0x0000000000009404                net_buf_alloc_fixed
 .text.net_buf_simple_reserve
                0x0000000000009414        0x8 subsys/net/libsubsys__net.a(buf.c.obj)
                0x0000000000009414                net_buf_simple_reserve
 .text.net_buf_put
                0x000000000000941c       0x1c subsys/net/libsubsys__net.a(buf.c.obj)
                0x000000000000941c                net_buf_put
 .text.net_buf_unref
                0x0000000000009438       0x64 subsys/net/libsubsys__net.a(buf.c.obj)
                0x0000000000009438                net_buf_unref
 .text.net_buf_ref
                0x000000000000949c        0x8 subsys/net/libsubsys__net.a(buf.c.obj)
                0x000000000000949c                net_buf_ref
 .text.net_buf_simple_add
                0x00000000000094a4        0xe subsys/net/libsubsys__net.a(buf.c.obj)
                0x00000000000094a4                net_buf_simple_add
 .text.net_buf_simple_add_mem
                0x00000000000094b2       0x14 subsys/net/libsubsys__net.a(buf.c.obj)
                0x00000000000094b2                net_buf_simple_add_mem
 .text.net_buf_simple_pull
                0x00000000000094c6       0x10 subsys/net/libsubsys__net.a(buf.c.obj)
                0x00000000000094c6                net_buf_simple_pull
 .text.net_buf_simple_pull_u8
                0x00000000000094d6       0x10 subsys/net/libsubsys__net.a(buf.c.obj)
                0x00000000000094d6                net_buf_simple_pull_u8
 .text.net_buf_simple_headroom
                0x00000000000094e6        0x8 subsys/net/libsubsys__net.a(buf.c.obj)
                0x00000000000094e6                net_buf_simple_headroom
 *fill*         0x00000000000094ee        0x2 
 .text._sys_device_do_config_level
                0x00000000000094f0       0x24 kernel/libkernel.a(device.c.obj)
                0x00000000000094f0                _sys_device_do_config_level
 .text.device_get_binding
                0x0000000000009514       0x50 kernel/libkernel.a(device.c.obj)
                0x0000000000009514                device_get_binding
 .text._sys_power_save_idle_exit
                0x0000000000009564       0x18 kernel/libkernel.a(idle.c.obj)
                0x0000000000009564                _sys_power_save_idle_exit
 .text.idle     0x000000000000957c       0x48 kernel/libkernel.a(idle.c.obj)
                0x000000000000957c                idle
 .text._bss_zero
                0x00000000000095c4       0x18 kernel/libkernel.a(init.c.obj)
                0x00000000000095c4                _bss_zero
 .text._data_copy
                0x00000000000095dc       0x1c kernel/libkernel.a(init.c.obj)
                0x00000000000095dc                _data_copy
 .text._main    0x00000000000095f8       0x38 kernel/libkernel.a(init.c.obj)
 .text._Cstart  0x0000000000009630      0x104 kernel/libkernel.a(init.c.obj)
                0x0000000000009630                _Cstart
 .text.get_bit_ptr
                0x0000000000009734       0x2a kernel/libkernel.a(mempool.c.obj)
 .text.set_free_bit
                0x000000000000975e       0x16 kernel/libkernel.a(mempool.c.obj)
 .text.init_static_pools
                0x0000000000009774       0xa4 kernel/libkernel.a(mempool.c.obj)
                0x0000000000009774                init_static_pools
 .text.adjust_owner_prio.isra.7
                0x0000000000009818       0x2c kernel/libkernel.a(mutex.c.obj)
 .text._impl_k_mutex_lock
                0x0000000000009844       0xc4 kernel/libkernel.a(mutex.c.obj)
                0x0000000000009844                _impl_k_mutex_lock
 .text._impl_k_mutex_unlock
                0x0000000000009908       0xe0 kernel/libkernel.a(mutex.c.obj)
                0x0000000000009908                _impl_k_mutex_unlock
 .text.k_queue_init
                0x00000000000099e8       0x10 kernel/libkernel.a(queue.c.obj)
                0x00000000000099e8                k_queue_init
 .text.k_queue_insert
                0x00000000000099f8       0x56 kernel/libkernel.a(queue.c.obj)
                0x00000000000099f8                k_queue_insert
 .text.k_queue_append
                0x0000000000009a4e        0xc kernel/libkernel.a(queue.c.obj)
                0x0000000000009a4e                k_queue_append
 .text.k_queue_prepend
                0x0000000000009a5a        0xc kernel/libkernel.a(queue.c.obj)
                0x0000000000009a5a                k_queue_prepend
 .text.k_queue_append_list
                0x0000000000009a66       0x36 kernel/libkernel.a(queue.c.obj)
                0x0000000000009a66                k_queue_append_list
 .text.k_queue_get
                0x0000000000009a9c       0x8e kernel/libkernel.a(queue.c.obj)
                0x0000000000009a9c                k_queue_get
 *fill*         0x0000000000009b2a        0x2 
 .text._add_thread_to_ready_q
                0x0000000000009b2c       0x50 kernel/libkernel.a(sched.c.obj)
                0x0000000000009b2c                _add_thread_to_ready_q
 .text._ready_thread
                0x0000000000009b7c       0x1e kernel/libkernel.a(sched.c.obj)
 *fill*         0x0000000000009b9a        0x2 
 .text._add_timeout
                0x0000000000009b9c       0xa0 kernel/libkernel.a(sched.c.obj)
 .text._remove_thread_from_ready_q
                0x0000000000009c3c       0x5c kernel/libkernel.a(sched.c.obj)
                0x0000000000009c3c                _remove_thread_from_ready_q
 .text._pend_thread
                0x0000000000009c98       0x60 kernel/libkernel.a(sched.c.obj)
                0x0000000000009c98                _pend_thread
 .text._pend_current_thread
                0x0000000000009cf8       0x20 kernel/libkernel.a(sched.c.obj)
                0x0000000000009cf8                _pend_current_thread
 .text.__must_switch_threads
                0x0000000000009d18       0x24 kernel/libkernel.a(sched.c.obj)
                0x0000000000009d18                __must_switch_threads
 .text._reschedule_threads
                0x0000000000009d3c       0x34 kernel/libkernel.a(sched.c.obj)
                0x0000000000009d3c                _reschedule_threads
 .text.k_sched_unlock
                0x0000000000009d70       0x1c kernel/libkernel.a(sched.c.obj)
                0x0000000000009d70                k_sched_unlock
 .text._move_thread_to_end_of_prio_q
                0x0000000000009d8c       0x4c kernel/libkernel.a(sched.c.obj)
                0x0000000000009d8c                _move_thread_to_end_of_prio_q
 .text._impl_k_yield
                0x0000000000009dd8       0x38 kernel/libkernel.a(sched.c.obj)
                0x0000000000009dd8                _impl_k_yield
 .text._impl_k_current_get
                0x0000000000009e10        0xc kernel/libkernel.a(sched.c.obj)
                0x0000000000009e10                _impl_k_current_get
 .text._is_thread_time_slicing
                0x0000000000009e1c       0x50 kernel/libkernel.a(sched.c.obj)
                0x0000000000009e1c                _is_thread_time_slicing
 .text._update_time_slice_before_swap
                0x0000000000009e6c        0xc kernel/libkernel.a(sched.c.obj)
                0x0000000000009e6c                _update_time_slice_before_swap
 .text._unpend_first_thread
                0x0000000000009e78       0x4c kernel/libkernel.a(sem.c.obj)
 .text._impl_k_sem_init
                0x0000000000009ec4       0x12 kernel/libkernel.a(sem.c.obj)
                0x0000000000009ec4                _impl_k_sem_init
 *fill*         0x0000000000009ed6        0x2 
 .text._impl_k_sem_give
                0x0000000000009ed8       0xb4 kernel/libkernel.a(sem.c.obj)
                0x0000000000009ed8                _impl_k_sem_give
 .text._impl_k_sem_take
                0x0000000000009f8c       0x3c kernel/libkernel.a(sem.c.obj)
                0x0000000000009f8c                _impl_k_sem_take
 .text._impl_k_uptime_get_32
                0x0000000000009fc8       0x10 kernel/libkernel.a(sys_clock.c.obj)
                0x0000000000009fc8                _impl_k_uptime_get_32
 .text._tick_get
                0x0000000000009fd8       0x18 kernel/libkernel.a(sys_clock.c.obj)
                0x0000000000009fd8                sys_tick_get
                0x0000000000009fd8                _tick_get
 .text._impl_k_uptime_get
                0x0000000000009ff0       0x10 kernel/libkernel.a(sys_clock.c.obj)
                0x0000000000009ff0                _impl_k_uptime_get
 .text._nano_sys_clock_tick_announce
                0x000000000000a000      0x1a4 kernel/libkernel.a(sys_clock.c.obj)
                0x000000000000a000                _nano_sys_clock_tick_announce
 .text.k_sys_work_q_init
                0x000000000000a1a4       0x20 kernel/libkernel.a(system_work_q.c.obj)
 .text._is_thread_ready
                0x000000000000a1c4       0x16 kernel/libkernel.a(thread.c.obj)
 *fill*         0x000000000000a1da        0x2 
 .text._abort_timeout
                0x000000000000a1dc       0x34 kernel/libkernel.a(thread.c.obj)
 .text.schedule_new_thread.part.13
                0x000000000000a210       0x74 kernel/libkernel.a(thread.c.obj)
 .text.k_is_in_isr
                0x000000000000a284       0x14 kernel/libkernel.a(thread.c.obj)
                0x000000000000a284                k_is_in_isr
 .text._is_thread_essential
                0x000000000000a298       0x10 kernel/libkernel.a(thread.c.obj)
                0x000000000000a298                _is_thread_essential
 .text._thread_entry
                0x000000000000a2a8       0x14 kernel/libkernel.a(thread.c.obj)
                0x000000000000a2a8                _thread_entry
 .text._impl_k_thread_start
                0x000000000000a2bc       0x50 kernel/libkernel.a(thread.c.obj)
                0x000000000000a2bc                _impl_k_thread_start
 .text._setup_new_thread
                0x000000000000a30c       0x20 kernel/libkernel.a(thread.c.obj)
                0x000000000000a30c                _setup_new_thread
 .text._impl_k_thread_create
                0x000000000000a32c       0x40 kernel/libkernel.a(thread.c.obj)
                0x000000000000a32c                _impl_k_thread_create
 .text._k_thread_single_abort
                0x000000000000a36c       0x4e kernel/libkernel.a(thread.c.obj)
                0x000000000000a36c                _k_thread_single_abort
 *fill*         0x000000000000a3ba        0x2 
 .text._init_static_threads
                0x000000000000a3bc       0x80 kernel/libkernel.a(thread.c.obj)
                0x000000000000a3bc                _init_static_threads
 .text._init_thread_base
                0x000000000000a43c       0x18 kernel/libkernel.a(thread.c.obj)
                0x000000000000a43c                _init_thread_base
 .text.work_q_main
                0x000000000000a454       0x2e kernel/libkernel.a(work_q.c.obj)
 *fill*         0x000000000000a482        0x2 
 .text.k_work_q_start
                0x000000000000a484       0x34 kernel/libkernel.a(work_q.c.obj)
                0x000000000000a484                k_work_q_start
 .text._ready_thread
                0x000000000000a4b8       0x1e kernel/libkernel.a(timer.c.obj)
 .text._unpend_thread
                0x000000000000a4d6       0x14 kernel/libkernel.a(timer.c.obj)
 *fill*         0x000000000000a4ea        0x2 
 .text._abort_timeout
                0x000000000000a4ec       0x34 kernel/libkernel.a(timer.c.obj)
 .text._add_timeout.constprop.9
                0x000000000000a520       0x74 kernel/libkernel.a(timer.c.obj)
 .text._timer_expiration_handler
                0x000000000000a594       0x5a kernel/libkernel.a(timer.c.obj)
                0x000000000000a594                _timer_expiration_handler
 .text._impl_k_timer_start
                0x000000000000a5ee       0x3c kernel/libkernel.a(timer.c.obj)
                0x000000000000a5ee                _impl_k_timer_start
 *fill*         0x000000000000a62a        0x2 
 .text._impl_k_timer_stop
                0x000000000000a62c       0x88 kernel/libkernel.a(timer.c.obj)
                0x000000000000a62c                _impl_k_timer_stop
 .text.atomic_get
                0x000000000000a6b4        0x4 kernel/libkernel.a(atomic_c.c.obj)
                0x000000000000a6b4                atomic_get
 .text.atomic_set
                0x000000000000a6b8       0x14 kernel/libkernel.a(atomic_c.c.obj)
                0x000000000000a6b8                atomic_set
 .text.atomic_or
                0x000000000000a6cc       0x16 kernel/libkernel.a(atomic_c.c.obj)
                0x000000000000a6cc                atomic_or
 .text.atomic_and
                0x000000000000a6e2       0x16 kernel/libkernel.a(atomic_c.c.obj)
                0x000000000000a6e2                atomic_and
 .text.sys_dlist_remove
                0x000000000000a6f8        0xc kernel/libkernel.a(poll.c.obj)
 .text.clear_event_registrations
                0x000000000000a704       0x40 kernel/libkernel.a(poll.c.obj)
 .text._signal_poll_event
                0x000000000000a744       0xc4 kernel/libkernel.a(poll.c.obj)
 .text.add_event
                0x000000000000a808       0x5c kernel/libkernel.a(poll.c.obj)
 .text.k_poll_event_init
                0x000000000000a864       0x2e kernel/libkernel.a(poll.c.obj)
                0x000000000000a864                k_poll_event_init
 *fill*         0x000000000000a892        0x2 
 .text.k_poll   0x000000000000a894      0x12c kernel/libkernel.a(poll.c.obj)
                0x000000000000a894                k_poll
 .text._handle_obj_poll_events
                0x000000000000a9c0       0x26 kernel/libkernel.a(poll.c.obj)
                0x000000000000a9c0                _handle_obj_poll_events
 .text._OffsetAbsSyms
                0x000000000000a9e6        0x2 CMakeFiles/offsets.dir/arch/arm/core/offsets/offsets.c.obj
                0x000000000000a9e6                _OffsetAbsSyms
 *(.gnu.linkonce.t.*)
                0x000000000000a9e8                _image_text_end = .

.glue_7         0x000000000000a9e8        0x0
 .glue_7        0x000000000000a9e8        0x0 linker stubs

.glue_7t        0x000000000000a9e8        0x0
 .glue_7t       0x000000000000a9e8        0x0 linker stubs

.vfp11_veneer   0x000000000000a9e8        0x0
 .vfp11_veneer  0x000000000000a9e8        0x0 linker stubs

.v4_bx          0x000000000000a9e8        0x0
 .v4_bx         0x000000000000a9e8        0x0 linker stubs

.iplt           0x000000000000a9e8        0x0
 .iplt          0x000000000000a9e8        0x0 CMakeFiles/kernel_elf.dir/isr_tables.c.obj

.igot.plt       0x000000000000a9e8        0x0
 .igot.plt      0x000000000000a9e8        0x0 CMakeFiles/kernel_elf.dir/isr_tables.c.obj

.ARM.exidx      0x000000000000a9e8        0x8
                0x000000000000a9e8                __exidx_start = .
 *(.ARM.exidx* gnu.linkonce.armexidx.*)
 .ARM.exidx     0x000000000000a9e8        0x8 /opt/zephyr-sdk/sysroots/armv5-zephyr-eabi/usr/lib/arm-zephyr-eabi/6.2.0/armv6-m/libgcc.a(_udivmoddi4.o)
                0x000000000000a9f0                __exidx_end = .
                0x000000000000a9f0                _image_rodata_start = .

devconfig       0x000000000000a9f0       0x90
                0x000000000000a9f0                __devconfig_start = .
 *(.devconfig.*)
 .devconfig.init
                0x000000000000a9f0        0xc libzephyr.a(soc.c.obj)
 .devconfig.init
                0x000000000000a9fc        0xc libzephyr.a(uart_console.c.obj)
 .devconfig.init
                0x000000000000aa08        0xc libzephyr.a(mb_display.c.obj)
 .devconfig.init
                0x000000000000aa14       0x18 libzephyr.a(nrf5_power_clock.c.obj)
 .devconfig.init
                0x000000000000aa2c        0xc libzephyr.a(gpio_nrf5.c.obj)
 .devconfig.init
                0x000000000000aa38        0xc libzephyr.a(pwm_nrf5_sw.c.obj)
 .devconfig.init
                0x000000000000aa44        0xc libzephyr.a(uart_nrf5.c.obj)
 .devconfig.init
                0x000000000000aa50        0xc libzephyr.a(sys_clock_init.c.obj)
 .devconfig.init
                0x000000000000aa5c        0xc subsys/bluetooth/controller/libsubsys__bluetooth__controller.a(hci_driver.c.obj)
 .devconfig.init
                0x000000000000aa68        0xc kernel/libkernel.a(mempool.c.obj)
 .devconfig.init
                0x000000000000aa74        0xc kernel/libkernel.a(system_work_q.c.obj)
 *(SORT(.devconfig*))
                0x000000000000aa80                __devconfig_end = .

net_l2          0x000000000000aa80        0x0
                0x000000000000aa80                __net_l2_start = .
 *(.net_l2.init)
 *(SORT(.net_l2.init*))
                0x000000000000aa80                __net_l2_end = .

rodata          0x000000000000aa80      0x5f8
 *(.rodata)
 .rodata        0x000000000000aa80        0x7 subsys/bluetooth/host/libsubsys__bluetooth__host.a(hci_core.c.obj)
 .rodata        0x000000000000aa87       0x1a subsys/bluetooth/controller/libsubsys__bluetooth__controller.a(ctrl.c.obj)
 *(.rodata.*)
 .rodata.button_pressed.str1.1
                0x000000000000aaa1       0x16 ../libapp.a(main.c.obj)
 .rodata.main.str1.1
                0x000000000000aab7        0xd ../libapp.a(main.c.obj)
 .rodata.str1.1
                0x000000000000aac4        0xd libzephyr.a(soc.c.obj)
                                          0x1 (size before relaxing)
 .rodata._Fault.str1.1
                0x000000000000aac4       0xa4 libzephyr.a(fault.c.obj)
 .rodata._NanoFatalErrorHandler.str1.1
                0x000000000000ab68       0xba libzephyr.a(fatal.c.obj)
 .rodata._SysFatalErrorHandler.str1.1
                0x000000000000ac22       0x5a libzephyr.a(sys_fatal_error_handler.c.obj)
 .rodata.str1.1
                0x000000000000ac7c        0x1 libzephyr.a(uart_console.c.obj)
 .rodata.uart_console_init.str1.1
                0x000000000000ac7c        0x7 libzephyr.a(uart_console.c.obj)
 .rodata.map    0x000000000000ac83       0x1b libzephyr.a(mb_display.c.obj)
 .rodata.mb_display_init.str1.1
                0x000000000000ac9e        0x7 libzephyr.a(mb_display.c.obj)
 .rodata.str1.1
                0x000000000000ac9e        0x1 libzephyr.a(mb_display.c.obj)
 .rodata.mb_font
                0x000000000000ac9e      0x1db libzephyr.a(mb_font.c.obj)
                0x000000000000ac9e                mb_font
 *fill*         0x000000000000ae79        0x3 
 .rodata._k32src_clock_control_api
                0x000000000000ae7c        0xc libzephyr.a(nrf5_power_clock.c.obj)
 .rodata._m16src_clock_control_api
                0x000000000000ae88        0xc libzephyr.a(nrf5_power_clock.c.obj)
 .rodata.str1.1
                0x000000000000ae94       0x16 libzephyr.a(nrf5_power_clock.c.obj)
 *fill*         0x000000000000aeaa        0x2 
 .rodata.drive_strength.7472
                0x000000000000aeac       0x40 libzephyr.a(gpio_nrf5.c.obj)
 .rodata.gpio_nrf5_P0_cfg
                0x000000000000aeec        0xc libzephyr.a(gpio_nrf5.c.obj)
 .rodata.gpio_nrf5_drv_api_funcs
                0x000000000000aef8       0x1c libzephyr.a(gpio_nrf5.c.obj)
 .rodata.str1.1
                0x000000000000af14        0x7 libzephyr.a(gpio_nrf5.c.obj)
 .rodata.pwm_nrf5_sw_0_config
                0x000000000000af14        0x8 libzephyr.a(pwm_nrf5_sw.c.obj)
 .rodata.pwm_nrf5_sw_drv_api_funcs
                0x000000000000af1c        0x8 libzephyr.a(pwm_nrf5_sw.c.obj)
 .rodata.str1.1
                0x000000000000af24        0x6 libzephyr.a(pwm_nrf5_sw.c.obj)
 .rodata.str1.1
                0x000000000000af24        0x7 libzephyr.a(uart_nrf5.c.obj)
 .rodata.uart_nrf5_dev_cfg_0
                0x000000000000af24        0x8 libzephyr.a(uart_nrf5.c.obj)
 .rodata.uart_nrf5_driver_api
                0x000000000000af2c        0xc libzephyr.a(uart_nrf5.c.obj)
 .rodata.uart_nrf5_init.str1.1
                0x000000000000af38        0x7 libzephyr.a(uart_nrf5.c.obj)
 .rodata.str1.1
                0x000000000000af38        0xa libzephyr.a(sys_clock_init.c.obj)
 .rodata._sys_clock_driver_init.str1.1
                0x000000000000af42        0xb libzephyr.a(nrf_rtc_timer.c.obj)
 *fill*         0x000000000000af42        0x2 
 .rodata.net_buf_fixed_alloc_hci_cmd_pool
                0x000000000000af44        0x8 subsys/bluetooth/host/libsubsys__bluetooth__host.a(hci_core.c.obj)
 .rodata.net_buf_fixed_alloc_hci_rx_pool
                0x000000000000af4c        0x8 subsys/bluetooth/host/libsubsys__bluetooth__host.a(hci_core.c.obj)
 .rodata.net_buf_fixed_hci_cmd_pool
                0x000000000000af54        0x8 subsys/bluetooth/host/libsubsys__bluetooth__host.a(hci_core.c.obj)
 .rodata.net_buf_fixed_hci_rx_pool
                0x000000000000af5c        0x8 subsys/bluetooth/host/libsubsys__bluetooth__host.a(hci_core.c.obj)
 .rodata.drv    0x000000000000af64       0x10 subsys/bluetooth/controller/libsubsys__bluetooth__controller.a(hci_driver.c.obj)
 .rodata.str1.1
                0x000000000000af74        0xb subsys/bluetooth/controller/libsubsys__bluetooth__controller.a(hci_driver.c.obj)
                                          0xc (size before relaxing)
 .rodata.bt_addr_le_to_str.constprop.42.str1.1
                0x000000000000af7f       0x4c subsys/bluetooth/controller/libsubsys__bluetooth__controller.a(hci.c.obj)
 .rodata.hci_cmd_handle.str1.1
                0x000000000000afcb       0x27 subsys/bluetooth/controller/libsubsys__bluetooth__controller.a(hci.c.obj)
 .rodata.gc_lookup_ppm
                0x000000000000aff2       0x10 subsys/bluetooth/controller/libsubsys__bluetooth__controller.a(ctrl.c.obj)
 .rodata.ll_init.str1.1
                0x000000000000b002       0x16 subsys/bluetooth/controller/libsubsys__bluetooth__controller.a(ll.c.obj)
 .rodata.caller_id_lut
                0x000000000000b002        0x4 subsys/bluetooth/controller/libsubsys__bluetooth__controller.a(ticker.c.obj)
 *fill*         0x000000000000b006        0x2 
 .rodata.net_buf_fixed_cb
                0x000000000000b008        0xc subsys/net/libsubsys__net.a(buf.c.obj)
                0x000000000000b008                net_buf_fixed_cb
 .rodata.config_levels
                0x000000000000b014       0x14 kernel/libkernel.a(device.c.obj)
 .rodata._k_neg_eagain
                0x000000000000b028        0x4 kernel/libkernel.a(errno.c.obj)
                0x000000000000b028                _k_neg_eagain
 .rodata._idle_thread
                0x000000000000b02c        0x4 kernel/libkernel.a(init.c.obj)
                0x000000000000b02c                _idle_thread
 .rodata._main.str1.1
                0x000000000000b030       0x48 kernel/libkernel.a(init.c.obj)
 .rodata.str1.1
                0x000000000000b078        0x1 kernel/libkernel.a(mempool.c.obj)
 .rodata.str1.1
                0x000000000000b078        0x1 kernel/libkernel.a(system_work_q.c.obj)
 *(.gnu.linkonce.r.*)
                0x000000000000b07c                . = ALIGN (0x4)
                0x000000000000b07c                _image_rodata_end = .
                0x000000000000b07c                _image_rom_end = .

.rel.dyn        0x000000000000b078        0x0
 .rel.iplt      0x000000000000b078        0x0 CMakeFiles/kernel_elf.dir/isr_tables.c.obj

bss             0x0000000020000000      0xe18
                0x0000000020000000                . = ALIGN (0x4)
                0x0000000020000000                __bss_start = .
                0x0000000020000000                _image_ram_start = .
                0x0000000020000000                __kernel_ram_start = .
 *(.bss)
 *(.bss.*)
 .bss.button_cb.7381
                0x0000000020000000        0xc ../libapp.a(main.c.obj)
 .bss.gpio      0x000000002000000c        0x4 ../libapp.a(main.c.obj)
 .bss.uart_console_dev
                0x0000000020000010        0x4 libzephyr.a(uart_console.c.obj)
 .bss.k32src_initialized
                0x0000000020000014        0x1 libzephyr.a(nrf5_power_clock.c.obj)
 .bss.m16src_grd
                0x0000000020000015        0x1 libzephyr.a(nrf5_power_clock.c.obj)
 .bss.m16src_ref
                0x0000000020000016        0x1 libzephyr.a(nrf5_power_clock.c.obj)
 *fill*         0x0000000020000017        0x1 
 .bss.gpio_data_P0
                0x0000000020000018       0x10 libzephyr.a(gpio_nrf5.c.obj)
 .bss.pwm_nrf5_sw_0_data
                0x0000000020000028       0x1c libzephyr.a(pwm_nrf5_sw.c.obj)
 .bss.expected_sys_ticks
                0x0000000020000044        0x4 libzephyr.a(nrf_rtc_timer.c.obj)
 .bss.rtc_past  0x0000000020000048        0x4 libzephyr.a(nrf_rtc_timer.c.obj)
 .bss.cmd_data  0x000000002000004c       0x10 subsys/bluetooth/host/libsubsys__bluetooth__host.a(hci_core.c.obj)
 .bss.dh_key_cb
                0x000000002000005c        0x4 subsys/bluetooth/host/libsubsys__bluetooth__host.a(hci_core.c.obj)
 .bss.pub_key   0x0000000020000060       0x40 subsys/bluetooth/host/libsubsys__bluetooth__host.a(hci_core.c.obj)
 .bss.pub_key_cb
                0x00000000200000a0        0x4 subsys/bluetooth/host/libsubsys__bluetooth__host.a(hci_core.c.obj)
 .bss.ready_cb  0x00000000200000a4        0x4 subsys/bluetooth/host/libsubsys__bluetooth__host.a(hci_core.c.obj)
 .bss.scan_dev_found_cb
                0x00000000200000a8        0x4 subsys/bluetooth/host/libsubsys__bluetooth__host.a(hci_core.c.obj)
 .bss.mfl       0x00000000200000ac       0x80 subsys/bluetooth/controller/libsubsys__bluetooth__controller.a(mayfly.c.obj)
 .bss.mft       0x000000002000012c       0xc0 subsys/bluetooth/controller/libsubsys__bluetooth__controller.a(mayfly.c.obj)
 .bss._instance
                0x00000000200001ec       0x58 subsys/bluetooth/controller/libsubsys__bluetooth__controller.a(ticker.c.obj)
 .bss.pub_addr  0x0000000020000244        0x6 subsys/bluetooth/controller/libsubsys__bluetooth__controller.a(ll_addr.c.obj)
 .bss.rnd_addr  0x000000002000024a        0x6 subsys/bluetooth/controller/libsubsys__bluetooth__controller.a(ll_addr.c.obj)
 .bss._opcode   0x0000000020000250        0x2 subsys/bluetooth/controller/libsubsys__bluetooth__controller.a(hci.c.obj)
 *fill*         0x0000000020000252        0x2 
 .bss._radio    0x0000000020000254      0x180 subsys/bluetooth/controller/libsubsys__bluetooth__controller.a(ctrl.c.obj)
 .bss.link_inact.10212
                0x00000000200003d4        0x8 subsys/bluetooth/controller/libsubsys__bluetooth__controller.a(ctrl.c.obj)
 .bss.link_inact.10527
                0x00000000200003dc        0x8 subsys/bluetooth/controller/libsubsys__bluetooth__controller.a(ctrl.c.obj)
 .bss.link_radio.10226
                0x00000000200003e4        0x8 subsys/bluetooth/controller/libsubsys__bluetooth__controller.a(ctrl.c.obj)
 .bss.link_radio.10535
                0x00000000200003ec        0x8 subsys/bluetooth/controller/libsubsys__bluetooth__controller.a(ctrl.c.obj)
 .bss.link_xtal.10219
                0x00000000200003f4        0x8 subsys/bluetooth/controller/libsubsys__bluetooth__controller.a(ctrl.c.obj)
 .bss.link_xtal.10531
                0x00000000200003fc        0x8 subsys/bluetooth/controller/libsubsys__bluetooth__controller.a(ctrl.c.obj)
 .bss.s_active.9903
                0x0000000020000404        0x1 subsys/bluetooth/controller/libsubsys__bluetooth__controller.a(ctrl.c.obj)
 *fill*         0x0000000020000405        0x3 
 .bss.s_link.10066
                0x0000000020000408        0x8 subsys/bluetooth/controller/libsubsys__bluetooth__controller.a(ctrl.c.obj)
 .bss.s_link.10086
                0x0000000020000410        0x8 subsys/bluetooth/controller/libsubsys__bluetooth__controller.a(ctrl.c.obj)
 .bss.s_link.10232
                0x0000000020000418        0x8 subsys/bluetooth/controller/libsubsys__bluetooth__controller.a(ctrl.c.obj)
 .bss.s_link.10280
                0x0000000020000420        0x8 subsys/bluetooth/controller/libsubsys__bluetooth__controller.a(ctrl.c.obj)
 .bss.s_link.9910
                0x0000000020000428        0x8 subsys/bluetooth/controller/libsubsys__bluetooth__controller.a(ctrl.c.obj)
 .bss.s_link.9922
                0x0000000020000430        0x8 subsys/bluetooth/controller/libsubsys__bluetooth__controller.a(ctrl.c.obj)
 .bss.s_link.9934
                0x0000000020000438        0x8 subsys/bluetooth/controller/libsubsys__bluetooth__controller.a(ctrl.c.obj)
 .bss.s_link.9945
                0x0000000020000440        0x8 subsys/bluetooth/controller/libsubsys__bluetooth__controller.a(ctrl.c.obj)
 .bss.s_link.9948
                0x0000000020000448       0x10 subsys/bluetooth/controller/libsubsys__bluetooth__controller.a(ctrl.c.obj)
 .bss.s_xtal_retained.9944
                0x0000000020000458        0x1 subsys/bluetooth/controller/libsubsys__bluetooth__controller.a(ctrl.c.obj)
 *fill*         0x0000000020000459        0x3 
 .bss._radio    0x000000002000045c      0x1f0 subsys/bluetooth/controller/libsubsys__bluetooth__controller.a(ll.c.obj)
 .bss._ticker_nodes
                0x000000002000064c      0x118 subsys/bluetooth/controller/libsubsys__bluetooth__controller.a(ll.c.obj)
 .bss._ticker_user_ops
                0x0000000020000764      0x270 subsys/bluetooth/controller/libsubsys__bluetooth__controller.a(ll.c.obj)
 .bss._ticker_users
                0x00000000200009d4       0x20 subsys/bluetooth/controller/libsubsys__bluetooth__controller.a(ll.c.obj)
 .bss.rand_context
                0x00000000200009f4        0x9 subsys/bluetooth/controller/libsubsys__bluetooth__controller.a(ll.c.obj)
 *fill*         0x00000000200009fd        0x3 
 .bss.rand_isr_context
                0x0000000020000a00       0x11 subsys/bluetooth/controller/libsubsys__bluetooth__controller.a(ll.c.obj)
 *fill*         0x0000000020000a11        0x3 
 .bss.sem_recv  0x0000000020000a14        0x4 subsys/bluetooth/controller/libsubsys__bluetooth__controller.a(ll.c.obj)
 .bss.ll_adv    0x0000000020000a18        0x8 subsys/bluetooth/controller/libsubsys__bluetooth__controller.a(ll_adv.c.obj)
 .bss.wl_filter
                0x0000000020000a20       0x32 subsys/bluetooth/controller/libsubsys__bluetooth__controller.a(ll_filter.c.obj)
 .bss._refcount
                0x0000000020000a52        0x1 subsys/bluetooth/controller/libsubsys__bluetooth__controller.a(cntr.c.obj)
 *fill*         0x0000000020000a53        0x1 